==========Running program evaluation 1/1...==========
{"batch_size": 10, "data_seed": 2027, "dataset": {"all_valid_unique_boards": {"class_counts": {"circle": 316, "cross": 626, "draw": 4536}, "total": 5478}, "overlap_train_test": 4, "overlap_train_validation": 1, "overlap_validation_test": 3, "test": {"class_counts": {"circle": 20, "cross": 20, "draw": 20}, "rows": 60, "unique_boards": 59}, "train": {"class_counts": {"circle": 20, "cross": 20, "draw": 20}, "rows": 60, "unique_boards": 59}, "validation": {"class_counts": {"circle": 15, "cross": 15, "draw": 15}, "rows": 45, "unique_boards": 44}}, "event": "start", "learning_rate": 0.03, "n_epochs": 3, "n_params": 78, "n_params_per_block": 13, "n_repeats": 2, "n_uploads": 3, "seed": 2000, "steps_per_epoch": 3}
{"batch_loss": 6.738633414883833, "epoch": 1, "event": "epoch", "global_step": 3, "test_accuracy": 0.36666666666666664, "test_loss": 5.7572736847580455, "train_accuracy": 0.4166666666666667, "train_loss": 5.6848267916089945, "validation_accuracy": 0.35555555555555557, "validation_loss": 5.575051740503657}
{"batch_loss": 3.20651497000014, "epoch": 2, "event": "epoch", "global_step": 6, "test_accuracy": 0.36666666666666664, "test_loss": 3.9554900419704637, "train_accuracy": 0.4, "train_loss": 3.7203346327489397, "validation_accuracy": 0.3333333333333333, "validation_loss": 3.7796137394957863}
{"batch_loss": 3.427653377926301, "epoch": 3, "event": "epoch", "global_step": 9, "test_accuracy": 0.36666666666666664, "test_loss": 3.506165239028127, "train_accuracy": 0.4166666666666667, "train_loss": 3.1782651211034225, "validation_accuracy": 0.35555555555555557, "validation_loss": 3.3878490406329047}
{"convergence_epoch": null, "convergence_step": null, "convergence_threshold": 0.9, "depth": 46, "event": "final", "gate_count": 285, "generalization_gap": 0.050000000000000044, "history_tail": [{"batch_loss": 6.738633414883833, "epoch": 1, "event": "epoch", "global_step": 3, "test_accuracy": 0.36666666666666664, "test_loss": 5.7572736847580455, "train_accuracy": 0.4166666666666667, "train_loss": 5.6848267916089945, "validation_accuracy": 0.35555555555555557, "validation_loss": 5.575051740503657}, {"batch_loss": 3.20651497000014, "epoch": 2, "event": "epoch", "global_step": 6, "test_accuracy": 0.36666666666666664, "test_loss": 3.9554900419704637, "train_accuracy": 0.4, "train_loss": 3.7203346327489397, "validation_accuracy": 0.3333333333333333, "validation_loss": 3.7796137394957863}, {"batch_loss": 3.427653377926301, "epoch": 3, "event": "epoch", "global_step": 9, "test_accuracy": 0.36666666666666664, "test_loss": 3.506165239028127, "train_accuracy": 0.4166666666666667, "train_loss": 3.1782651211034225, "validation_accuracy": 0.35555555555555557, "validation_loss": 3.3878490406329047}], "max_steps": 9, "n_params": 78, "n_params_per_block": 13, "n_qubits": 9, "n_repeats": 2, "n_uploads": 3, "operations": [["RX", [0]], ["RX", [1]], ["RX", [2]], ["RX", [3]], ["RX", [4]], ["RX", [5]], ["RX", [6]], ["RX", [7]], ["RX", [8]], ["RY", [0]], ["RY", [4]], ["RY", [2]], ["RY", [6]], ["RY", [1]], ["RY", [3]], ["RY", [5]], ["RY", [7]], ["RY", [8]], ["RZ", [0]], ["RZ", [2]], ["RZ", [4]], ["RZ", [6]], ["RZ", [1]], ["RZ", [3]], ["RZ", [5]], ["RZ", [7]], ["RZ", [8]], ["RX", [0]], ["RX", [1]], ["RX", [2]], ["RX", [3]], ["RX", [4]], ["RX", [5]], ["RX", [6]], ["RX", [7]], ["RX", [8]], ["CZ", [0, 1]], ["CZ", [2, 3]], ["CZ", [4, 5]], ["CZ", [6, 7]], ["CRX", [1, 8]], ["CRX", [5, 8]], ["RY", [0]], ["RY", [1]], ["RY", [2]], ["RY", [3]], ["RY", [4]], ["RY", [5]], ["RY", [6]], ["RY", [7]], ["RY", [8]], ["RZ", [8]], ["RY", [0]], ["RY", [4]], ["RY", [2]], ["RY", [6]], ["RY", [1]], ["RY", [3]], ["RY", [5]], ["RY", [7]], ["RY", [8]], ["RZ", [0]], ["RZ", [2]], ["RZ", [4]], ["RZ", [6]], ["RZ", [1]], ["RZ", [3]], ["RZ", [5]], ["RZ", [7]], ["RZ", [8]], ["RX", [0]], ["RX", [1]], ["RX", [2]], ["RX", [3]], ["RX", [4]], ["RX", [5]], ["RX", [6]], ["RX", [7]], ["RX", [8]], ["CZ", [0, 1]], ["CZ", [2, 3]], ["CZ", [4, 5]], ["CZ", [6, 7]], ["CRX", [1, 8]], ["CRX", [5, 8]], ["RY", [0]], ["RY", [1]], ["RY", [2]], ["RY", [3]], ["RY", [4]], ["RY", [5]], ["RY", [6]], ["RY", [7]], ["RY", [8]], ["RZ", [8]], ["RX", [0]], ["RX", [1]], ["RX", [2]], ["RX", [3]], ["RX", [4]], ["RX", [5]], ["RX", [6]], ["RX", [7]], ["RX", [8]], ["RY", [0]], ["RY", [4]], ["RY", [2]], ["RY", [6]], ["RY", [1]], ["RY", [3]], ["RY", [5]], ["RY", [7]], ["RY", [8]], ["RZ", [0]], ["RZ", [2]], ["RZ", [4]], ["RZ", [6]], ["RZ", [1]], ["RZ", [3]], ["RZ", [5]], ["RZ", [7]], ["RZ", [8]], ["RX", [0]], ["RX", [1]], ["RX", [2]], ["RX", [3]], ["RX", [4]], ["RX", [5]], ["RX", [6]], ["RX", [7]], ["RX", [8]], ["CZ", [0, 1]], ["CZ", [2, 3]], ["CZ", [4, 5]], ["CZ", [6, 7]], ["CRX", [1, 8]], ["CRX", [5, 8]], ["RY", [0]], ["RY", [1]], ["RY", [2]], ["RY", [3]], ["RY", [4]], ["RY", [5]], ["RY", [6]], ["RY", [7]], ["RY", [8]], ["RZ", [8]], ["RY", [0]], ["RY", [4]], ["RY", [2]], ["RY", [6]], ["RY", [1]], ["RY", [3]], ["RY", [5]], ["RY", [7]], ["RY", [8]], ["RZ", [0]], ["RZ", [2]], ["RZ", [4]], ["RZ", [6]], ["RZ", [1]], ["RZ", [3]], ["RZ", [5]], ["RZ", [7]], ["RZ", [8]], ["RX", [0]], ["RX", [1]], ["RX", [2]], ["RX", [3]], ["RX", [4]], ["RX", [5]], ["RX", [6]], ["RX", [7]], ["RX", [8]], ["CZ", [0, 1]], ["CZ", [2, 3]], ["CZ", [4, 5]], ["CZ", [6, 7]], ["CRX", [1, 8]], ["CRX", [5, 8]], ["RY", [0]], ["RY", [1]], ["RY", [2]], ["RY", [3]], ["RY", [4]], ["RY", [5]], ["RY", [6]], ["RY", [7]], ["RY", [8]], ["RZ", [8]], ["RX", [0]], ["RX", [1]], ["RX", [2]], ["RX", [3]], ["RX", [4]], ["RX", [5]], ["RX", [6]], ["RX", [7]], ["RX", [8]], ["RY", [0]], ["RY", [4]], ["RY", [2]], ["RY", [6]], ["RY", [1]], ["RY", [3]], ["RY", [5]], ["RY", [7]], ["RY", [8]], ["RZ", [0]], ["RZ", [2]], ["RZ", [4]], ["RZ", [6]], ["RZ", [1]], ["RZ", [3]], ["RZ", [5]], ["RZ", [7]], ["RZ", [8]], ["RX", [0]], ["RX", [1]], ["RX", [2]], ["RX", [3]], ["RX", [4]], ["RX", [5]], ["RX", [6]], ["RX", [7]], ["RX", [8]], ["CZ", [0, 1]], ["CZ", [2, 3]], ["CZ", [4, 5]], ["CZ", [6, 7]], ["CRX", [1, 8]], ["CRX", [5, 8]], ["RY", [0]], ["RY", [1]], ["RY", [2]], ["RY", [3]], ["RY", [4]], ["RY", [5]], ["RY", [6]], ["RY", [7]], ["RY", [8]], ["RZ", [8]], ["RY", [0]], ["RY", [4]], ["RY", [2]], ["RY", [6]], ["RY", [1]], ["RY", [3]], ["RY", [5]], ["RY", [7]], ["RY", [8]], ["RZ", [0]], ["RZ", [2]], ["RZ", [4]], ["RZ", [6]], ["RZ", [1]], ["RZ", [3]], ["RZ", [5]], ["RZ", [7]], ["RZ", [8]], ["RX", [0]], ["RX", [1]], ["RX", [2]], ["RX", [3]], ["RX", [4]], ["RX", [5]], ["RX", [6]], ["RX", [7]], ["RX", [8]], ["CZ", [0, 1]], ["CZ", [2, 3]], ["CZ", [4, 5]], ["CZ", [6, 7]], ["CRX", [1, 8]], ["CRX", [5, 8]], ["RY", [0]], ["RY", [1]], ["RY", [2]], ["RY", [3]], ["RY", [4]], ["RY", [5]], ["RY", [6]], ["RY", [7]], ["RY", [8]], ["RZ", [8]]], "parameter_efficiency": 0.004700854700854701, "spec_valid": true, "test_accuracy": 0.36666666666666664, "test_loss": 3.506165239028127, "train_accuracy": 0.4166666666666667, "train_loss": 3.1782651211034225, "validation_accuracy": 0.35555555555555557, "validation_loss": 3.3878490406329047}
==========Run 1/1 completed in 79.12 seconds==========
Correctness and error status saved to /home/chengyou1368/QuantumAnsatz/qml-ea/tic-tac-toe/results/ttt_qml_cli_20260624_162514/gen_21/results/correct.json
Metrics saved to /home/chengyou1368/QuantumAnsatz/qml-ea/tic-tac-toe/results/ttt_qml_cli_20260624_162514/gen_21/results/metrics.json
OK
{
  "combined_score": 0.4191242645682709,
  "public": {
    "train_accuracy_mean": 0.4167,
    "train_accuracy_std": 0.0,
    "validation_accuracy_mean": 0.3556,
    "validation_accuracy_std": 0.0,
    "test_accuracy_mean": 0.3667,
    "test_accuracy_std": 0.0,
    "generalization_gap_mean": 0.05,
    "validation_loss_mean": 3.3878,
    "test_loss_mean": 3.5062,
    "parameter_efficiency_mean": 0.004701,
    "n_params": 78,
    "depth_mean": 46.0,
    "gate_count_mean": 285.0,
    "score_uses_test": false,
    "convergence_step_mean": null
  },
  "private": {
    "per_run_scores": [
      {
        "combined_score": 0.4191242645682709,
        "primary_accuracy": 0.35555555555555557,
        "gap_score": 0.857142857142857,
        "loss_score": 0.22790209752880647,
        "parameter_efficiency_score": 0.7384615384615385,
        "convergence_score": 0.0
      }
    ],
    "per_run_test_accuracies": [
      0.36666666666666664
    ]
  },
  "text_feedback": "Combined score: 0.4191\nValidation accuracy mean: 0.3556\nTest accuracy mean: 0.3667\nTrain-test generalization gap mean: 0.0500\nValidation L2 loss mean: 3.3878\nParameters: 78, depth mean: 46.0, gate count mean: 285.0\nFitness uses validation metrics; test metrics are reported as holdout diagnostics.\nAccuracy is still low; explore more expressive local entanglement or rotation diversity.\nDid not reach convergence threshold 0.90 in these runs.",
  "execution_time_mean": 79.1179963049999,
  "execution_time_std": 0.0,
  "num_valid_runs": 1,
  "num_invalid_runs": 0,
  "all_validation_errors": []
}
