Job running on a1132u22n04.mghpcc.ycrc.yale.edu under Slurm job 19622225
Activating sourced environment: /home/ch2499/project/zc_ttt/activate_eval_cluster.sh
==========Running program evaluation 1/1...==========
==========Run 1/1 completed in 1693.74 seconds==========
Correctness and error status saved to /home/ch2499/project/zc_ttt/results_sonnet/gen_55/results/correct.json
Metrics saved to /home/ch2499/project/zc_ttt/results_sonnet/gen_55/results/metrics.json
OK
{
  "combined_score": 0.5711858102266681,
  "public": {
    "train_accuracy_mean": 0.5911,
    "train_accuracy_std": 0.0,
    "validation_accuracy_mean": 0.6067,
    "validation_accuracy_std": 0.0,
    "test_accuracy_mean": 0.5467,
    "test_accuracy_std": 0.0,
    "generalization_gap_mean": 0.0444,
    "validation_loss_mean": 2.3312,
    "test_loss_mean": 2.3937,
    "parameter_efficiency_mean": 0.003644,
    "n_params": 150,
    "depth_mean": 87.0,
    "gate_count_mean": 309.0,
    "score_uses_test": false,
    "convergence_step_mean": null
  },
  "private": {
    "per_run_scores": [
      {
        "combined_score": 0.5711858102266681,
        "primary_accuracy": 0.6066666666666667,
        "gap_score": 0.8730158730158728,
        "loss_score": 0.30019323219895144,
        "parameter_efficiency_score": 0.6552,
        "convergence_score": 0.0
      }
    ],
    "per_run_test_accuracies": [
      0.5466666666666666
    ]
  },
  "text_feedback": "Combined score: 0.5712\nValidation accuracy mean: 0.6067\nTest accuracy mean: 0.5467\nTrain-test generalization gap mean: 0.0444\nValidation L2 loss mean: 2.3312\nParameters: 150, depth mean: 87.0, gate count mean: 309.0\nFitness uses validation metrics; test metrics are reported as holdout diagnostics.\nDid not reach convergence threshold 0.90 in these runs.",
  "execution_time_mean": 1693.7400617026724,
  "execution_time_std": 0.0,
  "num_valid_runs": 1,
  "num_invalid_runs": 0,
  "all_validation_errors": []
}
