==========Running program evaluation 1/1...==========
{"batch_size": 10, "data_seed": 2027, "dataset": {"all_valid_unique_boards": {"class_counts": {"circle": 316, "cross": 626, "draw": 4536}, "total": 5478}, "overlap_train_test": 4, "overlap_train_validation": 1, "overlap_validation_test": 3, "test": {"class_counts": {"circle": 20, "cross": 20, "draw": 20}, "rows": 60, "unique_boards": 59}, "train": {"class_counts": {"circle": 20, "cross": 20, "draw": 20}, "rows": 60, "unique_boards": 59}, "validation": {"class_counts": {"circle": 15, "cross": 15, "draw": 15}, "rows": 45, "unique_boards": 44}}, "event": "start", "learning_rate": 0.03, "n_epochs": 3, "n_params": 90, "n_params_per_block": 15, "n_repeats": 2, "n_uploads": 3, "seed": 1000, "steps_per_epoch": 3}
{"batch_loss": 5.236386211735012, "epoch": 1, "event": "epoch", "global_step": 3, "test_accuracy": 0.3333333333333333, "test_loss": 3.8128616535432434, "train_accuracy": 0.3333333333333333, "train_loss": 3.8576202606138277, "validation_accuracy": 0.3333333333333333, "validation_loss": 3.853204638138087}
{"batch_loss": 2.8666807037964945, "epoch": 2, "event": "epoch", "global_step": 6, "test_accuracy": 0.45, "test_loss": 2.936859710523717, "train_accuracy": 0.35, "train_loss": 2.9553023267055334, "validation_accuracy": 0.35555555555555557, "validation_loss": 2.925710999267385}
{"batch_loss": 3.1028170025619572, "epoch": 3, "event": "epoch", "global_step": 9, "test_accuracy": 0.35, "test_loss": 2.9153865705104254, "train_accuracy": 0.3333333333333333, "train_loss": 2.9150406661502766, "validation_accuracy": 0.4, "validation_loss": 2.8745102907386952}
{"convergence_epoch": null, "convergence_step": null, "convergence_threshold": 0.9, "depth": 138, "event": "final", "gate_count": 411, "generalization_gap": 0.016666666666666663, "history_tail": [{"batch_loss": 5.236386211735012, "epoch": 1, "event": "epoch", "global_step": 3, "test_accuracy": 0.3333333333333333, "test_loss": 3.8128616535432434, "train_accuracy": 0.3333333333333333, "train_loss": 3.8576202606138277, "validation_accuracy": 0.3333333333333333, "validation_loss": 3.853204638138087}, {"batch_loss": 2.8666807037964945, "epoch": 2, "event": "epoch", "global_step": 6, "test_accuracy": 0.45, "test_loss": 2.936859710523717, "train_accuracy": 0.35, "train_loss": 2.9553023267055334, "validation_accuracy": 0.35555555555555557, "validation_loss": 2.925710999267385}, {"batch_loss": 3.1028170025619572, "epoch": 3, "event": "epoch", "global_step": 9, "test_accuracy": 0.35, "test_loss": 2.9153865705104254, "train_accuracy": 0.3333333333333333, "train_loss": 2.9150406661502766, "validation_accuracy": 0.4, "validation_loss": 2.8745102907386952}], "max_steps": 9, "n_params": 90, "n_params_per_block": 15, "n_qubits": 9, "n_repeats": 2, "n_uploads": 3, "operations": [["RX", [0]], ["RX", [1]], ["RX", [2]], ["RX", [3]], ["RX", [4]], ["RX", [5]], ["RX", [6]], ["RX", [7]], ["RX", [8]], ["RX", [0]], ["RX", [2]], ["RX", [4]], ["RX", [6]], ["RX", [1]], ["RX", [3]], ["RX", [5]], ["RX", [7]], ["RX", [8]], ["RY", [0]], ["RY", [2]], ["RY", [4]], ["RY", [6]], ["RY", [1]], ["RY", [3]], ["RY", [5]], ["RY", [7]], ["RY", [8]], ["CNOT", [0, 1]], ["CNOT", [2, 1]], ["CNOT", [2, 3]], ["CNOT", [4, 3]], ["CNOT", [4, 5]], ["CNOT", [6, 5]], ["CNOT", [6, 7]], ["CNOT", [0, 7]], ["CNOT", [1, 8]], ["CNOT", [3, 8]], ["CNOT", [5, 8]], ["CNOT", [7, 8]], ["CRX", [0, 1]], ["CRX", [2, 1]], ["CRX", [2, 3]], ["CRX", [4, 3]], ["CRX", [4, 5]], ["CRX", [6, 5]], ["CRX", [6, 7]], ["CRX", [0, 7]], ["CRX", [1, 8]], ["CRX", [3, 8]], ["CRX", [5, 8]], ["CRX", [7, 8]], ["CRY", [8, 1]], ["CRY", [8, 3]], ["CRY", [8, 5]], ["CRY", [8, 7]], ["RY", [0]], ["RY", [2]], ["RY", [4]], ["RY", [6]], ["RY", [1]], ["RY", [3]], ["RY", [5]], ["RY", [7]], ["RY", [8]], ["RX", [0]], ["RX", [2]], ["RX", [4]], ["RX", [6]], ["RX", [1]], ["RX", [3]], ["RX", [5]], ["RX", [7]], ["RX", [8]], ["RX", [0]], ["RX", [2]], ["RX", [4]], ["RX", [6]], ["RX", [1]], ["RX", [3]], ["RX", [5]], ["RX", [7]], ["RX", [8]], ["RY", [0]], ["RY", [2]], ["RY", [4]], ["RY", [6]], ["RY", [1]], ["RY", [3]], ["RY", [5]], ["RY", [7]], ["RY", [8]], ["CNOT", [0, 1]], ["CNOT", [2, 1]], ["CNOT", [2, 3]], ["CNOT", [4, 3]], ["CNOT", [4, 5]], ["CNOT", [6, 5]], ["CNOT", [6, 7]], ["CNOT", [0, 7]], ["CNOT", [1, 8]], ["CNOT", [3, 8]], ["CNOT", [5, 8]], ["CNOT", [7, 8]], ["CRX", [0, 1]], ["CRX", [2, 1]], ["CRX", [2, 3]], ["CRX", [4, 3]], ["CRX", [4, 5]], ["CRX", [6, 5]], ["CRX", [6, 7]], ["CRX", [0, 7]], ["CRX", [1, 8]], ["CRX", [3, 8]], ["CRX", [5, 8]], ["CRX", [7, 8]], ["CRY", [8, 1]], ["CRY", [8, 3]], ["CRY", [8, 5]], ["CRY", [8, 7]], ["RY", [0]], ["RY", [2]], ["RY", [4]], ["RY", [6]], ["RY", [1]], ["RY", [3]], ["RY", [5]], ["RY", [7]], ["RY", [8]], ["RX", [0]], ["RX", [2]], ["RX", [4]], ["RX", [6]], ["RX", [1]], ["RX", [3]], ["RX", [5]], ["RX", [7]], ["RX", [8]], ["RX", [0]], ["RX", [1]], ["RX", [2]], ["RX", [3]], ["RX", [4]], ["RX", [5]], ["RX", [6]], ["RX", [7]], ["RX", [8]], ["RX", [0]], ["RX", [2]], ["RX", [4]], ["RX", [6]], ["RX", [1]], ["RX", [3]], ["RX", [5]], ["RX", [7]], ["RX", [8]], ["RY", [0]], ["RY", [2]], ["RY", [4]], ["RY", [6]], ["RY", [1]], ["RY", [3]], ["RY", [5]], ["RY", [7]], ["RY", [8]], ["CNOT", [0, 1]], ["CNOT", [2, 1]], ["CNOT", [2, 3]], ["CNOT", [4, 3]], ["CNOT", [4, 5]], ["CNOT", [6, 5]], ["CNOT", [6, 7]], ["CNOT", [0, 7]], ["CNOT", [1, 8]], ["CNOT", [3, 8]], ["CNOT", [5, 8]], ["CNOT", [7, 8]], ["CRX", [0, 1]], ["CRX", [2, 1]], ["CRX", [2, 3]], ["CRX", [4, 3]], ["CRX", [4, 5]], ["CRX", [6, 5]], ["CRX", [6, 7]], ["CRX", [0, 7]], ["CRX", [1, 8]], ["CRX", [3, 8]], ["CRX", [5, 8]], ["CRX", [7, 8]], ["CRY", [8, 1]], ["CRY", [8, 3]], ["CRY", [8, 5]], ["CRY", [8, 7]], ["RY", [0]], ["RY", [2]], ["RY", [4]], ["RY", [6]], ["RY", [1]], ["RY", [3]], ["RY", [5]], ["RY", [7]], ["RY", [8]], ["RX", [0]], ["RX", [2]], ["RX", [4]], ["RX", [6]], ["RX", [1]], ["RX", [3]], ["RX", [5]], ["RX", [7]], ["RX", [8]], ["RX", [0]], ["RX", [2]], ["RX", [4]], ["RX", [6]], ["RX", [1]], ["RX", [3]], ["RX", [5]], ["RX", [7]], ["RX", [8]], ["RY", [0]], ["RY", [2]], ["RY", [4]], ["RY", [6]], ["RY", [1]], ["RY", [3]], ["RY", [5]], ["RY", [7]], ["RY", [8]], ["CNOT", [0, 1]], ["CNOT", [2, 1]], ["CNOT", [2, 3]], ["CNOT", [4, 3]], ["CNOT", [4, 5]], ["CNOT", [6, 5]], ["CNOT", [6, 7]], ["CNOT", [0, 7]], ["CNOT", [1, 8]], ["CNOT", [3, 8]], ["CNOT", [5, 8]], ["CNOT", [7, 8]], ["CRX", [0, 1]], ["CRX", [2, 1]], ["CRX", [2, 3]], ["CRX", [4, 3]], ["CRX", [4, 5]], ["CRX", [6, 5]], ["CRX", [6, 7]], ["CRX", [0, 7]], ["CRX", [1, 8]], ["CRX", [3, 8]], ["CRX", [5, 8]], ["CRX", [7, 8]], ["CRY", [8, 1]], ["CRY", [8, 3]], ["CRY", [8, 5]], ["CRY", [8, 7]], ["RY", [0]], ["RY", [2]], ["RY", [4]], ["RY", [6]], ["RY", [1]], ["RY", [3]], ["RY", [5]], ["RY", [7]], ["RY", [8]], ["RX", [0]], ["RX", [2]], ["RX", [4]], ["RX", [6]], ["RX", [1]], ["RX", [3]], ["RX", [5]], ["RX", [7]], ["RX", [8]], ["RX", [0]], ["RX", [1]], ["RX", [2]], ["RX", [3]], ["RX", [4]], ["RX", [5]], ["RX", [6]], ["RX", [7]], ["RX", [8]], ["RX", [0]], ["RX", [2]], ["RX", [4]], ["RX", [6]], ["RX", [1]], ["RX", [3]], ["RX", [5]], ["RX", [7]], ["RX", [8]], ["RY", [0]], ["RY", [2]], ["RY", [4]], ["RY", [6]], ["RY", [1]], ["RY", [3]], ["RY", [5]], ["RY", [7]], ["RY", [8]], ["CNOT", [0, 1]], ["CNOT", [2, 1]], ["CNOT", [2, 3]], ["CNOT", [4, 3]], ["CNOT", [4, 5]], ["CNOT", [6, 5]], ["CNOT", [6, 7]], ["CNOT", [0, 7]], ["CNOT", [1, 8]], ["CNOT", [3, 8]], ["CNOT", [5, 8]], ["CNOT", [7, 8]], ["CRX", [0, 1]], ["CRX", [2, 1]], ["CRX", [2, 3]], ["CRX", [4, 3]], ["CRX", [4, 5]], ["CRX", [6, 5]], ["CRX", [6, 7]], ["CRX", [0, 7]], ["CRX", [1, 8]], ["CRX", [3, 8]], ["CRX", [5, 8]], ["CRX", [7, 8]], ["CRY", [8, 1]], ["CRY", [8, 3]], ["CRY", [8, 5]], ["CRY", [8, 7]], ["RY", [0]], ["RY", [2]], ["RY", [4]], ["RY", [6]], ["RY", [1]], ["RY", [3]], ["RY", [5]], ["RY", [7]], ["RY", [8]], ["RX", [0]], ["RX", [2]], ["RX", [4]], ["RX", [6]], ["RX", [1]], ["RX", [3]], ["RX", [5]], ["RX", [7]], ["RX", [8]], ["RX", [0]], ["RX", [2]], ["RX", [4]], ["RX", [6]], ["RX", [1]], ["RX", [3]], ["RX", [5]], ["RX", [7]], ["RX", [8]], ["RY", [0]], ["RY", [2]], ["RY", [4]], ["RY", [6]], ["RY", [1]], ["RY", [3]], ["RY", [5]], ["RY", [7]], ["RY", [8]], ["CNOT", [0, 1]], ["CNOT", [2, 1]], ["CNOT", [2, 3]], ["CNOT", [4, 3]], ["CNOT", [4, 5]], ["CNOT", [6, 5]], ["CNOT", [6, 7]], ["CNOT", [0, 7]], ["CNOT", [1, 8]], ["CNOT", [3, 8]], ["CNOT", [5, 8]], ["CNOT", [7, 8]], ["CRX", [0, 1]], ["CRX", [2, 1]], ["CRX", [2, 3]], ["CRX", [4, 3]], ["CRX", [4, 5]], ["CRX", [6, 5]], ["CRX", [6, 7]], ["CRX", [0, 7]], ["CRX", [1, 8]], ["CRX", [3, 8]], ["CRX", [5, 8]], ["CRX", [7, 8]], ["CRY", [8, 1]], ["CRY", [8, 3]], ["CRY", [8, 5]], ["CRY", [8, 7]], ["RY", [0]], ["RY", [2]], ["RY", [4]], ["RY", [6]], ["RY", [1]], ["RY", [3]], ["RY", [5]], ["RY", [7]], ["RY", [8]], ["RX", [0]], ["RX", [2]], ["RX", [4]], ["RX", [6]], ["RX", [1]], ["RX", [3]], ["RX", [5]], ["RX", [7]], ["RX", [8]]], "parameter_efficiency": 0.0038888888888888888, "spec_valid": true, "test_accuracy": 0.35, "test_loss": 2.9153865705104254, "train_accuracy": 0.3333333333333333, "train_loss": 2.9150406661502766, "validation_accuracy": 0.4, "validation_loss": 2.8745102907386952}
==========Run 1/1 completed in 59.76 seconds==========
Correctness and error status saved to /home/chengyou1368/QuantumAnsatz/qml-ea/tic-tac-toe/results/ttt_qml_cli_20260618_121507/gen_11/results/correct.json
Metrics saved to /home/chengyou1368/QuantumAnsatz/qml-ea/tic-tac-toe/results/ttt_qml_cli_20260618_121507/gen_11/results/metrics.json
OK
{
  "combined_score": 0.45090504622492605,
  "public": {
    "train_accuracy_mean": 0.3333,
    "train_accuracy_std": 0.0,
    "validation_accuracy_mean": 0.4,
    "validation_accuracy_std": 0.0,
    "test_accuracy_mean": 0.35,
    "test_accuracy_std": 0.0,
    "generalization_gap_mean": 0.0167,
    "validation_loss_mean": 2.8745,
    "test_loss_mean": 2.9154,
    "parameter_efficiency_mean": 0.003889,
    "n_params": 90,
    "depth_mean": 138.0,
    "gate_count_mean": 411.0,
    "score_uses_test": false,
    "convergence_step_mean": null
  },
  "private": {
    "per_run_scores": [
      {
        "combined_score": 0.45090504622492605,
        "primary_accuracy": 0.4,
        "gap_score": 0.9523809523809524,
        "loss_score": 0.25809713356299924,
        "parameter_efficiency_score": 0.72,
        "convergence_score": 0.0
      }
    ],
    "per_run_test_accuracies": [
      0.35
    ]
  },
  "text_feedback": "Combined score: 0.4509\nValidation accuracy mean: 0.4000\nTest accuracy mean: 0.3500\nTrain-test generalization gap mean: 0.0167\nValidation L2 loss mean: 2.8745\nParameters: 90, depth mean: 138.0, gate count mean: 411.0\nFitness uses validation metrics; test metrics are reported as holdout diagnostics.\nAccuracy is still low; explore more expressive local entanglement or rotation diversity.\nDid not reach convergence threshold 0.90 in these runs.",
  "execution_time_mean": 59.75988029200016,
  "execution_time_std": 0.0,
  "num_valid_runs": 1,
  "num_invalid_runs": 0,
  "all_validation_errors": []
}
