==========Running program evaluation 1/1...==========
{"batch_size": 10, "data_seed": 2027, "dataset": {"all_valid_unique_boards": {"class_counts": {"circle": 316, "cross": 626, "draw": 4536}, "total": 5478}, "overlap_train_test": 4, "overlap_train_validation": 1, "overlap_validation_test": 3, "test": {"class_counts": {"circle": 20, "cross": 20, "draw": 20}, "rows": 60, "unique_boards": 59}, "train": {"class_counts": {"circle": 20, "cross": 20, "draw": 20}, "rows": 60, "unique_boards": 59}, "validation": {"class_counts": {"circle": 15, "cross": 15, "draw": 15}, "rows": 45, "unique_boards": 44}}, "event": "start", "learning_rate": 0.03, "n_epochs": 3, "n_params": 90, "n_params_per_block": 15, "n_repeats": 2, "n_uploads": 3, "seed": 1000, "steps_per_epoch": 3}
{"batch_loss": 6.333746715981991, "epoch": 1, "event": "epoch", "global_step": 3, "test_accuracy": 0.3333333333333333, "test_loss": 4.913579756627499, "train_accuracy": 0.35, "train_loss": 4.969489283335343, "validation_accuracy": 0.3333333333333333, "validation_loss": 4.740281501949241}
{"batch_loss": 2.492056185089543, "epoch": 2, "event": "epoch", "global_step": 6, "test_accuracy": 0.4666666666666667, "test_loss": 2.795847449928385, "train_accuracy": 0.4, "train_loss": 2.9248956965869066, "validation_accuracy": 0.4444444444444444, "validation_loss": 2.846432075398338}
{"batch_loss": 2.831841767649419, "epoch": 3, "event": "epoch", "global_step": 9, "test_accuracy": 0.2833333333333333, "test_loss": 2.8168452052821693, "train_accuracy": 0.36666666666666664, "train_loss": 2.8074665089923174, "validation_accuracy": 0.24444444444444444, "validation_loss": 2.8973559580072688}
{"convergence_epoch": null, "convergence_step": null, "convergence_threshold": 0.9, "depth": 82, "event": "final", "gate_count": 285, "generalization_gap": 0.08333333333333331, "history_tail": [{"batch_loss": 6.333746715981991, "epoch": 1, "event": "epoch", "global_step": 3, "test_accuracy": 0.3333333333333333, "test_loss": 4.913579756627499, "train_accuracy": 0.35, "train_loss": 4.969489283335343, "validation_accuracy": 0.3333333333333333, "validation_loss": 4.740281501949241}, {"batch_loss": 2.492056185089543, "epoch": 2, "event": "epoch", "global_step": 6, "test_accuracy": 0.4666666666666667, "test_loss": 2.795847449928385, "train_accuracy": 0.4, "train_loss": 2.9248956965869066, "validation_accuracy": 0.4444444444444444, "validation_loss": 2.846432075398338}, {"batch_loss": 2.831841767649419, "epoch": 3, "event": "epoch", "global_step": 9, "test_accuracy": 0.2833333333333333, "test_loss": 2.8168452052821693, "train_accuracy": 0.36666666666666664, "train_loss": 2.8074665089923174, "validation_accuracy": 0.24444444444444444, "validation_loss": 2.8973559580072688}], "max_steps": 9, "n_params": 90, "n_params_per_block": 15, "n_qubits": 9, "n_repeats": 2, "n_uploads": 3, "operations": [["RX", [0]], ["RX", [1]], ["RX", [2]], ["RX", [3]], ["RX", [4]], ["RX", [5]], ["RX", [6]], ["RX", [7]], ["RX", [8]], ["RY", [0]], ["RY", [2]], ["RY", [4]], ["RY", [6]], ["RY", [1]], ["RY", [3]], ["RY", [5]], ["RY", [7]], ["RY", [8]], ["CRY", [0, 1]], ["CRY", [2, 1]], ["CRY", [6, 5]], ["CRY", [4, 5]], ["CRY", [2, 3]], ["CRY", [4, 3]], ["CRY", [0, 7]], ["CRY", [6, 7]], ["CRY", [7, 8]], ["CRY", [3, 8]], ["CRY", [1, 8]], ["CRY", [5, 8]], ["CRY", [8, 7]], ["CRY", [8, 3]], ["CRY", [8, 1]], ["CRY", [8, 5]], ["RY", [0]], ["RY", [2]], ["RY", [4]], ["RY", [6]], ["RY", [1]], ["RY", [3]], ["RY", [5]], ["RY", [7]], ["RY", [8]], ["RX", [0]], ["RX", [2]], ["RX", [4]], ["RX", [6]], ["RX", [1]], ["RX", [3]], ["RX", [5]], ["RX", [7]], ["RX", [8]], ["RY", [0]], ["RY", [2]], ["RY", [4]], ["RY", [6]], ["RY", [1]], ["RY", [3]], ["RY", [5]], ["RY", [7]], ["RY", [8]], ["CRY", [0, 1]], ["CRY", [2, 1]], ["CRY", [6, 5]], ["CRY", [4, 5]], ["CRY", [2, 3]], ["CRY", [4, 3]], ["CRY", [0, 7]], ["CRY", [6, 7]], ["CRY", [7, 8]], ["CRY", [3, 8]], ["CRY", [1, 8]], ["CRY", [5, 8]], ["CRY", [8, 7]], ["CRY", [8, 3]], ["CRY", [8, 1]], ["CRY", [8, 5]], ["RY", [0]], ["RY", [2]], ["RY", [4]], ["RY", [6]], ["RY", [1]], ["RY", [3]], ["RY", [5]], ["RY", [7]], ["RY", [8]], ["RX", [0]], ["RX", [2]], ["RX", [4]], ["RX", [6]], ["RX", [1]], ["RX", [3]], ["RX", [5]], ["RX", [7]], ["RX", [8]], ["RX", [0]], ["RX", [1]], ["RX", [2]], ["RX", [3]], ["RX", [4]], ["RX", [5]], ["RX", [6]], ["RX", [7]], ["RX", [8]], ["RY", [0]], ["RY", [2]], ["RY", [4]], ["RY", [6]], ["RY", [1]], ["RY", [3]], ["RY", [5]], ["RY", [7]], ["RY", [8]], ["CRY", [0, 1]], ["CRY", [2, 1]], ["CRY", [6, 5]], ["CRY", [4, 5]], ["CRY", [2, 3]], ["CRY", [4, 3]], ["CRY", [0, 7]], ["CRY", [6, 7]], ["CRY", [7, 8]], ["CRY", [3, 8]], ["CRY", [1, 8]], ["CRY", [5, 8]], ["CRY", [8, 7]], ["CRY", [8, 3]], ["CRY", [8, 1]], ["CRY", [8, 5]], ["RY", [0]], ["RY", [2]], ["RY", [4]], ["RY", [6]], ["RY", [1]], ["RY", [3]], ["RY", [5]], ["RY", [7]], ["RY", [8]], ["RX", [0]], ["RX", [2]], ["RX", [4]], ["RX", [6]], ["RX", [1]], ["RX", [3]], ["RX", [5]], ["RX", [7]], ["RX", [8]], ["RY", [0]], ["RY", [2]], ["RY", [4]], ["RY", [6]], ["RY", [1]], ["RY", [3]], ["RY", [5]], ["RY", [7]], ["RY", [8]], ["CRY", [0, 1]], ["CRY", [2, 1]], ["CRY", [6, 5]], ["CRY", [4, 5]], ["CRY", [2, 3]], ["CRY", [4, 3]], ["CRY", [0, 7]], ["CRY", [6, 7]], ["CRY", [7, 8]], ["CRY", [3, 8]], ["CRY", [1, 8]], ["CRY", [5, 8]], ["CRY", [8, 7]], ["CRY", [8, 3]], ["CRY", [8, 1]], ["CRY", [8, 5]], ["RY", [0]], ["RY", [2]], ["RY", [4]], ["RY", [6]], ["RY", [1]], ["RY", [3]], ["RY", [5]], ["RY", [7]], ["RY", [8]], ["RX", [0]], ["RX", [2]], ["RX", [4]], ["RX", [6]], ["RX", [1]], ["RX", [3]], ["RX", [5]], ["RX", [7]], ["RX", [8]], ["RX", [0]], ["RX", [1]], ["RX", [2]], ["RX", [3]], ["RX", [4]], ["RX", [5]], ["RX", [6]], ["RX", [7]], ["RX", [8]], ["RY", [0]], ["RY", [2]], ["RY", [4]], ["RY", [6]], ["RY", [1]], ["RY", [3]], ["RY", [5]], ["RY", [7]], ["RY", [8]], ["CRY", [0, 1]], ["CRY", [2, 1]], ["CRY", [6, 5]], ["CRY", [4, 5]], ["CRY", [2, 3]], ["CRY", [4, 3]], ["CRY", [0, 7]], ["CRY", [6, 7]], ["CRY", [7, 8]], ["CRY", [3, 8]], ["CRY", [1, 8]], ["CRY", [5, 8]], ["CRY", [8, 7]], ["CRY", [8, 3]], ["CRY", [8, 1]], ["CRY", [8, 5]], ["RY", [0]], ["RY", [2]], ["RY", [4]], ["RY", [6]], ["RY", [1]], ["RY", [3]], ["RY", [5]], ["RY", [7]], ["RY", [8]], ["RX", [0]], ["RX", [2]], ["RX", [4]], ["RX", [6]], ["RX", [1]], ["RX", [3]], ["RX", [5]], ["RX", [7]], ["RX", [8]], ["RY", [0]], ["RY", [2]], ["RY", [4]], ["RY", [6]], ["RY", [1]], ["RY", [3]], ["RY", [5]], ["RY", [7]], ["RY", [8]], ["CRY", [0, 1]], ["CRY", [2, 1]], ["CRY", [6, 5]], ["CRY", [4, 5]], ["CRY", [2, 3]], ["CRY", [4, 3]], ["CRY", [0, 7]], ["CRY", [6, 7]], ["CRY", [7, 8]], ["CRY", [3, 8]], ["CRY", [1, 8]], ["CRY", [5, 8]], ["CRY", [8, 7]], ["CRY", [8, 3]], ["CRY", [8, 1]], ["CRY", [8, 5]], ["RY", [0]], ["RY", [2]], ["RY", [4]], ["RY", [6]], ["RY", [1]], ["RY", [3]], ["RY", [5]], ["RY", [7]], ["RY", [8]], ["RX", [0]], ["RX", [2]], ["RX", [4]], ["RX", [6]], ["RX", [1]], ["RX", [3]], ["RX", [5]], ["RX", [7]], ["RX", [8]]], "parameter_efficiency": 0.003148148148148148, "spec_valid": true, "test_accuracy": 0.2833333333333333, "test_loss": 2.8168452052821693, "train_accuracy": 0.36666666666666664, "train_loss": 2.8074665089923174, "validation_accuracy": 0.24444444444444444, "validation_loss": 2.8973559580072688}
==========Run 1/1 completed in 54.57 seconds==========
Correctness and error status saved to /home/chengyou1368/QuantumAnsatz/qml-ea/tic-tac-toe/results/ttt_qml_cli_20260618_121507/gen_18/results/correct.json
Metrics saved to /home/chengyou1368/QuantumAnsatz/qml-ea/tic-tac-toe/results/ttt_qml_cli_20260618_121507/gen_18/results/metrics.json
OK
{
  "combined_score": 0.33366223469099554,
  "public": {
    "train_accuracy_mean": 0.3667,
    "train_accuracy_std": 0.0,
    "validation_accuracy_mean": 0.2444,
    "validation_accuracy_std": 0.0,
    "test_accuracy_mean": 0.2833,
    "test_accuracy_std": 0.0,
    "generalization_gap_mean": 0.0833,
    "validation_loss_mean": 2.8974,
    "test_loss_mean": 2.8168,
    "parameter_efficiency_mean": 0.003148,
    "n_params": 90,
    "depth_mean": 82.0,
    "gate_count_mean": 285.0,
    "score_uses_test": false,
    "convergence_step_mean": null
  },
  "private": {
    "per_run_scores": [
      {
        "combined_score": 0.33366223469099554,
        "primary_accuracy": 0.24444444444444444,
        "gap_score": 0.761904761904762,
        "loss_score": 0.25658421010928223,
        "parameter_efficiency_score": 0.44,
        "convergence_score": 0.0
      }
    ],
    "per_run_test_accuracies": [
      0.2833333333333333
    ]
  },
  "text_feedback": "Combined score: 0.3337\nValidation accuracy mean: 0.2444\nTest accuracy mean: 0.2833\nTrain-test generalization gap mean: 0.0833\nValidation L2 loss mean: 2.8974\nParameters: 90, depth mean: 82.0, gate count mean: 285.0\nFitness uses validation metrics; test metrics are reported as holdout diagnostics.\nAccuracy is still low; explore more expressive local entanglement or rotation diversity.\nDid not reach convergence threshold 0.90 in these runs.",
  "execution_time_mean": 54.56961306500307,
  "execution_time_std": 0.0,
  "num_valid_runs": 1,
  "num_invalid_runs": 0,
  "all_validation_errors": []
}
