Job running on a1132u31n01.mghpcc.ycrc.yale.edu under Slurm job 19439066
Activating sourced environment: /home/ch2499/project/transfer_sn/activate_eval_cluster.sh
==========Running program evaluation 1/1...==========
==========Run 1/1 completed in 1041.44 seconds==========
Correctness and error status saved to /home/ch2499/project/transfer_sn/results_sonnet_r2/gen_9/results/correct.json
Metrics saved to /home/ch2499/project/transfer_sn/results_sonnet_r2/gen_9/results/metrics.json
OK
{
  "combined_score": 0.6947863270293252,
  "public": {
    "train_accuracy_mean": 0.7889,
    "train_accuracy_std": 0.0,
    "validation_accuracy_mean": 0.7267,
    "validation_accuracy_std": 0.0,
    "test_accuracy_mean": 0.7417,
    "test_accuracy_std": 0.0,
    "generalization_gap_mean": 0.0472,
    "validation_loss_mean": 0.7347,
    "test_loss_mean": 0.7332,
    "parameter_efficiency_mean": 0.00508,
    "n_params": 146,
    "depth_mean": 120.0,
    "gate_count_mean": 276.0,
    "score_uses_test": false,
    "convergence_step_mean": null
  },
  "private": {
    "per_run_scores": [
      {
        "combined_score": 0.6947863270293252,
        "primary_accuracy": 0.7266666666666667,
        "gap_score": 0.8650793650793652,
        "loss_score": 0.576459111412432,
        "parameter_efficiency_score": 0.7266666666666667,
        "convergence_score": 0.0
      }
    ],
    "per_run_test_accuracies": [
      0.7416666666666667
    ]
  },
  "text_feedback": "Combined score: 0.6948\nValidation accuracy mean: 0.7267\nTest accuracy mean: 0.7417\nTrain-test generalization gap mean: 0.0472\nValidation L2 loss mean: 0.7347\nParameters: 146, depth mean: 120.0, gate count mean: 276.0\nFitness uses validation metrics; test metrics are reported as holdout diagnostics.\nDid not reach the convergence threshold in these runs.",
  "execution_time_mean": 1041.4439917751588,
  "execution_time_std": 0.0,
  "num_valid_runs": 1,
  "num_invalid_runs": 0,
  "all_validation_errors": []
}
