Job running on a1132u22n02.mghpcc.ycrc.yale.edu under Slurm job 19482439
Activating sourced environment: /home/ch2499/project/transfer_sn/activate_eval_cluster.sh
==========Running program evaluation 1/1...==========
==========Run 1/1 completed in 1633.06 seconds==========
Correctness and error status saved to /home/ch2499/project/transfer_sn/results_sonnet_r2/gen_40/results/correct.json
Metrics saved to /home/ch2499/project/transfer_sn/results_sonnet_r2/gen_40/results/metrics.json
OK
{
  "combined_score": 0.8562671534145541,
  "public": {
    "train_accuracy_mean": 0.9311,
    "train_accuracy_std": 0.0,
    "validation_accuracy_mean": 0.8667,
    "validation_accuracy_std": 0.0,
    "test_accuracy_mean": 0.875,
    "test_accuracy_std": 0.0,
    "generalization_gap_mean": 0.0561,
    "validation_loss_mean": 0.4303,
    "test_loss_mean": 0.446,
    "parameter_efficiency_mean": 0.011824,
    "n_params": 74,
    "depth_mean": 136.0,
    "gate_count_mean": 324.0,
    "score_uses_test": false,
    "convergence_step_mean": 600.0
  },
  "private": {
    "per_run_scores": [
      {
        "combined_score": 0.8562671534145541,
        "primary_accuracy": 0.8666666666666667,
        "gap_score": 0.8396825396825397,
        "loss_score": 0.6991355201181901,
        "parameter_efficiency_score": 1.0,
        "convergence_score": 0.98
      }
    ],
    "per_run_test_accuracies": [
      0.875
    ]
  },
  "text_feedback": "Combined score: 0.8563\nValidation accuracy mean: 0.8667\nTest accuracy mean: 0.8750\nTrain-test generalization gap mean: 0.0561\nValidation L2 loss mean: 0.4303\nParameters: 74, depth mean: 136.0, gate count mean: 324.0\nFitness uses validation metrics; test metrics are reported as holdout diagnostics.",
  "execution_time_mean": 1633.0604007667862,
  "execution_time_std": 0.0,
  "num_valid_runs": 1,
  "num_invalid_runs": 0,
  "all_validation_errors": []
}
