==========Running program evaluation 1/1...==========
{"batch_size": 10, "data_seed": 2027, "dataset": {"all_valid_unique_boards": {"class_counts": {"circle": 316, "cross": 626, "draw": 4536}, "total": 5478}, "overlap_train_test": 4, "overlap_train_validation": 1, "overlap_validation_test": 3, "test": {"class_counts": {"circle": 20, "cross": 20, "draw": 20}, "rows": 60, "unique_boards": 59}, "train": {"class_counts": {"circle": 20, "cross": 20, "draw": 20}, "rows": 60, "unique_boards": 59}, "validation": {"class_counts": {"circle": 15, "cross": 15, "draw": 15}, "rows": 45, "unique_boards": 44}}, "event": "start", "learning_rate": 0.03, "n_epochs": 3, "n_params": 72, "n_params_per_block": 12, "n_repeats": 2, "n_uploads": 3, "seed": 1000, "steps_per_epoch": 3}
{"batch_loss": 6.153424649383326, "epoch": 1, "event": "epoch", "global_step": 3, "test_accuracy": 0.2833333333333333, "test_loss": 5.072828714413124, "train_accuracy": 0.36666666666666664, "train_loss": 4.890444470280654, "validation_accuracy": 0.4, "validation_loss": 4.9536953828499755}
{"batch_loss": 3.0951221493504897, "epoch": 2, "event": "epoch", "global_step": 6, "test_accuracy": 0.4166666666666667, "test_loss": 3.006454228401123, "train_accuracy": 0.43333333333333335, "train_loss": 2.9741853292205347, "validation_accuracy": 0.4444444444444444, "validation_loss": 2.950899764256432}
{"batch_loss": 2.948299343021907, "epoch": 3, "event": "epoch", "global_step": 9, "test_accuracy": 0.5166666666666667, "test_loss": 2.6964256457740614, "train_accuracy": 0.43333333333333335, "train_loss": 2.759671570485083, "validation_accuracy": 0.5555555555555556, "validation_loss": 2.617501518364104}
{"convergence_epoch": null, "convergence_step": null, "convergence_threshold": 0.9, "depth": 84, "event": "final", "gate_count": 285, "generalization_gap": 0.08333333333333337, "history_tail": [{"batch_loss": 6.153424649383326, "epoch": 1, "event": "epoch", "global_step": 3, "test_accuracy": 0.2833333333333333, "test_loss": 5.072828714413124, "train_accuracy": 0.36666666666666664, "train_loss": 4.890444470280654, "validation_accuracy": 0.4, "validation_loss": 4.9536953828499755}, {"batch_loss": 3.0951221493504897, "epoch": 2, "event": "epoch", "global_step": 6, "test_accuracy": 0.4166666666666667, "test_loss": 3.006454228401123, "train_accuracy": 0.43333333333333335, "train_loss": 2.9741853292205347, "validation_accuracy": 0.4444444444444444, "validation_loss": 2.950899764256432}, {"batch_loss": 2.948299343021907, "epoch": 3, "event": "epoch", "global_step": 9, "test_accuracy": 0.5166666666666667, "test_loss": 2.6964256457740614, "train_accuracy": 0.43333333333333335, "train_loss": 2.759671570485083, "validation_accuracy": 0.5555555555555556, "validation_loss": 2.617501518364104}], "max_steps": 9, "n_params": 72, "n_params_per_block": 12, "n_qubits": 9, "n_repeats": 2, "n_uploads": 3, "operations": [["RX", [0]], ["RX", [1]], ["RX", [2]], ["RX", [3]], ["RX", [4]], ["RX", [5]], ["RX", [6]], ["RX", [7]], ["RX", [8]], ["RY", [0]], ["RY", [2]], ["RY", [4]], ["RY", [6]], ["RY", [1]], ["RY", [3]], ["RY", [5]], ["RY", [7]], ["RY", [8]], ["CRY", [0, 1]], ["CRY", [2, 1]], ["CRY", [2, 3]], ["CRY", [4, 3]], ["CRY", [4, 5]], ["CRY", [6, 5]], ["CRY", [6, 7]], ["CRY", [0, 7]], ["CRY", [1, 8]], ["CRY", [3, 8]], ["CRY", [5, 8]], ["CRY", [7, 8]], ["CRY", [8, 1]], ["CRY", [8, 3]], ["CRY", [8, 5]], ["CRY", [8, 7]], ["RY", [0]], ["RY", [2]], ["RY", [4]], ["RY", [6]], ["RY", [1]], ["RY", [3]], ["RY", [5]], ["RY", [7]], ["RY", [8]], ["RX", [0]], ["RX", [2]], ["RX", [4]], ["RX", [6]], ["RX", [1]], ["RX", [3]], ["RX", [5]], ["RX", [7]], ["RX", [8]], ["RY", [0]], ["RY", [2]], ["RY", [4]], ["RY", [6]], ["RY", [1]], ["RY", [3]], ["RY", [5]], ["RY", [7]], ["RY", [8]], ["CRY", [0, 1]], ["CRY", [2, 1]], ["CRY", [2, 3]], ["CRY", [4, 3]], ["CRY", [4, 5]], ["CRY", [6, 5]], ["CRY", [6, 7]], ["CRY", [0, 7]], ["CRY", [1, 8]], ["CRY", [3, 8]], ["CRY", [5, 8]], ["CRY", [7, 8]], ["CRY", [8, 1]], ["CRY", [8, 3]], ["CRY", [8, 5]], ["CRY", [8, 7]], ["RY", [0]], ["RY", [2]], ["RY", [4]], ["RY", [6]], ["RY", [1]], ["RY", [3]], ["RY", [5]], ["RY", [7]], ["RY", [8]], ["RX", [0]], ["RX", [2]], ["RX", [4]], ["RX", [6]], ["RX", [1]], ["RX", [3]], ["RX", [5]], ["RX", [7]], ["RX", [8]], ["RX", [0]], ["RX", [1]], ["RX", [2]], ["RX", [3]], ["RX", [4]], ["RX", [5]], ["RX", [6]], ["RX", [7]], ["RX", [8]], ["RY", [0]], ["RY", [2]], ["RY", [4]], ["RY", [6]], ["RY", [1]], ["RY", [3]], ["RY", [5]], ["RY", [7]], ["RY", [8]], ["CRY", [0, 1]], ["CRY", [2, 1]], ["CRY", [2, 3]], ["CRY", [4, 3]], ["CRY", [4, 5]], ["CRY", [6, 5]], ["CRY", [6, 7]], ["CRY", [0, 7]], ["CRY", [1, 8]], ["CRY", [3, 8]], ["CRY", [5, 8]], ["CRY", [7, 8]], ["CRY", [8, 1]], ["CRY", [8, 3]], ["CRY", [8, 5]], ["CRY", [8, 7]], ["RY", [0]], ["RY", [2]], ["RY", [4]], ["RY", [6]], ["RY", [1]], ["RY", [3]], ["RY", [5]], ["RY", [7]], ["RY", [8]], ["RX", [0]], ["RX", [2]], ["RX", [4]], ["RX", [6]], ["RX", [1]], ["RX", [3]], ["RX", [5]], ["RX", [7]], ["RX", [8]], ["RY", [0]], ["RY", [2]], ["RY", [4]], ["RY", [6]], ["RY", [1]], ["RY", [3]], ["RY", [5]], ["RY", [7]], ["RY", [8]], ["CRY", [0, 1]], ["CRY", [2, 1]], ["CRY", [2, 3]], ["CRY", [4, 3]], ["CRY", [4, 5]], ["CRY", [6, 5]], ["CRY", [6, 7]], ["CRY", [0, 7]], ["CRY", [1, 8]], ["CRY", [3, 8]], ["CRY", [5, 8]], ["CRY", [7, 8]], ["CRY", [8, 1]], ["CRY", [8, 3]], ["CRY", [8, 5]], ["CRY", [8, 7]], ["RY", [0]], ["RY", [2]], ["RY", [4]], ["RY", [6]], ["RY", [1]], ["RY", [3]], ["RY", [5]], ["RY", [7]], ["RY", [8]], ["RX", [0]], ["RX", [2]], ["RX", [4]], ["RX", [6]], ["RX", [1]], ["RX", [3]], ["RX", [5]], ["RX", [7]], ["RX", [8]], ["RX", [0]], ["RX", [1]], ["RX", [2]], ["RX", [3]], ["RX", [4]], ["RX", [5]], ["RX", [6]], ["RX", [7]], ["RX", [8]], ["RY", [0]], ["RY", [2]], ["RY", [4]], ["RY", [6]], ["RY", [1]], ["RY", [3]], ["RY", [5]], ["RY", [7]], ["RY", [8]], ["CRY", [0, 1]], ["CRY", [2, 1]], ["CRY", [2, 3]], ["CRY", [4, 3]], ["CRY", [4, 5]], ["CRY", [6, 5]], ["CRY", [6, 7]], ["CRY", [0, 7]], ["CRY", [1, 8]], ["CRY", [3, 8]], ["CRY", [5, 8]], ["CRY", [7, 8]], ["CRY", [8, 1]], ["CRY", [8, 3]], ["CRY", [8, 5]], ["CRY", [8, 7]], ["RY", [0]], ["RY", [2]], ["RY", [4]], ["RY", [6]], ["RY", [1]], ["RY", [3]], ["RY", [5]], ["RY", [7]], ["RY", [8]], ["RX", [0]], ["RX", [2]], ["RX", [4]], ["RX", [6]], ["RX", [1]], ["RX", [3]], ["RX", [5]], ["RX", [7]], ["RX", [8]], ["RY", [0]], ["RY", [2]], ["RY", [4]], ["RY", [6]], ["RY", [1]], ["RY", [3]], ["RY", [5]], ["RY", [7]], ["RY", [8]], ["CRY", [0, 1]], ["CRY", [2, 1]], ["CRY", [2, 3]], ["CRY", [4, 3]], ["CRY", [4, 5]], ["CRY", [6, 5]], ["CRY", [6, 7]], ["CRY", [0, 7]], ["CRY", [1, 8]], ["CRY", [3, 8]], ["CRY", [5, 8]], ["CRY", [7, 8]], ["CRY", [8, 1]], ["CRY", [8, 3]], ["CRY", [8, 5]], ["CRY", [8, 7]], ["RY", [0]], ["RY", [2]], ["RY", [4]], ["RY", [6]], ["RY", [1]], ["RY", [3]], ["RY", [5]], ["RY", [7]], ["RY", [8]], ["RX", [0]], ["RX", [2]], ["RX", [4]], ["RX", [6]], ["RX", [1]], ["RX", [3]], ["RX", [5]], ["RX", [7]], ["RX", [8]]], "parameter_efficiency": 0.007175925925925927, "spec_valid": true, "test_accuracy": 0.5166666666666667, "test_loss": 2.6964256457740614, "train_accuracy": 0.43333333333333335, "train_loss": 2.759671570485083, "validation_accuracy": 0.5555555555555556, "validation_loss": 2.617501518364104}
==========Run 1/1 completed in 58.86 seconds==========
Correctness and error status saved to /home/chengyou1368/QuantumAnsatz/qml-ea/tic-tac-toe/results/ttt_qml_cli_20260618_121507/gen_9/results/correct.json
Metrics saved to /home/chengyou1368/QuantumAnsatz/qml-ea/tic-tac-toe/results/ttt_qml_cli_20260618_121507/gen_9/results/metrics.json
OK
{
  "combined_score": 0.5268619082001168,
  "public": {
    "train_accuracy_mean": 0.4333,
    "train_accuracy_std": 0.0,
    "validation_accuracy_mean": 0.5556,
    "validation_accuracy_std": 0.0,
    "test_accuracy_mean": 0.5167,
    "test_accuracy_std": 0.0,
    "generalization_gap_mean": 0.0833,
    "validation_loss_mean": 2.6175,
    "test_loss_mean": 2.6964,
    "parameter_efficiency_mean": 0.007176,
    "n_params": 72,
    "depth_mean": 84.0,
    "gate_count_mean": 285.0,
    "score_uses_test": false,
    "convergence_step_mean": null
  },
  "private": {
    "per_run_scores": [
      {
        "combined_score": 0.5268619082001168,
        "primary_accuracy": 0.5555555555555556,
        "gap_score": 0.7619047619047618,
        "loss_score": 0.27643388535527613,
        "parameter_efficiency_score": 1.0,
        "convergence_score": 0.0
      }
    ],
    "per_run_test_accuracies": [
      0.5166666666666667
    ]
  },
  "text_feedback": "Combined score: 0.5269\nValidation accuracy mean: 0.5556\nTest accuracy mean: 0.5167\nTrain-test generalization gap mean: 0.0833\nValidation L2 loss mean: 2.6175\nParameters: 72, depth mean: 84.0, gate count mean: 285.0\nFitness uses validation metrics; test metrics are reported as holdout diagnostics.\nDid not reach convergence threshold 0.90 in these runs.",
  "execution_time_mean": 58.85564089499894,
  "execution_time_std": 0.0,
  "num_valid_runs": 1,
  "num_invalid_runs": 0,
  "all_validation_errors": []
}
