Job running on a1114u27n01.mghpcc.ycrc.yale.edu under Slurm job 23103805
Activating sourced environment: /home/ch2499/project/transfer_sn/activate_eval_cluster.sh
==========Running program evaluation 1/1...==========
==========Run 1/1 completed in 517.21 seconds==========
Correctness and error status saved to /home/ch2499/project/transfer_sn/results_frw3_mid_r7/gen_5/results/correct.json
Metrics saved to /home/ch2499/project/transfer_sn/results_frw3_mid_r7/gen_5/results/metrics.json
OK
{
  "combined_score": -0.7887423098117726,
  "public": {
    "combined_score_raw": 0.7806,
    "train_accuracy_mean": 0.8467,
    "train_accuracy_std": 0.0,
    "validation_accuracy_mean": 0.8167,
    "validation_accuracy_std": 0.0,
    "test_accuracy_mean": 0.8283,
    "test_accuracy_std": 0.0,
    "generalization_gap_mean": 0.0183,
    "validation_loss_mean": 0.5709,
    "test_loss_mean": 0.5441,
    "parameter_efficiency_mean": 0.031859,
    "n_params": 26,
    "depth_mean": 87.0,
    "gate_count_mean": 252.0,
    "score_uses_test": false,
    "convergence_step_mean": null
  },
  "private": {
    "per_run_scores": [
      {
        "combined_score": 0.7806270351108668,
        "primary_accuracy": 0.8166666666666667,
        "gap_score": 0.9476190476190477,
        "loss_score": 0.6365611864533978,
        "parameter_efficiency_score": 1.0,
        "convergence_score": 0.0
      }
    ],
    "per_run_test_accuracies": [
      0.8283333333333334
    ]
  },
  "text_feedback": "Combined score: -0.7887\nScore scale: 0.0 = the seed program, 1.0 = the best solution found so far on this task. Negative means worse than the seed.\nValidation accuracy mean: 0.8167\nTest accuracy mean: 0.8283\nTrain-test generalization gap mean: 0.0183\nValidation L2 loss mean: 0.5709\nParameters: 26, depth mean: 87.0, gate count mean: 252.0\nFitness uses validation metrics; test metrics are reported as holdout diagnostics.\nDid not reach the convergence threshold in these runs.",
  "execution_time_mean": 517.2061303108931,
  "execution_time_std": 0.0,
  "num_valid_runs": 1,
  "num_invalid_runs": 0,
  "all_validation_errors": []
}
