Job running on a1114u24n01.mghpcc.ycrc.yale.edu under Slurm job 19479333
Activating sourced environment: /home/ch2499/project/transfer_sn/activate_eval_cluster.sh
==========Running program evaluation 1/1...==========
==========Run 1/1 completed in 921.46 seconds==========
Correctness and error status saved to /home/ch2499/project/transfer_sn/results_haiku_r2/gen_24/results/correct.json
Metrics saved to /home/ch2499/project/transfer_sn/results_haiku_r2/gen_24/results/metrics.json
OK
{
  "combined_score": 0.8840117681016632,
  "public": {
    "train_accuracy_mean": 0.8822,
    "train_accuracy_std": 0.0,
    "validation_accuracy_mean": 0.88,
    "validation_accuracy_std": 0.0,
    "test_accuracy_mean": 0.885,
    "test_accuracy_std": 0.0,
    "generalization_gap_mean": 0.0028,
    "validation_loss_mean": 0.3995,
    "test_loss_mean": 0.3936,
    "parameter_efficiency_mean": 0.04425,
    "n_params": 20,
    "depth_mean": 111.0,
    "gate_count_mean": 306.0,
    "score_uses_test": false,
    "convergence_step_mean": 120.0
  },
  "private": {
    "per_run_scores": [
      {
        "combined_score": 0.8840117681016632,
        "primary_accuracy": 0.88,
        "gap_score": 0.9920634920634921,
        "loss_score": 0.714533480466114,
        "parameter_efficiency_score": 1.0,
        "convergence_score": 0.996
      }
    ],
    "per_run_test_accuracies": [
      0.885
    ]
  },
  "text_feedback": "Combined score: 0.8840\nValidation accuracy mean: 0.8800\nTest accuracy mean: 0.8850\nTrain-test generalization gap mean: 0.0028\nValidation L2 loss mean: 0.3995\nParameters: 20, depth mean: 111.0, gate count mean: 306.0\nFitness uses validation metrics; test metrics are reported as holdout diagnostics.",
  "execution_time_mean": 921.4635167941451,
  "execution_time_std": 0.0,
  "num_valid_runs": 1,
  "num_invalid_runs": 0,
  "all_validation_errors": []
}
