Job running on a1130u22n04.mghpcc.ycrc.yale.edu under Slurm job 19597621
Activating sourced environment: /home/ch2499/project/zc_sn/activate_eval_cluster.sh
==========Running program evaluation 1/1...==========
==========Run 1/1 completed in 467.35 seconds==========
Correctness and error status saved to /home/ch2499/project/zc_sn/results_gpt56sol/gen_21/results/correct.json
Metrics saved to /home/ch2499/project/zc_sn/results_gpt56sol/gen_21/results/metrics.json
OK
{
  "combined_score": 0.8097000193105222,
  "public": {
    "train_accuracy_mean": 0.9311,
    "train_accuracy_std": 0.0,
    "validation_accuracy_mean": 0.8733,
    "validation_accuracy_std": 0.0,
    "test_accuracy_mean": 0.885,
    "test_accuracy_std": 0.0,
    "generalization_gap_mean": 0.0461,
    "validation_loss_mean": 0.5048,
    "test_loss_mean": 0.4834,
    "parameter_efficiency_mean": 0.010291,
    "n_params": 86,
    "depth_mean": 99.0,
    "gate_count_mean": 270.0,
    "score_uses_test": false,
    "convergence_step_mean": null
  },
  "private": {
    "per_run_scores": [
      {
        "combined_score": 0.8097000193105222,
        "primary_accuracy": 0.8733333333333333,
        "gap_score": 0.8682539682539683,
        "loss_score": 0.6645609752976601,
        "parameter_efficiency_score": 1.0,
        "convergence_score": 0.0
      }
    ],
    "per_run_test_accuracies": [
      0.885
    ]
  },
  "text_feedback": "Combined score: 0.8097\nValidation accuracy mean: 0.8733\nTest accuracy mean: 0.8850\nTrain-test generalization gap mean: 0.0461\nValidation L2 loss mean: 0.5048\nParameters: 86, depth mean: 99.0, gate count mean: 270.0\nFitness uses validation metrics; test metrics are reported as holdout diagnostics.\nDid not reach the convergence threshold in these runs.",
  "execution_time_mean": 467.35316212661564,
  "execution_time_std": 0.0,
  "num_valid_runs": 1,
  "num_invalid_runs": 0,
  "all_validation_errors": []
}
