Job running on a1132u24n02.mghpcc.ycrc.yale.edu under Slurm job 21117177
Activating sourced environment: /home/ch2499/project/zc_su2_v3/activate_eval_cluster.sh
==========Running program evaluation 1/1...==========
==========Run 1/1 completed in 185.81 seconds==========
Correctness and error status saved to /home/ch2499/project/zc_su2_v3/results_sonnet/gen_19/results/correct.json
Metrics saved to /home/ch2499/project/zc_su2_v3/results_sonnet/gen_19/results/metrics.json
OK
{
  "combined_score": 0.36746957772011823,
  "public": {
    "train_accuracy_mean": 0.625,
    "train_accuracy_std": 0.0,
    "validation_accuracy_mean": 0.52,
    "validation_accuracy_std": 0.0,
    "test_accuracy_mean": 0.4517,
    "test_accuracy_std": 0.0,
    "generalization_gap_mean": 0.1733,
    "validation_loss_mean": 0.9961,
    "test_loss_mean": 1.0075,
    "parameter_efficiency_mean": 0.075278,
    "validation_margin_mean": 0.003,
    "worst_group_margin_mean": -0.0018,
    "n_params": 6,
    "n_distinct_params": 4,
    "depth_mean": 54.0,
    "gate_count_mean": 126.0,
    "score_uses_test": false,
    "convergence_step_mean": null
  },
  "private": {
    "per_run_scores": [
      {
        "combined_score": 0.36746957772011823,
        "primary_accuracy": 0.52,
        "margin_score": 0.49912017747786624,
        "worst_group_margin": -0.0017596450442675267,
        "economy_score": 0.26697690189694784,
        "n_distinct_params": 4,
        "gap_score": 0.2624761904761905,
        "loss_score": 0.500986889042603,
        "convergence_score": 0.0
      }
    ],
    "per_run_test_accuracies": [
      0.45166666666666666
    ]
  },
  "text_feedback": "Combined score: 0.3675\nValidation accuracy mean: 0.5200\nTest accuracy mean: 0.4517\nValidation margin mean: 0.0030\nWorst-group validation margin: -0.0018\nTrain-test generalization gap mean: 0.1733\nValidation L2 loss mean: 0.9961\nDistinct trainable parameters: 4, depth mean: 54.0, gate count mean: 126.0\nFitness uses validation metrics; test metrics are reported as holdout diagnostics.\nAccuracy is near chance; explore different entanglement placement, rotation structure, or parameter sharing.\nLarge train-test gap; consider fewer parameters or repeated structural motifs.\nScoring rewards, in order of weight: the mean margin of the WORST validation group (samples are grouped by hidden difficulty, so robust separation on the hardest group is what counts), parameter economy (fewer distinct parameter names ALWAYS scores higher, at every count), a small train-test gap, low loss, and early convergence.\nEconomy score: 0.267\nDid not reach the convergence threshold in these runs.",
  "execution_time_mean": 185.8089062590152,
  "execution_time_std": 0.0,
  "num_valid_runs": 1,
  "num_invalid_runs": 0,
  "all_validation_errors": []
}
