Job running on a1130u31n02.mghpcc.ycrc.yale.edu under Slurm job 19605640
Activating sourced environment: /home/ch2499/project/zc_sn/activate_eval_cluster.sh
==========Running program evaluation 1/1...==========
==========Run 1/1 completed in 3490.39 seconds==========
Correctness and error status saved to /home/ch2499/project/zc_sn/results_sonnet/gen_48/results/correct.json
Metrics saved to /home/ch2499/project/zc_sn/results_sonnet/gen_48/results/metrics.json
OK
{
  "combined_score": 0.8507739281790324,
  "public": {
    "train_accuracy_mean": 0.9889,
    "train_accuracy_std": 0.0,
    "validation_accuracy_mean": 0.8933,
    "validation_accuracy_std": 0.0,
    "test_accuracy_mean": 0.875,
    "test_accuracy_std": 0.0,
    "generalization_gap_mean": 0.1139,
    "validation_loss_mean": 0.3806,
    "test_loss_mean": 0.4317,
    "parameter_efficiency_mean": 0.00625,
    "n_params": 140,
    "depth_mean": 232.0,
    "gate_count_mean": 564.0,
    "score_uses_test": false,
    "convergence_step_mean": 720.0
  },
  "private": {
    "per_run_scores": [
      {
        "combined_score": 0.8507739281790324,
        "primary_accuracy": 0.8933333333333333,
        "gap_score": 0.6746031746031744,
        "loss_score": 0.7243129603469891,
        "parameter_efficiency_score": 0.9316190476190477,
        "convergence_score": 0.976
      }
    ],
    "per_run_test_accuracies": [
      0.875
    ]
  },
  "text_feedback": "Combined score: 0.8508\nValidation accuracy mean: 0.8933\nTest accuracy mean: 0.8750\nTrain-test generalization gap mean: 0.1139\nValidation L2 loss mean: 0.3806\nParameters: 140, depth mean: 232.0, gate count mean: 564.0\nFitness uses validation metrics; test metrics are reported as holdout diagnostics.",
  "execution_time_mean": 3490.386578227859,
  "execution_time_std": 0.0,
  "num_valid_runs": 1,
  "num_invalid_runs": 0,
  "all_validation_errors": []
}
