Job running on a1130u22n01.mghpcc.ycrc.yale.edu under Slurm job 19522132
Activating sourced environment: /home/ch2499/project/transfer_sn/activate_eval_cluster.sh
==========Running program evaluation 1/1...==========
==========Run 1/1 completed in 984.38 seconds==========
Correctness and error status saved to /home/ch2499/project/transfer_sn/results_haiku_r2/gen_68/results/correct.json
Metrics saved to /home/ch2499/project/transfer_sn/results_haiku_r2/gen_68/results/metrics.json
OK
{
  "combined_score": 0.9051352015643361,
  "public": {
    "train_accuracy_mean": 0.9267,
    "train_accuracy_std": 0.0,
    "validation_accuracy_mean": 0.9133,
    "validation_accuracy_std": 0.0,
    "test_accuracy_mean": 0.9117,
    "test_accuracy_std": 0.0,
    "generalization_gap_mean": 0.015,
    "validation_loss_mean": 0.3294,
    "test_loss_mean": 0.342,
    "parameter_efficiency_mean": 0.045583,
    "n_params": 20,
    "depth_mean": 186.0,
    "gate_count_mean": 324.0,
    "score_uses_test": false,
    "convergence_step_mean": 360.0
  },
  "private": {
    "per_run_scores": [
      {
        "combined_score": 0.9051352015643361,
        "primary_accuracy": 0.9133333333333333,
        "gap_score": 0.9571428571428571,
        "loss_score": 0.7522029310638276,
        "parameter_efficiency_score": 1.0,
        "convergence_score": 0.988
      }
    ],
    "per_run_test_accuracies": [
      0.9116666666666666
    ]
  },
  "text_feedback": "Combined score: 0.9051\nValidation accuracy mean: 0.9133\nTest accuracy mean: 0.9117\nTrain-test generalization gap mean: 0.0150\nValidation L2 loss mean: 0.3294\nParameters: 20, depth mean: 186.0, gate count mean: 324.0\nFitness uses validation metrics; test metrics are reported as holdout diagnostics.",
  "execution_time_mean": 984.3755397428758,
  "execution_time_std": 0.0,
  "num_valid_runs": 1,
  "num_invalid_runs": 0,
  "all_validation_errors": []
}
