==========Running program evaluation 1/1...==========
{"batch_size": 10, "data_seed": 2027, "dataset": {"all_valid_unique_boards": {"class_counts": {"circle": 316, "cross": 626, "draw": 4536}, "total": 5478}, "overlap_train_test": 4, "overlap_train_validation": 1, "overlap_validation_test": 3, "test": {"class_counts": {"circle": 20, "cross": 20, "draw": 20}, "rows": 60, "unique_boards": 59}, "train": {"class_counts": {"circle": 20, "cross": 20, "draw": 20}, "rows": 60, "unique_boards": 59}, "validation": {"class_counts": {"circle": 15, "cross": 15, "draw": 15}, "rows": 45, "unique_boards": 44}}, "event": "start", "learning_rate": 0.03, "n_epochs": 3, "n_params": 72, "n_params_per_block": 12, "n_repeats": 2, "n_uploads": 3, "seed": 2000, "steps_per_epoch": 3}
{"batch_loss": 6.783440796800083, "epoch": 1, "event": "epoch", "global_step": 3, "test_accuracy": 0.5166666666666667, "test_loss": 5.9756132790060565, "train_accuracy": 0.4666666666666667, "train_loss": 5.944335108550262, "validation_accuracy": 0.5777777777777777, "validation_loss": 5.921315308619381}
{"batch_loss": 4.315019282438074, "epoch": 2, "event": "epoch", "global_step": 6, "test_accuracy": 0.5333333333333333, "test_loss": 3.8521718924384896, "train_accuracy": 0.35, "train_loss": 3.899730734586162, "validation_accuracy": 0.5555555555555556, "validation_loss": 3.7295099033583465}
{"batch_loss": 3.3756951768235175, "epoch": 3, "event": "epoch", "global_step": 9, "test_accuracy": 0.5, "test_loss": 3.0431100718156716, "train_accuracy": 0.36666666666666664, "train_loss": 3.1089137258212114, "validation_accuracy": 0.4666666666666667, "validation_loss": 2.9221553510858693}
{"convergence_epoch": null, "convergence_step": null, "convergence_threshold": 0.9, "depth": 52, "event": "final", "gate_count": 291, "generalization_gap": 0.13333333333333336, "history_tail": [{"batch_loss": 6.783440796800083, "epoch": 1, "event": "epoch", "global_step": 3, "test_accuracy": 0.5166666666666667, "test_loss": 5.9756132790060565, "train_accuracy": 0.4666666666666667, "train_loss": 5.944335108550262, "validation_accuracy": 0.5777777777777777, "validation_loss": 5.921315308619381}, {"batch_loss": 4.315019282438074, "epoch": 2, "event": "epoch", "global_step": 6, "test_accuracy": 0.5333333333333333, "test_loss": 3.8521718924384896, "train_accuracy": 0.35, "train_loss": 3.899730734586162, "validation_accuracy": 0.5555555555555556, "validation_loss": 3.7295099033583465}, {"batch_loss": 3.3756951768235175, "epoch": 3, "event": "epoch", "global_step": 9, "test_accuracy": 0.5, "test_loss": 3.0431100718156716, "train_accuracy": 0.36666666666666664, "train_loss": 3.1089137258212114, "validation_accuracy": 0.4666666666666667, "validation_loss": 2.9221553510858693}], "max_steps": 9, "n_params": 72, "n_params_per_block": 12, "n_qubits": 9, "n_repeats": 2, "n_uploads": 3, "operations": [["RX", [0]], ["RX", [1]], ["RX", [2]], ["RX", [3]], ["RX", [4]], ["RX", [5]], ["RX", [6]], ["RX", [7]], ["RX", [8]], ["RY", [0]], ["RY", [2]], ["RY", [4]], ["RY", [6]], ["RY", [1]], ["RY", [3]], ["RY", [5]], ["RY", [7]], ["RY", [8]], ["RZ", [0]], ["RZ", [2]], ["RZ", [4]], ["RZ", [6]], ["RZ", [1]], ["RZ", [3]], ["RZ", [5]], ["RZ", [7]], ["RZ", [8]], ["CZ", [0, 1]], ["CZ", [2, 3]], ["CZ", [4, 5]], ["CZ", [6, 7]], ["CZ", [1, 8]], ["CZ", [3, 8]], ["CZ", [5, 8]], ["CZ", [7, 8]], ["RY", [0]], ["RY", [2]], ["RY", [4]], ["RY", [6]], ["RY", [1]], ["RY", [3]], ["RY", [5]], ["RY", [7]], ["RY", [8]], ["RZ", [0]], ["RZ", [2]], ["RZ", [4]], ["RZ", [6]], ["RZ", [1]], ["RZ", [3]], ["RZ", [5]], ["RZ", [7]], ["RZ", [8]], ["RY", [0]], ["RY", [2]], ["RY", [4]], ["RY", [6]], ["RY", [1]], ["RY", [3]], ["RY", [5]], ["RY", [7]], ["RY", [8]], ["RZ", [0]], ["RZ", [2]], ["RZ", [4]], ["RZ", [6]], ["RZ", [1]], ["RZ", [3]], ["RZ", [5]], ["RZ", [7]], ["RZ", [8]], ["CZ", [0, 1]], ["CZ", [2, 3]], ["CZ", [4, 5]], ["CZ", [6, 7]], ["CZ", [1, 8]], ["CZ", [3, 8]], ["CZ", [5, 8]], ["CZ", [7, 8]], ["RY", [0]], ["RY", [2]], ["RY", [4]], ["RY", [6]], ["RY", [1]], ["RY", [3]], ["RY", [5]], ["RY", [7]], ["RY", [8]], ["RZ", [0]], ["RZ", [2]], ["RZ", [4]], ["RZ", [6]], ["RZ", [1]], ["RZ", [3]], ["RZ", [5]], ["RZ", [7]], ["RZ", [8]], ["RX", [0]], ["RX", [1]], ["RX", [2]], ["RX", [3]], ["RX", [4]], ["RX", [5]], ["RX", [6]], ["RX", [7]], ["RX", [8]], ["RY", [0]], ["RY", [2]], ["RY", [4]], ["RY", [6]], ["RY", [1]], ["RY", [3]], ["RY", [5]], ["RY", [7]], ["RY", [8]], ["RZ", [0]], ["RZ", [2]], ["RZ", [4]], ["RZ", [6]], ["RZ", [1]], ["RZ", [3]], ["RZ", [5]], ["RZ", [7]], ["RZ", [8]], ["CZ", [0, 1]], ["CZ", [2, 3]], ["CZ", [4, 5]], ["CZ", [6, 7]], ["CZ", [1, 8]], ["CZ", [3, 8]], ["CZ", [5, 8]], ["CZ", [7, 8]], ["RY", [0]], ["RY", [2]], ["RY", [4]], ["RY", [6]], ["RY", [1]], ["RY", [3]], ["RY", [5]], ["RY", [7]], ["RY", [8]], ["RZ", [0]], ["RZ", [2]], ["RZ", [4]], ["RZ", [6]], ["RZ", [1]], ["RZ", [3]], ["RZ", [5]], ["RZ", [7]], ["RZ", [8]], ["RY", [0]], ["RY", [2]], ["RY", [4]], ["RY", [6]], ["RY", [1]], ["RY", [3]], ["RY", [5]], ["RY", [7]], ["RY", [8]], ["RZ", [0]], ["RZ", [2]], ["RZ", [4]], ["RZ", [6]], ["RZ", [1]], ["RZ", [3]], ["RZ", [5]], ["RZ", [7]], ["RZ", [8]], ["CZ", [0, 1]], ["CZ", [2, 3]], ["CZ", [4, 5]], ["CZ", [6, 7]], ["CZ", [1, 8]], ["CZ", [3, 8]], ["CZ", [5, 8]], ["CZ", [7, 8]], ["RY", [0]], ["RY", [2]], ["RY", [4]], ["RY", [6]], ["RY", [1]], ["RY", [3]], ["RY", [5]], ["RY", [7]], ["RY", [8]], ["RZ", [0]], ["RZ", [2]], ["RZ", [4]], ["RZ", [6]], ["RZ", [1]], ["RZ", [3]], ["RZ", [5]], ["RZ", [7]], ["RZ", [8]], ["RX", [0]], ["RX", [1]], ["RX", [2]], ["RX", [3]], ["RX", [4]], ["RX", [5]], ["RX", [6]], ["RX", [7]], ["RX", [8]], ["RY", [0]], ["RY", [2]], ["RY", [4]], ["RY", [6]], ["RY", [1]], ["RY", [3]], ["RY", [5]], ["RY", [7]], ["RY", [8]], ["RZ", [0]], ["RZ", [2]], ["RZ", [4]], ["RZ", [6]], ["RZ", [1]], ["RZ", [3]], ["RZ", [5]], ["RZ", [7]], ["RZ", [8]], ["CZ", [0, 1]], ["CZ", [2, 3]], ["CZ", [4, 5]], ["CZ", [6, 7]], ["CZ", [1, 8]], ["CZ", [3, 8]], ["CZ", [5, 8]], ["CZ", [7, 8]], ["RY", [0]], ["RY", [2]], ["RY", [4]], ["RY", [6]], ["RY", [1]], ["RY", [3]], ["RY", [5]], ["RY", [7]], ["RY", [8]], ["RZ", [0]], ["RZ", [2]], ["RZ", [4]], ["RZ", [6]], ["RZ", [1]], ["RZ", [3]], ["RZ", [5]], ["RZ", [7]], ["RZ", [8]], ["RY", [0]], ["RY", [2]], ["RY", [4]], ["RY", [6]], ["RY", [1]], ["RY", [3]], ["RY", [5]], ["RY", [7]], ["RY", [8]], ["RZ", [0]], ["RZ", [2]], ["RZ", [4]], ["RZ", [6]], ["RZ", [1]], ["RZ", [3]], ["RZ", [5]], ["RZ", [7]], ["RZ", [8]], ["CZ", [0, 1]], ["CZ", [2, 3]], ["CZ", [4, 5]], ["CZ", [6, 7]], ["CZ", [1, 8]], ["CZ", [3, 8]], ["CZ", [5, 8]], ["CZ", [7, 8]], ["RY", [0]], ["RY", [2]], ["RY", [4]], ["RY", [6]], ["RY", [1]], ["RY", [3]], ["RY", [5]], ["RY", [7]], ["RY", [8]], ["RZ", [0]], ["RZ", [2]], ["RZ", [4]], ["RZ", [6]], ["RZ", [1]], ["RZ", [3]], ["RZ", [5]], ["RZ", [7]], ["RZ", [8]]], "parameter_efficiency": 0.006944444444444444, "spec_valid": true, "test_accuracy": 0.5, "test_loss": 3.0431100718156716, "train_accuracy": 0.36666666666666664, "train_loss": 3.1089137258212114, "validation_accuracy": 0.4666666666666667, "validation_loss": 2.9221553510858693}
==========Run 1/1 completed in 82.64 seconds==========
Correctness and error status saved to /home/chengyou1368/QuantumAnsatz/qml-ea/tic-tac-toe/results/ttt_qml_cli_20260624_162514/gen_17/results/correct.json
Metrics saved to /home/chengyou1368/QuantumAnsatz/qml-ea/tic-tac-toe/results/ttt_qml_cli_20260624_162514/gen_17/results/metrics.json
OK
{
  "combined_score": 0.4511014209575684,
  "public": {
    "train_accuracy_mean": 0.3667,
    "train_accuracy_std": 0.0,
    "validation_accuracy_mean": 0.4667,
    "validation_accuracy_std": 0.0,
    "test_accuracy_mean": 0.5,
    "test_accuracy_std": 0.0,
    "generalization_gap_mean": 0.1333,
    "validation_loss_mean": 2.9222,
    "test_loss_mean": 3.0431,
    "parameter_efficiency_mean": 0.006944,
    "n_params": 72,
    "depth_mean": 52.0,
    "gate_count_mean": 291.0,
    "score_uses_test": false,
    "convergence_step_mean": null
  },
  "private": {
    "per_run_scores": [
      {
        "combined_score": 0.4511014209575684,
        "primary_accuracy": 0.4666666666666667,
        "gap_score": 0.619047619047619,
        "loss_score": 0.25496185400283666,
        "parameter_efficiency_score": 1.0,
        "convergence_score": 0.0
      }
    ],
    "per_run_test_accuracies": [
      0.5
    ]
  },
  "text_feedback": "Combined score: 0.4511\nValidation accuracy mean: 0.4667\nTest accuracy mean: 0.5000\nTrain-test generalization gap mean: 0.1333\nValidation L2 loss mean: 2.9222\nParameters: 72, depth mean: 52.0, gate count mean: 291.0\nFitness uses validation metrics; test metrics are reported as holdout diagnostics.\nAccuracy is still low; explore more expressive local entanglement or rotation diversity.\nDid not reach convergence threshold 0.90 in these runs.",
  "execution_time_mean": 82.63733082299996,
  "execution_time_std": 0.0,
  "num_valid_runs": 1,
  "num_invalid_runs": 0,
  "all_validation_errors": []
}
