==========Running program evaluation 1/1...==========
{"batch_size": 10, "data_seed": 2027, "dataset": {"all_valid_unique_boards": {"class_counts": {"circle": 316, "cross": 626, "draw": 4536}, "total": 5478}, "overlap_train_test": 4, "overlap_train_validation": 1, "overlap_validation_test": 3, "test": {"class_counts": {"circle": 20, "cross": 20, "draw": 20}, "rows": 60, "unique_boards": 59}, "train": {"class_counts": {"circle": 20, "cross": 20, "draw": 20}, "rows": 60, "unique_boards": 59}, "validation": {"class_counts": {"circle": 15, "cross": 15, "draw": 15}, "rows": 45, "unique_boards": 44}}, "event": "start", "learning_rate": 0.03, "n_epochs": 3, "n_params": 96, "n_params_per_block": 16, "n_repeats": 2, "n_uploads": 3, "seed": 1000, "steps_per_epoch": 3}
{"batch_loss": 5.704686439345252, "epoch": 1, "event": "epoch", "global_step": 3, "test_accuracy": 0.48333333333333334, "test_loss": 3.9688062000762687, "train_accuracy": 0.43333333333333335, "train_loss": 4.3146889972549625, "validation_accuracy": 0.4444444444444444, "validation_loss": 4.139744099948045}
{"batch_loss": 3.449007390159042, "epoch": 2, "event": "epoch", "global_step": 6, "test_accuracy": 0.36666666666666664, "test_loss": 2.566347750662428, "train_accuracy": 0.3333333333333333, "train_loss": 2.802735636366531, "validation_accuracy": 0.37777777777777777, "validation_loss": 2.6703515863341436}
{"batch_loss": 2.392648884695251, "epoch": 3, "event": "epoch", "global_step": 9, "test_accuracy": 0.36666666666666664, "test_loss": 2.758637988212903, "train_accuracy": 0.35, "train_loss": 2.7542503288513625, "validation_accuracy": 0.37777777777777777, "validation_loss": 2.588344762647806}
{"convergence_epoch": null, "convergence_step": null, "convergence_threshold": 0.9, "depth": 156, "event": "final", "gate_count": 387, "generalization_gap": 0.016666666666666663, "history_tail": [{"batch_loss": 5.704686439345252, "epoch": 1, "event": "epoch", "global_step": 3, "test_accuracy": 0.48333333333333334, "test_loss": 3.9688062000762687, "train_accuracy": 0.43333333333333335, "train_loss": 4.3146889972549625, "validation_accuracy": 0.4444444444444444, "validation_loss": 4.139744099948045}, {"batch_loss": 3.449007390159042, "epoch": 2, "event": "epoch", "global_step": 6, "test_accuracy": 0.36666666666666664, "test_loss": 2.566347750662428, "train_accuracy": 0.3333333333333333, "train_loss": 2.802735636366531, "validation_accuracy": 0.37777777777777777, "validation_loss": 2.6703515863341436}, {"batch_loss": 2.392648884695251, "epoch": 3, "event": "epoch", "global_step": 9, "test_accuracy": 0.36666666666666664, "test_loss": 2.758637988212903, "train_accuracy": 0.35, "train_loss": 2.7542503288513625, "validation_accuracy": 0.37777777777777777, "validation_loss": 2.588344762647806}], "max_steps": 9, "n_params": 96, "n_params_per_block": 16, "n_qubits": 9, "n_repeats": 2, "n_uploads": 3, "operations": [["RX", [0]], ["RX", [1]], ["RX", [2]], ["RX", [3]], ["RX", [4]], ["RX", [5]], ["RX", [6]], ["RX", [7]], ["RX", [8]], ["RY", [0]], ["RY", [2]], ["RY", [4]], ["RY", [6]], ["RY", [1]], ["RY", [3]], ["RY", [5]], ["RY", [7]], ["RY", [8]], ["RZ", [0]], ["RZ", [2]], ["RZ", [4]], ["RZ", [6]], ["RZ", [1]], ["RZ", [3]], ["RZ", [5]], ["RZ", [7]], ["RZ", [8]], ["CRY", [0, 1]], ["CRY", [2, 1]], ["CRY", [2, 3]], ["CRY", [4, 3]], ["CRY", [4, 5]], ["CRY", [6, 5]], ["CRY", [6, 7]], ["CRY", [0, 7]], ["CRY", [1, 0]], ["CRY", [1, 2]], ["CRY", [3, 2]], ["CRY", [3, 4]], ["CRY", [5, 4]], ["CRY", [5, 6]], ["CRY", [7, 6]], ["CRY", [7, 0]], ["CRY", [7, 8]], ["CRY", [3, 8]], ["CRY", [1, 8]], ["CRY", [5, 8]], ["CRY", [8, 1]], ["CRY", [8, 3]], ["CRY", [8, 5]], ["CRY", [8, 7]], ["RY", [0]], ["RY", [2]], ["RY", [4]], ["RY", [6]], ["RY", [1]], ["RY", [3]], ["RY", [5]], ["RY", [7]], ["RY", [8]], ["RX", [0]], ["RX", [2]], ["RX", [4]], ["RX", [6]], ["RX", [1]], ["RX", [3]], ["RX", [5]], ["RX", [7]], ["RX", [8]], ["RY", [0]], ["RY", [2]], ["RY", [4]], ["RY", [6]], ["RY", [1]], ["RY", [3]], ["RY", [5]], ["RY", [7]], ["RY", [8]], ["RZ", [0]], ["RZ", [2]], ["RZ", [4]], ["RZ", [6]], ["RZ", [1]], ["RZ", [3]], ["RZ", [5]], ["RZ", [7]], ["RZ", [8]], ["CRY", [0, 1]], ["CRY", [2, 1]], ["CRY", [2, 3]], ["CRY", [4, 3]], ["CRY", [4, 5]], ["CRY", [6, 5]], ["CRY", [6, 7]], ["CRY", [0, 7]], ["CRY", [1, 0]], ["CRY", [1, 2]], ["CRY", [3, 2]], ["CRY", [3, 4]], ["CRY", [5, 4]], ["CRY", [5, 6]], ["CRY", [7, 6]], ["CRY", [7, 0]], ["CRY", [7, 8]], ["CRY", [3, 8]], ["CRY", [1, 8]], ["CRY", [5, 8]], ["CRY", [8, 1]], ["CRY", [8, 3]], ["CRY", [8, 5]], ["CRY", [8, 7]], ["RY", [0]], ["RY", [2]], ["RY", [4]], ["RY", [6]], ["RY", [1]], ["RY", [3]], ["RY", [5]], ["RY", [7]], ["RY", [8]], ["RX", [0]], ["RX", [2]], ["RX", [4]], ["RX", [6]], ["RX", [1]], ["RX", [3]], ["RX", [5]], ["RX", [7]], ["RX", [8]], ["RX", [0]], ["RX", [1]], ["RX", [2]], ["RX", [3]], ["RX", [4]], ["RX", [5]], ["RX", [6]], ["RX", [7]], ["RX", [8]], ["RY", [0]], ["RY", [2]], ["RY", [4]], ["RY", [6]], ["RY", [1]], ["RY", [3]], ["RY", [5]], ["RY", [7]], ["RY", [8]], ["RZ", [0]], ["RZ", [2]], ["RZ", [4]], ["RZ", [6]], ["RZ", [1]], ["RZ", [3]], ["RZ", [5]], ["RZ", [7]], ["RZ", [8]], ["CRY", [0, 1]], ["CRY", [2, 1]], ["CRY", [2, 3]], ["CRY", [4, 3]], ["CRY", [4, 5]], ["CRY", [6, 5]], ["CRY", [6, 7]], ["CRY", [0, 7]], ["CRY", [1, 0]], ["CRY", [1, 2]], ["CRY", [3, 2]], ["CRY", [3, 4]], ["CRY", [5, 4]], ["CRY", [5, 6]], ["CRY", [7, 6]], ["CRY", [7, 0]], ["CRY", [7, 8]], ["CRY", [3, 8]], ["CRY", [1, 8]], ["CRY", [5, 8]], ["CRY", [8, 1]], ["CRY", [8, 3]], ["CRY", [8, 5]], ["CRY", [8, 7]], ["RY", [0]], ["RY", [2]], ["RY", [4]], ["RY", [6]], ["RY", [1]], ["RY", [3]], ["RY", [5]], ["RY", [7]], ["RY", [8]], ["RX", [0]], ["RX", [2]], ["RX", [4]], ["RX", [6]], ["RX", [1]], ["RX", [3]], ["RX", [5]], ["RX", [7]], ["RX", [8]], ["RY", [0]], ["RY", [2]], ["RY", [4]], ["RY", [6]], ["RY", [1]], ["RY", [3]], ["RY", [5]], ["RY", [7]], ["RY", [8]], ["RZ", [0]], ["RZ", [2]], ["RZ", [4]], ["RZ", [6]], ["RZ", [1]], ["RZ", [3]], ["RZ", [5]], ["RZ", [7]], ["RZ", [8]], ["CRY", [0, 1]], ["CRY", [2, 1]], ["CRY", [2, 3]], ["CRY", [4, 3]], ["CRY", [4, 5]], ["CRY", [6, 5]], ["CRY", [6, 7]], ["CRY", [0, 7]], ["CRY", [1, 0]], ["CRY", [1, 2]], ["CRY", [3, 2]], ["CRY", [3, 4]], ["CRY", [5, 4]], ["CRY", [5, 6]], ["CRY", [7, 6]], ["CRY", [7, 0]], ["CRY", [7, 8]], ["CRY", [3, 8]], ["CRY", [1, 8]], ["CRY", [5, 8]], ["CRY", [8, 1]], ["CRY", [8, 3]], ["CRY", [8, 5]], ["CRY", [8, 7]], ["RY", [0]], ["RY", [2]], ["RY", [4]], ["RY", [6]], ["RY", [1]], ["RY", [3]], ["RY", [5]], ["RY", [7]], ["RY", [8]], ["RX", [0]], ["RX", [2]], ["RX", [4]], ["RX", [6]], ["RX", [1]], ["RX", [3]], ["RX", [5]], ["RX", [7]], ["RX", [8]], ["RX", [0]], ["RX", [1]], ["RX", [2]], ["RX", [3]], ["RX", [4]], ["RX", [5]], ["RX", [6]], ["RX", [7]], ["RX", [8]], ["RY", [0]], ["RY", [2]], ["RY", [4]], ["RY", [6]], ["RY", [1]], ["RY", [3]], ["RY", [5]], ["RY", [7]], ["RY", [8]], ["RZ", [0]], ["RZ", [2]], ["RZ", [4]], ["RZ", [6]], ["RZ", [1]], ["RZ", [3]], ["RZ", [5]], ["RZ", [7]], ["RZ", [8]], ["CRY", [0, 1]], ["CRY", [2, 1]], ["CRY", [2, 3]], ["CRY", [4, 3]], ["CRY", [4, 5]], ["CRY", [6, 5]], ["CRY", [6, 7]], ["CRY", [0, 7]], ["CRY", [1, 0]], ["CRY", [1, 2]], ["CRY", [3, 2]], ["CRY", [3, 4]], ["CRY", [5, 4]], ["CRY", [5, 6]], ["CRY", [7, 6]], ["CRY", [7, 0]], ["CRY", [7, 8]], ["CRY", [3, 8]], ["CRY", [1, 8]], ["CRY", [5, 8]], ["CRY", [8, 1]], ["CRY", [8, 3]], ["CRY", [8, 5]], ["CRY", [8, 7]], ["RY", [0]], ["RY", [2]], ["RY", [4]], ["RY", [6]], ["RY", [1]], ["RY", [3]], ["RY", [5]], ["RY", [7]], ["RY", [8]], ["RX", [0]], ["RX", [2]], ["RX", [4]], ["RX", [6]], ["RX", [1]], ["RX", [3]], ["RX", [5]], ["RX", [7]], ["RX", [8]], ["RY", [0]], ["RY", [2]], ["RY", [4]], ["RY", [6]], ["RY", [1]], ["RY", [3]], ["RY", [5]], ["RY", [7]], ["RY", [8]], ["RZ", [0]], ["RZ", [2]], ["RZ", [4]], ["RZ", [6]], ["RZ", [1]], ["RZ", [3]], ["RZ", [5]], ["RZ", [7]], ["RZ", [8]], ["CRY", [0, 1]], ["CRY", [2, 1]], ["CRY", [2, 3]], ["CRY", [4, 3]], ["CRY", [4, 5]], ["CRY", [6, 5]], ["CRY", [6, 7]], ["CRY", [0, 7]], ["CRY", [1, 0]], ["CRY", [1, 2]], ["CRY", [3, 2]], ["CRY", [3, 4]], ["CRY", [5, 4]], ["CRY", [5, 6]], ["CRY", [7, 6]], ["CRY", [7, 0]], ["CRY", [7, 8]], ["CRY", [3, 8]], ["CRY", [1, 8]], ["CRY", [5, 8]], ["CRY", [8, 1]], ["CRY", [8, 3]], ["CRY", [8, 5]], ["CRY", [8, 7]], ["RY", [0]], ["RY", [2]], ["RY", [4]], ["RY", [6]], ["RY", [1]], ["RY", [3]], ["RY", [5]], ["RY", [7]], ["RY", [8]], ["RX", [0]], ["RX", [2]], ["RX", [4]], ["RX", [6]], ["RX", [1]], ["RX", [3]], ["RX", [5]], ["RX", [7]], ["RX", [8]]], "parameter_efficiency": 0.0038194444444444443, "spec_valid": true, "test_accuracy": 0.36666666666666664, "test_loss": 2.758637988212903, "train_accuracy": 0.35, "train_loss": 2.7542503288513625, "validation_accuracy": 0.37777777777777777, "validation_loss": 2.588344762647806}
==========Run 1/1 completed in 66.19 seconds==========
Correctness and error status saved to /home/chengyou1368/QuantumAnsatz/qml-ea/tic-tac-toe/results/ttt_qml_cli_20260618_121507/gen_16/results/correct.json
Metrics saved to /home/chengyou1368/QuantumAnsatz/qml-ea/tic-tac-toe/results/ttt_qml_cli_20260618_121507/gen_16/results/metrics.json
OK
{
  "combined_score": 0.440423035154789,
  "public": {
    "train_accuracy_mean": 0.35,
    "train_accuracy_std": 0.0,
    "validation_accuracy_mean": 0.3778,
    "validation_accuracy_std": 0.0,
    "test_accuracy_mean": 0.3667,
    "test_accuracy_std": 0.0,
    "generalization_gap_mean": 0.0167,
    "validation_loss_mean": 2.5883,
    "test_loss_mean": 2.7586,
    "parameter_efficiency_mean": 0.003819,
    "n_params": 96,
    "depth_mean": 156.0,
    "gate_count_mean": 387.0,
    "score_uses_test": false,
    "convergence_step_mean": null
  },
  "private": {
    "per_run_scores": [
      {
        "combined_score": 0.440423035154789,
        "primary_accuracy": 0.37777777777777777,
        "gap_score": 0.9523809523809524,
        "loss_score": 0.27868002272504866,
        "parameter_efficiency_score": 0.6375,
        "convergence_score": 0.0
      }
    ],
    "per_run_test_accuracies": [
      0.36666666666666664
    ]
  },
  "text_feedback": "Combined score: 0.4404\nValidation accuracy mean: 0.3778\nTest accuracy mean: 0.3667\nTrain-test generalization gap mean: 0.0167\nValidation L2 loss mean: 2.5883\nParameters: 96, depth mean: 156.0, gate count mean: 387.0\nFitness uses validation metrics; test metrics are reported as holdout diagnostics.\nAccuracy is still low; explore more expressive local entanglement or rotation diversity.\nDid not reach convergence threshold 0.90 in these runs.",
  "execution_time_mean": 66.19181637200018,
  "execution_time_std": 0.0,
  "num_valid_runs": 1,
  "num_invalid_runs": 0,
  "all_validation_errors": []
}
