Job running on a1132u35n04.mghpcc.ycrc.yale.edu under Slurm job 19603609
Activating sourced environment: /home/ch2499/project/zc_ttt/activate_eval_cluster.sh
==========Running program evaluation 1/1...==========
==========Run 1/1 completed in 1080.46 seconds==========
Correctness and error status saved to /home/ch2499/project/zc_ttt/results_gpt56sol/gen_26/results/correct.json
Metrics saved to /home/ch2499/project/zc_ttt/results_gpt56sol/gen_26/results/metrics.json
OK
{
  "combined_score": 0.5285472730429331,
  "public": {
    "train_accuracy_mean": 0.56,
    "train_accuracy_std": 0.0,
    "validation_accuracy_mean": 0.5333,
    "validation_accuracy_std": 0.0,
    "test_accuracy_mean": 0.47,
    "test_accuracy_std": 0.0,
    "generalization_gap_mean": 0.09,
    "validation_loss_mean": 2.3744,
    "test_loss_mean": 2.4707,
    "parameter_efficiency_mean": 0.005595,
    "n_params": 84,
    "depth_mean": 57.0,
    "gate_count_mean": 213.0,
    "score_uses_test": false,
    "convergence_step_mean": null
  },
  "private": {
    "per_run_scores": [
      {
        "combined_score": 0.5285472730429331,
        "primary_accuracy": 0.5333333333333333,
        "gap_score": 0.7428571428571427,
        "loss_score": 0.2963468996513008,
        "parameter_efficiency_score": 1.0,
        "convergence_score": 0.0
      }
    ],
    "per_run_test_accuracies": [
      0.47
    ]
  },
  "text_feedback": "Combined score: 0.5285\nValidation accuracy mean: 0.5333\nTest accuracy mean: 0.4700\nTrain-test generalization gap mean: 0.0900\nValidation L2 loss mean: 2.3744\nParameters: 84, depth mean: 57.0, gate count mean: 213.0\nFitness uses validation metrics; test metrics are reported as holdout diagnostics.\nAccuracy is still low; explore more expressive entanglement or richer gate structure.\nDid not reach convergence threshold 0.90 in these runs.",
  "execution_time_mean": 1080.4624457871541,
  "execution_time_std": 0.0,
  "num_valid_runs": 1,
  "num_invalid_runs": 0,
  "all_validation_errors": []
}
