Job running on a1132u24n01.mghpcc.ycrc.yale.edu under Slurm job 19609372
Activating sourced environment: /home/ch2499/project/zc_ttt/activate_eval_cluster.sh
==========Running program evaluation 1/1...==========
==========Run 1/1 completed in 2641.57 seconds==========
Correctness and error status saved to /home/ch2499/project/zc_ttt/results_gpt56sol/gen_48/results/correct.json
Metrics saved to /home/ch2499/project/zc_ttt/results_gpt56sol/gen_48/results/metrics.json
OK
{
  "combined_score": 0.5641092629424855,
  "public": {
    "train_accuracy_mean": 0.5556,
    "train_accuracy_std": 0.0,
    "validation_accuracy_mean": 0.5667,
    "validation_accuracy_std": 0.0,
    "test_accuracy_mean": 0.5117,
    "test_accuracy_std": 0.0,
    "generalization_gap_mean": 0.0439,
    "validation_loss_mean": 2.2455,
    "test_loss_mean": 2.3456,
    "parameter_efficiency_mean": 0.00533,
    "n_params": 96,
    "depth_mean": 39.0,
    "gate_count_mean": 207.0,
    "score_uses_test": false,
    "convergence_step_mean": null
  },
  "private": {
    "per_run_scores": [
      {
        "combined_score": 0.5641092629424855,
        "primary_accuracy": 0.5666666666666667,
        "gap_score": 0.8746031746031746,
        "loss_score": 0.308115985754136,
        "parameter_efficiency_score": 0.9562499999999999,
        "convergence_score": 0.0
      }
    ],
    "per_run_test_accuracies": [
      0.5116666666666667
    ]
  },
  "text_feedback": "Combined score: 0.5641\nValidation accuracy mean: 0.5667\nTest accuracy mean: 0.5117\nTrain-test generalization gap mean: 0.0439\nValidation L2 loss mean: 2.2455\nParameters: 96, depth mean: 39.0, gate count mean: 207.0\nFitness uses validation metrics; test metrics are reported as holdout diagnostics.\nDid not reach convergence threshold 0.90 in these runs.",
  "execution_time_mean": 2641.5669960579835,
  "execution_time_std": 0.0,
  "num_valid_runs": 1,
  "num_invalid_runs": 0,
  "all_validation_errors": []
}
