Job running on a1130u11n04.mghpcc.ycrc.yale.edu under Slurm job 19606049
Activating sourced environment: /home/ch2499/project/zc_sn/activate_eval_cluster.sh
==========Running program evaluation 1/1...==========
==========Run 1/1 completed in 1190.81 seconds==========
Correctness and error status saved to /home/ch2499/project/zc_sn/results_gpt56sol/gen_57/results/correct.json
Metrics saved to /home/ch2499/project/zc_sn/results_gpt56sol/gen_57/results/metrics.json
OK
{
  "combined_score": 0.8450652627380677,
  "public": {
    "train_accuracy_mean": 0.9267,
    "train_accuracy_std": 0.0,
    "validation_accuracy_mean": 0.87,
    "validation_accuracy_std": 0.0,
    "test_accuracy_mean": 0.8417,
    "test_accuracy_std": 0.0,
    "generalization_gap_mean": 0.085,
    "validation_loss_mean": 0.4371,
    "test_loss_mean": 0.5108,
    "parameter_efficiency_mean": 0.007652,
    "n_params": 110,
    "depth_mean": 178.0,
    "gate_count_mean": 462.0,
    "score_uses_test": false,
    "convergence_step_mean": 330.0
  },
  "private": {
    "per_run_scores": [
      {
        "combined_score": 0.8450652627380677,
        "primary_accuracy": 0.87,
        "gap_score": 0.7571428571428572,
        "loss_score": 0.6958477833331489,
        "parameter_efficiency_score": 1.0,
        "convergence_score": 0.989
      }
    ],
    "per_run_test_accuracies": [
      0.8416666666666667
    ]
  },
  "text_feedback": "Combined score: 0.8451\nValidation accuracy mean: 0.8700\nTest accuracy mean: 0.8417\nTrain-test generalization gap mean: 0.0850\nValidation L2 loss mean: 0.4371\nParameters: 110, depth mean: 178.0, gate count mean: 462.0\nFitness uses validation metrics; test metrics are reported as holdout diagnostics.",
  "execution_time_mean": 1190.8130573728122,
  "execution_time_std": 0.0,
  "num_valid_runs": 1,
  "num_invalid_runs": 0,
  "all_validation_errors": []
}
