Job running on a1130u33n01.mghpcc.ycrc.yale.edu under Slurm job 19617958
Activating sourced environment: /home/ch2499/project/zc_ttt/activate_eval_cluster.sh
==========Running program evaluation 1/1...==========
==========Run 1/1 completed in 2696.51 seconds==========
Correctness and error status saved to /home/ch2499/project/zc_ttt/results_sonnet/gen_48/results/correct.json
Metrics saved to /home/ch2499/project/zc_ttt/results_sonnet/gen_48/results/metrics.json
OK
{
  "combined_score": 0.5683219676899708,
  "public": {
    "train_accuracy_mean": 0.7244,
    "train_accuracy_std": 0.0,
    "validation_accuracy_mean": 0.62,
    "validation_accuracy_std": 0.0,
    "test_accuracy_mean": 0.6117,
    "test_accuracy_std": 0.0,
    "generalization_gap_mean": 0.1128,
    "validation_loss_mean": 2.1368,
    "test_loss_mean": 2.2163,
    "parameter_efficiency_mean": 0.004432,
    "n_params": 138,
    "depth_mean": 41.0,
    "gate_count_mean": 207.0,
    "score_uses_test": false,
    "convergence_step_mean": null
  },
  "private": {
    "per_run_scores": [
      {
        "combined_score": 0.5683219676899708,
        "primary_accuracy": 0.62,
        "gap_score": 0.6777777777777778,
        "loss_score": 0.31879701487355655,
        "parameter_efficiency_score": 0.7278260869565217,
        "convergence_score": 0.0
      }
    ],
    "per_run_test_accuracies": [
      0.6116666666666667
    ]
  },
  "text_feedback": "Combined score: 0.5683\nValidation accuracy mean: 0.6200\nTest accuracy mean: 0.6117\nTrain-test generalization gap mean: 0.1128\nValidation L2 loss mean: 2.1368\nParameters: 138, depth mean: 41.0, gate count mean: 207.0\nFitness uses validation metrics; test metrics are reported as holdout diagnostics.\nDid not reach convergence threshold 0.90 in these runs.",
  "execution_time_mean": 2696.5146626261994,
  "execution_time_std": 0.0,
  "num_valid_runs": 1,
  "num_invalid_runs": 0,
  "all_validation_errors": []
}
