==========Running program evaluation 1/1...==========
{"batch_size": 10, "data_seed": 2027, "dataset": {"all_valid_unique_boards": {"class_counts": {"circle": 316, "cross": 626, "draw": 4536}, "total": 5478}, "overlap_train_test": 4, "overlap_train_validation": 1, "overlap_validation_test": 3, "test": {"class_counts": {"circle": 20, "cross": 20, "draw": 20}, "rows": 60, "unique_boards": 59}, "train": {"class_counts": {"circle": 20, "cross": 20, "draw": 20}, "rows": 60, "unique_boards": 59}, "validation": {"class_counts": {"circle": 15, "cross": 15, "draw": 15}, "rows": 45, "unique_boards": 44}}, "event": "start", "learning_rate": 0.03, "n_epochs": 3, "n_params": 90, "n_params_per_block": 15, "n_repeats": 2, "n_uploads": 3, "seed": 1000, "steps_per_epoch": 3}
{"batch_loss": 6.2917760305579105, "epoch": 1, "event": "epoch", "global_step": 3, "test_accuracy": 0.4666666666666667, "test_loss": 5.316824928872909, "train_accuracy": 0.36666666666666664, "train_loss": 5.223864042077807, "validation_accuracy": 0.3111111111111111, "validation_loss": 5.259355772766762}
{"batch_loss": 3.813486202809476, "epoch": 2, "event": "epoch", "global_step": 6, "test_accuracy": 0.31666666666666665, "test_loss": 3.6394859225206297, "train_accuracy": 0.35, "train_loss": 3.5859592173917485, "validation_accuracy": 0.26666666666666666, "validation_loss": 3.5932416662520943}
{"batch_loss": 3.269457997615999, "epoch": 3, "event": "epoch", "global_step": 9, "test_accuracy": 0.25, "test_loss": 3.217886395220727, "train_accuracy": 0.25, "train_loss": 3.203156967290717, "validation_accuracy": 0.3111111111111111, "validation_loss": 3.1971894993847716}
{"convergence_epoch": null, "convergence_step": null, "convergence_threshold": 0.9, "depth": 138, "event": "final", "gate_count": 411, "generalization_gap": 0.0, "history_tail": [{"batch_loss": 6.2917760305579105, "epoch": 1, "event": "epoch", "global_step": 3, "test_accuracy": 0.4666666666666667, "test_loss": 5.316824928872909, "train_accuracy": 0.36666666666666664, "train_loss": 5.223864042077807, "validation_accuracy": 0.3111111111111111, "validation_loss": 5.259355772766762}, {"batch_loss": 3.813486202809476, "epoch": 2, "event": "epoch", "global_step": 6, "test_accuracy": 0.31666666666666665, "test_loss": 3.6394859225206297, "train_accuracy": 0.35, "train_loss": 3.5859592173917485, "validation_accuracy": 0.26666666666666666, "validation_loss": 3.5932416662520943}, {"batch_loss": 3.269457997615999, "epoch": 3, "event": "epoch", "global_step": 9, "test_accuracy": 0.25, "test_loss": 3.217886395220727, "train_accuracy": 0.25, "train_loss": 3.203156967290717, "validation_accuracy": 0.3111111111111111, "validation_loss": 3.1971894993847716}], "max_steps": 9, "n_params": 90, "n_params_per_block": 15, "n_qubits": 9, "n_repeats": 2, "n_uploads": 3, "operations": [["RX", [0]], ["RX", [1]], ["RX", [2]], ["RX", [3]], ["RX", [4]], ["RX", [5]], ["RX", [6]], ["RX", [7]], ["RX", [8]], ["RZ", [0]], ["RZ", [2]], ["RZ", [4]], ["RZ", [6]], ["RZ", [1]], ["RZ", [3]], ["RZ", [5]], ["RZ", [7]], ["RZ", [8]], ["RY", [0]], ["RY", [2]], ["RY", [4]], ["RY", [6]], ["RY", [1]], ["RY", [3]], ["RY", [5]], ["RY", [7]], ["RY", [8]], ["CZ", [0, 1]], ["CZ", [1, 2]], ["CZ", [2, 3]], ["CZ", [3, 4]], ["CZ", [4, 5]], ["CZ", [5, 6]], ["CZ", [6, 7]], ["CZ", [7, 0]], ["CZ", [1, 8]], ["CZ", [3, 8]], ["CZ", [5, 8]], ["CZ", [7, 8]], ["CRY", [0, 1]], ["CRY", [2, 1]], ["CRY", [2, 3]], ["CRY", [4, 3]], ["CRY", [4, 5]], ["CRY", [6, 5]], ["CRY", [6, 7]], ["CRY", [0, 7]], ["CRY", [1, 8]], ["CRY", [3, 8]], ["CRY", [5, 8]], ["CRY", [7, 8]], ["CRY", [8, 1]], ["CRY", [8, 3]], ["CRY", [8, 5]], ["CRY", [8, 7]], ["RY", [0]], ["RY", [2]], ["RY", [4]], ["RY", [6]], ["RY", [1]], ["RY", [3]], ["RY", [5]], ["RY", [7]], ["RY", [8]], ["RX", [0]], ["RX", [2]], ["RX", [4]], ["RX", [6]], ["RX", [1]], ["RX", [3]], ["RX", [5]], ["RX", [7]], ["RX", [8]], ["RZ", [0]], ["RZ", [2]], ["RZ", [4]], ["RZ", [6]], ["RZ", [1]], ["RZ", [3]], ["RZ", [5]], ["RZ", [7]], ["RZ", [8]], ["RY", [0]], ["RY", [2]], ["RY", [4]], ["RY", [6]], ["RY", [1]], ["RY", [3]], ["RY", [5]], ["RY", [7]], ["RY", [8]], ["CZ", [0, 1]], ["CZ", [1, 2]], ["CZ", [2, 3]], ["CZ", [3, 4]], ["CZ", [4, 5]], ["CZ", [5, 6]], ["CZ", [6, 7]], ["CZ", [7, 0]], ["CZ", [1, 8]], ["CZ", [3, 8]], ["CZ", [5, 8]], ["CZ", [7, 8]], ["CRY", [0, 1]], ["CRY", [2, 1]], ["CRY", [2, 3]], ["CRY", [4, 3]], ["CRY", [4, 5]], ["CRY", [6, 5]], ["CRY", [6, 7]], ["CRY", [0, 7]], ["CRY", [1, 8]], ["CRY", [3, 8]], ["CRY", [5, 8]], ["CRY", [7, 8]], ["CRY", [8, 1]], ["CRY", [8, 3]], ["CRY", [8, 5]], ["CRY", [8, 7]], ["RY", [0]], ["RY", [2]], ["RY", [4]], ["RY", [6]], ["RY", [1]], ["RY", [3]], ["RY", [5]], ["RY", [7]], ["RY", [8]], ["RX", [0]], ["RX", [2]], ["RX", [4]], ["RX", [6]], ["RX", [1]], ["RX", [3]], ["RX", [5]], ["RX", [7]], ["RX", [8]], ["RX", [0]], ["RX", [1]], ["RX", [2]], ["RX", [3]], ["RX", [4]], ["RX", [5]], ["RX", [6]], ["RX", [7]], ["RX", [8]], ["RZ", [0]], ["RZ", [2]], ["RZ", [4]], ["RZ", [6]], ["RZ", [1]], ["RZ", [3]], ["RZ", [5]], ["RZ", [7]], ["RZ", [8]], ["RY", [0]], ["RY", [2]], ["RY", [4]], ["RY", [6]], ["RY", [1]], ["RY", [3]], ["RY", [5]], ["RY", [7]], ["RY", [8]], ["CZ", [0, 1]], ["CZ", [1, 2]], ["CZ", [2, 3]], ["CZ", [3, 4]], ["CZ", [4, 5]], ["CZ", [5, 6]], ["CZ", [6, 7]], ["CZ", [7, 0]], ["CZ", [1, 8]], ["CZ", [3, 8]], ["CZ", [5, 8]], ["CZ", [7, 8]], ["CRY", [0, 1]], ["CRY", [2, 1]], ["CRY", [2, 3]], ["CRY", [4, 3]], ["CRY", [4, 5]], ["CRY", [6, 5]], ["CRY", [6, 7]], ["CRY", [0, 7]], ["CRY", [1, 8]], ["CRY", [3, 8]], ["CRY", [5, 8]], ["CRY", [7, 8]], ["CRY", [8, 1]], ["CRY", [8, 3]], ["CRY", [8, 5]], ["CRY", [8, 7]], ["RY", [0]], ["RY", [2]], ["RY", [4]], ["RY", [6]], ["RY", [1]], ["RY", [3]], ["RY", [5]], ["RY", [7]], ["RY", [8]], ["RX", [0]], ["RX", [2]], ["RX", [4]], ["RX", [6]], ["RX", [1]], ["RX", [3]], ["RX", [5]], ["RX", [7]], ["RX", [8]], ["RZ", [0]], ["RZ", [2]], ["RZ", [4]], ["RZ", [6]], ["RZ", [1]], ["RZ", [3]], ["RZ", [5]], ["RZ", [7]], ["RZ", [8]], ["RY", [0]], ["RY", [2]], ["RY", [4]], ["RY", [6]], ["RY", [1]], ["RY", [3]], ["RY", [5]], ["RY", [7]], ["RY", [8]], ["CZ", [0, 1]], ["CZ", [1, 2]], ["CZ", [2, 3]], ["CZ", [3, 4]], ["CZ", [4, 5]], ["CZ", [5, 6]], ["CZ", [6, 7]], ["CZ", [7, 0]], ["CZ", [1, 8]], ["CZ", [3, 8]], ["CZ", [5, 8]], ["CZ", [7, 8]], ["CRY", [0, 1]], ["CRY", [2, 1]], ["CRY", [2, 3]], ["CRY", [4, 3]], ["CRY", [4, 5]], ["CRY", [6, 5]], ["CRY", [6, 7]], ["CRY", [0, 7]], ["CRY", [1, 8]], ["CRY", [3, 8]], ["CRY", [5, 8]], ["CRY", [7, 8]], ["CRY", [8, 1]], ["CRY", [8, 3]], ["CRY", [8, 5]], ["CRY", [8, 7]], ["RY", [0]], ["RY", [2]], ["RY", [4]], ["RY", [6]], ["RY", [1]], ["RY", [3]], ["RY", [5]], ["RY", [7]], ["RY", [8]], ["RX", [0]], ["RX", [2]], ["RX", [4]], ["RX", [6]], ["RX", [1]], ["RX", [3]], ["RX", [5]], ["RX", [7]], ["RX", [8]], ["RX", [0]], ["RX", [1]], ["RX", [2]], ["RX", [3]], ["RX", [4]], ["RX", [5]], ["RX", [6]], ["RX", [7]], ["RX", [8]], ["RZ", [0]], ["RZ", [2]], ["RZ", [4]], ["RZ", [6]], ["RZ", [1]], ["RZ", [3]], ["RZ", [5]], ["RZ", [7]], ["RZ", [8]], ["RY", [0]], ["RY", [2]], ["RY", [4]], ["RY", [6]], ["RY", [1]], ["RY", [3]], ["RY", [5]], ["RY", [7]], ["RY", [8]], ["CZ", [0, 1]], ["CZ", [1, 2]], ["CZ", [2, 3]], ["CZ", [3, 4]], ["CZ", [4, 5]], ["CZ", [5, 6]], ["CZ", [6, 7]], ["CZ", [7, 0]], ["CZ", [1, 8]], ["CZ", [3, 8]], ["CZ", [5, 8]], ["CZ", [7, 8]], ["CRY", [0, 1]], ["CRY", [2, 1]], ["CRY", [2, 3]], ["CRY", [4, 3]], ["CRY", [4, 5]], ["CRY", [6, 5]], ["CRY", [6, 7]], ["CRY", [0, 7]], ["CRY", [1, 8]], ["CRY", [3, 8]], ["CRY", [5, 8]], ["CRY", [7, 8]], ["CRY", [8, 1]], ["CRY", [8, 3]], ["CRY", [8, 5]], ["CRY", [8, 7]], ["RY", [0]], ["RY", [2]], ["RY", [4]], ["RY", [6]], ["RY", [1]], ["RY", [3]], ["RY", [5]], ["RY", [7]], ["RY", [8]], ["RX", [0]], ["RX", [2]], ["RX", [4]], ["RX", [6]], ["RX", [1]], ["RX", [3]], ["RX", [5]], ["RX", [7]], ["RX", [8]], ["RZ", [0]], ["RZ", [2]], ["RZ", [4]], ["RZ", [6]], ["RZ", [1]], ["RZ", [3]], ["RZ", [5]], ["RZ", [7]], ["RZ", [8]], ["RY", [0]], ["RY", [2]], ["RY", [4]], ["RY", [6]], ["RY", [1]], ["RY", [3]], ["RY", [5]], ["RY", [7]], ["RY", [8]], ["CZ", [0, 1]], ["CZ", [1, 2]], ["CZ", [2, 3]], ["CZ", [3, 4]], ["CZ", [4, 5]], ["CZ", [5, 6]], ["CZ", [6, 7]], ["CZ", [7, 0]], ["CZ", [1, 8]], ["CZ", [3, 8]], ["CZ", [5, 8]], ["CZ", [7, 8]], ["CRY", [0, 1]], ["CRY", [2, 1]], ["CRY", [2, 3]], ["CRY", [4, 3]], ["CRY", [4, 5]], ["CRY", [6, 5]], ["CRY", [6, 7]], ["CRY", [0, 7]], ["CRY", [1, 8]], ["CRY", [3, 8]], ["CRY", [5, 8]], ["CRY", [7, 8]], ["CRY", [8, 1]], ["CRY", [8, 3]], ["CRY", [8, 5]], ["CRY", [8, 7]], ["RY", [0]], ["RY", [2]], ["RY", [4]], ["RY", [6]], ["RY", [1]], ["RY", [3]], ["RY", [5]], ["RY", [7]], ["RY", [8]], ["RX", [0]], ["RX", [2]], ["RX", [4]], ["RX", [6]], ["RX", [1]], ["RX", [3]], ["RX", [5]], ["RX", [7]], ["RX", [8]]], "parameter_efficiency": 0.002777777777777778, "spec_valid": true, "test_accuracy": 0.25, "test_loss": 3.217886395220727, "train_accuracy": 0.25, "train_loss": 3.203156967290717, "validation_accuracy": 0.3111111111111111, "validation_loss": 3.1971894993847716}
==========Run 1/1 completed in 63.77 seconds==========
Correctness and error status saved to /home/chengyou1368/QuantumAnsatz/qml-ea/tic-tac-toe/results/ttt_qml_cli_20260618_121507/gen_7/results/correct.json
Metrics saved to /home/chengyou1368/QuantumAnsatz/qml-ea/tic-tac-toe/results/ttt_qml_cli_20260618_121507/gen_7/results/metrics.json
OK
{
  "combined_score": 0.394293756087599,
  "public": {
    "train_accuracy_mean": 0.25,
    "train_accuracy_std": 0.0,
    "validation_accuracy_mean": 0.3111,
    "validation_accuracy_std": 0.0,
    "test_accuracy_mean": 0.25,
    "test_accuracy_std": 0.0,
    "generalization_gap_mean": 0.0,
    "validation_loss_mean": 3.1972,
    "test_loss_mean": 3.2179,
    "parameter_efficiency_mean": 0.002778,
    "n_params": 90,
    "depth_mean": 138.0,
    "gate_count_mean": 411.0,
    "score_uses_test": false,
    "convergence_step_mean": null
  },
  "private": {
    "per_run_scores": [
      {
        "combined_score": 0.394293756087599,
        "primary_accuracy": 0.3111111111111111,
        "gap_score": 1.0,
        "loss_score": 0.23825467021362295,
        "parameter_efficiency_score": 0.5599999999999999,
        "convergence_score": 0.0
      }
    ],
    "per_run_test_accuracies": [
      0.25
    ]
  },
  "text_feedback": "Combined score: 0.3943\nValidation accuracy mean: 0.3111\nTest accuracy mean: 0.2500\nTrain-test generalization gap mean: 0.0000\nValidation L2 loss mean: 3.1972\nParameters: 90, depth mean: 138.0, gate count mean: 411.0\nFitness uses validation metrics; test metrics are reported as holdout diagnostics.\nAccuracy is still low; explore more expressive local entanglement or rotation diversity.\nDid not reach convergence threshold 0.90 in these runs.",
  "execution_time_mean": 63.77405309199821,
  "execution_time_std": 0.0,
  "num_valid_runs": 1,
  "num_invalid_runs": 0,
  "all_validation_errors": []
}
