Job running on a1132u22n04.mghpcc.ycrc.yale.edu under Slurm job 19609328
Activating sourced environment: /home/ch2499/project/zc_sn/activate_eval_cluster.sh
==========Running program evaluation 1/1...==========
==========Run 1/1 completed in 1556.24 seconds==========
Correctness and error status saved to /home/ch2499/project/zc_sn/results_haiku/gen_53/results/correct.json
Metrics saved to /home/ch2499/project/zc_sn/results_haiku/gen_53/results/metrics.json
OK
{
  "combined_score": 0.8802811172846292,
  "public": {
    "train_accuracy_mean": 0.9244,
    "train_accuracy_std": 0.0,
    "validation_accuracy_mean": 0.8967,
    "validation_accuracy_std": 0.0,
    "test_accuracy_mean": 0.885,
    "test_accuracy_std": 0.0,
    "generalization_gap_mean": 0.0394,
    "validation_loss_mean": 0.4057,
    "test_loss_mean": 0.4185,
    "parameter_efficiency_mean": 0.020114,
    "n_params": 44,
    "depth_mean": 154.0,
    "gate_count_mean": 312.0,
    "score_uses_test": false,
    "convergence_step_mean": 180.0
  },
  "private": {
    "per_run_scores": [
      {
        "combined_score": 0.8802811172846292,
        "primary_accuracy": 0.8966666666666666,
        "gap_score": 0.8873015873015875,
        "loss_score": 0.7113873427440882,
        "parameter_efficiency_score": 1.0,
        "convergence_score": 0.994
      }
    ],
    "per_run_test_accuracies": [
      0.885
    ]
  },
  "text_feedback": "Combined score: 0.8803\nValidation accuracy mean: 0.8967\nTest accuracy mean: 0.8850\nTrain-test generalization gap mean: 0.0394\nValidation L2 loss mean: 0.4057\nParameters: 44, depth mean: 154.0, gate count mean: 312.0\nFitness uses validation metrics; test metrics are reported as holdout diagnostics.",
  "execution_time_mean": 1556.2378084342927,
  "execution_time_std": 0.0,
  "num_valid_runs": 1,
  "num_invalid_runs": 0,
  "all_validation_errors": []
}
