Job running on a1130u37n04.mghpcc.ycrc.yale.edu under Slurm job 19605552
Activating sourced environment: /home/ch2499/project/zc_ttt/activate_eval_cluster.sh
==========Running program evaluation 1/1...==========
==========Run 1/1 completed in 2099.67 seconds==========
Correctness and error status saved to /home/ch2499/project/zc_ttt/results_gpt56sol/gen_35/results/correct.json
Metrics saved to /home/ch2499/project/zc_ttt/results_gpt56sol/gen_35/results/metrics.json
OK
{
  "combined_score": 0.5765343721638739,
  "public": {
    "train_accuracy_mean": 0.6356,
    "train_accuracy_std": 0.0,
    "validation_accuracy_mean": 0.5967,
    "validation_accuracy_std": 0.0,
    "test_accuracy_mean": 0.5633,
    "test_accuracy_std": 0.0,
    "generalization_gap_mean": 0.0722,
    "validation_loss_mean": 2.2896,
    "test_loss_mean": 2.383,
    "parameter_efficiency_mean": 0.005868,
    "n_params": 96,
    "depth_mean": 41.0,
    "gate_count_mean": 207.0,
    "score_uses_test": false,
    "convergence_step_mean": null
  },
  "private": {
    "per_run_scores": [
      {
        "combined_score": 0.5765343721638739,
        "primary_accuracy": 0.5966666666666667,
        "gap_score": 0.7936507936507937,
        "loss_score": 0.30398576151577283,
        "parameter_efficiency_score": 1.0,
        "convergence_score": 0.0
      }
    ],
    "per_run_test_accuracies": [
      0.5633333333333334
    ]
  },
  "text_feedback": "Combined score: 0.5765\nValidation accuracy mean: 0.5967\nTest accuracy mean: 0.5633\nTrain-test generalization gap mean: 0.0722\nValidation L2 loss mean: 2.2896\nParameters: 96, depth mean: 41.0, gate count mean: 207.0\nFitness uses validation metrics; test metrics are reported as holdout diagnostics.\nDid not reach convergence threshold 0.90 in these runs.",
  "execution_time_mean": 2099.6659143539146,
  "execution_time_std": 0.0,
  "num_valid_runs": 1,
  "num_invalid_runs": 0,
  "all_validation_errors": []
}
