Job running on a1132u20n01.mghpcc.ycrc.yale.edu under Slurm job 19517127
Activating sourced environment: /home/ch2499/project/transfer_sn/activate_eval_cluster.sh
==========Running program evaluation 1/1...==========
==========Run 1/1 completed in 2797.81 seconds==========
Correctness and error status saved to /home/ch2499/project/transfer_sn/results_haiku_r2/gen_62/results/correct.json
Metrics saved to /home/ch2499/project/transfer_sn/results_haiku_r2/gen_62/results/metrics.json
OK
{
  "combined_score": 0.8972630509167879,
  "public": {
    "train_accuracy_mean": 0.9311,
    "train_accuracy_std": 0.0,
    "validation_accuracy_mean": 0.9233,
    "validation_accuracy_std": 0.0,
    "test_accuracy_mean": 0.8867,
    "test_accuracy_std": 0.0,
    "generalization_gap_mean": 0.0444,
    "validation_loss_mean": 0.3413,
    "test_loss_mean": 0.4056,
    "parameter_efficiency_mean": 0.027708,
    "n_params": 32,
    "depth_mean": 156.0,
    "gate_count_mean": 396.0,
    "score_uses_test": false,
    "convergence_step_mean": 180.0
  },
  "private": {
    "per_run_scores": [
      {
        "combined_score": 0.8972630509167879,
        "primary_accuracy": 0.9233333333333333,
        "gap_score": 0.8730158730158731,
        "loss_score": 0.7455526145775276,
        "parameter_efficiency_score": 1.0,
        "convergence_score": 0.994
      }
    ],
    "per_run_test_accuracies": [
      0.8866666666666667
    ]
  },
  "text_feedback": "Combined score: 0.8973\nValidation accuracy mean: 0.9233\nTest accuracy mean: 0.8867\nTrain-test generalization gap mean: 0.0444\nValidation L2 loss mean: 0.3413\nParameters: 32, depth mean: 156.0, gate count mean: 396.0\nFitness uses validation metrics; test metrics are reported as holdout diagnostics.",
  "execution_time_mean": 2797.80648538284,
  "execution_time_std": 0.0,
  "num_valid_runs": 1,
  "num_invalid_runs": 0,
  "all_validation_errors": []
}
