Job running on a1132u31n02.mghpcc.ycrc.yale.edu under Slurm job 19608887
Activating sourced environment: /home/ch2499/project/zc_sn/activate_eval_cluster.sh
==========Running program evaluation 1/1...==========
==========Run 1/1 completed in 2437.90 seconds==========
Correctness and error status saved to /home/ch2499/project/zc_sn/results_sonnet/gen_58/results/correct.json
Metrics saved to /home/ch2499/project/zc_sn/results_sonnet/gen_58/results/metrics.json
OK
{
  "combined_score": 0.868237428172756,
  "public": {
    "train_accuracy_mean": 0.9711,
    "train_accuracy_std": 0.0,
    "validation_accuracy_mean": 0.9133,
    "validation_accuracy_std": 0.0,
    "test_accuracy_mean": 0.8783,
    "test_accuracy_std": 0.0,
    "generalization_gap_mean": 0.0928,
    "validation_loss_mean": 0.3482,
    "test_loss_mean": 0.4277,
    "parameter_efficiency_mean": 0.005779,
    "n_params": 152,
    "depth_mean": 244.0,
    "gate_count_mean": 612.0,
    "score_uses_test": false,
    "convergence_step_mean": 540.0
  },
  "private": {
    "per_run_scores": [
      {
        "combined_score": 0.868237428172756,
        "primary_accuracy": 0.9133333333333333,
        "gap_score": 0.7349206349206348,
        "loss_score": 0.7417168004610902,
        "parameter_efficiency_score": 0.877280701754386,
        "convergence_score": 0.982
      }
    ],
    "per_run_test_accuracies": [
      0.8783333333333333
    ]
  },
  "text_feedback": "Combined score: 0.8682\nValidation accuracy mean: 0.9133\nTest accuracy mean: 0.8783\nTrain-test generalization gap mean: 0.0928\nValidation L2 loss mean: 0.3482\nParameters: 152, depth mean: 244.0, gate count mean: 612.0\nFitness uses validation metrics; test metrics are reported as holdout diagnostics.\nParameter count exceeds the seed; added accuracy must justify the complexity.",
  "execution_time_mean": 2437.898401018232,
  "execution_time_std": 0.0,
  "num_valid_runs": 1,
  "num_invalid_runs": 0,
  "all_validation_errors": []
}
