==========Running program evaluation 1/1...==========
{"batch_size": 10, "data_seed": 2027, "dataset": {"all_valid_unique_boards": {"class_counts": {"circle": 316, "cross": 626, "draw": 4536}, "total": 5478}, "overlap_train_test": 4, "overlap_train_validation": 1, "overlap_validation_test": 3, "test": {"class_counts": {"circle": 20, "cross": 20, "draw": 20}, "rows": 60, "unique_boards": 59}, "train": {"class_counts": {"circle": 20, "cross": 20, "draw": 20}, "rows": 60, "unique_boards": 59}, "validation": {"class_counts": {"circle": 15, "cross": 15, "draw": 15}, "rows": 45, "unique_boards": 44}}, "event": "start", "learning_rate": 0.03, "n_epochs": 3, "n_params": 54, "n_params_per_block": 9, "n_repeats": 2, "n_uploads": 3, "seed": 1000, "steps_per_epoch": 3}
{"batch_loss": 6.926191074876913, "epoch": 1, "event": "epoch", "global_step": 3, "test_accuracy": 0.38333333333333336, "test_loss": 6.4512673503820785, "train_accuracy": 0.26666666666666666, "train_loss": 6.344587495558678, "validation_accuracy": 0.4, "validation_loss": 6.243267261719558}
{"batch_loss": 4.657396924553117, "epoch": 2, "event": "epoch", "global_step": 6, "test_accuracy": 0.36666666666666664, "test_loss": 4.664400594177328, "train_accuracy": 0.26666666666666666, "train_loss": 4.550481202757582, "validation_accuracy": 0.35555555555555557, "validation_loss": 4.339773758367317}
{"batch_loss": 3.8420345470492556, "epoch": 3, "event": "epoch", "global_step": 9, "test_accuracy": 0.43333333333333335, "test_loss": 3.51672373372675, "train_accuracy": 0.23333333333333334, "train_loss": 3.6515925083058454, "validation_accuracy": 0.4, "validation_loss": 3.305200214798327}
{"convergence_epoch": null, "convergence_step": null, "convergence_threshold": 0.9, "depth": 84, "event": "final", "gate_count": 285, "generalization_gap": 0.2, "history_tail": [{"batch_loss": 6.926191074876913, "epoch": 1, "event": "epoch", "global_step": 3, "test_accuracy": 0.38333333333333336, "test_loss": 6.4512673503820785, "train_accuracy": 0.26666666666666666, "train_loss": 6.344587495558678, "validation_accuracy": 0.4, "validation_loss": 6.243267261719558}, {"batch_loss": 4.657396924553117, "epoch": 2, "event": "epoch", "global_step": 6, "test_accuracy": 0.36666666666666664, "test_loss": 4.664400594177328, "train_accuracy": 0.26666666666666666, "train_loss": 4.550481202757582, "validation_accuracy": 0.35555555555555557, "validation_loss": 4.339773758367317}, {"batch_loss": 3.8420345470492556, "epoch": 3, "event": "epoch", "global_step": 9, "test_accuracy": 0.43333333333333335, "test_loss": 3.51672373372675, "train_accuracy": 0.23333333333333334, "train_loss": 3.6515925083058454, "validation_accuracy": 0.4, "validation_loss": 3.305200214798327}], "max_steps": 9, "n_params": 54, "n_params_per_block": 9, "n_qubits": 9, "n_repeats": 2, "n_uploads": 3, "operations": [["RX", [0]], ["RX", [1]], ["RX", [2]], ["RX", [3]], ["RX", [4]], ["RX", [5]], ["RX", [6]], ["RX", [7]], ["RX", [8]], ["RZ", [0]], ["RZ", [2]], ["RZ", [4]], ["RZ", [6]], ["RZ", [1]], ["RZ", [3]], ["RZ", [5]], ["RZ", [7]], ["RZ", [8]], ["RY", [0]], ["RY", [2]], ["RY", [4]], ["RY", [6]], ["RY", [1]], ["RY", [3]], ["RY", [5]], ["RY", [7]], ["RY", [8]], ["CZ", [0, 1]], ["CZ", [1, 2]], ["CZ", [2, 3]], ["CZ", [3, 4]], ["CZ", [4, 5]], ["CZ", [5, 6]], ["CZ", [6, 7]], ["CZ", [7, 0]], ["CRZ", [8, 1]], ["CRZ", [8, 3]], ["CRZ", [8, 5]], ["CRZ", [8, 7]], ["CRX", [8, 1]], ["CRX", [8, 3]], ["CRX", [8, 5]], ["CRX", [8, 7]], ["RZ", [0]], ["RZ", [2]], ["RZ", [4]], ["RZ", [6]], ["RZ", [1]], ["RZ", [3]], ["RZ", [5]], ["RZ", [7]], ["RZ", [8]], ["RZ", [0]], ["RZ", [2]], ["RZ", [4]], ["RZ", [6]], ["RZ", [1]], ["RZ", [3]], ["RZ", [5]], ["RZ", [7]], ["RZ", [8]], ["RY", [0]], ["RY", [2]], ["RY", [4]], ["RY", [6]], ["RY", [1]], ["RY", [3]], ["RY", [5]], ["RY", [7]], ["RY", [8]], ["CZ", [0, 1]], ["CZ", [1, 2]], ["CZ", [2, 3]], ["CZ", [3, 4]], ["CZ", [4, 5]], ["CZ", [5, 6]], ["CZ", [6, 7]], ["CZ", [7, 0]], ["CRZ", [8, 1]], ["CRZ", [8, 3]], ["CRZ", [8, 5]], ["CRZ", [8, 7]], ["CRX", [8, 1]], ["CRX", [8, 3]], ["CRX", [8, 5]], ["CRX", [8, 7]], ["RZ", [0]], ["RZ", [2]], ["RZ", [4]], ["RZ", [6]], ["RZ", [1]], ["RZ", [3]], ["RZ", [5]], ["RZ", [7]], ["RZ", [8]], ["RX", [0]], ["RX", [1]], ["RX", [2]], ["RX", [3]], ["RX", [4]], ["RX", [5]], ["RX", [6]], ["RX", [7]], ["RX", [8]], ["RZ", [0]], ["RZ", [2]], ["RZ", [4]], ["RZ", [6]], ["RZ", [1]], ["RZ", [3]], ["RZ", [5]], ["RZ", [7]], ["RZ", [8]], ["RY", [0]], ["RY", [2]], ["RY", [4]], ["RY", [6]], ["RY", [1]], ["RY", [3]], ["RY", [5]], ["RY", [7]], ["RY", [8]], ["CZ", [0, 1]], ["CZ", [1, 2]], ["CZ", [2, 3]], ["CZ", [3, 4]], ["CZ", [4, 5]], ["CZ", [5, 6]], ["CZ", [6, 7]], ["CZ", [7, 0]], ["CRZ", [8, 1]], ["CRZ", [8, 3]], ["CRZ", [8, 5]], ["CRZ", [8, 7]], ["CRX", [8, 1]], ["CRX", [8, 3]], ["CRX", [8, 5]], ["CRX", [8, 7]], ["RZ", [0]], ["RZ", [2]], ["RZ", [4]], ["RZ", [6]], ["RZ", [1]], ["RZ", [3]], ["RZ", [5]], ["RZ", [7]], ["RZ", [8]], ["RZ", [0]], ["RZ", [2]], ["RZ", [4]], ["RZ", [6]], ["RZ", [1]], ["RZ", [3]], ["RZ", [5]], ["RZ", [7]], ["RZ", [8]], ["RY", [0]], ["RY", [2]], ["RY", [4]], ["RY", [6]], ["RY", [1]], ["RY", [3]], ["RY", [5]], ["RY", [7]], ["RY", [8]], ["CZ", [0, 1]], ["CZ", [1, 2]], ["CZ", [2, 3]], ["CZ", [3, 4]], ["CZ", [4, 5]], ["CZ", [5, 6]], ["CZ", [6, 7]], ["CZ", [7, 0]], ["CRZ", [8, 1]], ["CRZ", [8, 3]], ["CRZ", [8, 5]], ["CRZ", [8, 7]], ["CRX", [8, 1]], ["CRX", [8, 3]], ["CRX", [8, 5]], ["CRX", [8, 7]], ["RZ", [0]], ["RZ", [2]], ["RZ", [4]], ["RZ", [6]], ["RZ", [1]], ["RZ", [3]], ["RZ", [5]], ["RZ", [7]], ["RZ", [8]], ["RX", [0]], ["RX", [1]], ["RX", [2]], ["RX", [3]], ["RX", [4]], ["RX", [5]], ["RX", [6]], ["RX", [7]], ["RX", [8]], ["RZ", [0]], ["RZ", [2]], ["RZ", [4]], ["RZ", [6]], ["RZ", [1]], ["RZ", [3]], ["RZ", [5]], ["RZ", [7]], ["RZ", [8]], ["RY", [0]], ["RY", [2]], ["RY", [4]], ["RY", [6]], ["RY", [1]], ["RY", [3]], ["RY", [5]], ["RY", [7]], ["RY", [8]], ["CZ", [0, 1]], ["CZ", [1, 2]], ["CZ", [2, 3]], ["CZ", [3, 4]], ["CZ", [4, 5]], ["CZ", [5, 6]], ["CZ", [6, 7]], ["CZ", [7, 0]], ["CRZ", [8, 1]], ["CRZ", [8, 3]], ["CRZ", [8, 5]], ["CRZ", [8, 7]], ["CRX", [8, 1]], ["CRX", [8, 3]], ["CRX", [8, 5]], ["CRX", [8, 7]], ["RZ", [0]], ["RZ", [2]], ["RZ", [4]], ["RZ", [6]], ["RZ", [1]], ["RZ", [3]], ["RZ", [5]], ["RZ", [7]], ["RZ", [8]], ["RZ", [0]], ["RZ", [2]], ["RZ", [4]], ["RZ", [6]], ["RZ", [1]], ["RZ", [3]], ["RZ", [5]], ["RZ", [7]], ["RZ", [8]], ["RY", [0]], ["RY", [2]], ["RY", [4]], ["RY", [6]], ["RY", [1]], ["RY", [3]], ["RY", [5]], ["RY", [7]], ["RY", [8]], ["CZ", [0, 1]], ["CZ", [1, 2]], ["CZ", [2, 3]], ["CZ", [3, 4]], ["CZ", [4, 5]], ["CZ", [5, 6]], ["CZ", [6, 7]], ["CZ", [7, 0]], ["CRZ", [8, 1]], ["CRZ", [8, 3]], ["CRZ", [8, 5]], ["CRZ", [8, 7]], ["CRX", [8, 1]], ["CRX", [8, 3]], ["CRX", [8, 5]], ["CRX", [8, 7]], ["RZ", [0]], ["RZ", [2]], ["RZ", [4]], ["RZ", [6]], ["RZ", [1]], ["RZ", [3]], ["RZ", [5]], ["RZ", [7]], ["RZ", [8]]], "parameter_efficiency": 0.008024691358024692, "spec_valid": true, "test_accuracy": 0.43333333333333335, "test_loss": 3.51672373372675, "train_accuracy": 0.23333333333333334, "train_loss": 3.6515925083058454, "validation_accuracy": 0.4, "validation_loss": 3.305200214798327}
==========Run 1/1 completed in 31.19 seconds==========
Correctness and error status saved to /home/chengyou1368/QuantumAnsatz/qml-ea/tic-tac-toe/results/ttt_qml_cli_20260605_124906/gen_78/results/correct.json
Metrics saved to /home/chengyou1368/QuantumAnsatz/qml-ea/tic-tac-toe/results/ttt_qml_cli_20260605_124906/gen_78/results/metrics.json
OK
{
  "combined_score": 0.3724606327988501,
  "public": {
    "train_accuracy_mean": 0.2333,
    "train_accuracy_std": 0.0,
    "validation_accuracy_mean": 0.4,
    "validation_accuracy_std": 0.0,
    "test_accuracy_mean": 0.4333,
    "test_accuracy_std": 0.0,
    "generalization_gap_mean": 0.2,
    "validation_loss_mean": 3.3052,
    "test_loss_mean": 3.5167,
    "parameter_efficiency_mean": 0.008025,
    "n_params": 54,
    "depth_mean": 84.0,
    "gate_count_mean": 285.0,
    "score_uses_test": false,
    "convergence_step_mean": null
  },
  "private": {
    "per_run_scores": [
      {
        "combined_score": 0.3724606327988501,
        "primary_accuracy": 0.4,
        "gap_score": 0.4285714285714285,
        "loss_score": 0.2322772345320168,
        "parameter_efficiency_score": 1.0,
        "convergence_score": 0.0
      }
    ],
    "per_run_test_accuracies": [
      0.43333333333333335
    ]
  },
  "text_feedback": "Combined score: 0.3725\nValidation accuracy mean: 0.4000\nTest accuracy mean: 0.4333\nTrain-test generalization gap mean: 0.2000\nValidation L2 loss mean: 3.3052\nParameters: 54, depth mean: 84.0, gate count mean: 285.0\nFitness uses validation metrics; test metrics are reported as holdout diagnostics.\nAccuracy is still low; explore more expressive local entanglement or rotation diversity.\nLarge train-test gap; prefer parameter sharing, fewer parameters, or symmetry-inspired repeated motifs.\nDid not reach convergence threshold 0.90 in these runs.",
  "execution_time_mean": 31.18845278599838,
  "execution_time_std": 0.0,
  "num_valid_runs": 1,
  "num_invalid_runs": 0,
  "all_validation_errors": []
}
