Job running on a1114u24n01.mghpcc.ycrc.yale.edu under Slurm job 19481265
Activating sourced environment: /home/ch2499/project/transfer_sn/activate_eval_cluster.sh
==========Running program evaluation 1/1...==========
==========Run 1/1 completed in 552.67 seconds==========
Correctness and error status saved to /home/ch2499/project/transfer_sn/results_sonnet_r2/gen_37/results/correct.json
Metrics saved to /home/ch2499/project/transfer_sn/results_sonnet_r2/gen_37/results/metrics.json
OK
{
  "combined_score": 0.9105032587929579,
  "public": {
    "train_accuracy_mean": 0.9689,
    "train_accuracy_std": 0.0,
    "validation_accuracy_mean": 0.94,
    "validation_accuracy_std": 0.0,
    "test_accuracy_mean": 0.92,
    "test_accuracy_std": 0.0,
    "generalization_gap_mean": 0.0489,
    "validation_loss_mean": 0.3019,
    "test_loss_mean": 0.3538,
    "parameter_efficiency_mean": 0.009388,
    "n_params": 98,
    "depth_mean": 142.0,
    "gate_count_mean": 324.0,
    "score_uses_test": false,
    "convergence_step_mean": 390.0
  },
  "private": {
    "per_run_scores": [
      {
        "combined_score": 0.9105032587929579,
        "primary_accuracy": 0.94,
        "gap_score": 0.8603174603174604,
        "loss_score": 0.7681116723763327,
        "parameter_efficiency_score": 1.0,
        "convergence_score": 0.987
      }
    ],
    "per_run_test_accuracies": [
      0.92
    ]
  },
  "text_feedback": "Combined score: 0.9105\nValidation accuracy mean: 0.9400\nTest accuracy mean: 0.9200\nTrain-test generalization gap mean: 0.0489\nValidation L2 loss mean: 0.3019\nParameters: 98, depth mean: 142.0, gate count mean: 324.0\nFitness uses validation metrics; test metrics are reported as holdout diagnostics.",
  "execution_time_mean": 552.6705614770763,
  "execution_time_std": 0.0,
  "num_valid_runs": 1,
  "num_invalid_runs": 0,
  "all_validation_errors": []
}
