Job running on a1130u31n02.mghpcc.ycrc.yale.edu under Slurm job 19600519
Activating sourced environment: /home/ch2499/project/zc_sn/activate_eval_cluster.sh
==========Running program evaluation 1/1...==========
==========Run 1/1 completed in 1080.23 seconds==========
Correctness and error status saved to /home/ch2499/project/zc_sn/results_gpt56sol/gen_30/results/correct.json
Metrics saved to /home/ch2499/project/zc_sn/results_gpt56sol/gen_30/results/metrics.json
OK
{
  "combined_score": 0.8370495674087861,
  "public": {
    "train_accuracy_mean": 0.9044,
    "train_accuracy_std": 0.0,
    "validation_accuracy_mean": 0.8633,
    "validation_accuracy_std": 0.0,
    "test_accuracy_mean": 0.82,
    "test_accuracy_std": 0.0,
    "generalization_gap_mean": 0.0844,
    "validation_loss_mean": 0.4752,
    "test_loss_mean": 0.522,
    "parameter_efficiency_mean": 0.006721,
    "n_params": 122,
    "depth_mean": 117.0,
    "gate_count_mean": 492.0,
    "score_uses_test": false,
    "convergence_step_mean": 330.0
  },
  "private": {
    "per_run_scores": [
      {
        "combined_score": 0.8370495674087861,
        "primary_accuracy": 0.8633333333333333,
        "gap_score": 0.7587301587301585,
        "loss_score": 0.6778595499210083,
        "parameter_efficiency_score": 1.0,
        "convergence_score": 0.989
      }
    ],
    "per_run_test_accuracies": [
      0.82
    ]
  },
  "text_feedback": "Combined score: 0.8370\nValidation accuracy mean: 0.8633\nTest accuracy mean: 0.8200\nTrain-test generalization gap mean: 0.0844\nValidation L2 loss mean: 0.4752\nParameters: 122, depth mean: 117.0, gate count mean: 492.0\nFitness uses validation metrics; test metrics are reported as holdout diagnostics.",
  "execution_time_mean": 1080.2298706532456,
  "execution_time_std": 0.0,
  "num_valid_runs": 1,
  "num_invalid_runs": 0,
  "all_validation_errors": []
}
