Job running on a1132u24n04.mghpcc.ycrc.yale.edu under Slurm job 19603713
Activating sourced environment: /home/ch2499/project/zc_sn/activate_eval_cluster.sh
==========Running program evaluation 1/1...==========
==========Run 1/1 completed in 979.89 seconds==========
Correctness and error status saved to /home/ch2499/project/zc_sn/results_gpt56sol/gen_38/results/correct.json
Metrics saved to /home/ch2499/project/zc_sn/results_gpt56sol/gen_38/results/metrics.json
OK
{
  "combined_score": 0.7690606586231579,
  "public": {
    "train_accuracy_mean": 0.9244,
    "train_accuracy_std": 0.0,
    "validation_accuracy_mean": 0.8233,
    "validation_accuracy_std": 0.0,
    "test_accuracy_mean": 0.8533,
    "test_accuracy_std": 0.0,
    "generalization_gap_mean": 0.0711,
    "validation_loss_mean": 0.4915,
    "test_loss_mean": 0.4927,
    "parameter_efficiency_mean": 0.006368,
    "n_params": 134,
    "depth_mean": 129.0,
    "gate_count_mean": 390.0,
    "score_uses_test": false,
    "convergence_step_mean": null
  },
  "private": {
    "per_run_scores": [
      {
        "combined_score": 0.7690606586231579,
        "primary_accuracy": 0.8233333333333334,
        "gap_score": 0.7968253968253971,
        "loss_score": 0.6704833610492758,
        "parameter_efficiency_score": 0.8970646766169155,
        "convergence_score": 0.0
      }
    ],
    "per_run_test_accuracies": [
      0.8533333333333334
    ]
  },
  "text_feedback": "Combined score: 0.7691\nValidation accuracy mean: 0.8233\nTest accuracy mean: 0.8533\nTrain-test generalization gap mean: 0.0711\nValidation L2 loss mean: 0.4915\nParameters: 134, depth mean: 129.0, gate count mean: 390.0\nFitness uses validation metrics; test metrics are reported as holdout diagnostics.\nDid not reach the convergence threshold in these runs.",
  "execution_time_mean": 979.8871558350511,
  "execution_time_std": 0.0,
  "num_valid_runs": 1,
  "num_invalid_runs": 0,
  "all_validation_errors": []
}
