Job running on a1130u37n01.mghpcc.ycrc.yale.edu under Slurm job 19610227
Activating sourced environment: /home/ch2499/project/zc_ttt/activate_eval_cluster.sh
==========Running program evaluation 1/1...==========
==========Run 1/1 completed in 2343.24 seconds==========
Correctness and error status saved to /home/ch2499/project/zc_ttt/results_haiku/gen_52/results/correct.json
Metrics saved to /home/ch2499/project/zc_ttt/results_haiku/gen_52/results/metrics.json
OK
{
  "combined_score": 0.6147436711384137,
  "public": {
    "train_accuracy_mean": 0.7089,
    "train_accuracy_std": 0.0,
    "validation_accuracy_mean": 0.6833,
    "validation_accuracy_std": 0.0,
    "test_accuracy_mean": 0.6417,
    "test_accuracy_std": 0.0,
    "generalization_gap_mean": 0.0672,
    "validation_loss_mean": 2.0496,
    "test_loss_mean": 2.1223,
    "parameter_efficiency_mean": 0.003688,
    "n_params": 174,
    "depth_mean": 63.0,
    "gate_count_mean": 279.0,
    "score_uses_test": false,
    "convergence_step_mean": null
  },
  "private": {
    "per_run_scores": [
      {
        "combined_score": 0.6147436711384137,
        "primary_accuracy": 0.6833333333333333,
        "gap_score": 0.8079365079365081,
        "loss_score": 0.3279152970986383,
        "parameter_efficiency_score": 0.6362068965517241,
        "convergence_score": 0.0
      }
    ],
    "per_run_test_accuracies": [
      0.6416666666666667
    ]
  },
  "text_feedback": "Combined score: 0.6147\nValidation accuracy mean: 0.6833\nTest accuracy mean: 0.6417\nTrain-test generalization gap mean: 0.0672\nValidation L2 loss mean: 2.0496\nParameters: 174, depth mean: 63.0, gate count mean: 279.0\nFitness uses validation metrics; test metrics are reported as holdout diagnostics.\nParameter count exceeds the seed; added accuracy must justify the complexity.\nDid not reach convergence threshold 0.90 in these runs.",
  "execution_time_mean": 2343.235509961378,
  "execution_time_std": 0.0,
  "num_valid_runs": 1,
  "num_invalid_runs": 0,
  "all_validation_errors": []
}
