Job running on a1114u31n01.mghpcc.ycrc.yale.edu under Slurm job 23104370
Activating sourced environment: /home/ch2499/project/transfer_sn/activate_eval_cluster.sh
==========Running program evaluation 1/1...==========
==========Run 1/1 completed in 2995.18 seconds==========
Correctness and error status saved to /home/ch2499/project/transfer_sn/results_frw3_frontier_r5/gen_7/results/correct.json
Metrics saved to /home/ch2499/project/transfer_sn/results_frw3_frontier_r5/gen_7/results/metrics.json
OK
{
  "combined_score": 0.9027419986376445,
  "public": {
    "combined_score_raw": 0.9392,
    "train_accuracy_mean": 0.9756,
    "train_accuracy_std": 0.0,
    "validation_accuracy_mean": 0.9567,
    "validation_accuracy_std": 0.0,
    "test_accuracy_mean": 0.9517,
    "test_accuracy_std": 0.0,
    "generalization_gap_mean": 0.0239,
    "validation_loss_mean": 0.2127,
    "test_loss_mean": 0.2502,
    "parameter_efficiency_mean": 0.02974,
    "n_params": 32,
    "depth_mean": 165.0,
    "gate_count_mean": 612.0,
    "score_uses_test": false,
    "convergence_step_mean": 90.0
  },
  "private": {
    "per_run_scores": [
      {
        "combined_score": 0.9391908311865236,
        "primary_accuracy": 0.9566666666666667,
        "gap_score": 0.9317460317460319,
        "loss_score": 0.8246002502381995,
        "parameter_efficiency_score": 1.0,
        "convergence_score": 0.997
      }
    ],
    "per_run_test_accuracies": [
      0.9516666666666667
    ]
  },
  "text_feedback": "Combined score: 0.9027\nScore scale: 0.0 = the seed program, 1.0 = the best solution found so far on this task. Negative means worse than the seed.\nValidation accuracy mean: 0.9567\nTest accuracy mean: 0.9517\nTrain-test generalization gap mean: 0.0239\nValidation L2 loss mean: 0.2127\nParameters: 32, depth mean: 165.0, gate count mean: 612.0\nFitness uses validation metrics; test metrics are reported as holdout diagnostics.",
  "execution_time_mean": 2995.180874556303,
  "execution_time_std": 0.0,
  "num_valid_runs": 1,
  "num_invalid_runs": 0,
  "all_validation_errors": []
}
