Job running on a1132u31n03.mghpcc.ycrc.yale.edu under Slurm job 19599717
Activating sourced environment: /home/ch2499/project/zc_ttt/activate_eval_cluster.sh
==========Running program evaluation 1/1...==========
==========Run 1/1 completed in 1530.78 seconds==========
Correctness and error status saved to /home/ch2499/project/zc_ttt/results_gpt56sol/gen_20/results/correct.json
Metrics saved to /home/ch2499/project/zc_ttt/results_gpt56sol/gen_20/results/metrics.json
OK
{
  "combined_score": 0.5669818641165147,
  "public": {
    "train_accuracy_mean": 0.56,
    "train_accuracy_std": 0.0,
    "validation_accuracy_mean": 0.5767,
    "validation_accuracy_std": 0.0,
    "test_accuracy_mean": 0.51,
    "test_accuracy_std": 0.0,
    "generalization_gap_mean": 0.05,
    "validation_loss_mean": 2.3024,
    "test_loss_mean": 2.4239,
    "parameter_efficiency_mean": 0.005313,
    "n_params": 96,
    "depth_mean": 41.0,
    "gate_count_mean": 207.0,
    "score_uses_test": false,
    "convergence_step_mean": null
  },
  "private": {
    "per_run_scores": [
      {
        "combined_score": 0.5669818641165147,
        "primary_accuracy": 0.5766666666666667,
        "gap_score": 0.857142857142857,
        "loss_score": 0.30280568141168634,
        "parameter_efficiency_score": 0.973125,
        "convergence_score": 0.0
      }
    ],
    "per_run_test_accuracies": [
      0.51
    ]
  },
  "text_feedback": "Combined score: 0.5670\nValidation accuracy mean: 0.5767\nTest accuracy mean: 0.5100\nTrain-test generalization gap mean: 0.0500\nValidation L2 loss mean: 2.3024\nParameters: 96, depth mean: 41.0, gate count mean: 207.0\nFitness uses validation metrics; test metrics are reported as holdout diagnostics.\nDid not reach convergence threshold 0.90 in these runs.",
  "execution_time_mean": 1530.7758139888756,
  "execution_time_std": 0.0,
  "num_valid_runs": 1,
  "num_invalid_runs": 0,
  "all_validation_errors": []
}
