Job running on a1132u31n03.mghpcc.ycrc.yale.edu under Slurm job 19592396
Activating sourced environment: /home/ch2499/project/zc_ttt/activate_eval_cluster.sh
==========Running program evaluation 1/1...==========
==========Run 1/1 completed in 775.74 seconds==========
Correctness and error status saved to /home/ch2499/project/zc_ttt/results_sonnet/gen_0/results/correct.json
Metrics saved to /home/ch2499/project/zc_ttt/results_sonnet/gen_0/results/metrics.json
OK
{
  "combined_score": 0.5220497360845731,
  "public": {
    "train_accuracy_mean": 0.5667,
    "train_accuracy_std": 0.0,
    "validation_accuracy_mean": 0.55,
    "validation_accuracy_std": 0.0,
    "test_accuracy_mean": 0.4933,
    "test_accuracy_std": 0.0,
    "generalization_gap_mean": 0.0733,
    "validation_loss_mean": 2.3851,
    "test_loss_mean": 2.4816,
    "parameter_efficiency_mean": 0.003045,
    "n_params": 162,
    "depth_mean": 47.0,
    "gate_count_mean": 261.0,
    "score_uses_test": false,
    "convergence_step_mean": null
  },
  "private": {
    "per_run_scores": [
      {
        "combined_score": 0.5220497360845731,
        "primary_accuracy": 0.55,
        "gap_score": 0.7904761904761906,
        "loss_score": 0.2954109389765192,
        "parameter_efficiency_score": 0.55,
        "convergence_score": 0.0
      }
    ],
    "per_run_test_accuracies": [
      0.49333333333333335
    ]
  },
  "text_feedback": "Combined score: 0.5220\nValidation accuracy mean: 0.5500\nTest accuracy mean: 0.4933\nTrain-test generalization gap mean: 0.0733\nValidation L2 loss mean: 2.3851\nParameters: 162, depth mean: 47.0, gate count mean: 261.0\nFitness uses validation metrics; test metrics are reported as holdout diagnostics.\nDid not reach convergence threshold 0.90 in these runs.",
  "execution_time_mean": 775.7427403368056,
  "execution_time_std": 0.0,
  "num_valid_runs": 1,
  "num_invalid_runs": 0,
  "all_validation_errors": []
}
