==========Running program evaluation 1/1...==========
{"batch_size": 10, "data_seed": 2027, "dataset": {"all_valid_unique_boards": {"class_counts": {"circle": 316, "cross": 626, "draw": 4536}, "total": 5478}, "overlap_train_test": 4, "overlap_train_validation": 1, "overlap_validation_test": 3, "test": {"class_counts": {"circle": 20, "cross": 20, "draw": 20}, "rows": 60, "unique_boards": 59}, "train": {"class_counts": {"circle": 20, "cross": 20, "draw": 20}, "rows": 60, "unique_boards": 59}, "validation": {"class_counts": {"circle": 15, "cross": 15, "draw": 15}, "rows": 45, "unique_boards": 44}}, "event": "start", "learning_rate": 0.03, "n_epochs": 3, "n_params": 120, "n_params_per_block": 20, "n_repeats": 2, "n_uploads": 3, "seed": 1000, "steps_per_epoch": 3}
{"batch_loss": 5.984966242885423, "epoch": 1, "event": "epoch", "global_step": 3, "test_accuracy": 0.16666666666666666, "test_loss": 4.74666821268151, "train_accuracy": 0.31666666666666665, "train_loss": 4.355243950414053, "validation_accuracy": 0.28888888888888886, "validation_loss": 4.762715749630399}
{"batch_loss": 3.5264141333707952, "epoch": 2, "event": "epoch", "global_step": 6, "test_accuracy": 0.2833333333333333, "test_loss": 3.8864214872545615, "train_accuracy": 0.36666666666666664, "train_loss": 3.2782015836257146, "validation_accuracy": 0.37777777777777777, "validation_loss": 3.5902045071526882}
{"batch_loss": 3.985225806788897, "epoch": 3, "event": "epoch", "global_step": 9, "test_accuracy": 0.26666666666666666, "test_loss": 3.3132142337206667, "train_accuracy": 0.3333333333333333, "train_loss": 3.099198069963609, "validation_accuracy": 0.35555555555555557, "validation_loss": 3.0366117875264247}
{"convergence_epoch": null, "convergence_step": null, "convergence_threshold": 0.9, "depth": 88, "event": "final", "gate_count": 423, "generalization_gap": 0.06666666666666665, "history_tail": [{"batch_loss": 5.984966242885423, "epoch": 1, "event": "epoch", "global_step": 3, "test_accuracy": 0.16666666666666666, "test_loss": 4.74666821268151, "train_accuracy": 0.31666666666666665, "train_loss": 4.355243950414053, "validation_accuracy": 0.28888888888888886, "validation_loss": 4.762715749630399}, {"batch_loss": 3.5264141333707952, "epoch": 2, "event": "epoch", "global_step": 6, "test_accuracy": 0.2833333333333333, "test_loss": 3.8864214872545615, "train_accuracy": 0.36666666666666664, "train_loss": 3.2782015836257146, "validation_accuracy": 0.37777777777777777, "validation_loss": 3.5902045071526882}, {"batch_loss": 3.985225806788897, "epoch": 3, "event": "epoch", "global_step": 9, "test_accuracy": 0.26666666666666666, "test_loss": 3.3132142337206667, "train_accuracy": 0.3333333333333333, "train_loss": 3.099198069963609, "validation_accuracy": 0.35555555555555557, "validation_loss": 3.0366117875264247}], "max_steps": 9, "n_params": 120, "n_params_per_block": 20, "n_qubits": 9, "n_repeats": 2, "n_uploads": 3, "operations": [["RX", [0]], ["RX", [1]], ["RX", [2]], ["RX", [3]], ["RX", [4]], ["RX", [5]], ["RX", [6]], ["RX", [7]], ["RX", [8]], ["RZ", [0]], ["RZ", [2]], ["RZ", [4]], ["RZ", [6]], ["RZ", [1]], ["RZ", [3]], ["RZ", [5]], ["RZ", [7]], ["RZ", [8]], ["RY", [0]], ["RY", [2]], ["RY", [4]], ["RY", [6]], ["RY", [0]], ["RY", [2]], ["RY", [4]], ["RY", [6]], ["RY", [0]], ["RY", [2]], ["RY", [4]], ["RY", [6]], ["RY", [0]], ["RY", [2]], ["RY", [4]], ["RY", [6]], ["RY", [1]], ["RY", [3]], ["RY", [5]], ["RY", [7]], ["RY", [1]], ["RY", [3]], ["RY", [5]], ["RY", [7]], ["RY", [1]], ["RY", [3]], ["RY", [5]], ["RY", [7]], ["RY", [1]], ["RY", [3]], ["RY", [5]], ["RY", [7]], ["RY", [8]], ["RY", [8]], ["RY", [8]], ["RY", [8]], ["CRY", [0, 1]], ["CRY", [1, 2]], ["CRY", [2, 3]], ["CRY", [3, 4]], ["CRY", [4, 5]], ["CRY", [5, 6]], ["CRY", [6, 7]], ["CRY", [7, 0]], ["CRX", [8, 1]], ["CRX", [8, 3]], ["CRX", [8, 5]], ["CRX", [8, 7]], ["RZ", [0]], ["RZ", [2]], ["RZ", [4]], ["RZ", [6]], ["RZ", [1]], ["RZ", [3]], ["RZ", [5]], ["RZ", [7]], ["RZ", [8]], ["RZ", [0]], ["RZ", [2]], ["RZ", [4]], ["RZ", [6]], ["RZ", [1]], ["RZ", [3]], ["RZ", [5]], ["RZ", [7]], ["RZ", [8]], ["RY", [0]], ["RY", [2]], ["RY", [4]], ["RY", [6]], ["RY", [0]], ["RY", [2]], ["RY", [4]], ["RY", [6]], ["RY", [0]], ["RY", [2]], ["RY", [4]], ["RY", [6]], ["RY", [0]], ["RY", [2]], ["RY", [4]], ["RY", [6]], ["RY", [1]], ["RY", [3]], ["RY", [5]], ["RY", [7]], ["RY", [1]], ["RY", [3]], ["RY", [5]], ["RY", [7]], ["RY", [1]], ["RY", [3]], ["RY", [5]], ["RY", [7]], ["RY", [1]], ["RY", [3]], ["RY", [5]], ["RY", [7]], ["RY", [8]], ["RY", [8]], ["RY", [8]], ["RY", [8]], ["CRY", [0, 1]], ["CRY", [1, 2]], ["CRY", [2, 3]], ["CRY", [3, 4]], ["CRY", [4, 5]], ["CRY", [5, 6]], ["CRY", [6, 7]], ["CRY", [7, 0]], ["CRX", [8, 1]], ["CRX", [8, 3]], ["CRX", [8, 5]], ["CRX", [8, 7]], ["RZ", [0]], ["RZ", [2]], ["RZ", [4]], ["RZ", [6]], ["RZ", [1]], ["RZ", [3]], ["RZ", [5]], ["RZ", [7]], ["RZ", [8]], ["RX", [0]], ["RX", [1]], ["RX", [2]], ["RX", [3]], ["RX", [4]], ["RX", [5]], ["RX", [6]], ["RX", [7]], ["RX", [8]], ["RZ", [0]], ["RZ", [2]], ["RZ", [4]], ["RZ", [6]], ["RZ", [1]], ["RZ", [3]], ["RZ", [5]], ["RZ", [7]], ["RZ", [8]], ["RY", [0]], ["RY", [2]], ["RY", [4]], ["RY", [6]], ["RY", [0]], ["RY", [2]], ["RY", [4]], ["RY", [6]], ["RY", [0]], ["RY", [2]], ["RY", [4]], ["RY", [6]], ["RY", [0]], ["RY", [2]], ["RY", [4]], ["RY", [6]], ["RY", [1]], ["RY", [3]], ["RY", [5]], ["RY", [7]], ["RY", [1]], ["RY", [3]], ["RY", [5]], ["RY", [7]], ["RY", [1]], ["RY", [3]], ["RY", [5]], ["RY", [7]], ["RY", [1]], ["RY", [3]], ["RY", [5]], ["RY", [7]], ["RY", [8]], ["RY", [8]], ["RY", [8]], ["RY", [8]], ["CRY", [0, 1]], ["CRY", [1, 2]], ["CRY", [2, 3]], ["CRY", [3, 4]], ["CRY", [4, 5]], ["CRY", [5, 6]], ["CRY", [6, 7]], ["CRY", [7, 0]], ["CRX", [8, 1]], ["CRX", [8, 3]], ["CRX", [8, 5]], ["CRX", [8, 7]], ["RZ", [0]], ["RZ", [2]], ["RZ", [4]], ["RZ", [6]], ["RZ", [1]], ["RZ", [3]], ["RZ", [5]], ["RZ", [7]], ["RZ", [8]], ["RZ", [0]], ["RZ", [2]], ["RZ", [4]], ["RZ", [6]], ["RZ", [1]], ["RZ", [3]], ["RZ", [5]], ["RZ", [7]], ["RZ", [8]], ["RY", [0]], ["RY", [2]], ["RY", [4]], ["RY", [6]], ["RY", [0]], ["RY", [2]], ["RY", [4]], ["RY", [6]], ["RY", [0]], ["RY", [2]], ["RY", [4]], ["RY", [6]], ["RY", [0]], ["RY", [2]], ["RY", [4]], ["RY", [6]], ["RY", [1]], ["RY", [3]], ["RY", [5]], ["RY", [7]], ["RY", [1]], ["RY", [3]], ["RY", [5]], ["RY", [7]], ["RY", [1]], ["RY", [3]], ["RY", [5]], ["RY", [7]], ["RY", [1]], ["RY", [3]], ["RY", [5]], ["RY", [7]], ["RY", [8]], ["RY", [8]], ["RY", [8]], ["RY", [8]], ["CRY", [0, 1]], ["CRY", [1, 2]], ["CRY", [2, 3]], ["CRY", [3, 4]], ["CRY", [4, 5]], ["CRY", [5, 6]], ["CRY", [6, 7]], ["CRY", [7, 0]], ["CRX", [8, 1]], ["CRX", [8, 3]], ["CRX", [8, 5]], ["CRX", [8, 7]], ["RZ", [0]], ["RZ", [2]], ["RZ", [4]], ["RZ", [6]], ["RZ", [1]], ["RZ", [3]], ["RZ", [5]], ["RZ", [7]], ["RZ", [8]], ["RX", [0]], ["RX", [1]], ["RX", [2]], ["RX", [3]], ["RX", [4]], ["RX", [5]], ["RX", [6]], ["RX", [7]], ["RX", [8]], ["RZ", [0]], ["RZ", [2]], ["RZ", [4]], ["RZ", [6]], ["RZ", [1]], ["RZ", [3]], ["RZ", [5]], ["RZ", [7]], ["RZ", [8]], ["RY", [0]], ["RY", [2]], ["RY", [4]], ["RY", [6]], ["RY", [0]], ["RY", [2]], ["RY", [4]], ["RY", [6]], ["RY", [0]], ["RY", [2]], ["RY", [4]], ["RY", [6]], ["RY", [0]], ["RY", [2]], ["RY", [4]], ["RY", [6]], ["RY", [1]], ["RY", [3]], ["RY", [5]], ["RY", [7]], ["RY", [1]], ["RY", [3]], ["RY", [5]], ["RY", [7]], ["RY", [1]], ["RY", [3]], ["RY", [5]], ["RY", [7]], ["RY", [1]], ["RY", [3]], ["RY", [5]], ["RY", [7]], ["RY", [8]], ["RY", [8]], ["RY", [8]], ["RY", [8]], ["CRY", [0, 1]], ["CRY", [1, 2]], ["CRY", [2, 3]], ["CRY", [3, 4]], ["CRY", [4, 5]], ["CRY", [5, 6]], ["CRY", [6, 7]], ["CRY", [7, 0]], ["CRX", [8, 1]], ["CRX", [8, 3]], ["CRX", [8, 5]], ["CRX", [8, 7]], ["RZ", [0]], ["RZ", [2]], ["RZ", [4]], ["RZ", [6]], ["RZ", [1]], ["RZ", [3]], ["RZ", [5]], ["RZ", [7]], ["RZ", [8]], ["RZ", [0]], ["RZ", [2]], ["RZ", [4]], ["RZ", [6]], ["RZ", [1]], ["RZ", [3]], ["RZ", [5]], ["RZ", [7]], ["RZ", [8]], ["RY", [0]], ["RY", [2]], ["RY", [4]], ["RY", [6]], ["RY", [0]], ["RY", [2]], ["RY", [4]], ["RY", [6]], ["RY", [0]], ["RY", [2]], ["RY", [4]], ["RY", [6]], ["RY", [0]], ["RY", [2]], ["RY", [4]], ["RY", [6]], ["RY", [1]], ["RY", [3]], ["RY", [5]], ["RY", [7]], ["RY", [1]], ["RY", [3]], ["RY", [5]], ["RY", [7]], ["RY", [1]], ["RY", [3]], ["RY", [5]], ["RY", [7]], ["RY", [1]], ["RY", [3]], ["RY", [5]], ["RY", [7]], ["RY", [8]], ["RY", [8]], ["RY", [8]], ["RY", [8]], ["CRY", [0, 1]], ["CRY", [1, 2]], ["CRY", [2, 3]], ["CRY", [3, 4]], ["CRY", [4, 5]], ["CRY", [5, 6]], ["CRY", [6, 7]], ["CRY", [7, 0]], ["CRX", [8, 1]], ["CRX", [8, 3]], ["CRX", [8, 5]], ["CRX", [8, 7]], ["RZ", [0]], ["RZ", [2]], ["RZ", [4]], ["RZ", [6]], ["RZ", [1]], ["RZ", [3]], ["RZ", [5]], ["RZ", [7]], ["RZ", [8]]], "parameter_efficiency": 0.0022222222222222222, "spec_valid": true, "test_accuracy": 0.26666666666666666, "test_loss": 3.3132142337206667, "train_accuracy": 0.3333333333333333, "train_loss": 3.099198069963609, "validation_accuracy": 0.35555555555555557, "validation_loss": 3.0366117875264247}
==========Run 1/1 completed in 74.64 seconds==========
Correctness and error status saved to /home/chengyou1368/QuantumAnsatz/qml-ea/tic-tac-toe/results/ttt_qml_cli_20260605_124906/gen_46/results/correct.json
Metrics saved to /home/chengyou1368/QuantumAnsatz/qml-ea/tic-tac-toe/results/ttt_qml_cli_20260605_124906/gen_46/results/metrics.json
OK
{
  "combined_score": 0.39369956015375396,
  "public": {
    "train_accuracy_mean": 0.3333,
    "train_accuracy_std": 0.0,
    "validation_accuracy_mean": 0.3556,
    "validation_accuracy_std": 0.0,
    "test_accuracy_mean": 0.2667,
    "test_accuracy_std": 0.0,
    "generalization_gap_mean": 0.0667,
    "validation_loss_mean": 3.0366,
    "test_loss_mean": 3.3132,
    "parameter_efficiency_mean": 0.002222,
    "n_params": 120,
    "depth_mean": 88.0,
    "gate_count_mean": 423.0,
    "score_uses_test": false,
    "convergence_step_mean": null
  },
  "private": {
    "per_run_scores": [
      {
        "combined_score": 0.39369956015375396,
        "primary_accuracy": 0.35555555555555557,
        "gap_score": 0.8095238095238095,
        "loss_score": 0.24773251742714275,
        "parameter_efficiency_score": 0.48000000000000004,
        "convergence_score": 0.0
      }
    ],
    "per_run_test_accuracies": [
      0.26666666666666666
    ]
  },
  "text_feedback": "Combined score: 0.3937\nValidation accuracy mean: 0.3556\nTest accuracy mean: 0.2667\nTrain-test generalization gap mean: 0.0667\nValidation L2 loss mean: 3.0366\nParameters: 120, depth mean: 88.0, gate count mean: 423.0\nFitness uses validation metrics; test metrics are reported as holdout diagnostics.\nAccuracy is still low; explore more expressive local entanglement or rotation diversity.\nDid not reach convergence threshold 0.90 in these runs.",
  "execution_time_mean": 74.64061811800093,
  "execution_time_std": 0.0,
  "num_valid_runs": 1,
  "num_invalid_runs": 0,
  "all_validation_errors": []
}
