Job running on a1132u31n02.mghpcc.ycrc.yale.edu under Slurm job 19603843
Activating sourced environment: /home/ch2499/project/zc_ttt/activate_eval_cluster.sh
==========Running program evaluation 1/1...==========
==========Run 1/1 completed in 1312.22 seconds==========
Correctness and error status saved to /home/ch2499/project/zc_ttt/results_sonnet/gen_15/results/correct.json
Metrics saved to /home/ch2499/project/zc_ttt/results_sonnet/gen_15/results/metrics.json
OK
{
  "combined_score": 0.5400293180209593,
  "public": {
    "train_accuracy_mean": 0.6933,
    "train_accuracy_std": 0.0,
    "validation_accuracy_mean": 0.6267,
    "validation_accuracy_std": 0.0,
    "test_accuracy_mean": 0.5333,
    "test_accuracy_std": 0.0,
    "generalization_gap_mean": 0.16,
    "validation_loss_mean": 2.2078,
    "test_loss_mean": 2.3496,
    "parameter_efficiency_mean": 0.003065,
    "n_params": 174,
    "depth_mean": 44.0,
    "gate_count_mean": 231.0,
    "score_uses_test": false,
    "convergence_step_mean": null
  },
  "private": {
    "per_run_scores": [
      {
        "combined_score": 0.5400293180209593,
        "primary_accuracy": 0.6266666666666667,
        "gap_score": 0.5428571428571427,
        "loss_score": 0.31174444088411823,
        "parameter_efficiency_score": 0.583448275862069,
        "convergence_score": 0.0
      }
    ],
    "per_run_test_accuracies": [
      0.5333333333333333
    ]
  },
  "text_feedback": "Combined score: 0.5400\nValidation accuracy mean: 0.6267\nTest accuracy mean: 0.5333\nTrain-test generalization gap mean: 0.1600\nValidation L2 loss mean: 2.2078\nParameters: 174, depth mean: 44.0, gate count mean: 231.0\nFitness uses validation metrics; test metrics are reported as holdout diagnostics.\nLarge train-test gap; prefer fewer parameters or parameter sharing across gates.\nParameter count exceeds the seed; added accuracy must justify the complexity.\nDid not reach convergence threshold 0.90 in these runs.",
  "execution_time_mean": 1312.2223286270164,
  "execution_time_std": 0.0,
  "num_valid_runs": 1,
  "num_invalid_runs": 0,
  "all_validation_errors": []
}
