Job running on a1132u22n04.mghpcc.ycrc.yale.edu under Slurm job 19611960
Activating sourced environment: /home/ch2499/project/zc_ttt/activate_eval_cluster.sh
==========Running program evaluation 1/1...==========
==========Run 1/1 completed in 2996.05 seconds==========
Correctness and error status saved to /home/ch2499/project/zc_ttt/results_sonnet/gen_32/results/correct.json
Metrics saved to /home/ch2499/project/zc_ttt/results_sonnet/gen_32/results/metrics.json
OK
{
  "combined_score": 0.6220754810398181,
  "public": {
    "train_accuracy_mean": 0.7533,
    "train_accuracy_std": 0.0,
    "validation_accuracy_mean": 0.7133,
    "validation_accuracy_std": 0.0,
    "test_accuracy_mean": 0.6583,
    "test_accuracy_std": 0.0,
    "generalization_gap_mean": 0.095,
    "validation_loss_mean": 2.0166,
    "test_loss_mean": 2.1109,
    "parameter_efficiency_mean": 0.003539,
    "n_params": 186,
    "depth_mean": 44.0,
    "gate_count_mean": 231.0,
    "score_uses_test": false,
    "convergence_step_mean": null
  },
  "private": {
    "per_run_scores": [
      {
        "combined_score": 0.6220754810398181,
        "primary_accuracy": 0.7133333333333334,
        "gap_score": 0.7285714285714286,
        "loss_score": 0.3315016708338102,
        "parameter_efficiency_score": 0.6212903225806452,
        "convergence_score": 0.0
      }
    ],
    "per_run_test_accuracies": [
      0.6583333333333333
    ]
  },
  "text_feedback": "Combined score: 0.6221\nValidation accuracy mean: 0.7133\nTest accuracy mean: 0.6583\nTrain-test generalization gap mean: 0.0950\nValidation L2 loss mean: 2.0166\nParameters: 186, depth mean: 44.0, gate count mean: 231.0\nFitness uses validation metrics; test metrics are reported as holdout diagnostics.\nParameter count exceeds the seed; added accuracy must justify the complexity.\nDid not reach convergence threshold 0.90 in these runs.",
  "execution_time_mean": 2996.0498150158674,
  "execution_time_std": 0.0,
  "num_valid_runs": 1,
  "num_invalid_runs": 0,
  "all_validation_errors": []
}
