Job running on a1130u35n02.mghpcc.ycrc.yale.edu under Slurm job 19601885
Activating sourced environment: /home/ch2499/project/zc_ttt/activate_eval_cluster.sh
==========Running program evaluation 1/1...==========
==========Run 1/1 completed in 2266.40 seconds==========
Correctness and error status saved to /home/ch2499/project/zc_ttt/results_gpt56sol/gen_22/results/correct.json
Metrics saved to /home/ch2499/project/zc_ttt/results_gpt56sol/gen_22/results/metrics.json
OK
{
  "combined_score": 0.5549267990608557,
  "public": {
    "train_accuracy_mean": 0.6044,
    "train_accuracy_std": 0.0,
    "validation_accuracy_mean": 0.5833,
    "validation_accuracy_std": 0.0,
    "test_accuracy_mean": 0.52,
    "test_accuracy_std": 0.0,
    "generalization_gap_mean": 0.0844,
    "validation_loss_mean": 2.3145,
    "test_loss_mean": 2.4086,
    "parameter_efficiency_mean": 0.004815,
    "n_params": 108,
    "depth_mean": 48.0,
    "gate_count_mean": 261.0,
    "score_uses_test": false,
    "convergence_step_mean": null
  },
  "private": {
    "per_run_scores": [
      {
        "combined_score": 0.5549267990608557,
        "primary_accuracy": 0.5833333333333334,
        "gap_score": 0.7587301587301587,
        "loss_score": 0.30170776093480545,
        "parameter_efficiency_score": 0.875,
        "convergence_score": 0.0
      }
    ],
    "per_run_test_accuracies": [
      0.52
    ]
  },
  "text_feedback": "Combined score: 0.5549\nValidation accuracy mean: 0.5833\nTest accuracy mean: 0.5200\nTrain-test generalization gap mean: 0.0844\nValidation L2 loss mean: 2.3145\nParameters: 108, depth mean: 48.0, gate count mean: 261.0\nFitness uses validation metrics; test metrics are reported as holdout diagnostics.\nDid not reach convergence threshold 0.90 in these runs.",
  "execution_time_mean": 2266.3998120906763,
  "execution_time_std": 0.0,
  "num_valid_runs": 1,
  "num_invalid_runs": 0,
  "all_validation_errors": []
}
