Job running on a1114u30n01.mghpcc.ycrc.yale.edu under Slurm job 23104168
Activating sourced environment: /home/ch2499/project/transfer_sn/activate_eval_cluster.sh
==========Running program evaluation 1/1...==========
==========Run 1/1 completed in 1047.38 seconds==========
Correctness and error status saved to /home/ch2499/project/transfer_sn/results_frw3_mid_r4/gen_4/results/correct.json
Metrics saved to /home/ch2499/project/transfer_sn/results_frw3_mid_r4/gen_4/results/metrics.json
OK
{
  "combined_score": 0.47904341882365137,
  "public": {
    "combined_score_raw": 0.8995,
    "train_accuracy_mean": 0.9222,
    "train_accuracy_std": 0.0,
    "validation_accuracy_mean": 0.9,
    "validation_accuracy_std": 0.0,
    "test_accuracy_mean": 0.9133,
    "test_accuracy_std": 0.0,
    "generalization_gap_mean": 0.0089,
    "validation_loss_mean": 0.3476,
    "test_loss_mean": 0.3354,
    "parameter_efficiency_mean": 0.035128,
    "n_params": 26,
    "depth_mean": 99.0,
    "gate_count_mean": 324.0,
    "score_uses_test": false,
    "convergence_step_mean": 150.0
  },
  "private": {
    "per_run_scores": [
      {
        "combined_score": 0.899472310079604,
        "primary_accuracy": 0.9,
        "gap_score": 0.9746031746031745,
        "loss_score": 0.7420640777793704,
        "parameter_efficiency_score": 1.0,
        "convergence_score": 0.995
      }
    ],
    "per_run_test_accuracies": [
      0.9133333333333333
    ]
  },
  "text_feedback": "Combined score: 0.4790\nScore scale: 0.0 = the seed program, 1.0 = the best solution found so far on this task. Negative means worse than the seed.\nValidation accuracy mean: 0.9000\nTest accuracy mean: 0.9133\nTrain-test generalization gap mean: 0.0089\nValidation L2 loss mean: 0.3476\nParameters: 26, depth mean: 99.0, gate count mean: 324.0\nFitness uses validation metrics; test metrics are reported as holdout diagnostics.",
  "execution_time_mean": 1047.3786839144304,
  "execution_time_std": 0.0,
  "num_valid_runs": 1,
  "num_invalid_runs": 0,
  "all_validation_errors": []
}
