Job running on a1130u20n03.mghpcc.ycrc.yale.edu under Slurm job 19484874
Activating sourced environment: /home/ch2499/project/transfer_sn/activate_eval_cluster.sh
==========Running program evaluation 1/1...==========
==========Run 1/1 completed in 1088.49 seconds==========
Correctness and error status saved to /home/ch2499/project/transfer_sn/results_sonnet_r2/gen_46/results/correct.json
Metrics saved to /home/ch2499/project/transfer_sn/results_sonnet_r2/gen_46/results/metrics.json
OK
{
  "combined_score": 0.8700863815627715,
  "public": {
    "train_accuracy_mean": 0.9511,
    "train_accuracy_std": 0.0,
    "validation_accuracy_mean": 0.88,
    "validation_accuracy_std": 0.0,
    "test_accuracy_mean": 0.8917,
    "test_accuracy_std": 0.0,
    "generalization_gap_mean": 0.0594,
    "validation_loss_mean": 0.3489,
    "test_loss_mean": 0.3771,
    "parameter_efficiency_mean": 0.009692,
    "n_params": 92,
    "depth_mean": 142.0,
    "gate_count_mean": 324.0,
    "score_uses_test": false,
    "convergence_step_mean": 450.0
  },
  "private": {
    "per_run_scores": [
      {
        "combined_score": 0.8700863815627715,
        "primary_accuracy": 0.88,
        "gap_score": 0.8301587301587302,
        "loss_score": 0.7413430728523391,
        "parameter_efficiency_score": 1.0,
        "convergence_score": 0.985
      }
    ],
    "per_run_test_accuracies": [
      0.8916666666666667
    ]
  },
  "text_feedback": "Combined score: 0.8701\nValidation accuracy mean: 0.8800\nTest accuracy mean: 0.8917\nTrain-test generalization gap mean: 0.0594\nValidation L2 loss mean: 0.3489\nParameters: 92, depth mean: 142.0, gate count mean: 324.0\nFitness uses validation metrics; test metrics are reported as holdout diagnostics.",
  "execution_time_mean": 1088.4929205081426,
  "execution_time_std": 0.0,
  "num_valid_runs": 1,
  "num_invalid_runs": 0,
  "all_validation_errors": []
}
