Job running on a1130u22n03.mghpcc.ycrc.yale.edu under Slurm job 19486252
Activating sourced environment: /home/ch2499/project/transfer_sn/activate_eval_cluster.sh
==========Running program evaluation 1/1...==========
==========Run 1/1 completed in 815.31 seconds==========
Correctness and error status saved to /home/ch2499/project/transfer_sn/results_sonnet_r2/gen_48/results/correct.json
Metrics saved to /home/ch2499/project/transfer_sn/results_sonnet_r2/gen_48/results/metrics.json
OK
{
  "combined_score": 0.9079792226901793,
  "public": {
    "train_accuracy_mean": 0.94,
    "train_accuracy_std": 0.0,
    "validation_accuracy_mean": 0.9367,
    "validation_accuracy_std": 0.0,
    "test_accuracy_mean": 0.9017,
    "test_accuracy_std": 0.0,
    "generalization_gap_mean": 0.0383,
    "validation_loss_mean": 0.3354,
    "test_loss_mean": 0.3456,
    "parameter_efficiency_mean": 0.008197,
    "n_params": 110,
    "depth_mean": 145.0,
    "gate_count_mean": 324.0,
    "score_uses_test": false,
    "convergence_step_mean": 150.0
  },
  "private": {
    "per_run_scores": [
      {
        "combined_score": 0.9079792226901793,
        "primary_accuracy": 0.9366666666666666,
        "gap_score": 0.8904761904761904,
        "loss_score": 0.7488297385694491,
        "parameter_efficiency_score": 1.0,
        "convergence_score": 0.995
      }
    ],
    "per_run_test_accuracies": [
      0.9016666666666666
    ]
  },
  "text_feedback": "Combined score: 0.9080\nValidation accuracy mean: 0.9367\nTest accuracy mean: 0.9017\nTrain-test generalization gap mean: 0.0383\nValidation L2 loss mean: 0.3354\nParameters: 110, depth mean: 145.0, gate count mean: 324.0\nFitness uses validation metrics; test metrics are reported as holdout diagnostics.",
  "execution_time_mean": 815.3097973857075,
  "execution_time_std": 0.0,
  "num_valid_runs": 1,
  "num_invalid_runs": 0,
  "all_validation_errors": []
}
