Job running on a1130u24n04.mghpcc.ycrc.yale.edu under Slurm job 19592929
Activating sourced environment: /home/ch2499/project/zc_ttt/activate_eval_cluster.sh
==========Running program evaluation 1/1...==========
==========Run 1/1 completed in 4581.43 seconds==========
Correctness and error status saved to /home/ch2499/project/zc_ttt/results_sonnet/gen_1/results/correct.json
Metrics saved to /home/ch2499/project/zc_ttt/results_sonnet/gen_1/results/metrics.json
OK
{
  "combined_score": 0.5788442702577049,
  "public": {
    "train_accuracy_mean": 0.74,
    "train_accuracy_std": 0.0,
    "validation_accuracy_mean": 0.6767,
    "validation_accuracy_std": 0.0,
    "test_accuracy_mean": 0.6083,
    "test_accuracy_std": 0.0,
    "generalization_gap_mean": 0.1317,
    "validation_loss_mean": 2.0293,
    "test_loss_mean": 2.1705,
    "parameter_efficiency_mean": 0.0026,
    "n_params": 234,
    "depth_mean": 47.0,
    "gate_count_mean": 261.0,
    "score_uses_test": false,
    "convergence_step_mean": null
  },
  "private": {
    "per_run_scores": [
      {
        "combined_score": 0.5788442702577049,
        "primary_accuracy": 0.6766666666666666,
        "gap_score": 0.6238095238095236,
        "loss_score": 0.33010954286577476,
        "parameter_efficiency_score": 0.46846153846153843,
        "convergence_score": 0.0
      }
    ],
    "per_run_test_accuracies": [
      0.6083333333333333
    ]
  },
  "text_feedback": "Combined score: 0.5788\nValidation accuracy mean: 0.6767\nTest accuracy mean: 0.6083\nTrain-test generalization gap mean: 0.1317\nValidation L2 loss mean: 2.0293\nParameters: 234, depth mean: 47.0, gate count mean: 261.0\nFitness uses validation metrics; test metrics are reported as holdout diagnostics.\nParameter count exceeds the seed; added accuracy must justify the complexity.\nDid not reach convergence threshold 0.90 in these runs.",
  "execution_time_mean": 4581.433549118694,
  "execution_time_std": 0.0,
  "num_valid_runs": 1,
  "num_invalid_runs": 0,
  "all_validation_errors": []
}
