Job running on a1132u18n02.mghpcc.ycrc.yale.edu under Slurm job 19428768
Activating sourced environment: /home/ch2499/project/transfer_sn/activate_eval_cluster.sh
==========Running program evaluation 1/1...==========
==========Run 1/1 completed in 1685.48 seconds==========
Correctness and error status saved to /home/ch2499/project/transfer_sn/results_haiku/gen_8/results/correct.json
Metrics saved to /home/ch2499/project/transfer_sn/results_haiku/gen_8/results/metrics.json
OK
{
  "combined_score": 0.8639591595366868,
  "public": {
    "train_accuracy_mean": 0.9422,
    "train_accuracy_std": 0.0,
    "validation_accuracy_mean": 0.8933,
    "validation_accuracy_std": 0.0,
    "test_accuracy_mean": 0.8733,
    "test_accuracy_std": 0.0,
    "generalization_gap_mean": 0.0689,
    "validation_loss_mean": 0.4494,
    "test_loss_mean": 0.4587,
    "parameter_efficiency_mean": 0.006823,
    "n_params": 128,
    "depth_mean": 99.0,
    "gate_count_mean": 306.0,
    "score_uses_test": false,
    "convergence_step_mean": 540.0
  },
  "private": {
    "per_run_scores": [
      {
        "combined_score": 0.8639591595366868,
        "primary_accuracy": 0.8933333333333333,
        "gap_score": 0.8031746031746032,
        "loss_score": 0.6899605344773824,
        "parameter_efficiency_score": 1.0,
        "convergence_score": 0.982
      }
    ],
    "per_run_test_accuracies": [
      0.8733333333333333
    ]
  },
  "text_feedback": "Combined score: 0.8640\nValidation accuracy mean: 0.8933\nTest accuracy mean: 0.8733\nTrain-test generalization gap mean: 0.0689\nValidation L2 loss mean: 0.4494\nParameters: 128, depth mean: 99.0, gate count mean: 306.0\nFitness uses validation metrics; test metrics are reported as holdout diagnostics.",
  "execution_time_mean": 1685.4760385518894,
  "execution_time_std": 0.0,
  "num_valid_runs": 1,
  "num_invalid_runs": 0,
  "all_validation_errors": []
}
