Job running on a1114u31n01.mghpcc.ycrc.yale.edu under Slurm job 19429404
Activating sourced environment: /home/ch2499/project/transfer_sn/activate_eval_cluster.sh
==========Running program evaluation 1/1...==========
==========Run 1/1 completed in 939.33 seconds==========
Correctness and error status saved to /home/ch2499/project/transfer_sn/results_haiku/gen_10/results/correct.json
Metrics saved to /home/ch2499/project/transfer_sn/results_haiku/gen_10/results/metrics.json
OK
{
  "combined_score": 0.8743531311770711,
  "public": {
    "train_accuracy_mean": 0.9333,
    "train_accuracy_std": 0.0,
    "validation_accuracy_mean": 0.9,
    "validation_accuracy_std": 0.0,
    "test_accuracy_mean": 0.87,
    "test_accuracy_std": 0.0,
    "generalization_gap_mean": 0.0633,
    "validation_loss_mean": 0.3811,
    "test_loss_mean": 0.4372,
    "parameter_efficiency_mean": 0.014032,
    "n_params": 62,
    "depth_mean": 81.0,
    "gate_count_mean": 228.0,
    "score_uses_test": false,
    "convergence_step_mean": 270.0
  },
  "private": {
    "per_run_scores": [
      {
        "combined_score": 0.8743531311770711,
        "primary_accuracy": 0.9,
        "gap_score": 0.819047619047619,
        "loss_score": 0.7240843665772992,
        "parameter_efficiency_score": 1.0,
        "convergence_score": 0.991
      }
    ],
    "per_run_test_accuracies": [
      0.87
    ]
  },
  "text_feedback": "Combined score: 0.8744\nValidation accuracy mean: 0.9000\nTest accuracy mean: 0.8700\nTrain-test generalization gap mean: 0.0633\nValidation L2 loss mean: 0.3811\nParameters: 62, depth mean: 81.0, gate count mean: 228.0\nFitness uses validation metrics; test metrics are reported as holdout diagnostics.",
  "execution_time_mean": 939.3262517182156,
  "execution_time_std": 0.0,
  "num_valid_runs": 1,
  "num_invalid_runs": 0,
  "all_validation_errors": []
}
