Job running on a1130u24n04.mghpcc.ycrc.yale.edu under Slurm job 19429707
Activating sourced environment: /home/ch2499/project/transfer_sn/activate_eval_cluster.sh
==========Running program evaluation 1/1...==========
==========Run 1/1 completed in 1401.25 seconds==========
Correctness and error status saved to /home/ch2499/project/transfer_sn/results_sonnet/gen_10/results/correct.json
Metrics saved to /home/ch2499/project/transfer_sn/results_sonnet/gen_10/results/metrics.json
OK
{
  "combined_score": 0.775985034115221,
  "public": {
    "train_accuracy_mean": 0.9622,
    "train_accuracy_std": 0.0,
    "validation_accuracy_mean": 0.8533,
    "validation_accuracy_std": 0.0,
    "test_accuracy_mean": 0.88,
    "test_accuracy_std": 0.0,
    "generalization_gap_mean": 0.0822,
    "validation_loss_mean": 0.4751,
    "test_loss_mean": 0.4822,
    "parameter_efficiency_mean": 0.005176,
    "n_params": 170,
    "depth_mean": 136.0,
    "gate_count_mean": 276.0,
    "score_uses_test": false,
    "convergence_step_mean": null
  },
  "private": {
    "per_run_scores": [
      {
        "combined_score": 0.775985034115221,
        "primary_accuracy": 0.8533333333333334,
        "gap_score": 0.7650793650793651,
        "loss_score": 0.6779406880635022,
        "parameter_efficiency_score": 0.7328627450980393,
        "convergence_score": 0.0
      }
    ],
    "per_run_test_accuracies": [
      0.88
    ]
  },
  "text_feedback": "Combined score: 0.7760\nValidation accuracy mean: 0.8533\nTest accuracy mean: 0.8800\nTrain-test generalization gap mean: 0.0822\nValidation L2 loss mean: 0.4751\nParameters: 170, depth mean: 136.0, gate count mean: 276.0\nFitness uses validation metrics; test metrics are reported as holdout diagnostics.\nParameter count exceeds the seed; added accuracy must justify the complexity.\nDid not reach the convergence threshold in these runs.",
  "execution_time_mean": 1401.2497160532512,
  "execution_time_std": 0.0,
  "num_valid_runs": 1,
  "num_invalid_runs": 0,
  "all_validation_errors": []
}
