Job running on a1132u37n01.mghpcc.ycrc.yale.edu under Slurm job 23103745
Activating sourced environment: /home/ch2499/project/transfer_sn/activate_eval_cluster.sh
==========Running program evaluation 1/1...==========
==========Run 1/1 completed in 1976.82 seconds==========
Correctness and error status saved to /home/ch2499/project/transfer_sn/results_frw3_weak_r9/gen_5/results/correct.json
Metrics saved to /home/ch2499/project/transfer_sn/results_frw3_weak_r9/gen_5/results/metrics.json
OK
{
  "combined_score": 0.48975567500604655,
  "public": {
    "combined_score_raw": 0.9005,
    "train_accuracy_mean": 0.9644,
    "train_accuracy_std": 0.0,
    "validation_accuracy_mean": 0.92,
    "validation_accuracy_std": 0.0,
    "test_accuracy_mean": 0.9233,
    "test_accuracy_std": 0.0,
    "generalization_gap_mean": 0.0411,
    "validation_loss_mean": 0.3411,
    "test_loss_mean": 0.347,
    "parameter_efficiency_mean": 0.014892,
    "n_params": 62,
    "depth_mean": 111.0,
    "gate_count_mean": 396.0,
    "score_uses_test": false,
    "convergence_step_mean": 120.0
  },
  "private": {
    "per_run_scores": [
      {
        "combined_score": 0.9004765026673394,
        "primary_accuracy": 0.92,
        "gap_score": 0.8825396825396825,
        "loss_score": 0.7456740389462834,
        "parameter_efficiency_score": 1.0,
        "convergence_score": 0.996
      }
    ],
    "per_run_test_accuracies": [
      0.9233333333333333
    ]
  },
  "text_feedback": "Combined score: 0.4898\nScore scale: 0.0 = the seed program, 1.0 = the best solution found so far on this task. Negative means worse than the seed.\nValidation accuracy mean: 0.9200\nTest accuracy mean: 0.9233\nTrain-test generalization gap mean: 0.0411\nValidation L2 loss mean: 0.3411\nParameters: 62, depth mean: 111.0, gate count mean: 396.0\nFitness uses validation metrics; test metrics are reported as holdout diagnostics.",
  "execution_time_mean": 1976.816529207863,
  "execution_time_std": 0.0,
  "num_valid_runs": 1,
  "num_invalid_runs": 0,
  "all_validation_errors": []
}
