Job running on a1130u31n01.mghpcc.ycrc.yale.edu under Slurm job 19592930
Activating sourced environment: /home/ch2499/project/zc_ttt/activate_eval_cluster.sh
==========Running program evaluation 1/1...==========
==========Run 1/1 completed in 1278.83 seconds==========
Correctness and error status saved to /home/ch2499/project/zc_ttt/results_sonnet/gen_3/results/correct.json
Metrics saved to /home/ch2499/project/zc_ttt/results_sonnet/gen_3/results/metrics.json
OK
{
  "combined_score": 0.5529458066514206,
  "public": {
    "train_accuracy_mean": 0.5933,
    "train_accuracy_std": 0.0,
    "validation_accuracy_mean": 0.59,
    "validation_accuracy_std": 0.0,
    "test_accuracy_mean": 0.54,
    "test_accuracy_std": 0.0,
    "generalization_gap_mean": 0.0533,
    "validation_loss_mean": 2.3393,
    "test_loss_mean": 2.4433,
    "parameter_efficiency_mean": 0.003,
    "n_params": 180,
    "depth_mean": 64.0,
    "gate_count_mean": 279.0,
    "score_uses_test": false,
    "convergence_step_mean": null
  },
  "private": {
    "per_run_scores": [
      {
        "combined_score": 0.5529458066514206,
        "primary_accuracy": 0.59,
        "gap_score": 0.8476190476190476,
        "loss_score": 0.29946410783486754,
        "parameter_efficiency_score": 0.531,
        "convergence_score": 0.0
      }
    ],
    "per_run_test_accuracies": [
      0.54
    ]
  },
  "text_feedback": "Combined score: 0.5529\nValidation accuracy mean: 0.5900\nTest accuracy mean: 0.5400\nTrain-test generalization gap mean: 0.0533\nValidation L2 loss mean: 2.3393\nParameters: 180, depth mean: 64.0, gate count mean: 279.0\nFitness uses validation metrics; test metrics are reported as holdout diagnostics.\nParameter count exceeds the seed; added accuracy must justify the complexity.\nDid not reach convergence threshold 0.90 in these runs.",
  "execution_time_mean": 1278.8283431800082,
  "execution_time_std": 0.0,
  "num_valid_runs": 1,
  "num_invalid_runs": 0,
  "all_validation_errors": []
}
