Job running on a1114u27n01.mghpcc.ycrc.yale.edu under Slurm job 23103723
Activating sourced environment: /home/ch2499/project/transfer_sn/activate_eval_cluster.sh
==========Running program evaluation 1/1...==========
==========Run 1/1 completed in 992.51 seconds==========
Correctness and error status saved to /home/ch2499/project/transfer_sn/results_frw3_weak_r2/gen_5/results/correct.json
Metrics saved to /home/ch2499/project/transfer_sn/results_frw3_weak_r2/gen_5/results/metrics.json
OK
{
  "combined_score": -0.09287796430773738,
  "public": {
    "combined_score_raw": 0.8459,
    "train_accuracy_mean": 0.8578,
    "train_accuracy_std": 0.0,
    "validation_accuracy_mean": 0.8533,
    "validation_accuracy_std": 0.0,
    "test_accuracy_mean": 0.85,
    "test_accuracy_std": 0.0,
    "generalization_gap_mean": 0.0078,
    "validation_loss_mean": 0.4843,
    "test_loss_mean": 0.4959,
    "parameter_efficiency_mean": 0.005,
    "n_params": 170,
    "depth_mean": 123.0,
    "gate_count_mean": 516.0,
    "score_uses_test": false,
    "convergence_step_mean": 570.0
  },
  "private": {
    "per_run_scores": [
      {
        "combined_score": 0.8458590278793778,
        "primary_accuracy": 0.8533333333333334,
        "gap_score": 0.9777777777777777,
        "loss_score": 0.6736985300890974,
        "parameter_efficiency_score": 0.7328627450980393,
        "convergence_score": 0.981
      }
    ],
    "per_run_test_accuracies": [
      0.85
    ]
  },
  "text_feedback": "Combined score: -0.0929\nScore scale: 0.0 = the seed program, 1.0 = the best solution found so far on this task. Negative means worse than the seed.\nValidation accuracy mean: 0.8533\nTest accuracy mean: 0.8500\nTrain-test generalization gap mean: 0.0078\nValidation L2 loss mean: 0.4843\nParameters: 170, depth mean: 123.0, gate count mean: 516.0\nFitness uses validation metrics; test metrics are reported as holdout diagnostics.\nParameter count exceeds the seed; added accuracy must justify the complexity.",
  "execution_time_mean": 992.5127004031092,
  "execution_time_std": 0.0,
  "num_valid_runs": 1,
  "num_invalid_runs": 0,
  "all_validation_errors": []
}
