Job running on a1132u18n02.mghpcc.ycrc.yale.edu under Slurm job 19439705
Activating sourced environment: /home/ch2499/project/transfer_sn/activate_eval_cluster.sh
==========Running program evaluation 1/1...==========
==========Run 1/1 completed in 1525.14 seconds==========
Correctness and error status saved to /home/ch2499/project/transfer_sn/results_sonnet_r2/gen_10/results/correct.json
Metrics saved to /home/ch2499/project/transfer_sn/results_sonnet_r2/gen_10/results/metrics.json
OK
{
  "combined_score": 0.7890922652166359,
  "public": {
    "train_accuracy_mean": 0.9511,
    "train_accuracy_std": 0.0,
    "validation_accuracy_mean": 0.87,
    "validation_accuracy_std": 0.0,
    "test_accuracy_mean": 0.8633,
    "test_accuracy_std": 0.0,
    "generalization_gap_mean": 0.0878,
    "validation_loss_mean": 0.4549,
    "test_loss_mean": 0.4792,
    "parameter_efficiency_mean": 0.005913,
    "n_params": 146,
    "depth_mean": 114.0,
    "gate_count_mean": 228.0,
    "score_uses_test": false,
    "convergence_step_mean": null
  },
  "private": {
    "per_run_scores": [
      {
        "combined_score": 0.7890922652166359,
        "primary_accuracy": 0.87,
        "gap_score": 0.749206349206349,
        "loss_score": 0.6873346781638167,
        "parameter_efficiency_score": 0.87,
        "convergence_score": 0.0
      }
    ],
    "per_run_test_accuracies": [
      0.8633333333333333
    ]
  },
  "text_feedback": "Combined score: 0.7891\nValidation accuracy mean: 0.8700\nTest accuracy mean: 0.8633\nTrain-test generalization gap mean: 0.0878\nValidation L2 loss mean: 0.4549\nParameters: 146, depth mean: 114.0, gate count mean: 228.0\nFitness uses validation metrics; test metrics are reported as holdout diagnostics.\nDid not reach the convergence threshold in these runs.",
  "execution_time_mean": 1525.138893934898,
  "execution_time_std": 0.0,
  "num_valid_runs": 1,
  "num_invalid_runs": 0,
  "all_validation_errors": []
}
