Job running on a1132u20n01.mghpcc.ycrc.yale.edu under Slurm job 19519535
Activating sourced environment: /home/ch2499/project/transfer_sn/activate_eval_cluster.sh
==========Running program evaluation 1/1...==========
==========Run 1/1 completed in 879.36 seconds==========
Correctness and error status saved to /home/ch2499/project/transfer_sn/results_haiku_r2/gen_63/results/correct.json
Metrics saved to /home/ch2499/project/transfer_sn/results_haiku_r2/gen_63/results/metrics.json
OK
{
  "combined_score": 0.9002838300404383,
  "public": {
    "train_accuracy_mean": 0.9289,
    "train_accuracy_std": 0.0,
    "validation_accuracy_mean": 0.9167,
    "validation_accuracy_std": 0.0,
    "test_accuracy_mean": 0.9017,
    "test_accuracy_std": 0.0,
    "generalization_gap_mean": 0.0272,
    "validation_loss_mean": 0.3534,
    "test_loss_mean": 0.3795,
    "parameter_efficiency_mean": 0.028177,
    "n_params": 32,
    "depth_mean": 99.0,
    "gate_count_mean": 324.0,
    "score_uses_test": false,
    "convergence_step_mean": 60.0
  },
  "private": {
    "per_run_scores": [
      {
        "combined_score": 0.9002838300404383,
        "primary_accuracy": 0.9166666666666666,
        "gap_score": 0.922222222222222,
        "loss_score": 0.7388551632325527,
        "parameter_efficiency_score": 1.0,
        "convergence_score": 0.998
      }
    ],
    "per_run_test_accuracies": [
      0.9016666666666666
    ]
  },
  "text_feedback": "Combined score: 0.9003\nValidation accuracy mean: 0.9167\nTest accuracy mean: 0.9017\nTrain-test generalization gap mean: 0.0272\nValidation L2 loss mean: 0.3534\nParameters: 32, depth mean: 99.0, gate count mean: 324.0\nFitness uses validation metrics; test metrics are reported as holdout diagnostics.",
  "execution_time_mean": 879.3563912287354,
  "execution_time_std": 0.0,
  "num_valid_runs": 1,
  "num_invalid_runs": 0,
  "all_validation_errors": []
}
