Job running on a1132u33n02.mghpcc.ycrc.yale.edu under Slurm job 19524155
Activating sourced environment: /home/ch2499/project/transfer_sn/activate_eval_cluster.sh
==========Running program evaluation 1/1...==========
==========Run 1/1 completed in 1077.62 seconds==========
Correctness and error status saved to /home/ch2499/project/transfer_sn/results_haiku_r2/gen_74/results/correct.json
Metrics saved to /home/ch2499/project/transfer_sn/results_haiku_r2/gen_74/results/metrics.json
OK
{
  "combined_score": 0.8849860904793115,
  "public": {
    "train_accuracy_mean": 0.8956,
    "train_accuracy_std": 0.0,
    "validation_accuracy_mean": 0.8767,
    "validation_accuracy_std": 0.0,
    "test_accuracy_mean": 0.8833,
    "test_accuracy_std": 0.0,
    "generalization_gap_mean": 0.0122,
    "validation_loss_mean": 0.3317,
    "test_loss_mean": 0.3402,
    "parameter_efficiency_mean": 0.044167,
    "n_params": 20,
    "depth_mean": 126.0,
    "gate_count_mean": 276.0,
    "score_uses_test": false,
    "convergence_step_mean": 180.0
  },
  "private": {
    "per_run_scores": [
      {
        "combined_score": 0.8849860904793115,
        "primary_accuracy": 0.8766666666666667,
        "gap_score": 0.965079365079365,
        "loss_score": 0.750901978856786,
        "parameter_efficiency_score": 1.0,
        "convergence_score": 0.994
      }
    ],
    "per_run_test_accuracies": [
      0.8833333333333333
    ]
  },
  "text_feedback": "Combined score: 0.8850\nValidation accuracy mean: 0.8767\nTest accuracy mean: 0.8833\nTrain-test generalization gap mean: 0.0122\nValidation L2 loss mean: 0.3317\nParameters: 20, depth mean: 126.0, gate count mean: 276.0\nFitness uses validation metrics; test metrics are reported as holdout diagnostics.",
  "execution_time_mean": 1077.621505648829,
  "execution_time_std": 0.0,
  "num_valid_runs": 1,
  "num_invalid_runs": 0,
  "all_validation_errors": []
}
