Job running on a1132u22n03.mghpcc.ycrc.yale.edu under Slurm job 19599043
Activating sourced environment: /home/ch2499/project/zc_sn/activate_eval_cluster.sh
==========Running program evaluation 1/1...==========
==========Run 1/1 completed in 1028.19 seconds==========
Correctness and error status saved to /home/ch2499/project/zc_sn/results_sonnet/gen_26/results/correct.json
Metrics saved to /home/ch2499/project/zc_sn/results_sonnet/gen_26/results/metrics.json
OK
{
  "combined_score": 0.8600336510761127,
  "public": {
    "train_accuracy_mean": 0.9756,
    "train_accuracy_std": 0.0,
    "validation_accuracy_mean": 0.9133,
    "validation_accuracy_std": 0.0,
    "test_accuracy_mean": 0.8983,
    "test_accuracy_std": 0.0,
    "generalization_gap_mean": 0.0772,
    "validation_loss_mean": 0.4142,
    "test_loss_mean": 0.4484,
    "parameter_efficiency_mean": 0.004492,
    "n_params": 200,
    "depth_mean": 142.0,
    "gate_count_mean": 324.0,
    "score_uses_test": false,
    "convergence_step_mean": 300.0
  },
  "private": {
    "per_run_scores": [
      {
        "combined_score": 0.8600336510761127,
        "primary_accuracy": 0.9133333333333333,
        "gap_score": 0.7793650793650795,
        "loss_score": 0.7071333352164132,
        "parameter_efficiency_score": 0.6667333333333333,
        "convergence_score": 0.99
      }
    ],
    "per_run_test_accuracies": [
      0.8983333333333333
    ]
  },
  "text_feedback": "Combined score: 0.8600\nValidation accuracy mean: 0.9133\nTest accuracy mean: 0.8983\nTrain-test generalization gap mean: 0.0772\nValidation L2 loss mean: 0.4142\nParameters: 200, depth mean: 142.0, gate count mean: 324.0\nFitness uses validation metrics; test metrics are reported as holdout diagnostics.\nParameter count exceeds the seed; added accuracy must justify the complexity.",
  "execution_time_mean": 1028.1896657519974,
  "execution_time_std": 0.0,
  "num_valid_runs": 1,
  "num_invalid_runs": 0,
  "all_validation_errors": []
}
