Job running on a1132u31n02.mghpcc.ycrc.yale.edu under Slurm job 19524502
Activating sourced environment: /home/ch2499/project/transfer_sn/activate_eval_cluster.sh
==========Running program evaluation 1/1...==========
==========Run 1/1 completed in 2409.62 seconds==========
Correctness and error status saved to /home/ch2499/project/transfer_sn/results_haiku_r2/gen_75/results/correct.json
Metrics saved to /home/ch2499/project/transfer_sn/results_haiku_r2/gen_75/results/metrics.json
OK
{
  "combined_score": 0.9174989190627492,
  "public": {
    "train_accuracy_mean": 0.9289,
    "train_accuracy_std": 0.0,
    "validation_accuracy_mean": 0.93,
    "validation_accuracy_std": 0.0,
    "test_accuracy_mean": 0.9167,
    "test_accuracy_std": 0.0,
    "generalization_gap_mean": 0.0122,
    "validation_loss_mean": 0.301,
    "test_loss_mean": 0.3302,
    "parameter_efficiency_mean": 0.028646,
    "n_params": 32,
    "depth_mean": 156.0,
    "gate_count_mean": 444.0,
    "score_uses_test": false,
    "convergence_step_mean": 270.0
  },
  "private": {
    "per_run_scores": [
      {
        "combined_score": 0.9174989190627492,
        "primary_accuracy": 0.93,
        "gap_score": 0.965079365079365,
        "loss_score": 0.7686541694130371,
        "parameter_efficiency_score": 1.0,
        "convergence_score": 0.991
      }
    ],
    "per_run_test_accuracies": [
      0.9166666666666666
    ]
  },
  "text_feedback": "Combined score: 0.9175\nValidation accuracy mean: 0.9300\nTest accuracy mean: 0.9167\nTrain-test generalization gap mean: 0.0122\nValidation L2 loss mean: 0.3010\nParameters: 32, depth mean: 156.0, gate count mean: 444.0\nFitness uses validation metrics; test metrics are reported as holdout diagnostics.",
  "execution_time_mean": 2409.620378588792,
  "execution_time_std": 0.0,
  "num_valid_runs": 1,
  "num_invalid_runs": 0,
  "all_validation_errors": []
}
