Job running on a1132u22n04.mghpcc.ycrc.yale.edu under Slurm job 19610111
Activating sourced environment: /home/ch2499/project/zc_sn/activate_eval_cluster.sh
==========Running program evaluation 1/1...==========
==========Run 1/1 completed in 988.50 seconds==========
Correctness and error status saved to /home/ch2499/project/zc_sn/results_gpt56sol/gen_79/results/correct.json
Metrics saved to /home/ch2499/project/zc_sn/results_gpt56sol/gen_79/results/metrics.json
OK
{
  "combined_score": 0.8656377297002819,
  "public": {
    "train_accuracy_mean": 0.9022,
    "train_accuracy_std": 0.0,
    "validation_accuracy_mean": 0.8733,
    "validation_accuracy_std": 0.0,
    "test_accuracy_mean": 0.87,
    "test_accuracy_std": 0.0,
    "generalization_gap_mean": 0.0322,
    "validation_loss_mean": 0.4506,
    "test_loss_mean": 0.4421,
    "parameter_efficiency_mean": 0.008365,
    "n_params": 104,
    "depth_mean": 120.0,
    "gate_count_mean": 390.0,
    "score_uses_test": false,
    "convergence_step_mean": 510.0
  },
  "private": {
    "per_run_scores": [
      {
        "combined_score": 0.8656377297002819,
        "primary_accuracy": 0.8733333333333333,
        "gap_score": 0.9079365079365078,
        "loss_score": 0.6893890974727783,
        "parameter_efficiency_score": 1.0,
        "convergence_score": 0.983
      }
    ],
    "per_run_test_accuracies": [
      0.87
    ]
  },
  "text_feedback": "Combined score: 0.8656\nValidation accuracy mean: 0.8733\nTest accuracy mean: 0.8700\nTrain-test generalization gap mean: 0.0322\nValidation L2 loss mean: 0.4506\nParameters: 104, depth mean: 120.0, gate count mean: 390.0\nFitness uses validation metrics; test metrics are reported as holdout diagnostics.",
  "execution_time_mean": 988.4992768066004,
  "execution_time_std": 0.0,
  "num_valid_runs": 1,
  "num_invalid_runs": 0,
  "all_validation_errors": []
}
