Job running on a1114u31n01.mghpcc.ycrc.yale.edu under Slurm job 23103743
Activating sourced environment: /home/ch2499/project/transfer_sn/activate_eval_cluster.sh
==========Running program evaluation 1/1...==========
==========Run 1/1 completed in 2382.82 seconds==========
Correctness and error status saved to /home/ch2499/project/transfer_sn/results_frw3_mid_r8/gen_4/results/correct.json
Metrics saved to /home/ch2499/project/transfer_sn/results_frw3_mid_r8/gen_4/results/metrics.json
OK
{
  "combined_score": 0.7269326306684938,
  "public": {
    "combined_score_raw": 0.9227,
    "train_accuracy_mean": 0.9311,
    "train_accuracy_std": 0.0,
    "validation_accuracy_mean": 0.9367,
    "validation_accuracy_std": 0.0,
    "test_accuracy_mean": 0.9267,
    "test_accuracy_std": 0.0,
    "generalization_gap_mean": 0.0044,
    "validation_loss_mean": 0.3231,
    "test_loss_mean": 0.3268,
    "parameter_efficiency_mean": 0.018533,
    "n_params": 50,
    "depth_mean": 117.0,
    "gate_count_mean": 492.0,
    "score_uses_test": false,
    "convergence_step_mean": 120.0
  },
  "private": {
    "per_run_scores": [
      {
        "combined_score": 0.9227100393567694,
        "primary_accuracy": 0.9366666666666666,
        "gap_score": 0.9873015873015872,
        "loss_score": 0.7558023787805797,
        "parameter_efficiency_score": 1.0,
        "convergence_score": 0.996
      }
    ],
    "per_run_test_accuracies": [
      0.9266666666666666
    ]
  },
  "text_feedback": "Combined score: 0.7269\nScore scale: 0.0 = the seed program, 1.0 = the best solution found so far on this task. Negative means worse than the seed.\nValidation accuracy mean: 0.9367\nTest accuracy mean: 0.9267\nTrain-test generalization gap mean: 0.0044\nValidation L2 loss mean: 0.3231\nParameters: 50, depth mean: 117.0, gate count mean: 492.0\nFitness uses validation metrics; test metrics are reported as holdout diagnostics.",
  "execution_time_mean": 2382.817013840191,
  "execution_time_std": 0.0,
  "num_valid_runs": 1,
  "num_invalid_runs": 0,
  "all_validation_errors": []
}
