Job running on a1114u27n01.mghpcc.ycrc.yale.edu under Slurm job 19598048
Activating sourced environment: /home/ch2499/project/zc_sn/activate_eval_cluster.sh
==========Running program evaluation 1/1...==========
==========Run 1/1 completed in 685.70 seconds==========
Correctness and error status saved to /home/ch2499/project/zc_sn/results_haiku/gen_17/results/correct.json
Metrics saved to /home/ch2499/project/zc_sn/results_haiku/gen_17/results/metrics.json
OK
{
  "combined_score": 0.876270162335467,
  "public": {
    "train_accuracy_mean": 0.8711,
    "train_accuracy_std": 0.0,
    "validation_accuracy_mean": 0.8733,
    "validation_accuracy_std": 0.0,
    "test_accuracy_mean": 0.8717,
    "test_accuracy_std": 0.0,
    "generalization_gap_mean": 0.0006,
    "validation_loss_mean": 0.4559,
    "test_loss_mean": 0.4464,
    "parameter_efficiency_mean": 0.019811,
    "n_params": 44,
    "depth_mean": 160.0,
    "gate_count_mean": 360.0,
    "score_uses_test": false,
    "convergence_step_mean": 180.0
  },
  "private": {
    "per_run_scores": [
      {
        "combined_score": 0.876270162335467,
        "primary_accuracy": 0.8733333333333333,
        "gap_score": 0.9984126984126982,
        "loss_score": 0.6868698653052293,
        "parameter_efficiency_score": 1.0,
        "convergence_score": 0.994
      }
    ],
    "per_run_test_accuracies": [
      0.8716666666666667
    ]
  },
  "text_feedback": "Combined score: 0.8763\nValidation accuracy mean: 0.8733\nTest accuracy mean: 0.8717\nTrain-test generalization gap mean: 0.0006\nValidation L2 loss mean: 0.4559\nParameters: 44, depth mean: 160.0, gate count mean: 360.0\nFitness uses validation metrics; test metrics are reported as holdout diagnostics.",
  "execution_time_mean": 685.7027856837958,
  "execution_time_std": 0.0,
  "num_valid_runs": 1,
  "num_invalid_runs": 0,
  "all_validation_errors": []
}
