Job running on a1114u28n01.mghpcc.ycrc.yale.edu under Slurm job 23103712
Activating sourced environment: /home/ch2499/project/transfer_sn/activate_eval_cluster.sh
==========Running program evaluation 1/1...==========
==========Run 1/1 completed in 697.69 seconds==========
Correctness and error status saved to /home/ch2499/project/transfer_sn/results_frw3_weak_r7/gen_6/results/correct.json
Metrics saved to /home/ch2499/project/transfer_sn/results_frw3_weak_r7/gen_6/results/metrics.json
OK
{
  "combined_score": 0.44771504252627536,
  "public": {
    "combined_score_raw": 0.8965,
    "train_accuracy_mean": 0.9089,
    "train_accuracy_std": 0.0,
    "validation_accuracy_mean": 0.9,
    "validation_accuracy_std": 0.0,
    "test_accuracy_mean": 0.9017,
    "test_accuracy_std": 0.0,
    "generalization_gap_mean": 0.0072,
    "validation_loss_mean": 0.3737,
    "test_loss_mean": 0.36,
    "parameter_efficiency_mean": 0.034679,
    "n_params": 26,
    "depth_mean": 99.0,
    "gate_count_mean": 348.0,
    "score_uses_test": false,
    "convergence_step_mean": 270.0
  },
  "private": {
    "per_run_scores": [
      {
        "combined_score": 0.8965355129448128,
        "primary_accuracy": 0.9,
        "gap_score": 0.9793650793650793,
        "loss_score": 0.7279457476744137,
        "parameter_efficiency_score": 1.0,
        "convergence_score": 0.991
      }
    ],
    "per_run_test_accuracies": [
      0.9016666666666666
    ]
  },
  "text_feedback": "Combined score: 0.4477\nScore scale: 0.0 = the seed program, 1.0 = the best solution found so far on this task. Negative means worse than the seed.\nValidation accuracy mean: 0.9000\nTest accuracy mean: 0.9017\nTrain-test generalization gap mean: 0.0072\nValidation L2 loss mean: 0.3737\nParameters: 26, depth mean: 99.0, gate count mean: 348.0\nFitness uses validation metrics; test metrics are reported as holdout diagnostics.",
  "execution_time_mean": 697.6881202459917,
  "execution_time_std": 0.0,
  "num_valid_runs": 1,
  "num_invalid_runs": 0,
  "all_validation_errors": []
}
