Job running on a1130u37n02.mghpcc.ycrc.yale.edu under Slurm job 19614263
Activating sourced environment: /home/ch2499/project/zc_sn/activate_eval_cluster.sh
==========Running program evaluation 1/1...==========
==========Run 1/1 completed in 1019.94 seconds==========
Correctness and error status saved to /home/ch2499/project/zc_sn/results_haiku/gen_68/results/correct.json
Metrics saved to /home/ch2499/project/zc_sn/results_haiku/gen_68/results/metrics.json
OK
{
  "combined_score": 0.9000833405828789,
  "public": {
    "train_accuracy_mean": 0.9356,
    "train_accuracy_std": 0.0,
    "validation_accuracy_mean": 0.92,
    "validation_accuracy_std": 0.0,
    "test_accuracy_mean": 0.9,
    "test_accuracy_std": 0.0,
    "generalization_gap_mean": 0.0356,
    "validation_loss_mean": 0.3367,
    "test_loss_mean": 0.3868,
    "parameter_efficiency_mean": 0.016071,
    "n_params": 56,
    "depth_mean": 174.0,
    "gate_count_mean": 372.0,
    "score_uses_test": false,
    "convergence_step_mean": 270.0
  },
  "private": {
    "per_run_scores": [
      {
        "combined_score": 0.9000833405828789,
        "primary_accuracy": 0.92,
        "gap_score": 0.8984126984126983,
        "loss_score": 0.7481058684361236,
        "parameter_efficiency_score": 1.0,
        "convergence_score": 0.991
      }
    ],
    "per_run_test_accuracies": [
      0.9
    ]
  },
  "text_feedback": "Combined score: 0.9001\nValidation accuracy mean: 0.9200\nTest accuracy mean: 0.9000\nTrain-test generalization gap mean: 0.0356\nValidation L2 loss mean: 0.3367\nParameters: 56, depth mean: 174.0, gate count mean: 372.0\nFitness uses validation metrics; test metrics are reported as holdout diagnostics.",
  "execution_time_mean": 1019.9432097161189,
  "execution_time_std": 0.0,
  "num_valid_runs": 1,
  "num_invalid_runs": 0,
  "all_validation_errors": []
}
