==========Running program evaluation 1/1...==========
{"batch_size": 10, "data_seed": 2027, "dataset": {"all_valid_unique_boards": {"class_counts": {"circle": 316, "cross": 626, "draw": 4536}, "total": 5478}, "overlap_train_test": 4, "overlap_train_validation": 1, "overlap_validation_test": 3, "test": {"class_counts": {"circle": 20, "cross": 20, "draw": 20}, "rows": 60, "unique_boards": 59}, "train": {"class_counts": {"circle": 20, "cross": 20, "draw": 20}, "rows": 60, "unique_boards": 59}, "validation": {"class_counts": {"circle": 15, "cross": 15, "draw": 15}, "rows": 45, "unique_boards": 44}}, "event": "start", "learning_rate": 0.03, "n_epochs": 3, "n_params": 72, "n_params_per_block": 12, "n_repeats": 2, "n_uploads": 3, "seed": 1000, "steps_per_epoch": 3}
{"batch_loss": 7.1656697051343485, "epoch": 1, "event": "epoch", "global_step": 3, "test_accuracy": 0.36666666666666664, "test_loss": 6.182158089034868, "train_accuracy": 0.3, "train_loss": 6.084392709862022, "validation_accuracy": 0.4, "validation_loss": 5.783534786630067}
{"batch_loss": 4.380238145546713, "epoch": 2, "event": "epoch", "global_step": 6, "test_accuracy": 0.38333333333333336, "test_loss": 3.9870411071689174, "train_accuracy": 0.3, "train_loss": 4.008639570071043, "validation_accuracy": 0.4, "validation_loss": 3.521045262966462}
{"batch_loss": 3.001899782441543, "epoch": 3, "event": "epoch", "global_step": 9, "test_accuracy": 0.38333333333333336, "test_loss": 3.0567735350399565, "train_accuracy": 0.3, "train_loss": 3.2968229093056394, "validation_accuracy": 0.37777777777777777, "validation_loss": 2.762110775990811}
{"convergence_epoch": null, "convergence_step": null, "convergence_threshold": 0.9, "depth": 70, "event": "final", "gate_count": 261, "generalization_gap": 0.08333333333333337, "history_tail": [{"batch_loss": 7.1656697051343485, "epoch": 1, "event": "epoch", "global_step": 3, "test_accuracy": 0.36666666666666664, "test_loss": 6.182158089034868, "train_accuracy": 0.3, "train_loss": 6.084392709862022, "validation_accuracy": 0.4, "validation_loss": 5.783534786630067}, {"batch_loss": 4.380238145546713, "epoch": 2, "event": "epoch", "global_step": 6, "test_accuracy": 0.38333333333333336, "test_loss": 3.9870411071689174, "train_accuracy": 0.3, "train_loss": 4.008639570071043, "validation_accuracy": 0.4, "validation_loss": 3.521045262966462}, {"batch_loss": 3.001899782441543, "epoch": 3, "event": "epoch", "global_step": 9, "test_accuracy": 0.38333333333333336, "test_loss": 3.0567735350399565, "train_accuracy": 0.3, "train_loss": 3.2968229093056394, "validation_accuracy": 0.37777777777777777, "validation_loss": 2.762110775990811}], "max_steps": 9, "n_params": 72, "n_params_per_block": 12, "n_qubits": 9, "n_repeats": 2, "n_uploads": 3, "operations": [["RX", [0]], ["RX", [1]], ["RX", [2]], ["RX", [3]], ["RX", [4]], ["RX", [5]], ["RX", [6]], ["RX", [7]], ["RX", [8]], ["RZ", [0]], ["RZ", [2]], ["RZ", [4]], ["RZ", [6]], ["RZ", [1]], ["RZ", [3]], ["RZ", [5]], ["RZ", [7]], ["RZ", [8]], ["RY", [0]], ["RY", [2]], ["RY", [4]], ["RY", [6]], ["RY", [1]], ["RY", [3]], ["RY", [5]], ["RY", [7]], ["RY", [8]], ["CRX", [0, 1]], ["CRX", [1, 2]], ["CRX", [2, 3]], ["CRX", [3, 4]], ["CRX", [4, 5]], ["CRX", [5, 6]], ["CRX", [6, 7]], ["CRX", [7, 0]], ["CRZ", [8, 1]], ["CRZ", [8, 5]], ["CRY", [8, 3]], ["CRY", [8, 7]], ["RZ", [0]], ["RZ", [2]], ["RZ", [4]], ["RZ", [6]], ["RZ", [1]], ["RZ", [3]], ["RZ", [5]], ["RZ", [7]], ["RZ", [8]], ["RZ", [0]], ["RZ", [2]], ["RZ", [4]], ["RZ", [6]], ["RZ", [1]], ["RZ", [3]], ["RZ", [5]], ["RZ", [7]], ["RZ", [8]], ["RY", [0]], ["RY", [2]], ["RY", [4]], ["RY", [6]], ["RY", [1]], ["RY", [3]], ["RY", [5]], ["RY", [7]], ["RY", [8]], ["CRX", [0, 1]], ["CRX", [1, 2]], ["CRX", [2, 3]], ["CRX", [3, 4]], ["CRX", [4, 5]], ["CRX", [5, 6]], ["CRX", [6, 7]], ["CRX", [7, 0]], ["CRZ", [8, 1]], ["CRZ", [8, 5]], ["CRY", [8, 3]], ["CRY", [8, 7]], ["RZ", [0]], ["RZ", [2]], ["RZ", [4]], ["RZ", [6]], ["RZ", [1]], ["RZ", [3]], ["RZ", [5]], ["RZ", [7]], ["RZ", [8]], ["RX", [0]], ["RX", [1]], ["RX", [2]], ["RX", [3]], ["RX", [4]], ["RX", [5]], ["RX", [6]], ["RX", [7]], ["RX", [8]], ["RZ", [0]], ["RZ", [2]], ["RZ", [4]], ["RZ", [6]], ["RZ", [1]], ["RZ", [3]], ["RZ", [5]], ["RZ", [7]], ["RZ", [8]], ["RY", [0]], ["RY", [2]], ["RY", [4]], ["RY", [6]], ["RY", [1]], ["RY", [3]], ["RY", [5]], ["RY", [7]], ["RY", [8]], ["CRX", [0, 1]], ["CRX", [1, 2]], ["CRX", [2, 3]], ["CRX", [3, 4]], ["CRX", [4, 5]], ["CRX", [5, 6]], ["CRX", [6, 7]], ["CRX", [7, 0]], ["CRZ", [8, 1]], ["CRZ", [8, 5]], ["CRY", [8, 3]], ["CRY", [8, 7]], ["RZ", [0]], ["RZ", [2]], ["RZ", [4]], ["RZ", [6]], ["RZ", [1]], ["RZ", [3]], ["RZ", [5]], ["RZ", [7]], ["RZ", [8]], ["RZ", [0]], ["RZ", [2]], ["RZ", [4]], ["RZ", [6]], ["RZ", [1]], ["RZ", [3]], ["RZ", [5]], ["RZ", [7]], ["RZ", [8]], ["RY", [0]], ["RY", [2]], ["RY", [4]], ["RY", [6]], ["RY", [1]], ["RY", [3]], ["RY", [5]], ["RY", [7]], ["RY", [8]], ["CRX", [0, 1]], ["CRX", [1, 2]], ["CRX", [2, 3]], ["CRX", [3, 4]], ["CRX", [4, 5]], ["CRX", [5, 6]], ["CRX", [6, 7]], ["CRX", [7, 0]], ["CRZ", [8, 1]], ["CRZ", [8, 5]], ["CRY", [8, 3]], ["CRY", [8, 7]], ["RZ", [0]], ["RZ", [2]], ["RZ", [4]], ["RZ", [6]], ["RZ", [1]], ["RZ", [3]], ["RZ", [5]], ["RZ", [7]], ["RZ", [8]], ["RX", [0]], ["RX", [1]], ["RX", [2]], ["RX", [3]], ["RX", [4]], ["RX", [5]], ["RX", [6]], ["RX", [7]], ["RX", [8]], ["RZ", [0]], ["RZ", [2]], ["RZ", [4]], ["RZ", [6]], ["RZ", [1]], ["RZ", [3]], ["RZ", [5]], ["RZ", [7]], ["RZ", [8]], ["RY", [0]], ["RY", [2]], ["RY", [4]], ["RY", [6]], ["RY", [1]], ["RY", [3]], ["RY", [5]], ["RY", [7]], ["RY", [8]], ["CRX", [0, 1]], ["CRX", [1, 2]], ["CRX", [2, 3]], ["CRX", [3, 4]], ["CRX", [4, 5]], ["CRX", [5, 6]], ["CRX", [6, 7]], ["CRX", [7, 0]], ["CRZ", [8, 1]], ["CRZ", [8, 5]], ["CRY", [8, 3]], ["CRY", [8, 7]], ["RZ", [0]], ["RZ", [2]], ["RZ", [4]], ["RZ", [6]], ["RZ", [1]], ["RZ", [3]], ["RZ", [5]], ["RZ", [7]], ["RZ", [8]], ["RZ", [0]], ["RZ", [2]], ["RZ", [4]], ["RZ", [6]], ["RZ", [1]], ["RZ", [3]], ["RZ", [5]], ["RZ", [7]], ["RZ", [8]], ["RY", [0]], ["RY", [2]], ["RY", [4]], ["RY", [6]], ["RY", [1]], ["RY", [3]], ["RY", [5]], ["RY", [7]], ["RY", [8]], ["CRX", [0, 1]], ["CRX", [1, 2]], ["CRX", [2, 3]], ["CRX", [3, 4]], ["CRX", [4, 5]], ["CRX", [5, 6]], ["CRX", [6, 7]], ["CRX", [7, 0]], ["CRZ", [8, 1]], ["CRZ", [8, 5]], ["CRY", [8, 3]], ["CRY", [8, 7]], ["RZ", [0]], ["RZ", [2]], ["RZ", [4]], ["RZ", [6]], ["RZ", [1]], ["RZ", [3]], ["RZ", [5]], ["RZ", [7]], ["RZ", [8]]], "parameter_efficiency": 0.005324074074074075, "spec_valid": true, "test_accuracy": 0.38333333333333336, "test_loss": 3.0567735350399565, "train_accuracy": 0.3, "train_loss": 3.2968229093056394, "validation_accuracy": 0.37777777777777777, "validation_loss": 2.762110775990811}
==========Run 1/1 completed in 35.79 seconds==========
Correctness and error status saved to /home/chengyou1368/QuantumAnsatz/qml-ea/tic-tac-toe/results/ttt_qml_cli_20260605_124906/gen_95/results/correct.json
Metrics saved to /home/chengyou1368/QuantumAnsatz/qml-ea/tic-tac-toe/results/ttt_qml_cli_20260605_124906/gen_95/results/metrics.json
OK
{
  "combined_score": 0.4155458374182293,
  "public": {
    "train_accuracy_mean": 0.3,
    "train_accuracy_std": 0.0,
    "validation_accuracy_mean": 0.3778,
    "validation_accuracy_std": 0.0,
    "test_accuracy_mean": 0.3833,
    "test_accuracy_std": 0.0,
    "generalization_gap_mean": 0.0833,
    "validation_loss_mean": 2.7621,
    "test_loss_mean": 3.0568,
    "parameter_efficiency_mean": 0.005324,
    "n_params": 72,
    "depth_mean": 70.0,
    "gate_count_mean": 261.0,
    "score_uses_test": false,
    "convergence_step_mean": null
  },
  "private": {
    "per_run_scores": [
      {
        "combined_score": 0.4155458374182293,
        "primary_accuracy": 0.37777777777777777,
        "gap_score": 0.7619047619047618,
        "loss_score": 0.2658082282908414,
        "parameter_efficiency_score": 0.85,
        "convergence_score": 0.0
      }
    ],
    "per_run_test_accuracies": [
      0.38333333333333336
    ]
  },
  "text_feedback": "Combined score: 0.4155\nValidation accuracy mean: 0.3778\nTest accuracy mean: 0.3833\nTrain-test generalization gap mean: 0.0833\nValidation L2 loss mean: 2.7621\nParameters: 72, depth mean: 70.0, gate count mean: 261.0\nFitness uses validation metrics; test metrics are reported as holdout diagnostics.\nAccuracy is still low; explore more expressive local entanglement or rotation diversity.\nDid not reach convergence threshold 0.90 in these runs.",
  "execution_time_mean": 35.79048526200131,
  "execution_time_std": 0.0,
  "num_valid_runs": 1,
  "num_invalid_runs": 0,
  "all_validation_errors": []
}
