==========Running program evaluation 1/1...==========
{"batch_size": 10, "data_seed": 2027, "dataset": {"all_valid_unique_boards": {"class_counts": {"circle": 316, "cross": 626, "draw": 4536}, "total": 5478}, "overlap_train_test": 4, "overlap_train_validation": 1, "overlap_validation_test": 3, "test": {"class_counts": {"circle": 20, "cross": 20, "draw": 20}, "rows": 60, "unique_boards": 59}, "train": {"class_counts": {"circle": 20, "cross": 20, "draw": 20}, "rows": 60, "unique_boards": 59}, "validation": {"class_counts": {"circle": 15, "cross": 15, "draw": 15}, "rows": 45, "unique_boards": 44}}, "event": "start", "learning_rate": 0.03, "n_epochs": 3, "n_params": 78, "n_params_per_block": 13, "n_repeats": 2, "n_uploads": 3, "seed": 1000, "steps_per_epoch": 3}
{"batch_loss": 6.333735765889404, "epoch": 1, "event": "epoch", "global_step": 3, "test_accuracy": 0.3, "test_loss": 5.26509437508018, "train_accuracy": 0.35, "train_loss": 5.147409853259962, "validation_accuracy": 0.35555555555555557, "validation_loss": 5.337498136643495}
{"batch_loss": 3.0961786160501843, "epoch": 2, "event": "epoch", "global_step": 6, "test_accuracy": 0.4, "test_loss": 2.9477292653776157, "train_accuracy": 0.38333333333333336, "train_loss": 2.9515302212966374, "validation_accuracy": 0.4444444444444444, "validation_loss": 3.0427621316592006}
{"batch_loss": 3.2610847966598135, "epoch": 3, "event": "epoch", "global_step": 9, "test_accuracy": 0.4666666666666667, "test_loss": 2.7338099817992445, "train_accuracy": 0.4666666666666667, "train_loss": 2.7311937221894564, "validation_accuracy": 0.5111111111111111, "validation_loss": 2.7495602263199306}
{"convergence_epoch": null, "convergence_step": null, "convergence_threshold": 0.9, "depth": 132, "event": "final", "gate_count": 333, "generalization_gap": 0.0, "history_tail": [{"batch_loss": 6.333735765889404, "epoch": 1, "event": "epoch", "global_step": 3, "test_accuracy": 0.3, "test_loss": 5.26509437508018, "train_accuracy": 0.35, "train_loss": 5.147409853259962, "validation_accuracy": 0.35555555555555557, "validation_loss": 5.337498136643495}, {"batch_loss": 3.0961786160501843, "epoch": 2, "event": "epoch", "global_step": 6, "test_accuracy": 0.4, "test_loss": 2.9477292653776157, "train_accuracy": 0.38333333333333336, "train_loss": 2.9515302212966374, "validation_accuracy": 0.4444444444444444, "validation_loss": 3.0427621316592006}, {"batch_loss": 3.2610847966598135, "epoch": 3, "event": "epoch", "global_step": 9, "test_accuracy": 0.4666666666666667, "test_loss": 2.7338099817992445, "train_accuracy": 0.4666666666666667, "train_loss": 2.7311937221894564, "validation_accuracy": 0.5111111111111111, "validation_loss": 2.7495602263199306}], "max_steps": 9, "n_params": 78, "n_params_per_block": 13, "n_qubits": 9, "n_repeats": 2, "n_uploads": 3, "operations": [["RX", [0]], ["RX", [1]], ["RX", [2]], ["RX", [3]], ["RX", [4]], ["RX", [5]], ["RX", [6]], ["RX", [7]], ["RX", [8]], ["RY", [0]], ["RY", [2]], ["RY", [4]], ["RY", [6]], ["RY", [1]], ["RY", [3]], ["RY", [5]], ["RY", [7]], ["RY", [8]], ["CRY", [0, 1]], ["CRY", [2, 1]], ["CRY", [2, 3]], ["CRY", [4, 3]], ["CRY", [4, 5]], ["CRY", [6, 5]], ["CRY", [6, 7]], ["CRY", [0, 7]], ["CRZ", [0, 1]], ["CRZ", [2, 1]], ["CRZ", [2, 3]], ["CRZ", [4, 3]], ["CRZ", [4, 5]], ["CRZ", [6, 5]], ["CRZ", [6, 7]], ["CRZ", [0, 7]], ["CRY", [1, 8]], ["CRY", [3, 8]], ["CRY", [5, 8]], ["CRY", [7, 8]], ["CRY", [8, 1]], ["CRY", [8, 3]], ["CRY", [8, 5]], ["CRY", [8, 7]], ["RY", [0]], ["RY", [2]], ["RY", [4]], ["RY", [6]], ["RY", [1]], ["RY", [3]], ["RY", [5]], ["RY", [7]], ["RY", [8]], ["RX", [0]], ["RX", [2]], ["RX", [4]], ["RX", [6]], ["RX", [1]], ["RX", [3]], ["RX", [5]], ["RX", [7]], ["RX", [8]], ["RY", [0]], ["RY", [2]], ["RY", [4]], ["RY", [6]], ["RY", [1]], ["RY", [3]], ["RY", [5]], ["RY", [7]], ["RY", [8]], ["CRY", [0, 1]], ["CRY", [2, 1]], ["CRY", [2, 3]], ["CRY", [4, 3]], ["CRY", [4, 5]], ["CRY", [6, 5]], ["CRY", [6, 7]], ["CRY", [0, 7]], ["CRZ", [0, 1]], ["CRZ", [2, 1]], ["CRZ", [2, 3]], ["CRZ", [4, 3]], ["CRZ", [4, 5]], ["CRZ", [6, 5]], ["CRZ", [6, 7]], ["CRZ", [0, 7]], ["CRY", [1, 8]], ["CRY", [3, 8]], ["CRY", [5, 8]], ["CRY", [7, 8]], ["CRY", [8, 1]], ["CRY", [8, 3]], ["CRY", [8, 5]], ["CRY", [8, 7]], ["RY", [0]], ["RY", [2]], ["RY", [4]], ["RY", [6]], ["RY", [1]], ["RY", [3]], ["RY", [5]], ["RY", [7]], ["RY", [8]], ["RX", [0]], ["RX", [2]], ["RX", [4]], ["RX", [6]], ["RX", [1]], ["RX", [3]], ["RX", [5]], ["RX", [7]], ["RX", [8]], ["RX", [0]], ["RX", [1]], ["RX", [2]], ["RX", [3]], ["RX", [4]], ["RX", [5]], ["RX", [6]], ["RX", [7]], ["RX", [8]], ["RY", [0]], ["RY", [2]], ["RY", [4]], ["RY", [6]], ["RY", [1]], ["RY", [3]], ["RY", [5]], ["RY", [7]], ["RY", [8]], ["CRY", [0, 1]], ["CRY", [2, 1]], ["CRY", [2, 3]], ["CRY", [4, 3]], ["CRY", [4, 5]], ["CRY", [6, 5]], ["CRY", [6, 7]], ["CRY", [0, 7]], ["CRZ", [0, 1]], ["CRZ", [2, 1]], ["CRZ", [2, 3]], ["CRZ", [4, 3]], ["CRZ", [4, 5]], ["CRZ", [6, 5]], ["CRZ", [6, 7]], ["CRZ", [0, 7]], ["CRY", [1, 8]], ["CRY", [3, 8]], ["CRY", [5, 8]], ["CRY", [7, 8]], ["CRY", [8, 1]], ["CRY", [8, 3]], ["CRY", [8, 5]], ["CRY", [8, 7]], ["RY", [0]], ["RY", [2]], ["RY", [4]], ["RY", [6]], ["RY", [1]], ["RY", [3]], ["RY", [5]], ["RY", [7]], ["RY", [8]], ["RX", [0]], ["RX", [2]], ["RX", [4]], ["RX", [6]], ["RX", [1]], ["RX", [3]], ["RX", [5]], ["RX", [7]], ["RX", [8]], ["RY", [0]], ["RY", [2]], ["RY", [4]], ["RY", [6]], ["RY", [1]], ["RY", [3]], ["RY", [5]], ["RY", [7]], ["RY", [8]], ["CRY", [0, 1]], ["CRY", [2, 1]], ["CRY", [2, 3]], ["CRY", [4, 3]], ["CRY", [4, 5]], ["CRY", [6, 5]], ["CRY", [6, 7]], ["CRY", [0, 7]], ["CRZ", [0, 1]], ["CRZ", [2, 1]], ["CRZ", [2, 3]], ["CRZ", [4, 3]], ["CRZ", [4, 5]], ["CRZ", [6, 5]], ["CRZ", [6, 7]], ["CRZ", [0, 7]], ["CRY", [1, 8]], ["CRY", [3, 8]], ["CRY", [5, 8]], ["CRY", [7, 8]], ["CRY", [8, 1]], ["CRY", [8, 3]], ["CRY", [8, 5]], ["CRY", [8, 7]], ["RY", [0]], ["RY", [2]], ["RY", [4]], ["RY", [6]], ["RY", [1]], ["RY", [3]], ["RY", [5]], ["RY", [7]], ["RY", [8]], ["RX", [0]], ["RX", [2]], ["RX", [4]], ["RX", [6]], ["RX", [1]], ["RX", [3]], ["RX", [5]], ["RX", [7]], ["RX", [8]], ["RX", [0]], ["RX", [1]], ["RX", [2]], ["RX", [3]], ["RX", [4]], ["RX", [5]], ["RX", [6]], ["RX", [7]], ["RX", [8]], ["RY", [0]], ["RY", [2]], ["RY", [4]], ["RY", [6]], ["RY", [1]], ["RY", [3]], ["RY", [5]], ["RY", [7]], ["RY", [8]], ["CRY", [0, 1]], ["CRY", [2, 1]], ["CRY", [2, 3]], ["CRY", [4, 3]], ["CRY", [4, 5]], ["CRY", [6, 5]], ["CRY", [6, 7]], ["CRY", [0, 7]], ["CRZ", [0, 1]], ["CRZ", [2, 1]], ["CRZ", [2, 3]], ["CRZ", [4, 3]], ["CRZ", [4, 5]], ["CRZ", [6, 5]], ["CRZ", [6, 7]], ["CRZ", [0, 7]], ["CRY", [1, 8]], ["CRY", [3, 8]], ["CRY", [5, 8]], ["CRY", [7, 8]], ["CRY", [8, 1]], ["CRY", [8, 3]], ["CRY", [8, 5]], ["CRY", [8, 7]], ["RY", [0]], ["RY", [2]], ["RY", [4]], ["RY", [6]], ["RY", [1]], ["RY", [3]], ["RY", [5]], ["RY", [7]], ["RY", [8]], ["RX", [0]], ["RX", [2]], ["RX", [4]], ["RX", [6]], ["RX", [1]], ["RX", [3]], ["RX", [5]], ["RX", [7]], ["RX", [8]], ["RY", [0]], ["RY", [2]], ["RY", [4]], ["RY", [6]], ["RY", [1]], ["RY", [3]], ["RY", [5]], ["RY", [7]], ["RY", [8]], ["CRY", [0, 1]], ["CRY", [2, 1]], ["CRY", [2, 3]], ["CRY", [4, 3]], ["CRY", [4, 5]], ["CRY", [6, 5]], ["CRY", [6, 7]], ["CRY", [0, 7]], ["CRZ", [0, 1]], ["CRZ", [2, 1]], ["CRZ", [2, 3]], ["CRZ", [4, 3]], ["CRZ", [4, 5]], ["CRZ", [6, 5]], ["CRZ", [6, 7]], ["CRZ", [0, 7]], ["CRY", [1, 8]], ["CRY", [3, 8]], ["CRY", [5, 8]], ["CRY", [7, 8]], ["CRY", [8, 1]], ["CRY", [8, 3]], ["CRY", [8, 5]], ["CRY", [8, 7]], ["RY", [0]], ["RY", [2]], ["RY", [4]], ["RY", [6]], ["RY", [1]], ["RY", [3]], ["RY", [5]], ["RY", [7]], ["RY", [8]], ["RX", [0]], ["RX", [2]], ["RX", [4]], ["RX", [6]], ["RX", [1]], ["RX", [3]], ["RX", [5]], ["RX", [7]], ["RX", [8]]], "parameter_efficiency": 0.005982905982905983, "spec_valid": true, "test_accuracy": 0.4666666666666667, "test_loss": 2.7338099817992445, "train_accuracy": 0.4666666666666667, "train_loss": 2.7311937221894564, "validation_accuracy": 0.5111111111111111, "validation_loss": 2.7495602263199306}
==========Run 1/1 completed in 61.84 seconds==========
Correctness and error status saved to /home/chengyou1368/QuantumAnsatz/qml-ea/tic-tac-toe/results/ttt_qml_cli_20260618_121507/gen_21/results/correct.json
Metrics saved to /home/chengyou1368/QuantumAnsatz/qml-ea/tic-tac-toe/results/ttt_qml_cli_20260618_121507/gen_21/results/metrics.json
OK
{
  "combined_score": 0.5422269136916589,
  "public": {
    "train_accuracy_mean": 0.4667,
    "train_accuracy_std": 0.0,
    "validation_accuracy_mean": 0.5111,
    "validation_accuracy_std": 0.0,
    "test_accuracy_mean": 0.4667,
    "test_accuracy_std": 0.0,
    "generalization_gap_mean": 0.0,
    "validation_loss_mean": 2.7496,
    "test_loss_mean": 2.7338,
    "parameter_efficiency_mean": 0.005983,
    "n_params": 78,
    "depth_mean": 132.0,
    "gate_count_mean": 333.0,
    "score_uses_test": false,
    "convergence_step_mean": null
  },
  "private": {
    "per_run_scores": [
      {
        "combined_score": 0.5422269136916589,
        "primary_accuracy": 0.5111111111111111,
        "gap_score": 1.0,
        "loss_score": 0.2666979431295779,
        "parameter_efficiency_score": 1.0,
        "convergence_score": 0.0
      }
    ],
    "per_run_test_accuracies": [
      0.4666666666666667
    ]
  },
  "text_feedback": "Combined score: 0.5422\nValidation accuracy mean: 0.5111\nTest accuracy mean: 0.4667\nTrain-test generalization gap mean: 0.0000\nValidation L2 loss mean: 2.7496\nParameters: 78, depth mean: 132.0, gate count mean: 333.0\nFitness uses validation metrics; test metrics are reported as holdout diagnostics.\nAccuracy is still low; explore more expressive local entanglement or rotation diversity.\nDid not reach convergence threshold 0.90 in these runs.",
  "execution_time_mean": 61.842756676000135,
  "execution_time_std": 0.0,
  "num_valid_runs": 1,
  "num_invalid_runs": 0,
  "all_validation_errors": []
}
