Job running on a1114u30n01.mghpcc.ycrc.yale.edu under Slurm job 23103716
Activating sourced environment: /home/ch2499/project/transfer_sn/activate_eval_cluster.sh
==========Running program evaluation 1/1...==========
==========Run 1/1 completed in 1383.73 seconds==========
Correctness and error status saved to /home/ch2499/project/transfer_sn/results_frw3_weak_r8/gen_6/results/correct.json
Metrics saved to /home/ch2499/project/transfer_sn/results_frw3_weak_r8/gen_6/results/metrics.json
OK
{
  "combined_score": 0.3857960634590233,
  "public": {
    "combined_score_raw": 0.8907,
    "train_accuracy_mean": 0.9133,
    "train_accuracy_std": 0.0,
    "validation_accuracy_mean": 0.89,
    "validation_accuracy_std": 0.0,
    "test_accuracy_mean": 0.9,
    "test_accuracy_std": 0.0,
    "generalization_gap_mean": 0.0133,
    "validation_loss_mean": 0.3567,
    "test_loss_mean": 0.3574,
    "parameter_efficiency_mean": 0.023684,
    "n_params": 38,
    "depth_mean": 153.0,
    "gate_count_mean": 444.0,
    "score_uses_test": false,
    "convergence_step_mean": 270.0
  },
  "private": {
    "per_run_scores": [
      {
        "combined_score": 0.8907310793352378,
        "primary_accuracy": 0.89,
        "gap_score": 0.9619047619047619,
        "loss_score": 0.7370802114412672,
        "parameter_efficiency_score": 1.0,
        "convergence_score": 0.991
      }
    ],
    "per_run_test_accuracies": [
      0.9
    ]
  },
  "text_feedback": "Combined score: 0.3858\nScore scale: 0.0 = the seed program, 1.0 = the best solution found so far on this task. Negative means worse than the seed.\nValidation accuracy mean: 0.8900\nTest accuracy mean: 0.9000\nTrain-test generalization gap mean: 0.0133\nValidation L2 loss mean: 0.3567\nParameters: 38, depth mean: 153.0, gate count mean: 444.0\nFitness uses validation metrics; test metrics are reported as holdout diagnostics.",
  "execution_time_mean": 1383.7264661891386,
  "execution_time_std": 0.0,
  "num_valid_runs": 1,
  "num_invalid_runs": 0,
  "all_validation_errors": []
}
