Job running on a1130u11n03.mghpcc.ycrc.yale.edu under Slurm job 19501469
Activating sourced environment: /home/ch2499/project/transfer_sn/activate_eval_cluster.sh
==========Running program evaluation 1/1...==========
==========Run 1/1 completed in 1479.64 seconds==========
Correctness and error status saved to /home/ch2499/project/transfer_sn/results_gpt56sol_r2/gen_48/results/correct.json
Metrics saved to /home/ch2499/project/transfer_sn/results_gpt56sol_r2/gen_48/results/metrics.json
OK
{
  "combined_score": 0.9322617717237706,
  "public": {
    "train_accuracy_mean": 0.9778,
    "train_accuracy_std": 0.0,
    "validation_accuracy_mean": 0.95,
    "validation_accuracy_std": 0.0,
    "test_accuracy_mean": 0.955,
    "test_accuracy_std": 0.0,
    "generalization_gap_mean": 0.0228,
    "validation_loss_mean": 0.2553,
    "test_loss_mean": 0.2521,
    "parameter_efficiency_mean": 0.029844,
    "n_params": 32,
    "depth_mean": 147.0,
    "gate_count_mean": 450.0,
    "score_uses_test": false,
    "convergence_step_mean": 150.0
  },
  "private": {
    "per_run_scores": [
      {
        "combined_score": 0.9322617717237706,
        "primary_accuracy": 0.95,
        "gap_score": 0.9349206349206349,
        "loss_score": 0.7966393247193173,
        "parameter_efficiency_score": 1.0,
        "convergence_score": 0.995
      }
    ],
    "per_run_test_accuracies": [
      0.955
    ]
  },
  "text_feedback": "Combined score: 0.9323\nValidation accuracy mean: 0.9500\nTest accuracy mean: 0.9550\nTrain-test generalization gap mean: 0.0228\nValidation L2 loss mean: 0.2553\nParameters: 32, depth mean: 147.0, gate count mean: 450.0\nFitness uses validation metrics; test metrics are reported as holdout diagnostics.",
  "execution_time_mean": 1479.6379041811451,
  "execution_time_std": 0.0,
  "num_valid_runs": 1,
  "num_invalid_runs": 0,
  "all_validation_errors": []
}
