Job running on a1114u32n01.mghpcc.ycrc.yale.edu under Slurm job 23103779
Activating sourced environment: /home/ch2499/project/transfer_sn/activate_eval_cluster.sh
==========Running program evaluation 1/1...==========
==========Run 1/1 completed in 596.10 seconds==========
Correctness and error status saved to /home/ch2499/project/transfer_sn/results_frw3_weak_r1/gen_7/results/correct.json
Metrics saved to /home/ch2499/project/transfer_sn/results_frw3_weak_r1/gen_7/results/metrics.json
OK
{
  "combined_score": -1.021461579269537,
  "public": {
    "combined_score_raw": 0.7588,
    "train_accuracy_mean": 0.8733,
    "train_accuracy_std": 0.0,
    "validation_accuracy_mean": 0.8333,
    "validation_accuracy_std": 0.0,
    "test_accuracy_mean": 0.7917,
    "test_accuracy_std": 0.0,
    "generalization_gap_mean": 0.0817,
    "validation_loss_mean": 0.5032,
    "test_loss_mean": 0.5686,
    "parameter_efficiency_mean": 0.005208,
    "n_params": 152,
    "depth_mean": 99.0,
    "gate_count_mean": 342.0,
    "score_uses_test": false,
    "convergence_step_mean": null
  },
  "private": {
    "per_run_scores": [
      {
        "combined_score": 0.7588113726179622,
        "primary_accuracy": 0.8333333333333334,
        "gap_score": 0.7666666666666666,
        "loss_score": 0.6652629519560047,
        "parameter_efficiency_score": 0.8004385964912281,
        "convergence_score": 0.0
      }
    ],
    "per_run_test_accuracies": [
      0.7916666666666666
    ]
  },
  "text_feedback": "Combined score: -1.0215\nScore scale: 0.0 = the seed program, 1.0 = the best solution found so far on this task. Negative means worse than the seed.\nValidation accuracy mean: 0.8333\nTest accuracy mean: 0.7917\nTrain-test generalization gap mean: 0.0817\nValidation L2 loss mean: 0.5032\nParameters: 152, depth mean: 99.0, gate count mean: 342.0\nFitness uses validation metrics; test metrics are reported as holdout diagnostics.\nParameter count exceeds the seed; added accuracy must justify the complexity.\nDid not reach the convergence threshold in these runs.",
  "execution_time_mean": 596.1020819637924,
  "execution_time_std": 0.0,
  "num_valid_runs": 1,
  "num_invalid_runs": 0,
  "all_validation_errors": []
}
