Job running on a1132u24n04.mghpcc.ycrc.yale.edu under Slurm job 19607536
Activating sourced environment: /home/ch2499/project/zc_sn/activate_eval_cluster.sh
==========Running program evaluation 1/1...==========
==========Run 1/1 completed in 854.24 seconds==========
Correctness and error status saved to /home/ch2499/project/zc_sn/results_gpt56sol/gen_66/results/correct.json
Metrics saved to /home/ch2499/project/zc_sn/results_gpt56sol/gen_66/results/metrics.json
OK
{
  "combined_score": 0.8638421002919832,
  "public": {
    "train_accuracy_mean": 0.9422,
    "train_accuracy_std": 0.0,
    "validation_accuracy_mean": 0.88,
    "validation_accuracy_std": 0.0,
    "test_accuracy_mean": 0.895,
    "test_accuracy_std": 0.0,
    "generalization_gap_mean": 0.0472,
    "validation_loss_mean": 0.4385,
    "test_loss_mean": 0.4386,
    "parameter_efficiency_mean": 0.006393,
    "n_params": 140,
    "depth_mean": 120.0,
    "gate_count_mean": 390.0,
    "score_uses_test": false,
    "convergence_step_mean": 180.0
  },
  "private": {
    "per_run_scores": [
      {
        "combined_score": 0.8638421002919832,
        "primary_accuracy": 0.88,
        "gap_score": 0.8650793650793652,
        "loss_score": 0.6951483934809459,
        "parameter_efficiency_score": 0.9177142857142856,
        "convergence_score": 0.994
      }
    ],
    "per_run_test_accuracies": [
      0.895
    ]
  },
  "text_feedback": "Combined score: 0.8638\nValidation accuracy mean: 0.8800\nTest accuracy mean: 0.8950\nTrain-test generalization gap mean: 0.0472\nValidation L2 loss mean: 0.4385\nParameters: 140, depth mean: 120.0, gate count mean: 390.0\nFitness uses validation metrics; test metrics are reported as holdout diagnostics.",
  "execution_time_mean": 854.2420258969069,
  "execution_time_std": 0.0,
  "num_valid_runs": 1,
  "num_invalid_runs": 0,
  "all_validation_errors": []
}
