Job running on a1132u31n01.mghpcc.ycrc.yale.edu under Slurm job 19593014
Activating sourced environment: /home/ch2499/project/zc_ttt/activate_eval_cluster.sh
==========Running program evaluation 1/1...==========
==========Run 1/1 completed in 538.46 seconds==========
Correctness and error status saved to /home/ch2499/project/zc_ttt/results_gpt56sol/gen_9/results/correct.json
Metrics saved to /home/ch2499/project/zc_ttt/results_gpt56sol/gen_9/results/metrics.json
OK
{
  "combined_score": 0.5073014591806512,
  "public": {
    "train_accuracy_mean": 0.5089,
    "train_accuracy_std": 0.0,
    "validation_accuracy_mean": 0.4833,
    "validation_accuracy_std": 0.0,
    "test_accuracy_mean": 0.4417,
    "test_accuracy_std": 0.0,
    "generalization_gap_mean": 0.0672,
    "validation_loss_mean": 2.4439,
    "test_loss_mean": 2.5218,
    "parameter_efficiency_mean": 0.008179,
    "n_params": 54,
    "depth_mean": 33.0,
    "gate_count_mean": 129.0,
    "score_uses_test": false,
    "convergence_step_mean": null
  },
  "private": {
    "per_run_scores": [
      {
        "combined_score": 0.5073014591806512,
        "primary_accuracy": 0.48333333333333334,
        "gap_score": 0.8079365079365081,
        "loss_score": 0.2903695162307962,
        "parameter_efficiency_score": 1.0,
        "convergence_score": 0.0
      }
    ],
    "per_run_test_accuracies": [
      0.44166666666666665
    ]
  },
  "text_feedback": "Combined score: 0.5073\nValidation accuracy mean: 0.4833\nTest accuracy mean: 0.4417\nTrain-test generalization gap mean: 0.0672\nValidation L2 loss mean: 2.4439\nParameters: 54, depth mean: 33.0, gate count mean: 129.0\nFitness uses validation metrics; test metrics are reported as holdout diagnostics.\nAccuracy is still low; explore more expressive entanglement or richer gate structure.\nDid not reach convergence threshold 0.90 in these runs.",
  "execution_time_mean": 538.4622751320712,
  "execution_time_std": 0.0,
  "num_valid_runs": 1,
  "num_invalid_runs": 0,
  "all_validation_errors": []
}
