Job running on a1132u22n04.mghpcc.ycrc.yale.edu under Slurm job 19606056
Activating sourced environment: /home/ch2499/project/zc_sn/activate_eval_cluster.sh
==========Running program evaluation 1/1...==========
==========Run 1/1 completed in 1954.69 seconds==========
Correctness and error status saved to /home/ch2499/project/zc_sn/results_sonnet/gen_50/results/correct.json
Metrics saved to /home/ch2499/project/zc_sn/results_sonnet/gen_50/results/metrics.json
OK
{
  "combined_score": 0.8748294678113808,
  "public": {
    "train_accuracy_mean": 0.9178,
    "train_accuracy_std": 0.0,
    "validation_accuracy_mean": 0.8767,
    "validation_accuracy_std": 0.0,
    "test_accuracy_mean": 0.8933,
    "test_accuracy_std": 0.0,
    "generalization_gap_mean": 0.0244,
    "validation_loss_mean": 0.4225,
    "test_loss_mean": 0.4336,
    "parameter_efficiency_mean": 0.007701,
    "n_params": 116,
    "depth_mean": 304.0,
    "gate_count_mean": 660.0,
    "score_uses_test": false,
    "convergence_step_mean": 150.0
  },
  "private": {
    "per_run_scores": [
      {
        "combined_score": 0.8748294678113808,
        "primary_accuracy": 0.8766666666666667,
        "gap_score": 0.93015873015873,
        "loss_score": 0.7029636478430675,
        "parameter_efficiency_score": 1.0,
        "convergence_score": 0.995
      }
    ],
    "per_run_test_accuracies": [
      0.8933333333333333
    ]
  },
  "text_feedback": "Combined score: 0.8748\nValidation accuracy mean: 0.8767\nTest accuracy mean: 0.8933\nTrain-test generalization gap mean: 0.0244\nValidation L2 loss mean: 0.4225\nParameters: 116, depth mean: 304.0, gate count mean: 660.0\nFitness uses validation metrics; test metrics are reported as holdout diagnostics.",
  "execution_time_mean": 1954.685317055788,
  "execution_time_std": 0.0,
  "num_valid_runs": 1,
  "num_invalid_runs": 0,
  "all_validation_errors": []
}
