Job running on a1114u29n01.mghpcc.ycrc.yale.edu under Slurm job 23103799
Activating sourced environment: /home/ch2499/project/transfer_sn/activate_eval_cluster.sh
==========Running program evaluation 1/1...==========
==========Run 1/1 completed in 687.74 seconds==========
Correctness and error status saved to /home/ch2499/project/transfer_sn/results_frw3_mid_r3/gen_7/results/correct.json
Metrics saved to /home/ch2499/project/transfer_sn/results_frw3_mid_r3/gen_7/results/metrics.json
OK
{
  "combined_score": 0.31736564499494374,
  "public": {
    "combined_score_raw": 0.8843,
    "train_accuracy_mean": 0.9244,
    "train_accuracy_std": 0.0,
    "validation_accuracy_mean": 0.9,
    "validation_accuracy_std": 0.0,
    "test_accuracy_mean": 0.895,
    "test_accuracy_std": 0.0,
    "generalization_gap_mean": 0.0294,
    "validation_loss_mean": 0.4328,
    "test_loss_mean": 0.4162,
    "parameter_efficiency_mean": 0.0179,
    "n_params": 50,
    "depth_mean": 105.0,
    "gate_count_mean": 372.0,
    "score_uses_test": false,
    "convergence_step_mean": 120.0
  },
  "private": {
    "per_run_scores": [
      {
        "combined_score": 0.8843162477790072,
        "primary_accuracy": 0.9,
        "gap_score": 0.9158730158730161,
        "loss_score": 0.697939006357402,
        "parameter_efficiency_score": 1.0,
        "convergence_score": 0.996
      }
    ],
    "per_run_test_accuracies": [
      0.895
    ]
  },
  "text_feedback": "Combined score: 0.3174\nScore scale: 0.0 = the seed program, 1.0 = the best solution found so far on this task. Negative means worse than the seed.\nValidation accuracy mean: 0.9000\nTest accuracy mean: 0.8950\nTrain-test generalization gap mean: 0.0294\nValidation L2 loss mean: 0.4328\nParameters: 50, depth mean: 105.0, gate count mean: 372.0\nFitness uses validation metrics; test metrics are reported as holdout diagnostics.",
  "execution_time_mean": 687.7368582673371,
  "execution_time_std": 0.0,
  "num_valid_runs": 1,
  "num_invalid_runs": 0,
  "all_validation_errors": []
}
