Job running on a1114u30n01.mghpcc.ycrc.yale.edu under Slurm job 19498721
Activating sourced environment: /home/ch2499/project/transfer_sn/activate_eval_cluster.sh
==========Running program evaluation 1/1...==========
==========Run 1/1 completed in 1514.04 seconds==========
Correctness and error status saved to /home/ch2499/project/transfer_sn/results_haiku_r2/gen_41/results/correct.json
Metrics saved to /home/ch2499/project/transfer_sn/results_haiku_r2/gen_41/results/metrics.json
OK
{
  "combined_score": 0.8860885381485498,
  "public": {
    "train_accuracy_mean": 0.9556,
    "train_accuracy_std": 0.0,
    "validation_accuracy_mean": 0.91,
    "validation_accuracy_std": 0.0,
    "test_accuracy_mean": 0.8967,
    "test_accuracy_std": 0.0,
    "generalization_gap_mean": 0.0589,
    "validation_loss_mean": 0.3505,
    "test_loss_mean": 0.3506,
    "parameter_efficiency_mean": 0.020379,
    "n_params": 44,
    "depth_mean": 198.0,
    "gate_count_mean": 462.0,
    "score_uses_test": false,
    "convergence_step_mean": 180.0
  },
  "private": {
    "per_run_scores": [
      {
        "combined_score": 0.8860885381485498,
        "primary_accuracy": 0.91,
        "gap_score": 0.8317460317460315,
        "loss_score": 0.7404738522072629,
        "parameter_efficiency_score": 1.0,
        "convergence_score": 0.994
      }
    ],
    "per_run_test_accuracies": [
      0.8966666666666666
    ]
  },
  "text_feedback": "Combined score: 0.8861\nValidation accuracy mean: 0.9100\nTest accuracy mean: 0.8967\nTrain-test generalization gap mean: 0.0589\nValidation L2 loss mean: 0.3505\nParameters: 44, depth mean: 198.0, gate count mean: 462.0\nFitness uses validation metrics; test metrics are reported as holdout diagnostics.",
  "execution_time_mean": 1514.0355203812942,
  "execution_time_std": 0.0,
  "num_valid_runs": 1,
  "num_invalid_runs": 0,
  "all_validation_errors": []
}
