Job running on a1130u22n02.mghpcc.ycrc.yale.edu under Slurm job 19604265
Activating sourced environment: /home/ch2499/project/zc_sn/activate_eval_cluster.sh
==========Running program evaluation 1/1...==========
==========Run 1/1 completed in 1017.70 seconds==========
Correctness and error status saved to /home/ch2499/project/zc_sn/results_sonnet/gen_38/results/correct.json
Metrics saved to /home/ch2499/project/zc_sn/results_sonnet/gen_38/results/metrics.json
OK
{
  "combined_score": 0.8639156339856211,
  "public": {
    "train_accuracy_mean": 0.9556,
    "train_accuracy_std": 0.0,
    "validation_accuracy_mean": 0.8833,
    "validation_accuracy_std": 0.0,
    "test_accuracy_mean": 0.8983,
    "test_accuracy_std": 0.0,
    "generalization_gap_mean": 0.0572,
    "validation_loss_mean": 0.4798,
    "test_loss_mean": 0.4455,
    "parameter_efficiency_mean": 0.007363,
    "n_params": 122,
    "depth_mean": 136.0,
    "gate_count_mean": 276.0,
    "score_uses_test": false,
    "convergence_step_mean": 90.0
  },
  "private": {
    "per_run_scores": [
      {
        "combined_score": 0.8639156339856211,
        "primary_accuracy": 0.8833333333333333,
        "gap_score": 0.8365079365079363,
        "loss_score": 0.6757814752480557,
        "parameter_efficiency_score": 1.0,
        "convergence_score": 0.997
      }
    ],
    "per_run_test_accuracies": [
      0.8983333333333333
    ]
  },
  "text_feedback": "Combined score: 0.8639\nValidation accuracy mean: 0.8833\nTest accuracy mean: 0.8983\nTrain-test generalization gap mean: 0.0572\nValidation L2 loss mean: 0.4798\nParameters: 122, depth mean: 136.0, gate count mean: 276.0\nFitness uses validation metrics; test metrics are reported as holdout diagnostics.",
  "execution_time_mean": 1017.7034476241097,
  "execution_time_std": 0.0,
  "num_valid_runs": 1,
  "num_invalid_runs": 0,
  "all_validation_errors": []
}
