Job running on a1130u22n02.mghpcc.ycrc.yale.edu under Slurm job 19605135
Activating sourced environment: /home/ch2499/project/zc_sn/activate_eval_cluster.sh
==========Running program evaluation 1/1...==========
==========Run 1/1 completed in 752.56 seconds==========
Correctness and error status saved to /home/ch2499/project/zc_sn/results_gpt56sol/gen_48/results/correct.json
Metrics saved to /home/ch2499/project/zc_sn/results_gpt56sol/gen_48/results/metrics.json
OK
{
  "combined_score": 0.8460859577923896,
  "public": {
    "train_accuracy_mean": 0.9533,
    "train_accuracy_std": 0.0,
    "validation_accuracy_mean": 0.8667,
    "validation_accuracy_std": 0.0,
    "test_accuracy_mean": 0.87,
    "test_accuracy_std": 0.0,
    "generalization_gap_mean": 0.0833,
    "validation_loss_mean": 0.4425,
    "test_loss_mean": 0.4713,
    "parameter_efficiency_mean": 0.007909,
    "n_params": 110,
    "depth_mean": 120.0,
    "gate_count_mean": 276.0,
    "score_uses_test": false,
    "convergence_step_mean": 510.0
  },
  "private": {
    "per_run_scores": [
      {
        "combined_score": 0.8460859577923896,
        "primary_accuracy": 0.8666666666666667,
        "gap_score": 0.7619047619047618,
        "loss_score": 0.6932238456000575,
        "parameter_efficiency_score": 1.0,
        "convergence_score": 0.983
      }
    ],
    "per_run_test_accuracies": [
      0.87
    ]
  },
  "text_feedback": "Combined score: 0.8461\nValidation accuracy mean: 0.8667\nTest accuracy mean: 0.8700\nTrain-test generalization gap mean: 0.0833\nValidation L2 loss mean: 0.4425\nParameters: 110, depth mean: 120.0, gate count mean: 276.0\nFitness uses validation metrics; test metrics are reported as holdout diagnostics.",
  "execution_time_mean": 752.5625104852952,
  "execution_time_std": 0.0,
  "num_valid_runs": 1,
  "num_invalid_runs": 0,
  "all_validation_errors": []
}
