Job running on a1114u32n01.mghpcc.ycrc.yale.edu under Slurm job 19604629
Activating sourced environment: /home/ch2499/project/zc_sn/activate_eval_cluster.sh
==========Running program evaluation 1/1...==========
==========Run 1/1 completed in 1526.30 seconds==========
Correctness and error status saved to /home/ch2499/project/zc_sn/results_haiku/gen_33/results/correct.json
Metrics saved to /home/ch2499/project/zc_sn/results_haiku/gen_33/results/metrics.json
OK
{
  "combined_score": 0.8992475870669993,
  "public": {
    "train_accuracy_mean": 0.9556,
    "train_accuracy_std": 0.0,
    "validation_accuracy_mean": 0.92,
    "validation_accuracy_std": 0.0,
    "test_accuracy_mean": 0.92,
    "test_accuracy_std": 0.0,
    "generalization_gap_mean": 0.0356,
    "validation_loss_mean": 0.3707,
    "test_loss_mean": 0.3559,
    "parameter_efficiency_mean": 0.0184,
    "n_params": 50,
    "depth_mean": 154.0,
    "gate_count_mean": 312.0,
    "score_uses_test": false,
    "convergence_step_mean": 300.0
  },
  "private": {
    "per_run_scores": [
      {
        "combined_score": 0.8992475870669993,
        "primary_accuracy": 0.92,
        "gap_score": 0.8984126984126983,
        "loss_score": 0.7295341783302592,
        "parameter_efficiency_score": 1.0,
        "convergence_score": 0.99
      }
    ],
    "per_run_test_accuracies": [
      0.92
    ]
  },
  "text_feedback": "Combined score: 0.8992\nValidation accuracy mean: 0.9200\nTest accuracy mean: 0.9200\nTrain-test generalization gap mean: 0.0356\nValidation L2 loss mean: 0.3707\nParameters: 50, depth mean: 154.0, gate count mean: 312.0\nFitness uses validation metrics; test metrics are reported as holdout diagnostics.",
  "execution_time_mean": 1526.3004485648125,
  "execution_time_std": 0.0,
  "num_valid_runs": 1,
  "num_invalid_runs": 0,
  "all_validation_errors": []
}
