Job running on a1114u27n01.mghpcc.ycrc.yale.edu under Slurm job 19592808
Activating sourced environment: /home/ch2499/project/zc_sn/activate_eval_cluster.sh
==========Running program evaluation 1/1...==========
==========Run 1/1 completed in 753.40 seconds==========
Correctness and error status saved to /home/ch2499/project/zc_sn/results_haiku/gen_2/results/correct.json
Metrics saved to /home/ch2499/project/zc_sn/results_haiku/gen_2/results/metrics.json
OK
{
  "combined_score": 0.8655986722614067,
  "public": {
    "train_accuracy_mean": 0.8511,
    "train_accuracy_std": 0.0,
    "validation_accuracy_mean": 0.86,
    "validation_accuracy_std": 0.0,
    "test_accuracy_mean": 0.8567,
    "test_accuracy_std": 0.0,
    "generalization_gap_mean": 0.0056,
    "validation_loss_mean": 0.4539,
    "test_loss_mean": 0.4385,
    "parameter_efficiency_mean": 0.022544,
    "n_params": 38,
    "depth_mean": 154.0,
    "gate_count_mean": 312.0,
    "score_uses_test": false,
    "convergence_step_mean": 180.0
  },
  "private": {
    "per_run_scores": [
      {
        "combined_score": 0.8655986722614067,
        "primary_accuracy": 0.86,
        "gap_score": 0.9841269841269842,
        "loss_score": 0.6877900902083204,
        "parameter_efficiency_score": 1.0,
        "convergence_score": 0.994
      }
    ],
    "per_run_test_accuracies": [
      0.8566666666666667
    ]
  },
  "text_feedback": "Combined score: 0.8656\nValidation accuracy mean: 0.8600\nTest accuracy mean: 0.8567\nTrain-test generalization gap mean: 0.0056\nValidation L2 loss mean: 0.4539\nParameters: 38, depth mean: 154.0, gate count mean: 312.0\nFitness uses validation metrics; test metrics are reported as holdout diagnostics.",
  "execution_time_mean": 753.3962276058737,
  "execution_time_std": 0.0,
  "num_valid_runs": 1,
  "num_invalid_runs": 0,
  "all_validation_errors": []
}
