Job running on a1132u22n04.mghpcc.ycrc.yale.edu under Slurm job 19603750
Activating sourced environment: /home/ch2499/project/zc_sn/activate_eval_cluster.sh
==========Running program evaluation 1/1...==========
==========Run 1/1 completed in 1127.88 seconds==========
Correctness and error status saved to /home/ch2499/project/zc_sn/results_haiku/gen_29/results/correct.json
Metrics saved to /home/ch2499/project/zc_sn/results_haiku/gen_29/results/metrics.json
OK
{
  "combined_score": 0.8902129853339082,
  "public": {
    "train_accuracy_mean": 0.9222,
    "train_accuracy_std": 0.0,
    "validation_accuracy_mean": 0.91,
    "validation_accuracy_std": 0.0,
    "test_accuracy_mean": 0.8867,
    "test_accuracy_std": 0.0,
    "generalization_gap_mean": 0.0356,
    "validation_loss_mean": 0.3796,
    "test_loss_mean": 0.3564,
    "parameter_efficiency_mean": 0.017733,
    "n_params": 50,
    "depth_mean": 154.0,
    "gate_count_mean": 312.0,
    "score_uses_test": false,
    "convergence_step_mean": 300.0
  },
  "private": {
    "per_run_scores": [
      {
        "combined_score": 0.8902129853339082,
        "primary_accuracy": 0.91,
        "gap_score": 0.8984126984126983,
        "loss_score": 0.7248590556652083,
        "parameter_efficiency_score": 1.0,
        "convergence_score": 0.99
      }
    ],
    "per_run_test_accuracies": [
      0.8866666666666667
    ]
  },
  "text_feedback": "Combined score: 0.8902\nValidation accuracy mean: 0.9100\nTest accuracy mean: 0.8867\nTrain-test generalization gap mean: 0.0356\nValidation L2 loss mean: 0.3796\nParameters: 50, depth mean: 154.0, gate count mean: 312.0\nFitness uses validation metrics; test metrics are reported as holdout diagnostics.",
  "execution_time_mean": 1127.8776104850695,
  "execution_time_std": 0.0,
  "num_valid_runs": 1,
  "num_invalid_runs": 0,
  "all_validation_errors": []
}
