Job running on a1132u33n03.mghpcc.ycrc.yale.edu under Slurm job 19599057
Activating sourced environment: /home/ch2499/project/zc_ttt/activate_eval_cluster.sh
==========Running program evaluation 1/1...==========
==========Run 1/1 completed in 1324.82 seconds==========
Correctness and error status saved to /home/ch2499/project/zc_ttt/results_sonnet/gen_10/results/correct.json
Metrics saved to /home/ch2499/project/zc_ttt/results_sonnet/gen_10/results/metrics.json
OK
{
  "combined_score": 0.5955667544577343,
  "public": {
    "train_accuracy_mean": 0.7022,
    "train_accuracy_std": 0.0,
    "validation_accuracy_mean": 0.6633,
    "validation_accuracy_std": 0.0,
    "test_accuracy_mean": 0.6083,
    "test_accuracy_std": 0.0,
    "generalization_gap_mean": 0.0939,
    "validation_loss_mean": 2.1188,
    "test_loss_mean": 2.2015,
    "parameter_efficiency_mean": 0.004056,
    "n_params": 150,
    "depth_mean": 41.0,
    "gate_count_mean": 207.0,
    "score_uses_test": false,
    "convergence_step_mean": null
  },
  "private": {
    "per_run_scores": [
      {
        "combined_score": 0.5955667544577343,
        "primary_accuracy": 0.6633333333333333,
        "gap_score": 0.7317460317460316,
        "loss_score": 0.32063973871293777,
        "parameter_efficiency_score": 0.7163999999999999,
        "convergence_score": 0.0
      }
    ],
    "per_run_test_accuracies": [
      0.6083333333333333
    ]
  },
  "text_feedback": "Combined score: 0.5956\nValidation accuracy mean: 0.6633\nTest accuracy mean: 0.6083\nTrain-test generalization gap mean: 0.0939\nValidation L2 loss mean: 2.1188\nParameters: 150, depth mean: 41.0, gate count mean: 207.0\nFitness uses validation metrics; test metrics are reported as holdout diagnostics.\nDid not reach convergence threshold 0.90 in these runs.",
  "execution_time_mean": 1324.8158101481386,
  "execution_time_std": 0.0,
  "num_valid_runs": 1,
  "num_invalid_runs": 0,
  "all_validation_errors": []
}
