Job running on a1130u37n02.mghpcc.ycrc.yale.edu under Slurm job 19597642
Activating sourced environment: /home/ch2499/project/zc_ttt/activate_eval_cluster.sh
==========Running program evaluation 1/1...==========
==========Run 1/1 completed in 4260.58 seconds==========
Correctness and error status saved to /home/ch2499/project/zc_ttt/results_sonnet/gen_8/results/correct.json
Metrics saved to /home/ch2499/project/zc_ttt/results_sonnet/gen_8/results/metrics.json
OK
{
  "combined_score": 0.6031546037160936,
  "public": {
    "train_accuracy_mean": 0.7467,
    "train_accuracy_std": 0.0,
    "validation_accuracy_mean": 0.7,
    "validation_accuracy_std": 0.0,
    "test_accuracy_mean": 0.6267,
    "test_accuracy_std": 0.0,
    "generalization_gap_mean": 0.12,
    "validation_loss_mean": 2.0981,
    "test_loss_mean": 2.2124,
    "parameter_efficiency_mean": 0.003481,
    "n_params": 180,
    "depth_mean": 41.0,
    "gate_count_mean": 207.0,
    "score_uses_test": false,
    "convergence_step_mean": null
  },
  "private": {
    "per_run_scores": [
      {
        "combined_score": 0.6031546037160936,
        "primary_accuracy": 0.7,
        "gap_score": 0.6571428571428571,
        "loss_score": 0.3227767231866565,
        "parameter_efficiency_score": 0.63,
        "convergence_score": 0.0
      }
    ],
    "per_run_test_accuracies": [
      0.6266666666666667
    ]
  },
  "text_feedback": "Combined score: 0.6032\nValidation accuracy mean: 0.7000\nTest accuracy mean: 0.6267\nTrain-test generalization gap mean: 0.1200\nValidation L2 loss mean: 2.0981\nParameters: 180, depth mean: 41.0, gate count mean: 207.0\nFitness uses validation metrics; test metrics are reported as holdout diagnostics.\nParameter count exceeds the seed; added accuracy must justify the complexity.\nDid not reach convergence threshold 0.90 in these runs.",
  "execution_time_mean": 4260.584369262215,
  "execution_time_std": 0.0,
  "num_valid_runs": 1,
  "num_invalid_runs": 0,
  "all_validation_errors": []
}
