Job running on a1132u37n01.mghpcc.ycrc.yale.edu under Slurm job 19626616
Activating sourced environment: /home/ch2499/project/zc_ttt/activate_eval_cluster.sh
==========Running program evaluation 1/1...==========
==========Run 1/1 completed in 1490.88 seconds==========
Correctness and error status saved to /home/ch2499/project/zc_ttt/results_sonnet/gen_67/results/correct.json
Metrics saved to /home/ch2499/project/zc_ttt/results_sonnet/gen_67/results/metrics.json
OK
{
  "combined_score": 0.6187914401586354,
  "public": {
    "train_accuracy_mean": 0.7333,
    "train_accuracy_std": 0.0,
    "validation_accuracy_mean": 0.71,
    "validation_accuracy_std": 0.0,
    "test_accuracy_mean": 0.6317,
    "test_accuracy_std": 0.0,
    "generalization_gap_mean": 0.1017,
    "validation_loss_mean": 2.0909,
    "test_loss_mean": 2.2211,
    "parameter_efficiency_mean": 0.003899,
    "n_params": 162,
    "depth_mean": 47.0,
    "gate_count_mean": 261.0,
    "score_uses_test": false,
    "convergence_step_mean": null
  },
  "private": {
    "per_run_scores": [
      {
        "combined_score": 0.6187914401586354,
        "primary_accuracy": 0.71,
        "gap_score": 0.7095238095238098,
        "loss_score": 0.3235302359782046,
        "parameter_efficiency_score": 0.71,
        "convergence_score": 0.0
      }
    ],
    "per_run_test_accuracies": [
      0.6316666666666667
    ]
  },
  "text_feedback": "Combined score: 0.6188\nValidation accuracy mean: 0.7100\nTest accuracy mean: 0.6317\nTrain-test generalization gap mean: 0.1017\nValidation L2 loss mean: 2.0909\nParameters: 162, depth mean: 47.0, gate count mean: 261.0\nFitness uses validation metrics; test metrics are reported as holdout diagnostics.\nDid not reach convergence threshold 0.90 in these runs.",
  "execution_time_mean": 1490.880882174708,
  "execution_time_std": 0.0,
  "num_valid_runs": 1,
  "num_invalid_runs": 0,
  "all_validation_errors": []
}
