Job running on a1114u30n01.mghpcc.ycrc.yale.edu under Slurm job 23104142
Activating sourced environment: /home/ch2499/project/transfer_sn/activate_eval_cluster.sh
==========Running program evaluation 1/1...==========
==========Run 1/1 completed in 710.51 seconds==========
Correctness and error status saved to /home/ch2499/project/transfer_sn/results_frw3_mid_r2/gen_7/results/correct.json
Metrics saved to /home/ch2499/project/transfer_sn/results_frw3_mid_r2/gen_7/results/metrics.json
OK
{
  "combined_score": 0.47547943271118986,
  "public": {
    "combined_score_raw": 0.8991,
    "train_accuracy_mean": 0.9111,
    "train_accuracy_std": 0.0,
    "validation_accuracy_mean": 0.91,
    "validation_accuracy_std": 0.0,
    "test_accuracy_mean": 0.9033,
    "test_accuracy_std": 0.0,
    "generalization_gap_mean": 0.0078,
    "validation_loss_mean": 0.4044,
    "test_loss_mean": 0.3984,
    "parameter_efficiency_mean": 0.028229,
    "n_params": 32,
    "depth_mean": 105.0,
    "gate_count_mean": 372.0,
    "score_uses_test": false,
    "convergence_step_mean": 270.0
  },
  "private": {
    "per_run_scores": [
      {
        "combined_score": 0.8991382134732507,
        "primary_accuracy": 0.91,
        "gap_score": 0.9777777777777777,
        "loss_score": 0.7120695713031533,
        "parameter_efficiency_score": 1.0,
        "convergence_score": 0.991
      }
    ],
    "per_run_test_accuracies": [
      0.9033333333333333
    ]
  },
  "text_feedback": "Combined score: 0.4755\nScore scale: 0.0 = the seed program, 1.0 = the best solution found so far on this task. Negative means worse than the seed.\nValidation accuracy mean: 0.9100\nTest accuracy mean: 0.9033\nTrain-test generalization gap mean: 0.0078\nValidation L2 loss mean: 0.4044\nParameters: 32, depth mean: 105.0, gate count mean: 372.0\nFitness uses validation metrics; test metrics are reported as holdout diagnostics.",
  "execution_time_mean": 710.5074754040688,
  "execution_time_std": 0.0,
  "num_valid_runs": 1,
  "num_invalid_runs": 0,
  "all_validation_errors": []
}
