Job running on a1132u31n02.mghpcc.ycrc.yale.edu under Slurm job 19624871
Activating sourced environment: /home/ch2499/project/zc_ttt/activate_eval_cluster.sh
==========Running program evaluation 1/1...==========
==========Run 1/1 completed in 2452.16 seconds==========
Correctness and error status saved to /home/ch2499/project/zc_ttt/results_sonnet/gen_62/results/correct.json
Metrics saved to /home/ch2499/project/zc_ttt/results_sonnet/gen_62/results/metrics.json
OK
{
  "combined_score": 0.5737500551779086,
  "public": {
    "train_accuracy_mean": 0.72,
    "train_accuracy_std": 0.0,
    "validation_accuracy_mean": 0.63,
    "validation_accuracy_std": 0.0,
    "test_accuracy_mean": 0.6133,
    "test_accuracy_std": 0.0,
    "generalization_gap_mean": 0.1067,
    "validation_loss_mean": 2.0963,
    "test_loss_mean": 2.2081,
    "parameter_efficiency_mean": 0.004089,
    "n_params": 150,
    "depth_mean": 41.0,
    "gate_count_mean": 207.0,
    "score_uses_test": false,
    "convergence_step_mean": null
  },
  "private": {
    "per_run_scores": [
      {
        "combined_score": 0.5737500551779086,
        "primary_accuracy": 0.63,
        "gap_score": 0.6952380952380952,
        "loss_score": 0.32296227261462807,
        "parameter_efficiency_score": 0.6804,
        "convergence_score": 0.0
      }
    ],
    "per_run_test_accuracies": [
      0.6133333333333333
    ]
  },
  "text_feedback": "Combined score: 0.5738\nValidation accuracy mean: 0.6300\nTest accuracy mean: 0.6133\nTrain-test generalization gap mean: 0.1067\nValidation L2 loss mean: 2.0963\nParameters: 150, depth mean: 41.0, gate count mean: 207.0\nFitness uses validation metrics; test metrics are reported as holdout diagnostics.\nDid not reach convergence threshold 0.90 in these runs.",
  "execution_time_mean": 2452.161286278162,
  "execution_time_std": 0.0,
  "num_valid_runs": 1,
  "num_invalid_runs": 0,
  "all_validation_errors": []
}
