Job running on a1132u24n04.mghpcc.ycrc.yale.edu under Slurm job 19514877
Activating sourced environment: /home/ch2499/project/transfer_sn/activate_eval_cluster.sh
==========Running program evaluation 1/1...==========
==========Run 1/1 completed in 1949.78 seconds==========
Correctness and error status saved to /home/ch2499/project/transfer_sn/results_haiku_r2/gen_60/results/correct.json
Metrics saved to /home/ch2499/project/transfer_sn/results_haiku_r2/gen_60/results/metrics.json
OK
{
  "combined_score": 0.9098180433351074,
  "public": {
    "train_accuracy_mean": 0.9244,
    "train_accuracy_std": 0.0,
    "validation_accuracy_mean": 0.9167,
    "validation_accuracy_std": 0.0,
    "test_accuracy_mean": 0.915,
    "test_accuracy_std": 0.0,
    "generalization_gap_mean": 0.0094,
    "validation_loss_mean": 0.3241,
    "test_loss_mean": 0.3572,
    "parameter_efficiency_mean": 0.035192,
    "n_params": 26,
    "depth_mean": 190.0,
    "gate_count_mean": 372.0,
    "score_uses_test": false,
    "convergence_step_mean": 120.0
  },
  "private": {
    "per_run_scores": [
      {
        "combined_score": 0.9098180433351074,
        "primary_accuracy": 0.9166666666666666,
        "gap_score": 0.9730158730158732,
        "loss_score": 0.7552525640329907,
        "parameter_efficiency_score": 1.0,
        "convergence_score": 0.996
      }
    ],
    "per_run_test_accuracies": [
      0.915
    ]
  },
  "text_feedback": "Combined score: 0.9098\nValidation accuracy mean: 0.9167\nTest accuracy mean: 0.9150\nTrain-test generalization gap mean: 0.0094\nValidation L2 loss mean: 0.3241\nParameters: 26, depth mean: 190.0, gate count mean: 372.0\nFitness uses validation metrics; test metrics are reported as holdout diagnostics.",
  "execution_time_mean": 1949.7847180850804,
  "execution_time_std": 0.0,
  "num_valid_runs": 1,
  "num_invalid_runs": 0,
  "all_validation_errors": []
}
