==========Running program evaluation 1/1...==========
{"batch_size": 10, "data_seed": 2027, "dataset": {"all_valid_unique_boards": {"class_counts": {"circle": 316, "cross": 626, "draw": 4536}, "total": 5478}, "overlap_train_test": 4, "overlap_train_validation": 1, "overlap_validation_test": 3, "test": {"class_counts": {"circle": 20, "cross": 20, "draw": 20}, "rows": 60, "unique_boards": 59}, "train": {"class_counts": {"circle": 20, "cross": 20, "draw": 20}, "rows": 60, "unique_boards": 59}, "validation": {"class_counts": {"circle": 15, "cross": 15, "draw": 15}, "rows": 45, "unique_boards": 44}}, "event": "start", "learning_rate": 0.03, "n_epochs": 3, "n_params": 78, "n_params_per_block": 13, "n_repeats": 2, "n_uploads": 3, "seed": 2000, "steps_per_epoch": 3}
{"batch_loss": 6.913235783075166, "epoch": 1, "event": "epoch", "global_step": 3, "test_accuracy": 0.4666666666666667, "test_loss": 5.41244304720459, "train_accuracy": 0.3333333333333333, "train_loss": 5.587605360702697, "validation_accuracy": 0.3333333333333333, "validation_loss": 5.583850354270336}
{"batch_loss": 4.047126142680479, "epoch": 2, "event": "epoch", "global_step": 6, "test_accuracy": 0.45, "test_loss": 3.0854364113741, "train_accuracy": 0.35, "train_loss": 3.2343632426406845, "validation_accuracy": 0.3333333333333333, "validation_loss": 3.320055111040353}
{"batch_loss": 3.2594000349802217, "epoch": 3, "event": "epoch", "global_step": 9, "test_accuracy": 0.38333333333333336, "test_loss": 2.9242670054914566, "train_accuracy": 0.26666666666666666, "train_loss": 2.925087940490072, "validation_accuracy": 0.28888888888888886, "validation_loss": 3.0866618395554806}
{"convergence_epoch": null, "convergence_step": null, "convergence_threshold": 0.9, "depth": 53, "event": "final", "gate_count": 315, "generalization_gap": 0.1166666666666667, "history_tail": [{"batch_loss": 6.913235783075166, "epoch": 1, "event": "epoch", "global_step": 3, "test_accuracy": 0.4666666666666667, "test_loss": 5.41244304720459, "train_accuracy": 0.3333333333333333, "train_loss": 5.587605360702697, "validation_accuracy": 0.3333333333333333, "validation_loss": 5.583850354270336}, {"batch_loss": 4.047126142680479, "epoch": 2, "event": "epoch", "global_step": 6, "test_accuracy": 0.45, "test_loss": 3.0854364113741, "train_accuracy": 0.35, "train_loss": 3.2343632426406845, "validation_accuracy": 0.3333333333333333, "validation_loss": 3.320055111040353}, {"batch_loss": 3.2594000349802217, "epoch": 3, "event": "epoch", "global_step": 9, "test_accuracy": 0.38333333333333336, "test_loss": 2.9242670054914566, "train_accuracy": 0.26666666666666666, "train_loss": 2.925087940490072, "validation_accuracy": 0.28888888888888886, "validation_loss": 3.0866618395554806}], "max_steps": 9, "n_params": 78, "n_params_per_block": 13, "n_qubits": 9, "n_repeats": 2, "n_uploads": 3, "operations": [["RX", [0]], ["RX", [1]], ["RX", [2]], ["RX", [3]], ["RX", [4]], ["RX", [5]], ["RX", [6]], ["RX", [7]], ["RX", [8]], ["RY", [0]], ["RY", [2]], ["RY", [4]], ["RY", [6]], ["RY", [1]], ["RY", [3]], ["RY", [5]], ["RY", [7]], ["RY", [8]], ["RZ", [0]], ["RZ", [2]], ["RZ", [4]], ["RZ", [6]], ["RZ", [1]], ["RZ", [3]], ["RZ", [5]], ["RZ", [7]], ["RZ", [8]], ["CRX", [0, 1]], ["CRX", [2, 3]], ["CRX", [4, 5]], ["CRX", [6, 7]], ["CRX", [1, 2]], ["CRX", [3, 4]], ["CRX", [5, 6]], ["CRX", [7, 0]], ["CRY", [1, 8]], ["CRY", [3, 8]], ["CRY", [5, 8]], ["CRY", [7, 8]], ["RX", [0]], ["RX", [1]], ["RX", [2]], ["RX", [3]], ["RX", [4]], ["RX", [5]], ["RX", [6]], ["RX", [7]], ["RX", [8]], ["RZ", [0]], ["RZ", [1]], ["RZ", [2]], ["RZ", [3]], ["RZ", [4]], ["RZ", [5]], ["RZ", [6]], ["RZ", [7]], ["RZ", [8]], ["RY", [0]], ["RY", [2]], ["RY", [4]], ["RY", [6]], ["RY", [1]], ["RY", [3]], ["RY", [5]], ["RY", [7]], ["RY", [8]], ["RZ", [0]], ["RZ", [2]], ["RZ", [4]], ["RZ", [6]], ["RZ", [1]], ["RZ", [3]], ["RZ", [5]], ["RZ", [7]], ["RZ", [8]], ["CRX", [0, 1]], ["CRX", [2, 3]], ["CRX", [4, 5]], ["CRX", [6, 7]], ["CRX", [1, 2]], ["CRX", [3, 4]], ["CRX", [5, 6]], ["CRX", [7, 0]], ["CRY", [1, 8]], ["CRY", [3, 8]], ["CRY", [5, 8]], ["CRY", [7, 8]], ["RX", [0]], ["RX", [1]], ["RX", [2]], ["RX", [3]], ["RX", [4]], ["RX", [5]], ["RX", [6]], ["RX", [7]], ["RX", [8]], ["RZ", [0]], ["RZ", [1]], ["RZ", [2]], ["RZ", [3]], ["RZ", [4]], ["RZ", [5]], ["RZ", [6]], ["RZ", [7]], ["RZ", [8]], ["RX", [0]], ["RX", [1]], ["RX", [2]], ["RX", [3]], ["RX", [4]], ["RX", [5]], ["RX", [6]], ["RX", [7]], ["RX", [8]], ["RY", [0]], ["RY", [2]], ["RY", [4]], ["RY", [6]], ["RY", [1]], ["RY", [3]], ["RY", [5]], ["RY", [7]], ["RY", [8]], ["RZ", [0]], ["RZ", [2]], ["RZ", [4]], ["RZ", [6]], ["RZ", [1]], ["RZ", [3]], ["RZ", [5]], ["RZ", [7]], ["RZ", [8]], ["CRX", [0, 1]], ["CRX", [2, 3]], ["CRX", [4, 5]], ["CRX", [6, 7]], ["CRX", [1, 2]], ["CRX", [3, 4]], ["CRX", [5, 6]], ["CRX", [7, 0]], ["CRY", [1, 8]], ["CRY", [3, 8]], ["CRY", [5, 8]], ["CRY", [7, 8]], ["RX", [0]], ["RX", [1]], ["RX", [2]], ["RX", [3]], ["RX", [4]], ["RX", [5]], ["RX", [6]], ["RX", [7]], ["RX", [8]], ["RZ", [0]], ["RZ", [1]], ["RZ", [2]], ["RZ", [3]], ["RZ", [4]], ["RZ", [5]], ["RZ", [6]], ["RZ", [7]], ["RZ", [8]], ["RY", [0]], ["RY", [2]], ["RY", [4]], ["RY", [6]], ["RY", [1]], ["RY", [3]], ["RY", [5]], ["RY", [7]], ["RY", [8]], ["RZ", [0]], ["RZ", [2]], ["RZ", [4]], ["RZ", [6]], ["RZ", [1]], ["RZ", [3]], ["RZ", [5]], ["RZ", [7]], ["RZ", [8]], ["CRX", [0, 1]], ["CRX", [2, 3]], ["CRX", [4, 5]], ["CRX", [6, 7]], ["CRX", [1, 2]], ["CRX", [3, 4]], ["CRX", [5, 6]], ["CRX", [7, 0]], ["CRY", [1, 8]], ["CRY", [3, 8]], ["CRY", [5, 8]], ["CRY", [7, 8]], ["RX", [0]], ["RX", [1]], ["RX", [2]], ["RX", [3]], ["RX", [4]], ["RX", [5]], ["RX", [6]], ["RX", [7]], ["RX", [8]], ["RZ", [0]], ["RZ", [1]], ["RZ", [2]], ["RZ", [3]], ["RZ", [4]], ["RZ", [5]], ["RZ", [6]], ["RZ", [7]], ["RZ", [8]], ["RX", [0]], ["RX", [1]], ["RX", [2]], ["RX", [3]], ["RX", [4]], ["RX", [5]], ["RX", [6]], ["RX", [7]], ["RX", [8]], ["RY", [0]], ["RY", [2]], ["RY", [4]], ["RY", [6]], ["RY", [1]], ["RY", [3]], ["RY", [5]], ["RY", [7]], ["RY", [8]], ["RZ", [0]], ["RZ", [2]], ["RZ", [4]], ["RZ", [6]], ["RZ", [1]], ["RZ", [3]], ["RZ", [5]], ["RZ", [7]], ["RZ", [8]], ["CRX", [0, 1]], ["CRX", [2, 3]], ["CRX", [4, 5]], ["CRX", [6, 7]], ["CRX", [1, 2]], ["CRX", [3, 4]], ["CRX", [5, 6]], ["CRX", [7, 0]], ["CRY", [1, 8]], ["CRY", [3, 8]], ["CRY", [5, 8]], ["CRY", [7, 8]], ["RX", [0]], ["RX", [1]], ["RX", [2]], ["RX", [3]], ["RX", [4]], ["RX", [5]], ["RX", [6]], ["RX", [7]], ["RX", [8]], ["RZ", [0]], ["RZ", [1]], ["RZ", [2]], ["RZ", [3]], ["RZ", [4]], ["RZ", [5]], ["RZ", [6]], ["RZ", [7]], ["RZ", [8]], ["RY", [0]], ["RY", [2]], ["RY", [4]], ["RY", [6]], ["RY", [1]], ["RY", [3]], ["RY", [5]], ["RY", [7]], ["RY", [8]], ["RZ", [0]], ["RZ", [2]], ["RZ", [4]], ["RZ", [6]], ["RZ", [1]], ["RZ", [3]], ["RZ", [5]], ["RZ", [7]], ["RZ", [8]], ["CRX", [0, 1]], ["CRX", [2, 3]], ["CRX", [4, 5]], ["CRX", [6, 7]], ["CRX", [1, 2]], ["CRX", [3, 4]], ["CRX", [5, 6]], ["CRX", [7, 0]], ["CRY", [1, 8]], ["CRY", [3, 8]], ["CRY", [5, 8]], ["CRY", [7, 8]], ["RX", [0]], ["RX", [1]], ["RX", [2]], ["RX", [3]], ["RX", [4]], ["RX", [5]], ["RX", [6]], ["RX", [7]], ["RX", [8]], ["RZ", [0]], ["RZ", [1]], ["RZ", [2]], ["RZ", [3]], ["RZ", [4]], ["RZ", [5]], ["RZ", [6]], ["RZ", [7]], ["RZ", [8]]], "parameter_efficiency": 0.004914529914529915, "spec_valid": true, "test_accuracy": 0.38333333333333336, "test_loss": 2.9242670054914566, "train_accuracy": 0.26666666666666666, "train_loss": 2.925087940490072, "validation_accuracy": 0.28888888888888886, "validation_loss": 3.0866618395554806}
==========Run 1/1 completed in 48.97 seconds==========
Correctness and error status saved to /home/chengyou1368/QuantumAnsatz/qml-ea/tic-tac-toe/results/ttt_qml_cli_20260624_162514/gen_9/results/correct.json
Metrics saved to /home/chengyou1368/QuantumAnsatz/qml-ea/tic-tac-toe/results/ttt_qml_cli_20260624_162514/gen_9/results/metrics.json
OK
{
  "combined_score": 0.33781588529823003,
  "public": {
    "train_accuracy_mean": 0.2667,
    "train_accuracy_std": 0.0,
    "validation_accuracy_mean": 0.2889,
    "validation_accuracy_std": 0.0,
    "test_accuracy_mean": 0.3833,
    "test_accuracy_std": 0.0,
    "generalization_gap_mean": 0.1167,
    "validation_loss_mean": 3.0867,
    "test_loss_mean": 2.9243,
    "parameter_efficiency_mean": 0.004915,
    "n_params": 78,
    "depth_mean": 53.0,
    "gate_count_mean": 315.0,
    "score_uses_test": false,
    "convergence_step_mean": null
  },
  "private": {
    "per_run_scores": [
      {
        "combined_score": 0.33781588529823003,
        "primary_accuracy": 0.28888888888888886,
        "gap_score": 0.6666666666666665,
        "loss_score": 0.24469849458079293,
        "parameter_efficiency_score": 0.6,
        "convergence_score": 0.0
      }
    ],
    "per_run_test_accuracies": [
      0.38333333333333336
    ]
  },
  "text_feedback": "Combined score: 0.3378\nValidation accuracy mean: 0.2889\nTest accuracy mean: 0.3833\nTrain-test generalization gap mean: 0.1167\nValidation L2 loss mean: 3.0867\nParameters: 78, depth mean: 53.0, gate count mean: 315.0\nFitness uses validation metrics; test metrics are reported as holdout diagnostics.\nAccuracy is still low; explore more expressive local entanglement or rotation diversity.\nDid not reach convergence threshold 0.90 in these runs.",
  "execution_time_mean": 48.97390351000013,
  "execution_time_std": 0.0,
  "num_valid_runs": 1,
  "num_invalid_runs": 0,
  "all_validation_errors": []
}
