Job running on a1130u37n04.mghpcc.ycrc.yale.edu under Slurm job 19601414
Activating sourced environment: /home/ch2499/project/zc_sn/activate_eval_cluster.sh
==========Running program evaluation 1/1...==========
==========Run 1/1 completed in 1297.86 seconds==========
Correctness and error status saved to /home/ch2499/project/zc_sn/results_sonnet/gen_30/results/correct.json
Metrics saved to /home/ch2499/project/zc_sn/results_sonnet/gen_30/results/metrics.json
OK
{
  "combined_score": 0.8467412966834826,
  "public": {
    "train_accuracy_mean": 0.9644,
    "train_accuracy_std": 0.0,
    "validation_accuracy_mean": 0.8767,
    "validation_accuracy_std": 0.0,
    "test_accuracy_mean": 0.8833,
    "test_accuracy_std": 0.0,
    "generalization_gap_mean": 0.0811,
    "validation_loss_mean": 0.3812,
    "test_loss_mean": 0.3728,
    "parameter_efficiency_mean": 0.005386,
    "n_params": 164,
    "depth_mean": 132.0,
    "gate_count_mean": 348.0,
    "score_uses_test": false,
    "convergence_step_mean": 540.0
  },
  "private": {
    "per_run_scores": [
      {
        "combined_score": 0.8467412966834826,
        "primary_accuracy": 0.8766666666666667,
        "gap_score": 0.7682539682539682,
        "loss_score": 0.7240204396268827,
        "parameter_efficiency_score": 0.7804471544715448,
        "convergence_score": 0.982
      }
    ],
    "per_run_test_accuracies": [
      0.8833333333333333
    ]
  },
  "text_feedback": "Combined score: 0.8467\nValidation accuracy mean: 0.8767\nTest accuracy mean: 0.8833\nTrain-test generalization gap mean: 0.0811\nValidation L2 loss mean: 0.3812\nParameters: 164, depth mean: 132.0, gate count mean: 348.0\nFitness uses validation metrics; test metrics are reported as holdout diagnostics.\nParameter count exceeds the seed; added accuracy must justify the complexity.",
  "execution_time_mean": 1297.8590418729,
  "execution_time_std": 0.0,
  "num_valid_runs": 1,
  "num_invalid_runs": 0,
  "all_validation_errors": []
}
