Job running on a1114u30n01.mghpcc.ycrc.yale.edu under Slurm job 23103714
Activating sourced environment: /home/ch2499/project/transfer_sn/activate_eval_cluster.sh
==========Running program evaluation 1/1...==========
==========Run 1/1 completed in 801.03 seconds==========
Correctness and error status saved to /home/ch2499/project/transfer_sn/results_frw3_weak_r3/gen_5/results/correct.json
Metrics saved to /home/ch2499/project/transfer_sn/results_frw3_weak_r3/gen_5/results/metrics.json
OK
{
  "combined_score": 0.28850880634130005,
  "public": {
    "combined_score_raw": 0.8816,
    "train_accuracy_mean": 0.92,
    "train_accuracy_std": 0.0,
    "validation_accuracy_mean": 0.8833,
    "validation_accuracy_std": 0.0,
    "test_accuracy_mean": 0.8933,
    "test_accuracy_std": 0.0,
    "generalization_gap_mean": 0.0267,
    "validation_loss_mean": 0.3677,
    "test_loss_mean": 0.366,
    "parameter_efficiency_mean": 0.027917,
    "n_params": 32,
    "depth_mean": 99.0,
    "gate_count_mean": 348.0,
    "score_uses_test": false,
    "convergence_step_mean": 180.0
  },
  "private": {
    "per_run_scores": [
      {
        "combined_score": 0.8816111385108881,
        "primary_accuracy": 0.8833333333333333,
        "gap_score": 0.9238095238095236,
        "loss_score": 0.7311536218186195,
        "parameter_efficiency_score": 1.0,
        "convergence_score": 0.994
      }
    ],
    "per_run_test_accuracies": [
      0.8933333333333333
    ]
  },
  "text_feedback": "Combined score: 0.2885\nScore scale: 0.0 = the seed program, 1.0 = the best solution found so far on this task. Negative means worse than the seed.\nValidation accuracy mean: 0.8833\nTest accuracy mean: 0.8933\nTrain-test generalization gap mean: 0.0267\nValidation L2 loss mean: 0.3677\nParameters: 32, depth mean: 99.0, gate count mean: 348.0\nFitness uses validation metrics; test metrics are reported as holdout diagnostics.",
  "execution_time_mean": 801.0292505025864,
  "execution_time_std": 0.0,
  "num_valid_runs": 1,
  "num_invalid_runs": 0,
  "all_validation_errors": []
}
