Job running on a1130u22n02.mghpcc.ycrc.yale.edu under Slurm job 19608490
Activating sourced environment: /home/ch2499/project/zc_ttt/activate_eval_cluster.sh
==========Running program evaluation 1/1...==========
==========Run 1/1 completed in 2041.01 seconds==========
Correctness and error status saved to /home/ch2499/project/zc_ttt/results_sonnet/gen_28/results/correct.json
Metrics saved to /home/ch2499/project/zc_ttt/results_sonnet/gen_28/results/metrics.json
OK
{
  "combined_score": 0.6091679784953093,
  "public": {
    "train_accuracy_mean": 0.7244,
    "train_accuracy_std": 0.0,
    "validation_accuracy_mean": 0.68,
    "validation_accuracy_std": 0.0,
    "test_accuracy_mean": 0.6383,
    "test_accuracy_std": 0.0,
    "generalization_gap_mean": 0.0861,
    "validation_loss_mean": 2.0225,
    "test_loss_mean": 2.1395,
    "parameter_efficiency_mean": 0.00394,
    "n_params": 162,
    "depth_mean": 39.0,
    "gate_count_mean": 207.0,
    "score_uses_test": false,
    "convergence_step_mean": null
  },
  "private": {
    "per_run_scores": [
      {
        "combined_score": 0.6091679784953093,
        "primary_accuracy": 0.68,
        "gap_score": 0.7539682539682538,
        "loss_score": 0.3308553063708454,
        "parameter_efficiency_score": 0.68,
        "convergence_score": 0.0
      }
    ],
    "per_run_test_accuracies": [
      0.6383333333333333
    ]
  },
  "text_feedback": "Combined score: 0.6092\nValidation accuracy mean: 0.6800\nTest accuracy mean: 0.6383\nTrain-test generalization gap mean: 0.0861\nValidation L2 loss mean: 2.0225\nParameters: 162, depth mean: 39.0, gate count mean: 207.0\nFitness uses validation metrics; test metrics are reported as holdout diagnostics.\nDid not reach convergence threshold 0.90 in these runs.",
  "execution_time_mean": 2041.0088261412457,
  "execution_time_std": 0.0,
  "num_valid_runs": 1,
  "num_invalid_runs": 0,
  "all_validation_errors": []
}
