Job running on a1132u22n02.mghpcc.ycrc.yale.edu under Slurm job 19605629
Activating sourced environment: /home/ch2499/project/zc_sn/activate_eval_cluster.sh
==========Running program evaluation 1/1...==========
==========Run 1/1 completed in 1021.70 seconds==========
Correctness and error status saved to /home/ch2499/project/zc_sn/results_gpt56sol/gen_53/results/correct.json
Metrics saved to /home/ch2499/project/zc_sn/results_gpt56sol/gen_53/results/metrics.json
OK
{
  "combined_score": 0.8527212603065132,
  "public": {
    "train_accuracy_mean": 0.9422,
    "train_accuracy_std": 0.0,
    "validation_accuracy_mean": 0.8867,
    "validation_accuracy_std": 0.0,
    "test_accuracy_mean": 0.8567,
    "test_accuracy_std": 0.0,
    "generalization_gap_mean": 0.0856,
    "validation_loss_mean": 0.4419,
    "test_loss_mean": 0.4817,
    "parameter_efficiency_mean": 0.009961,
    "n_params": 86,
    "depth_mean": 126.0,
    "gate_count_mean": 312.0,
    "score_uses_test": false,
    "convergence_step_mean": 1320.0
  },
  "private": {
    "per_run_scores": [
      {
        "combined_score": 0.8527212603065132,
        "primary_accuracy": 0.8866666666666667,
        "gap_score": 0.7555555555555558,
        "loss_score": 0.6935491427841615,
        "parameter_efficiency_score": 1.0,
        "convergence_score": 0.956
      }
    ],
    "per_run_test_accuracies": [
      0.8566666666666667
    ]
  },
  "text_feedback": "Combined score: 0.8527\nValidation accuracy mean: 0.8867\nTest accuracy mean: 0.8567\nTrain-test generalization gap mean: 0.0856\nValidation L2 loss mean: 0.4419\nParameters: 86, depth mean: 126.0, gate count mean: 312.0\nFitness uses validation metrics; test metrics are reported as holdout diagnostics.",
  "execution_time_mean": 1021.7022305452265,
  "execution_time_std": 0.0,
  "num_valid_runs": 1,
  "num_invalid_runs": 0,
  "all_validation_errors": []
}
