==========Running program evaluation 1/1...==========
{"batch_size": 10, "data_seed": 2027, "dataset": {"all_valid_unique_boards": {"class_counts": {"circle": 316, "cross": 626, "draw": 4536}, "total": 5478}, "overlap_train_test": 4, "overlap_train_validation": 1, "overlap_validation_test": 3, "test": {"class_counts": {"circle": 20, "cross": 20, "draw": 20}, "rows": 60, "unique_boards": 59}, "train": {"class_counts": {"circle": 20, "cross": 20, "draw": 20}, "rows": 60, "unique_boards": 59}, "validation": {"class_counts": {"circle": 15, "cross": 15, "draw": 15}, "rows": 45, "unique_boards": 44}}, "event": "start", "learning_rate": 0.03, "n_epochs": 3, "n_params": 66, "n_params_per_block": 11, "n_repeats": 2, "n_uploads": 3, "seed": 1000, "steps_per_epoch": 3}
{"batch_loss": 6.983118352800058, "epoch": 1, "event": "epoch", "global_step": 3, "test_accuracy": 0.35, "test_loss": 6.233630270574334, "train_accuracy": 0.3333333333333333, "train_loss": 6.182900676541241, "validation_accuracy": 0.35555555555555557, "validation_loss": 6.070973324924168}
{"batch_loss": 4.764494969870499, "epoch": 2, "event": "epoch", "global_step": 6, "test_accuracy": 0.35, "test_loss": 4.159991491575697, "train_accuracy": 0.3333333333333333, "train_loss": 4.10901443539589, "validation_accuracy": 0.35555555555555557, "validation_loss": 3.80068508447104}
{"batch_loss": 3.6056598874854293, "epoch": 3, "event": "epoch", "global_step": 9, "test_accuracy": 0.35, "test_loss": 3.4276826990005285, "train_accuracy": 0.3333333333333333, "train_loss": 3.436537605823285, "validation_accuracy": 0.35555555555555557, "validation_loss": 3.1071479979899284}
{"convergence_epoch": null, "convergence_step": null, "convergence_threshold": 0.9, "depth": 70, "event": "final", "gate_count": 261, "generalization_gap": 0.016666666666666663, "history_tail": [{"batch_loss": 6.983118352800058, "epoch": 1, "event": "epoch", "global_step": 3, "test_accuracy": 0.35, "test_loss": 6.233630270574334, "train_accuracy": 0.3333333333333333, "train_loss": 6.182900676541241, "validation_accuracy": 0.35555555555555557, "validation_loss": 6.070973324924168}, {"batch_loss": 4.764494969870499, "epoch": 2, "event": "epoch", "global_step": 6, "test_accuracy": 0.35, "test_loss": 4.159991491575697, "train_accuracy": 0.3333333333333333, "train_loss": 4.10901443539589, "validation_accuracy": 0.35555555555555557, "validation_loss": 3.80068508447104}, {"batch_loss": 3.6056598874854293, "epoch": 3, "event": "epoch", "global_step": 9, "test_accuracy": 0.35, "test_loss": 3.4276826990005285, "train_accuracy": 0.3333333333333333, "train_loss": 3.436537605823285, "validation_accuracy": 0.35555555555555557, "validation_loss": 3.1071479979899284}], "max_steps": 9, "n_params": 66, "n_params_per_block": 11, "n_qubits": 9, "n_repeats": 2, "n_uploads": 3, "operations": [["RX", [0]], ["RX", [1]], ["RX", [2]], ["RX", [3]], ["RX", [4]], ["RX", [5]], ["RX", [6]], ["RX", [7]], ["RX", [8]], ["RZ", [0]], ["RZ", [2]], ["RZ", [4]], ["RZ", [6]], ["RZ", [1]], ["RZ", [3]], ["RZ", [5]], ["RZ", [7]], ["RZ", [8]], ["RY", [0]], ["RY", [2]], ["RY", [4]], ["RY", [6]], ["RY", [1]], ["RY", [3]], ["RY", [5]], ["RY", [7]], ["RY", [8]], ["CRX", [0, 1]], ["CRY", [1, 2]], ["CRX", [2, 3]], ["CRY", [3, 4]], ["CRX", [4, 5]], ["CRY", [5, 6]], ["CRX", [6, 7]], ["CRY", [7, 0]], ["CRX", [8, 1]], ["CRX", [8, 3]], ["CRX", [8, 5]], ["CRX", [8, 7]], ["RZ", [0]], ["RZ", [2]], ["RZ", [4]], ["RZ", [6]], ["RZ", [1]], ["RZ", [3]], ["RZ", [5]], ["RZ", [7]], ["RZ", [8]], ["RZ", [0]], ["RZ", [2]], ["RZ", [4]], ["RZ", [6]], ["RZ", [1]], ["RZ", [3]], ["RZ", [5]], ["RZ", [7]], ["RZ", [8]], ["RY", [0]], ["RY", [2]], ["RY", [4]], ["RY", [6]], ["RY", [1]], ["RY", [3]], ["RY", [5]], ["RY", [7]], ["RY", [8]], ["CRX", [0, 1]], ["CRY", [1, 2]], ["CRX", [2, 3]], ["CRY", [3, 4]], ["CRX", [4, 5]], ["CRY", [5, 6]], ["CRX", [6, 7]], ["CRY", [7, 0]], ["CRX", [8, 1]], ["CRX", [8, 3]], ["CRX", [8, 5]], ["CRX", [8, 7]], ["RZ", [0]], ["RZ", [2]], ["RZ", [4]], ["RZ", [6]], ["RZ", [1]], ["RZ", [3]], ["RZ", [5]], ["RZ", [7]], ["RZ", [8]], ["RX", [0]], ["RX", [1]], ["RX", [2]], ["RX", [3]], ["RX", [4]], ["RX", [5]], ["RX", [6]], ["RX", [7]], ["RX", [8]], ["RZ", [0]], ["RZ", [2]], ["RZ", [4]], ["RZ", [6]], ["RZ", [1]], ["RZ", [3]], ["RZ", [5]], ["RZ", [7]], ["RZ", [8]], ["RY", [0]], ["RY", [2]], ["RY", [4]], ["RY", [6]], ["RY", [1]], ["RY", [3]], ["RY", [5]], ["RY", [7]], ["RY", [8]], ["CRX", [0, 1]], ["CRY", [1, 2]], ["CRX", [2, 3]], ["CRY", [3, 4]], ["CRX", [4, 5]], ["CRY", [5, 6]], ["CRX", [6, 7]], ["CRY", [7, 0]], ["CRX", [8, 1]], ["CRX", [8, 3]], ["CRX", [8, 5]], ["CRX", [8, 7]], ["RZ", [0]], ["RZ", [2]], ["RZ", [4]], ["RZ", [6]], ["RZ", [1]], ["RZ", [3]], ["RZ", [5]], ["RZ", [7]], ["RZ", [8]], ["RZ", [0]], ["RZ", [2]], ["RZ", [4]], ["RZ", [6]], ["RZ", [1]], ["RZ", [3]], ["RZ", [5]], ["RZ", [7]], ["RZ", [8]], ["RY", [0]], ["RY", [2]], ["RY", [4]], ["RY", [6]], ["RY", [1]], ["RY", [3]], ["RY", [5]], ["RY", [7]], ["RY", [8]], ["CRX", [0, 1]], ["CRY", [1, 2]], ["CRX", [2, 3]], ["CRY", [3, 4]], ["CRX", [4, 5]], ["CRY", [5, 6]], ["CRX", [6, 7]], ["CRY", [7, 0]], ["CRX", [8, 1]], ["CRX", [8, 3]], ["CRX", [8, 5]], ["CRX", [8, 7]], ["RZ", [0]], ["RZ", [2]], ["RZ", [4]], ["RZ", [6]], ["RZ", [1]], ["RZ", [3]], ["RZ", [5]], ["RZ", [7]], ["RZ", [8]], ["RX", [0]], ["RX", [1]], ["RX", [2]], ["RX", [3]], ["RX", [4]], ["RX", [5]], ["RX", [6]], ["RX", [7]], ["RX", [8]], ["RZ", [0]], ["RZ", [2]], ["RZ", [4]], ["RZ", [6]], ["RZ", [1]], ["RZ", [3]], ["RZ", [5]], ["RZ", [7]], ["RZ", [8]], ["RY", [0]], ["RY", [2]], ["RY", [4]], ["RY", [6]], ["RY", [1]], ["RY", [3]], ["RY", [5]], ["RY", [7]], ["RY", [8]], ["CRX", [0, 1]], ["CRY", [1, 2]], ["CRX", [2, 3]], ["CRY", [3, 4]], ["CRX", [4, 5]], ["CRY", [5, 6]], ["CRX", [6, 7]], ["CRY", [7, 0]], ["CRX", [8, 1]], ["CRX", [8, 3]], ["CRX", [8, 5]], ["CRX", [8, 7]], ["RZ", [0]], ["RZ", [2]], ["RZ", [4]], ["RZ", [6]], ["RZ", [1]], ["RZ", [3]], ["RZ", [5]], ["RZ", [7]], ["RZ", [8]], ["RZ", [0]], ["RZ", [2]], ["RZ", [4]], ["RZ", [6]], ["RZ", [1]], ["RZ", [3]], ["RZ", [5]], ["RZ", [7]], ["RZ", [8]], ["RY", [0]], ["RY", [2]], ["RY", [4]], ["RY", [6]], ["RY", [1]], ["RY", [3]], ["RY", [5]], ["RY", [7]], ["RY", [8]], ["CRX", [0, 1]], ["CRY", [1, 2]], ["CRX", [2, 3]], ["CRY", [3, 4]], ["CRX", [4, 5]], ["CRY", [5, 6]], ["CRX", [6, 7]], ["CRY", [7, 0]], ["CRX", [8, 1]], ["CRX", [8, 3]], ["CRX", [8, 5]], ["CRX", [8, 7]], ["RZ", [0]], ["RZ", [2]], ["RZ", [4]], ["RZ", [6]], ["RZ", [1]], ["RZ", [3]], ["RZ", [5]], ["RZ", [7]], ["RZ", [8]]], "parameter_efficiency": 0.0053030303030303025, "spec_valid": true, "test_accuracy": 0.35, "test_loss": 3.4276826990005285, "train_accuracy": 0.3333333333333333, "train_loss": 3.436537605823285, "validation_accuracy": 0.35555555555555557, "validation_loss": 3.1071479979899284}
==========Run 1/1 completed in 37.66 seconds==========
Correctness and error status saved to /home/chengyou1368/QuantumAnsatz/qml-ea/tic-tac-toe/results/ttt_qml_cli_20260605_124906/gen_83/results/correct.json
Metrics saved to /home/chengyou1368/QuantumAnsatz/qml-ea/tic-tac-toe/results/ttt_qml_cli_20260605_124906/gen_83/results/metrics.json
OK
{
  "combined_score": 0.43412631102141463,
  "public": {
    "train_accuracy_mean": 0.3333,
    "train_accuracy_std": 0.0,
    "validation_accuracy_mean": 0.3556,
    "validation_accuracy_std": 0.0,
    "test_accuracy_mean": 0.35,
    "test_accuracy_std": 0.0,
    "generalization_gap_mean": 0.0167,
    "validation_loss_mean": 3.1071,
    "test_loss_mean": 3.4277,
    "parameter_efficiency_mean": 0.005303,
    "n_params": 66,
    "depth_mean": 70.0,
    "gate_count_mean": 261.0,
    "score_uses_test": false,
    "convergence_step_mean": null
  },
  "private": {
    "per_run_scores": [
      {
        "combined_score": 0.43412631102141463,
        "primary_accuracy": 0.35555555555555557,
        "gap_score": 0.9523809523809524,
        "loss_score": 0.24347795611198042,
        "parameter_efficiency_score": 0.8727272727272728,
        "convergence_score": 0.0
      }
    ],
    "per_run_test_accuracies": [
      0.35
    ]
  },
  "text_feedback": "Combined score: 0.4341\nValidation accuracy mean: 0.3556\nTest accuracy mean: 0.3500\nTrain-test generalization gap mean: 0.0167\nValidation L2 loss mean: 3.1071\nParameters: 66, depth mean: 70.0, gate count mean: 261.0\nFitness uses validation metrics; test metrics are reported as holdout diagnostics.\nAccuracy is still low; explore more expressive local entanglement or rotation diversity.\nDid not reach convergence threshold 0.90 in these runs.",
  "execution_time_mean": 37.65721158800079,
  "execution_time_std": 0.0,
  "num_valid_runs": 1,
  "num_invalid_runs": 0,
  "all_validation_errors": []
}
