Job running on a1132u22n04.mghpcc.ycrc.yale.edu under Slurm job 19430316
Activating sourced environment: /home/ch2499/project/transfer_sn/activate_eval_cluster.sh
==========Running program evaluation 1/1...==========
==========Run 1/1 completed in 1347.31 seconds==========
Correctness and error status saved to /home/ch2499/project/transfer_sn/results_haiku/gen_12/results/correct.json
Metrics saved to /home/ch2499/project/transfer_sn/results_haiku/gen_12/results/metrics.json
OK
{
  "combined_score": 0.8614019129141972,
  "public": {
    "train_accuracy_mean": 0.9222,
    "train_accuracy_std": 0.0,
    "validation_accuracy_mean": 0.8633,
    "validation_accuracy_std": 0.0,
    "test_accuracy_mean": 0.8867,
    "test_accuracy_std": 0.0,
    "generalization_gap_mean": 0.0356,
    "validation_loss_mean": 0.4535,
    "test_loss_mean": 0.4388,
    "parameter_efficiency_mean": 0.011982,
    "n_params": 74,
    "depth_mean": 81.0,
    "gate_count_mean": 228.0,
    "score_uses_test": false,
    "convergence_step_mean": 270.0
  },
  "private": {
    "per_run_scores": [
      {
        "combined_score": 0.8614019129141972,
        "primary_accuracy": 0.8633333333333333,
        "gap_score": 0.8984126984126983,
        "loss_score": 0.6880074617560236,
        "parameter_efficiency_score": 1.0,
        "convergence_score": 0.991
      }
    ],
    "per_run_test_accuracies": [
      0.8866666666666667
    ]
  },
  "text_feedback": "Combined score: 0.8614\nValidation accuracy mean: 0.8633\nTest accuracy mean: 0.8867\nTrain-test generalization gap mean: 0.0356\nValidation L2 loss mean: 0.4535\nParameters: 74, depth mean: 81.0, gate count mean: 228.0\nFitness uses validation metrics; test metrics are reported as holdout diagnostics.",
  "execution_time_mean": 1347.3079061289318,
  "execution_time_std": 0.0,
  "num_valid_runs": 1,
  "num_invalid_runs": 0,
  "all_validation_errors": []
}
