==========Running program evaluation 1/1...==========
{"batch_size": 10, "data_seed": 2027, "dataset": {"all_valid_unique_boards": {"class_counts": {"circle": 316, "cross": 626, "draw": 4536}, "total": 5478}, "overlap_train_test": 4, "overlap_train_validation": 1, "overlap_validation_test": 3, "test": {"class_counts": {"circle": 20, "cross": 20, "draw": 20}, "rows": 60, "unique_boards": 59}, "train": {"class_counts": {"circle": 20, "cross": 20, "draw": 20}, "rows": 60, "unique_boards": 59}, "validation": {"class_counts": {"circle": 15, "cross": 15, "draw": 15}, "rows": 45, "unique_boards": 44}}, "event": "start", "learning_rate": 0.03, "n_epochs": 3, "n_params": 72, "n_params_per_block": 12, "n_repeats": 2, "n_uploads": 3, "seed": 1000, "steps_per_epoch": 3}
{"batch_loss": 6.997878321436512, "epoch": 1, "event": "epoch", "global_step": 3, "test_accuracy": 0.5, "test_loss": 5.818553809533136, "train_accuracy": 0.35, "train_loss": 5.937614410230335, "validation_accuracy": 0.5333333333333333, "validation_loss": 5.674206349051252}
{"batch_loss": 4.367448459171479, "epoch": 2, "event": "epoch", "global_step": 6, "test_accuracy": 0.48333333333333334, "test_loss": 3.9681398296938557, "train_accuracy": 0.36666666666666664, "train_loss": 4.209070374931601, "validation_accuracy": 0.5333333333333333, "validation_loss": 3.7561235348301563}
{"batch_loss": 3.7121841792395336, "epoch": 3, "event": "epoch", "global_step": 9, "test_accuracy": 0.4666666666666667, "test_loss": 3.357749410405416, "train_accuracy": 0.38333333333333336, "train_loss": 3.6383689289619308, "validation_accuracy": 0.5111111111111111, "validation_loss": 3.1024758448526857}
{"convergence_epoch": null, "convergence_step": null, "convergence_threshold": 0.9, "depth": 117, "event": "final", "gate_count": 309, "generalization_gap": 0.08333333333333331, "history_tail": [{"batch_loss": 6.997878321436512, "epoch": 1, "event": "epoch", "global_step": 3, "test_accuracy": 0.5, "test_loss": 5.818553809533136, "train_accuracy": 0.35, "train_loss": 5.937614410230335, "validation_accuracy": 0.5333333333333333, "validation_loss": 5.674206349051252}, {"batch_loss": 4.367448459171479, "epoch": 2, "event": "epoch", "global_step": 6, "test_accuracy": 0.48333333333333334, "test_loss": 3.9681398296938557, "train_accuracy": 0.36666666666666664, "train_loss": 4.209070374931601, "validation_accuracy": 0.5333333333333333, "validation_loss": 3.7561235348301563}, {"batch_loss": 3.7121841792395336, "epoch": 3, "event": "epoch", "global_step": 9, "test_accuracy": 0.4666666666666667, "test_loss": 3.357749410405416, "train_accuracy": 0.38333333333333336, "train_loss": 3.6383689289619308, "validation_accuracy": 0.5111111111111111, "validation_loss": 3.1024758448526857}], "max_steps": 9, "n_params": 72, "n_params_per_block": 12, "n_qubits": 9, "n_repeats": 2, "n_uploads": 3, "operations": [["RX", [0]], ["RX", [1]], ["RX", [2]], ["RX", [3]], ["RX", [4]], ["RX", [5]], ["RX", [6]], ["RX", [7]], ["RX", [8]], ["RZ", [0]], ["RZ", [2]], ["RZ", [4]], ["RZ", [6]], ["RZ", [1]], ["RZ", [3]], ["RZ", [5]], ["RZ", [7]], ["RZ", [8]], ["RY", [0]], ["RY", [2]], ["RY", [4]], ["RY", [6]], ["RY", [1]], ["RY", [3]], ["RY", [5]], ["RY", [7]], ["RY", [8]], ["CRY", [0, 1]], ["CRY", [1, 2]], ["CRY", [2, 3]], ["CRY", [3, 4]], ["CRY", [4, 5]], ["CRY", [5, 6]], ["CRY", [6, 7]], ["CRY", [7, 0]], ["CRX", [8, 1]], ["CRX", [8, 3]], ["CRX", [8, 5]], ["CRX", [8, 7]], ["CRZ", [0, 1]], ["CRZ", [1, 2]], ["CRZ", [2, 3]], ["CRZ", [3, 4]], ["CRZ", [4, 5]], ["CRZ", [5, 6]], ["CRZ", [6, 7]], ["CRZ", [7, 0]], ["RZ", [0]], ["RZ", [2]], ["RZ", [4]], ["RZ", [6]], ["RZ", [1]], ["RZ", [3]], ["RZ", [5]], ["RZ", [7]], ["RZ", [8]], ["RZ", [0]], ["RZ", [2]], ["RZ", [4]], ["RZ", [6]], ["RZ", [1]], ["RZ", [3]], ["RZ", [5]], ["RZ", [7]], ["RZ", [8]], ["RY", [0]], ["RY", [2]], ["RY", [4]], ["RY", [6]], ["RY", [1]], ["RY", [3]], ["RY", [5]], ["RY", [7]], ["RY", [8]], ["CRY", [0, 1]], ["CRY", [1, 2]], ["CRY", [2, 3]], ["CRY", [3, 4]], ["CRY", [4, 5]], ["CRY", [5, 6]], ["CRY", [6, 7]], ["CRY", [7, 0]], ["CRX", [8, 1]], ["CRX", [8, 3]], ["CRX", [8, 5]], ["CRX", [8, 7]], ["CRZ", [0, 1]], ["CRZ", [1, 2]], ["CRZ", [2, 3]], ["CRZ", [3, 4]], ["CRZ", [4, 5]], ["CRZ", [5, 6]], ["CRZ", [6, 7]], ["CRZ", [7, 0]], ["RZ", [0]], ["RZ", [2]], ["RZ", [4]], ["RZ", [6]], ["RZ", [1]], ["RZ", [3]], ["RZ", [5]], ["RZ", [7]], ["RZ", [8]], ["RX", [0]], ["RX", [1]], ["RX", [2]], ["RX", [3]], ["RX", [4]], ["RX", [5]], ["RX", [6]], ["RX", [7]], ["RX", [8]], ["RZ", [0]], ["RZ", [2]], ["RZ", [4]], ["RZ", [6]], ["RZ", [1]], ["RZ", [3]], ["RZ", [5]], ["RZ", [7]], ["RZ", [8]], ["RY", [0]], ["RY", [2]], ["RY", [4]], ["RY", [6]], ["RY", [1]], ["RY", [3]], ["RY", [5]], ["RY", [7]], ["RY", [8]], ["CRY", [0, 1]], ["CRY", [1, 2]], ["CRY", [2, 3]], ["CRY", [3, 4]], ["CRY", [4, 5]], ["CRY", [5, 6]], ["CRY", [6, 7]], ["CRY", [7, 0]], ["CRX", [8, 1]], ["CRX", [8, 3]], ["CRX", [8, 5]], ["CRX", [8, 7]], ["CRZ", [0, 1]], ["CRZ", [1, 2]], ["CRZ", [2, 3]], ["CRZ", [3, 4]], ["CRZ", [4, 5]], ["CRZ", [5, 6]], ["CRZ", [6, 7]], ["CRZ", [7, 0]], ["RZ", [0]], ["RZ", [2]], ["RZ", [4]], ["RZ", [6]], ["RZ", [1]], ["RZ", [3]], ["RZ", [5]], ["RZ", [7]], ["RZ", [8]], ["RZ", [0]], ["RZ", [2]], ["RZ", [4]], ["RZ", [6]], ["RZ", [1]], ["RZ", [3]], ["RZ", [5]], ["RZ", [7]], ["RZ", [8]], ["RY", [0]], ["RY", [2]], ["RY", [4]], ["RY", [6]], ["RY", [1]], ["RY", [3]], ["RY", [5]], ["RY", [7]], ["RY", [8]], ["CRY", [0, 1]], ["CRY", [1, 2]], ["CRY", [2, 3]], ["CRY", [3, 4]], ["CRY", [4, 5]], ["CRY", [5, 6]], ["CRY", [6, 7]], ["CRY", [7, 0]], ["CRX", [8, 1]], ["CRX", [8, 3]], ["CRX", [8, 5]], ["CRX", [8, 7]], ["CRZ", [0, 1]], ["CRZ", [1, 2]], ["CRZ", [2, 3]], ["CRZ", [3, 4]], ["CRZ", [4, 5]], ["CRZ", [5, 6]], ["CRZ", [6, 7]], ["CRZ", [7, 0]], ["RZ", [0]], ["RZ", [2]], ["RZ", [4]], ["RZ", [6]], ["RZ", [1]], ["RZ", [3]], ["RZ", [5]], ["RZ", [7]], ["RZ", [8]], ["RX", [0]], ["RX", [1]], ["RX", [2]], ["RX", [3]], ["RX", [4]], ["RX", [5]], ["RX", [6]], ["RX", [7]], ["RX", [8]], ["RZ", [0]], ["RZ", [2]], ["RZ", [4]], ["RZ", [6]], ["RZ", [1]], ["RZ", [3]], ["RZ", [5]], ["RZ", [7]], ["RZ", [8]], ["RY", [0]], ["RY", [2]], ["RY", [4]], ["RY", [6]], ["RY", [1]], ["RY", [3]], ["RY", [5]], ["RY", [7]], ["RY", [8]], ["CRY", [0, 1]], ["CRY", [1, 2]], ["CRY", [2, 3]], ["CRY", [3, 4]], ["CRY", [4, 5]], ["CRY", [5, 6]], ["CRY", [6, 7]], ["CRY", [7, 0]], ["CRX", [8, 1]], ["CRX", [8, 3]], ["CRX", [8, 5]], ["CRX", [8, 7]], ["CRZ", [0, 1]], ["CRZ", [1, 2]], ["CRZ", [2, 3]], ["CRZ", [3, 4]], ["CRZ", [4, 5]], ["CRZ", [5, 6]], ["CRZ", [6, 7]], ["CRZ", [7, 0]], ["RZ", [0]], ["RZ", [2]], ["RZ", [4]], ["RZ", [6]], ["RZ", [1]], ["RZ", [3]], ["RZ", [5]], ["RZ", [7]], ["RZ", [8]], ["RZ", [0]], ["RZ", [2]], ["RZ", [4]], ["RZ", [6]], ["RZ", [1]], ["RZ", [3]], ["RZ", [5]], ["RZ", [7]], ["RZ", [8]], ["RY", [0]], ["RY", [2]], ["RY", [4]], ["RY", [6]], ["RY", [1]], ["RY", [3]], ["RY", [5]], ["RY", [7]], ["RY", [8]], ["CRY", [0, 1]], ["CRY", [1, 2]], ["CRY", [2, 3]], ["CRY", [3, 4]], ["CRY", [4, 5]], ["CRY", [5, 6]], ["CRY", [6, 7]], ["CRY", [7, 0]], ["CRX", [8, 1]], ["CRX", [8, 3]], ["CRX", [8, 5]], ["CRX", [8, 7]], ["CRZ", [0, 1]], ["CRZ", [1, 2]], ["CRZ", [2, 3]], ["CRZ", [3, 4]], ["CRZ", [4, 5]], ["CRZ", [5, 6]], ["CRZ", [6, 7]], ["CRZ", [7, 0]], ["RZ", [0]], ["RZ", [2]], ["RZ", [4]], ["RZ", [6]], ["RZ", [1]], ["RZ", [3]], ["RZ", [5]], ["RZ", [7]], ["RZ", [8]]], "parameter_efficiency": 0.006481481481481481, "spec_valid": true, "test_accuracy": 0.4666666666666667, "test_loss": 3.357749410405416, "train_accuracy": 0.38333333333333336, "train_loss": 3.6383689289619308, "validation_accuracy": 0.5111111111111111, "validation_loss": 3.1024758448526857}
==========Run 1/1 completed in 43.07 seconds==========
Correctness and error status saved to /home/chengyou1368/QuantumAnsatz/qml-ea/tic-tac-toe/results/ttt_qml_cli_20260605_124906/gen_31/results/correct.json
Metrics saved to /home/chengyou1368/QuantumAnsatz/qml-ea/tic-tac-toe/results/ttt_qml_cli_20260605_124906/gen_31/results/metrics.json
OK
{
  "combined_score": 0.49473788975390204,
  "public": {
    "train_accuracy_mean": 0.3833,
    "train_accuracy_std": 0.0,
    "validation_accuracy_mean": 0.5111,
    "validation_accuracy_std": 0.0,
    "test_accuracy_mean": 0.4667,
    "test_accuracy_std": 0.0,
    "generalization_gap_mean": 0.0833,
    "validation_loss_mean": 3.1025,
    "test_loss_mean": 3.3577,
    "parameter_efficiency_mean": 0.006481,
    "n_params": 72,
    "depth_mean": 117.0,
    "gate_count_mean": 309.0,
    "score_uses_test": false,
    "convergence_step_mean": null
  },
  "private": {
    "per_run_scores": [
      {
        "combined_score": 0.49473788975390204,
        "primary_accuracy": 0.5111111111111111,
        "gap_score": 0.761904761904762,
        "loss_score": 0.24375524386199246,
        "parameter_efficiency_score": 1.0,
        "convergence_score": 0.0
      }
    ],
    "per_run_test_accuracies": [
      0.4666666666666667
    ]
  },
  "text_feedback": "Combined score: 0.4947\nValidation accuracy mean: 0.5111\nTest accuracy mean: 0.4667\nTrain-test generalization gap mean: 0.0833\nValidation L2 loss mean: 3.1025\nParameters: 72, depth mean: 117.0, gate count mean: 309.0\nFitness uses validation metrics; test metrics are reported as holdout diagnostics.\nAccuracy is still low; explore more expressive local entanglement or rotation diversity.\nDid not reach convergence threshold 0.90 in these runs.",
  "execution_time_mean": 43.06650776800052,
  "execution_time_std": 0.0,
  "num_valid_runs": 1,
  "num_invalid_runs": 0,
  "all_validation_errors": []
}
