Job running on a1132u33n03.mghpcc.ycrc.yale.edu under Slurm job 19602156
Activating sourced environment: /home/ch2499/project/zc_ttt/activate_eval_cluster.sh
==========Running program evaluation 1/1...==========
==========Run 1/1 completed in 2608.26 seconds==========
Correctness and error status saved to /home/ch2499/project/zc_ttt/results_sonnet/gen_12/results/correct.json
Metrics saved to /home/ch2499/project/zc_ttt/results_sonnet/gen_12/results/metrics.json
OK
{
  "combined_score": 0.5530308368805722,
  "public": {
    "train_accuracy_mean": 0.6733,
    "train_accuracy_std": 0.0,
    "validation_accuracy_mean": 0.62,
    "validation_accuracy_std": 0.0,
    "test_accuracy_mean": 0.5467,
    "test_accuracy_std": 0.0,
    "generalization_gap_mean": 0.1267,
    "validation_loss_mean": 2.1387,
    "test_loss_mean": 2.2836,
    "parameter_efficiency_mean": 0.003504,
    "n_params": 156,
    "depth_mean": 47.0,
    "gate_count_mean": 231.0,
    "score_uses_test": false,
    "convergence_step_mean": null
  },
  "private": {
    "per_run_scores": [
      {
        "combined_score": 0.5530308368805722,
        "primary_accuracy": 0.62,
        "gap_score": 0.6380952380952379,
        "loss_score": 0.31860606760430243,
        "parameter_efficiency_score": 0.6438461538461538,
        "convergence_score": 0.0
      }
    ],
    "per_run_test_accuracies": [
      0.5466666666666666
    ]
  },
  "text_feedback": "Combined score: 0.5530\nValidation accuracy mean: 0.6200\nTest accuracy mean: 0.5467\nTrain-test generalization gap mean: 0.1267\nValidation L2 loss mean: 2.1387\nParameters: 156, depth mean: 47.0, gate count mean: 231.0\nFitness uses validation metrics; test metrics are reported as holdout diagnostics.\nDid not reach convergence threshold 0.90 in these runs.",
  "execution_time_mean": 2608.2582159140147,
  "execution_time_std": 0.0,
  "num_valid_runs": 1,
  "num_invalid_runs": 0,
  "all_validation_errors": []
}
