Job running on a1130u07n02.mghpcc.ycrc.yale.edu under Slurm job 19522872
Activating sourced environment: /home/ch2499/project/transfer_sn/activate_eval_cluster.sh
==========Running program evaluation 1/1...==========
==========Run 1/1 completed in 1501.49 seconds==========
Correctness and error status saved to /home/ch2499/project/transfer_sn/results_haiku_r2/gen_71/results/correct.json
Metrics saved to /home/ch2499/project/transfer_sn/results_haiku_r2/gen_71/results/metrics.json
OK
{
  "combined_score": 0.9006037724305536,
  "public": {
    "train_accuracy_mean": 0.9444,
    "train_accuracy_std": 0.0,
    "validation_accuracy_mean": 0.9133,
    "validation_accuracy_std": 0.0,
    "test_accuracy_mean": 0.9167,
    "test_accuracy_std": 0.0,
    "generalization_gap_mean": 0.0278,
    "validation_loss_mean": 0.3399,
    "test_loss_mean": 0.3365,
    "parameter_efficiency_mean": 0.028646,
    "n_params": 32,
    "depth_mean": 199.0,
    "gate_count_mean": 378.0,
    "score_uses_test": false,
    "convergence_step_mean": 330.0
  },
  "private": {
    "per_run_scores": [
      {
        "combined_score": 0.9006037724305536,
        "primary_accuracy": 0.9133333333333333,
        "gap_score": 0.9206349206349206,
        "loss_score": 0.7463161548280294,
        "parameter_efficiency_score": 1.0,
        "convergence_score": 0.989
      }
    ],
    "per_run_test_accuracies": [
      0.9166666666666666
    ]
  },
  "text_feedback": "Combined score: 0.9006\nValidation accuracy mean: 0.9133\nTest accuracy mean: 0.9167\nTrain-test generalization gap mean: 0.0278\nValidation L2 loss mean: 0.3399\nParameters: 32, depth mean: 199.0, gate count mean: 378.0\nFitness uses validation metrics; test metrics are reported as holdout diagnostics.",
  "execution_time_mean": 1501.4905575672165,
  "execution_time_std": 0.0,
  "num_valid_runs": 1,
  "num_invalid_runs": 0,
  "all_validation_errors": []
}
