Job running on a1130u33n02.mghpcc.ycrc.yale.edu under Slurm job 19597443
Activating sourced environment: /home/ch2499/project/zc_sn/activate_eval_cluster.sh
==========Running program evaluation 1/1...==========
==========Run 1/1 completed in 566.15 seconds==========
Correctness and error status saved to /home/ch2499/project/zc_sn/results_sonnet/gen_19/results/correct.json
Metrics saved to /home/ch2499/project/zc_sn/results_sonnet/gen_19/results/metrics.json
OK
{
  "combined_score": 0.8321192488454238,
  "public": {
    "train_accuracy_mean": 0.9378,
    "train_accuracy_std": 0.0,
    "validation_accuracy_mean": 0.8833,
    "validation_accuracy_std": 0.0,
    "test_accuracy_mean": 0.855,
    "test_accuracy_std": 0.0,
    "generalization_gap_mean": 0.0828,
    "validation_loss_mean": 0.4665,
    "test_loss_mean": 0.5096,
    "parameter_efficiency_mean": 0.004033,
    "n_params": 212,
    "depth_mean": 105.0,
    "gate_count_mean": 318.0,
    "score_uses_test": false,
    "convergence_step_mean": 330.0
  },
  "private": {
    "per_run_scores": [
      {
        "combined_score": 0.8321192488454238,
        "primary_accuracy": 0.8833333333333333,
        "gap_score": 0.7634920634920633,
        "loss_score": 0.6818955214033547,
        "parameter_efficiency_score": 0.6083333333333334,
        "convergence_score": 0.989
      }
    ],
    "per_run_test_accuracies": [
      0.855
    ]
  },
  "text_feedback": "Combined score: 0.8321\nValidation accuracy mean: 0.8833\nTest accuracy mean: 0.8550\nTrain-test generalization gap mean: 0.0828\nValidation L2 loss mean: 0.4665\nParameters: 212, depth mean: 105.0, gate count mean: 318.0\nFitness uses validation metrics; test metrics are reported as holdout diagnostics.\nParameter count exceeds the seed; added accuracy must justify the complexity.",
  "execution_time_mean": 566.1484854733571,
  "execution_time_std": 0.0,
  "num_valid_runs": 1,
  "num_invalid_runs": 0,
  "all_validation_errors": []
}
