==========Running program evaluation 1/1...==========
{"batch_size": 10, "data_seed": 2027, "dataset": {"all_valid_unique_boards": {"class_counts": {"circle": 316, "cross": 626, "draw": 4536}, "total": 5478}, "overlap_train_test": 4, "overlap_train_validation": 1, "overlap_validation_test": 3, "test": {"class_counts": {"circle": 20, "cross": 20, "draw": 20}, "rows": 60, "unique_boards": 59}, "train": {"class_counts": {"circle": 20, "cross": 20, "draw": 20}, "rows": 60, "unique_boards": 59}, "validation": {"class_counts": {"circle": 15, "cross": 15, "draw": 15}, "rows": 45, "unique_boards": 44}}, "event": "start", "learning_rate": 0.03, "n_epochs": 3, "n_params": 54, "n_params_per_block": 9, "n_repeats": 2, "n_uploads": 3, "seed": 2000, "steps_per_epoch": 3}
{"batch_loss": 5.850605850239032, "epoch": 1, "event": "epoch", "global_step": 3, "test_accuracy": 0.4166666666666667, "test_loss": 4.65121880855554, "train_accuracy": 0.4166666666666667, "train_loss": 4.603943802281823, "validation_accuracy": 0.4222222222222222, "validation_loss": 4.615975743766211}
{"batch_loss": 3.09567954619007, "epoch": 2, "event": "epoch", "global_step": 6, "test_accuracy": 0.43333333333333335, "test_loss": 3.140540987431583, "train_accuracy": 0.4166666666666667, "train_loss": 3.132633356613133, "validation_accuracy": 0.4666666666666667, "validation_loss": 3.1168595416940468}
{"batch_loss": 3.576910525702162, "epoch": 3, "event": "epoch", "global_step": 9, "test_accuracy": 0.5, "test_loss": 2.749588330870068, "train_accuracy": 0.4, "train_loss": 2.830546415269278, "validation_accuracy": 0.4444444444444444, "validation_loss": 2.6998528568136617}
{"convergence_epoch": null, "convergence_step": null, "convergence_threshold": 0.9, "depth": 52, "event": "final", "gate_count": 291, "generalization_gap": 0.09999999999999998, "history_tail": [{"batch_loss": 5.850605850239032, "epoch": 1, "event": "epoch", "global_step": 3, "test_accuracy": 0.4166666666666667, "test_loss": 4.65121880855554, "train_accuracy": 0.4166666666666667, "train_loss": 4.603943802281823, "validation_accuracy": 0.4222222222222222, "validation_loss": 4.615975743766211}, {"batch_loss": 3.09567954619007, "epoch": 2, "event": "epoch", "global_step": 6, "test_accuracy": 0.43333333333333335, "test_loss": 3.140540987431583, "train_accuracy": 0.4166666666666667, "train_loss": 3.132633356613133, "validation_accuracy": 0.4666666666666667, "validation_loss": 3.1168595416940468}, {"batch_loss": 3.576910525702162, "epoch": 3, "event": "epoch", "global_step": 9, "test_accuracy": 0.5, "test_loss": 2.749588330870068, "train_accuracy": 0.4, "train_loss": 2.830546415269278, "validation_accuracy": 0.4444444444444444, "validation_loss": 2.6998528568136617}], "max_steps": 9, "n_params": 54, "n_params_per_block": 9, "n_qubits": 9, "n_repeats": 2, "n_uploads": 3, "operations": [["RX", [0]], ["RX", [1]], ["RX", [2]], ["RX", [3]], ["RX", [4]], ["RX", [5]], ["RX", [6]], ["RX", [7]], ["RX", [8]], ["RY", [0]], ["RY", [2]], ["RY", [4]], ["RY", [6]], ["RY", [1]], ["RY", [3]], ["RY", [5]], ["RY", [7]], ["RY", [8]], ["RZ", [0]], ["RZ", [1]], ["RZ", [2]], ["RZ", [3]], ["RZ", [4]], ["RZ", [5]], ["RZ", [6]], ["RZ", [7]], ["RZ", [8]], ["CRY", [0, 1]], ["CRY", [2, 3]], ["CRY", [4, 5]], ["CRY", [6, 7]], ["CRX", [1, 8]], ["CRX", [3, 8]], ["CRX", [5, 8]], ["CRX", [7, 8]], ["RX", [0]], ["RX", [1]], ["RX", [2]], ["RX", [3]], ["RX", [4]], ["RX", [5]], ["RX", [6]], ["RX", [7]], ["RX", [8]], ["RY", [0]], ["RY", [1]], ["RY", [2]], ["RY", [3]], ["RY", [4]], ["RY", [5]], ["RY", [6]], ["RY", [7]], ["RY", [8]], ["RY", [0]], ["RY", [2]], ["RY", [4]], ["RY", [6]], ["RY", [1]], ["RY", [3]], ["RY", [5]], ["RY", [7]], ["RY", [8]], ["RZ", [0]], ["RZ", [1]], ["RZ", [2]], ["RZ", [3]], ["RZ", [4]], ["RZ", [5]], ["RZ", [6]], ["RZ", [7]], ["RZ", [8]], ["CRY", [0, 1]], ["CRY", [2, 3]], ["CRY", [4, 5]], ["CRY", [6, 7]], ["CRX", [1, 8]], ["CRX", [3, 8]], ["CRX", [5, 8]], ["CRX", [7, 8]], ["RX", [0]], ["RX", [1]], ["RX", [2]], ["RX", [3]], ["RX", [4]], ["RX", [5]], ["RX", [6]], ["RX", [7]], ["RX", [8]], ["RY", [0]], ["RY", [1]], ["RY", [2]], ["RY", [3]], ["RY", [4]], ["RY", [5]], ["RY", [6]], ["RY", [7]], ["RY", [8]], ["RX", [0]], ["RX", [1]], ["RX", [2]], ["RX", [3]], ["RX", [4]], ["RX", [5]], ["RX", [6]], ["RX", [7]], ["RX", [8]], ["RY", [0]], ["RY", [2]], ["RY", [4]], ["RY", [6]], ["RY", [1]], ["RY", [3]], ["RY", [5]], ["RY", [7]], ["RY", [8]], ["RZ", [0]], ["RZ", [1]], ["RZ", [2]], ["RZ", [3]], ["RZ", [4]], ["RZ", [5]], ["RZ", [6]], ["RZ", [7]], ["RZ", [8]], ["CRY", [0, 1]], ["CRY", [2, 3]], ["CRY", [4, 5]], ["CRY", [6, 7]], ["CRX", [1, 8]], ["CRX", [3, 8]], ["CRX", [5, 8]], ["CRX", [7, 8]], ["RX", [0]], ["RX", [1]], ["RX", [2]], ["RX", [3]], ["RX", [4]], ["RX", [5]], ["RX", [6]], ["RX", [7]], ["RX", [8]], ["RY", [0]], ["RY", [1]], ["RY", [2]], ["RY", [3]], ["RY", [4]], ["RY", [5]], ["RY", [6]], ["RY", [7]], ["RY", [8]], ["RY", [0]], ["RY", [2]], ["RY", [4]], ["RY", [6]], ["RY", [1]], ["RY", [3]], ["RY", [5]], ["RY", [7]], ["RY", [8]], ["RZ", [0]], ["RZ", [1]], ["RZ", [2]], ["RZ", [3]], ["RZ", [4]], ["RZ", [5]], ["RZ", [6]], ["RZ", [7]], ["RZ", [8]], ["CRY", [0, 1]], ["CRY", [2, 3]], ["CRY", [4, 5]], ["CRY", [6, 7]], ["CRX", [1, 8]], ["CRX", [3, 8]], ["CRX", [5, 8]], ["CRX", [7, 8]], ["RX", [0]], ["RX", [1]], ["RX", [2]], ["RX", [3]], ["RX", [4]], ["RX", [5]], ["RX", [6]], ["RX", [7]], ["RX", [8]], ["RY", [0]], ["RY", [1]], ["RY", [2]], ["RY", [3]], ["RY", [4]], ["RY", [5]], ["RY", [6]], ["RY", [7]], ["RY", [8]], ["RX", [0]], ["RX", [1]], ["RX", [2]], ["RX", [3]], ["RX", [4]], ["RX", [5]], ["RX", [6]], ["RX", [7]], ["RX", [8]], ["RY", [0]], ["RY", [2]], ["RY", [4]], ["RY", [6]], ["RY", [1]], ["RY", [3]], ["RY", [5]], ["RY", [7]], ["RY", [8]], ["RZ", [0]], ["RZ", [1]], ["RZ", [2]], ["RZ", [3]], ["RZ", [4]], ["RZ", [5]], ["RZ", [6]], ["RZ", [7]], ["RZ", [8]], ["CRY", [0, 1]], ["CRY", [2, 3]], ["CRY", [4, 5]], ["CRY", [6, 7]], ["CRX", [1, 8]], ["CRX", [3, 8]], ["CRX", [5, 8]], ["CRX", [7, 8]], ["RX", [0]], ["RX", [1]], ["RX", [2]], ["RX", [3]], ["RX", [4]], ["RX", [5]], ["RX", [6]], ["RX", [7]], ["RX", [8]], ["RY", [0]], ["RY", [1]], ["RY", [2]], ["RY", [3]], ["RY", [4]], ["RY", [5]], ["RY", [6]], ["RY", [7]], ["RY", [8]], ["RY", [0]], ["RY", [2]], ["RY", [4]], ["RY", [6]], ["RY", [1]], ["RY", [3]], ["RY", [5]], ["RY", [7]], ["RY", [8]], ["RZ", [0]], ["RZ", [1]], ["RZ", [2]], ["RZ", [3]], ["RZ", [4]], ["RZ", [5]], ["RZ", [6]], ["RZ", [7]], ["RZ", [8]], ["CRY", [0, 1]], ["CRY", [2, 3]], ["CRY", [4, 5]], ["CRY", [6, 7]], ["CRX", [1, 8]], ["CRX", [3, 8]], ["CRX", [5, 8]], ["CRX", [7, 8]], ["RX", [0]], ["RX", [1]], ["RX", [2]], ["RX", [3]], ["RX", [4]], ["RX", [5]], ["RX", [6]], ["RX", [7]], ["RX", [8]], ["RY", [0]], ["RY", [1]], ["RY", [2]], ["RY", [3]], ["RY", [4]], ["RY", [5]], ["RY", [6]], ["RY", [7]], ["RY", [8]]], "parameter_efficiency": 0.009259259259259259, "spec_valid": true, "test_accuracy": 0.5, "test_loss": 2.749588330870068, "train_accuracy": 0.4, "train_loss": 2.830546415269278, "validation_accuracy": 0.4444444444444444, "validation_loss": 2.6998528568136617}
==========Run 1/1 completed in 144.24 seconds==========
Correctness and error status saved to /home/chengyou1368/QuantumAnsatz/qml-ea/tic-tac-toe/results/ttt_qml_cli_20260624_162514/gen_45/results/correct.json
Metrics saved to /home/chengyou1368/QuantumAnsatz/qml-ea/tic-tac-toe/results/ttt_qml_cli_20260624_162514/gen_45/results/metrics.json
OK
{
  "combined_score": 0.45990723220333607,
  "public": {
    "train_accuracy_mean": 0.4,
    "train_accuracy_std": 0.0,
    "validation_accuracy_mean": 0.4444,
    "validation_accuracy_std": 0.0,
    "test_accuracy_mean": 0.5,
    "test_accuracy_std": 0.0,
    "generalization_gap_mean": 0.1,
    "validation_loss_mean": 2.6999,
    "test_loss_mean": 2.7496,
    "parameter_efficiency_mean": 0.009259,
    "n_params": 54,
    "depth_mean": 52.0,
    "gate_count_mean": 291.0,
    "score_uses_test": false,
    "convergence_step_mean": null
  },
  "private": {
    "per_run_scores": [
      {
        "combined_score": 0.45990723220333607,
        "primary_accuracy": 0.4444444444444444,
        "gap_score": 0.7142857142857144,
        "loss_score": 0.2702810189217111,
        "parameter_efficiency_score": 1.0,
        "convergence_score": 0.0
      }
    ],
    "per_run_test_accuracies": [
      0.5
    ]
  },
  "text_feedback": "Combined score: 0.4599\nValidation accuracy mean: 0.4444\nTest accuracy mean: 0.5000\nTrain-test generalization gap mean: 0.1000\nValidation L2 loss mean: 2.6999\nParameters: 54, depth mean: 52.0, gate count mean: 291.0\nFitness uses validation metrics; test metrics are reported as holdout diagnostics.\nAccuracy is still low; explore more expressive local entanglement or rotation diversity.\nDid not reach convergence threshold 0.90 in these runs.",
  "execution_time_mean": 144.24342107699977,
  "execution_time_std": 0.0,
  "num_valid_runs": 1,
  "num_invalid_runs": 0,
  "all_validation_errors": []
}
