==========Running program evaluation 1/1...==========
{"batch_size": 10, "data_seed": 2027, "dataset": {"all_valid_unique_boards": {"class_counts": {"circle": 316, "cross": 626, "draw": 4536}, "total": 5478}, "overlap_train_test": 4, "overlap_train_validation": 1, "overlap_validation_test": 3, "test": {"class_counts": {"circle": 20, "cross": 20, "draw": 20}, "rows": 60, "unique_boards": 59}, "train": {"class_counts": {"circle": 20, "cross": 20, "draw": 20}, "rows": 60, "unique_boards": 59}, "validation": {"class_counts": {"circle": 15, "cross": 15, "draw": 15}, "rows": 45, "unique_boards": 44}}, "event": "start", "learning_rate": 0.03, "n_epochs": 3, "n_params": 66, "n_params_per_block": 11, "n_repeats": 2, "n_uploads": 3, "seed": 1000, "steps_per_epoch": 3}
{"batch_loss": 6.975738692632089, "epoch": 1, "event": "epoch", "global_step": 3, "test_accuracy": 0.3333333333333333, "test_loss": 6.299489743125634, "train_accuracy": 0.31666666666666665, "train_loss": 6.198812225921426, "validation_accuracy": 0.3333333333333333, "validation_loss": 6.171922006829199}
{"batch_loss": 5.109465435155782, "epoch": 2, "event": "epoch", "global_step": 6, "test_accuracy": 0.5166666666666667, "test_loss": 4.334134459989912, "train_accuracy": 0.38333333333333336, "train_loss": 4.213509491420824, "validation_accuracy": 0.5333333333333333, "validation_loss": 4.026676713415311}
{"batch_loss": 3.6608299779277074, "epoch": 3, "event": "epoch", "global_step": 9, "test_accuracy": 0.4666666666666667, "test_loss": 3.383160061211145, "train_accuracy": 0.3333333333333333, "train_loss": 3.3832729792064993, "validation_accuracy": 0.4888888888888889, "validation_loss": 3.0786994704066184}
{"convergence_epoch": null, "convergence_step": null, "convergence_threshold": 0.9, "depth": 118, "event": "final", "gate_count": 309, "generalization_gap": 0.13333333333333336, "history_tail": [{"batch_loss": 6.975738692632089, "epoch": 1, "event": "epoch", "global_step": 3, "test_accuracy": 0.3333333333333333, "test_loss": 6.299489743125634, "train_accuracy": 0.31666666666666665, "train_loss": 6.198812225921426, "validation_accuracy": 0.3333333333333333, "validation_loss": 6.171922006829199}, {"batch_loss": 5.109465435155782, "epoch": 2, "event": "epoch", "global_step": 6, "test_accuracy": 0.5166666666666667, "test_loss": 4.334134459989912, "train_accuracy": 0.38333333333333336, "train_loss": 4.213509491420824, "validation_accuracy": 0.5333333333333333, "validation_loss": 4.026676713415311}, {"batch_loss": 3.6608299779277074, "epoch": 3, "event": "epoch", "global_step": 9, "test_accuracy": 0.4666666666666667, "test_loss": 3.383160061211145, "train_accuracy": 0.3333333333333333, "train_loss": 3.3832729792064993, "validation_accuracy": 0.4888888888888889, "validation_loss": 3.0786994704066184}], "max_steps": 9, "n_params": 66, "n_params_per_block": 11, "n_qubits": 9, "n_repeats": 2, "n_uploads": 3, "operations": [["RX", [0]], ["RX", [1]], ["RX", [2]], ["RX", [3]], ["RX", [4]], ["RX", [5]], ["RX", [6]], ["RX", [7]], ["RX", [8]], ["RZ", [0]], ["RZ", [2]], ["RZ", [4]], ["RZ", [6]], ["RZ", [1]], ["RZ", [3]], ["RZ", [5]], ["RZ", [7]], ["RZ", [8]], ["RY", [0]], ["RY", [2]], ["RY", [4]], ["RY", [6]], ["RY", [1]], ["RY", [3]], ["RY", [5]], ["RY", [7]], ["RY", [8]], ["CRY", [0, 1]], ["CRY", [1, 2]], ["CRY", [2, 3]], ["CRY", [3, 4]], ["CRY", [4, 5]], ["CRY", [5, 6]], ["CRY", [6, 7]], ["CRY", [7, 0]], ["CRY", [0, 1]], ["CRY", [1, 2]], ["CRY", [2, 3]], ["CRY", [3, 4]], ["CRY", [4, 5]], ["CRY", [5, 6]], ["CRY", [6, 7]], ["CRY", [7, 0]], ["CRX", [8, 1]], ["CRX", [8, 3]], ["CRX", [8, 5]], ["CRX", [8, 7]], ["RZ", [0]], ["RZ", [2]], ["RZ", [4]], ["RZ", [6]], ["RZ", [1]], ["RZ", [3]], ["RZ", [5]], ["RZ", [7]], ["RZ", [8]], ["RZ", [0]], ["RZ", [2]], ["RZ", [4]], ["RZ", [6]], ["RZ", [1]], ["RZ", [3]], ["RZ", [5]], ["RZ", [7]], ["RZ", [8]], ["RY", [0]], ["RY", [2]], ["RY", [4]], ["RY", [6]], ["RY", [1]], ["RY", [3]], ["RY", [5]], ["RY", [7]], ["RY", [8]], ["CRY", [0, 1]], ["CRY", [1, 2]], ["CRY", [2, 3]], ["CRY", [3, 4]], ["CRY", [4, 5]], ["CRY", [5, 6]], ["CRY", [6, 7]], ["CRY", [7, 0]], ["CRY", [0, 1]], ["CRY", [1, 2]], ["CRY", [2, 3]], ["CRY", [3, 4]], ["CRY", [4, 5]], ["CRY", [5, 6]], ["CRY", [6, 7]], ["CRY", [7, 0]], ["CRX", [8, 1]], ["CRX", [8, 3]], ["CRX", [8, 5]], ["CRX", [8, 7]], ["RZ", [0]], ["RZ", [2]], ["RZ", [4]], ["RZ", [6]], ["RZ", [1]], ["RZ", [3]], ["RZ", [5]], ["RZ", [7]], ["RZ", [8]], ["RX", [0]], ["RX", [1]], ["RX", [2]], ["RX", [3]], ["RX", [4]], ["RX", [5]], ["RX", [6]], ["RX", [7]], ["RX", [8]], ["RZ", [0]], ["RZ", [2]], ["RZ", [4]], ["RZ", [6]], ["RZ", [1]], ["RZ", [3]], ["RZ", [5]], ["RZ", [7]], ["RZ", [8]], ["RY", [0]], ["RY", [2]], ["RY", [4]], ["RY", [6]], ["RY", [1]], ["RY", [3]], ["RY", [5]], ["RY", [7]], ["RY", [8]], ["CRY", [0, 1]], ["CRY", [1, 2]], ["CRY", [2, 3]], ["CRY", [3, 4]], ["CRY", [4, 5]], ["CRY", [5, 6]], ["CRY", [6, 7]], ["CRY", [7, 0]], ["CRY", [0, 1]], ["CRY", [1, 2]], ["CRY", [2, 3]], ["CRY", [3, 4]], ["CRY", [4, 5]], ["CRY", [5, 6]], ["CRY", [6, 7]], ["CRY", [7, 0]], ["CRX", [8, 1]], ["CRX", [8, 3]], ["CRX", [8, 5]], ["CRX", [8, 7]], ["RZ", [0]], ["RZ", [2]], ["RZ", [4]], ["RZ", [6]], ["RZ", [1]], ["RZ", [3]], ["RZ", [5]], ["RZ", [7]], ["RZ", [8]], ["RZ", [0]], ["RZ", [2]], ["RZ", [4]], ["RZ", [6]], ["RZ", [1]], ["RZ", [3]], ["RZ", [5]], ["RZ", [7]], ["RZ", [8]], ["RY", [0]], ["RY", [2]], ["RY", [4]], ["RY", [6]], ["RY", [1]], ["RY", [3]], ["RY", [5]], ["RY", [7]], ["RY", [8]], ["CRY", [0, 1]], ["CRY", [1, 2]], ["CRY", [2, 3]], ["CRY", [3, 4]], ["CRY", [4, 5]], ["CRY", [5, 6]], ["CRY", [6, 7]], ["CRY", [7, 0]], ["CRY", [0, 1]], ["CRY", [1, 2]], ["CRY", [2, 3]], ["CRY", [3, 4]], ["CRY", [4, 5]], ["CRY", [5, 6]], ["CRY", [6, 7]], ["CRY", [7, 0]], ["CRX", [8, 1]], ["CRX", [8, 3]], ["CRX", [8, 5]], ["CRX", [8, 7]], ["RZ", [0]], ["RZ", [2]], ["RZ", [4]], ["RZ", [6]], ["RZ", [1]], ["RZ", [3]], ["RZ", [5]], ["RZ", [7]], ["RZ", [8]], ["RX", [0]], ["RX", [1]], ["RX", [2]], ["RX", [3]], ["RX", [4]], ["RX", [5]], ["RX", [6]], ["RX", [7]], ["RX", [8]], ["RZ", [0]], ["RZ", [2]], ["RZ", [4]], ["RZ", [6]], ["RZ", [1]], ["RZ", [3]], ["RZ", [5]], ["RZ", [7]], ["RZ", [8]], ["RY", [0]], ["RY", [2]], ["RY", [4]], ["RY", [6]], ["RY", [1]], ["RY", [3]], ["RY", [5]], ["RY", [7]], ["RY", [8]], ["CRY", [0, 1]], ["CRY", [1, 2]], ["CRY", [2, 3]], ["CRY", [3, 4]], ["CRY", [4, 5]], ["CRY", [5, 6]], ["CRY", [6, 7]], ["CRY", [7, 0]], ["CRY", [0, 1]], ["CRY", [1, 2]], ["CRY", [2, 3]], ["CRY", [3, 4]], ["CRY", [4, 5]], ["CRY", [5, 6]], ["CRY", [6, 7]], ["CRY", [7, 0]], ["CRX", [8, 1]], ["CRX", [8, 3]], ["CRX", [8, 5]], ["CRX", [8, 7]], ["RZ", [0]], ["RZ", [2]], ["RZ", [4]], ["RZ", [6]], ["RZ", [1]], ["RZ", [3]], ["RZ", [5]], ["RZ", [7]], ["RZ", [8]], ["RZ", [0]], ["RZ", [2]], ["RZ", [4]], ["RZ", [6]], ["RZ", [1]], ["RZ", [3]], ["RZ", [5]], ["RZ", [7]], ["RZ", [8]], ["RY", [0]], ["RY", [2]], ["RY", [4]], ["RY", [6]], ["RY", [1]], ["RY", [3]], ["RY", [5]], ["RY", [7]], ["RY", [8]], ["CRY", [0, 1]], ["CRY", [1, 2]], ["CRY", [2, 3]], ["CRY", [3, 4]], ["CRY", [4, 5]], ["CRY", [5, 6]], ["CRY", [6, 7]], ["CRY", [7, 0]], ["CRY", [0, 1]], ["CRY", [1, 2]], ["CRY", [2, 3]], ["CRY", [3, 4]], ["CRY", [4, 5]], ["CRY", [5, 6]], ["CRY", [6, 7]], ["CRY", [7, 0]], ["CRX", [8, 1]], ["CRX", [8, 3]], ["CRX", [8, 5]], ["CRX", [8, 7]], ["RZ", [0]], ["RZ", [2]], ["RZ", [4]], ["RZ", [6]], ["RZ", [1]], ["RZ", [3]], ["RZ", [5]], ["RZ", [7]], ["RZ", [8]]], "parameter_efficiency": 0.007070707070707071, "spec_valid": true, "test_accuracy": 0.4666666666666667, "test_loss": 3.383160061211145, "train_accuracy": 0.3333333333333333, "train_loss": 3.3832729792064993, "validation_accuracy": 0.4888888888888889, "validation_loss": 3.0786994704066184}
==========Run 1/1 completed in 56.70 seconds==========
Correctness and error status saved to /home/chengyou1368/QuantumAnsatz/qml-ea/tic-tac-toe/results/ttt_qml_cli_20260605_124906/gen_37/results/correct.json
Metrics saved to /home/chengyou1368/QuantumAnsatz/qml-ea/tic-tac-toe/results/ttt_qml_cli_20260605_124906/gen_37/results/metrics.json
OK
{
  "combined_score": 0.4574113492706509,
  "public": {
    "train_accuracy_mean": 0.3333,
    "train_accuracy_std": 0.0,
    "validation_accuracy_mean": 0.4889,
    "validation_accuracy_std": 0.0,
    "test_accuracy_mean": 0.4667,
    "test_accuracy_std": 0.0,
    "generalization_gap_mean": 0.1333,
    "validation_loss_mean": 3.0787,
    "test_loss_mean": 3.3832,
    "parameter_efficiency_mean": 0.007071,
    "n_params": 66,
    "depth_mean": 118.0,
    "gate_count_mean": 309.0,
    "score_uses_test": false,
    "convergence_step_mean": null
  },
  "private": {
    "per_run_scores": [
      {
        "combined_score": 0.4574113492706509,
        "primary_accuracy": 0.4888888888888889,
        "gap_score": 0.619047619047619,
        "loss_score": 0.2451761909048687,
        "parameter_efficiency_score": 1.0,
        "convergence_score": 0.0
      }
    ],
    "per_run_test_accuracies": [
      0.4666666666666667
    ]
  },
  "text_feedback": "Combined score: 0.4574\nValidation accuracy mean: 0.4889\nTest accuracy mean: 0.4667\nTrain-test generalization gap mean: 0.1333\nValidation L2 loss mean: 3.0787\nParameters: 66, depth mean: 118.0, gate count mean: 309.0\nFitness uses validation metrics; test metrics are reported as holdout diagnostics.\nAccuracy is still low; explore more expressive local entanglement or rotation diversity.\nDid not reach convergence threshold 0.90 in these runs.",
  "execution_time_mean": 56.6984156310009,
  "execution_time_std": 0.0,
  "num_valid_runs": 1,
  "num_invalid_runs": 0,
  "all_validation_errors": []
}
