Job running on a1114u29n01.mghpcc.ycrc.yale.edu under Slurm job 23103804
Activating sourced environment: /home/ch2499/project/transfer_sn/activate_eval_cluster.sh
==========Running program evaluation 1/1...==========
==========Run 1/1 completed in 547.69 seconds==========
Correctness and error status saved to /home/ch2499/project/transfer_sn/results_frw3_mid_r9/gen_4/results/correct.json
Metrics saved to /home/ch2499/project/transfer_sn/results_frw3_mid_r9/gen_4/results/metrics.json
OK
{
  "combined_score": -0.45668011640673484,
  "public": {
    "combined_score_raw": 0.8118,
    "train_accuracy_mean": 0.8867,
    "train_accuracy_std": 0.0,
    "validation_accuracy_mean": 0.85,
    "validation_accuracy_std": 0.0,
    "test_accuracy_mean": 0.8917,
    "test_accuracy_std": 0.0,
    "generalization_gap_mean": 0.005,
    "validation_loss_mean": 0.4965,
    "test_loss_mean": 0.4265,
    "parameter_efficiency_mean": 0.044583,
    "n_params": 20,
    "depth_mean": 87.0,
    "gate_count_mean": 252.0,
    "score_uses_test": false,
    "convergence_step_mean": null
  },
  "private": {
    "per_run_scores": [
      {
        "combined_score": 0.8117553415672115,
        "primary_accuracy": 0.85,
        "gap_score": 0.9857142857142857,
        "loss_score": 0.6682102136226792,
        "parameter_efficiency_score": 1.0,
        "convergence_score": 0.0
      }
    ],
    "per_run_test_accuracies": [
      0.8916666666666667
    ]
  },
  "text_feedback": "Combined score: -0.4567\nScore scale: 0.0 = the seed program, 1.0 = the best solution found so far on this task. Negative means worse than the seed.\nValidation accuracy mean: 0.8500\nTest accuracy mean: 0.8917\nTrain-test generalization gap mean: 0.0050\nValidation L2 loss mean: 0.4965\nParameters: 20, depth mean: 87.0, gate count mean: 252.0\nFitness uses validation metrics; test metrics are reported as holdout diagnostics.\nDid not reach the convergence threshold in these runs.",
  "execution_time_mean": 547.6927172783762,
  "execution_time_std": 0.0,
  "num_valid_runs": 1,
  "num_invalid_runs": 0,
  "all_validation_errors": []
}
