Job running on a1130u09n02.mghpcc.ycrc.yale.edu under Slurm job 19617324
Activating sourced environment: /home/ch2499/project/zc_ttt/activate_eval_cluster.sh
==========Running program evaluation 1/1...==========
==========Run 1/1 completed in 1835.48 seconds==========
Correctness and error status saved to /home/ch2499/project/zc_ttt/results_haiku/gen_79/results/correct.json
Metrics saved to /home/ch2499/project/zc_ttt/results_haiku/gen_79/results/metrics.json
OK
{
  "combined_score": 0.5610768932949866,
  "public": {
    "train_accuracy_mean": 0.7111,
    "train_accuracy_std": 0.0,
    "validation_accuracy_mean": 0.64,
    "validation_accuracy_std": 0.0,
    "test_accuracy_mean": 0.575,
    "test_accuracy_std": 0.0,
    "generalization_gap_mean": 0.1361,
    "validation_loss_mean": 2.1618,
    "test_loss_mean": 2.2899,
    "parameter_efficiency_mean": 0.003423,
    "n_params": 168,
    "depth_mean": 63.0,
    "gate_count_mean": 279.0,
    "score_uses_test": false,
    "convergence_step_mean": null
  },
  "private": {
    "per_run_scores": [
      {
        "combined_score": 0.5610768932949866,
        "primary_accuracy": 0.64,
        "gap_score": 0.6111111111111109,
        "loss_score": 0.3162798177337732,
        "parameter_efficiency_score": 0.6171428571428572,
        "convergence_score": 0.0
      }
    ],
    "per_run_test_accuracies": [
      0.575
    ]
  },
  "text_feedback": "Combined score: 0.5611\nValidation accuracy mean: 0.6400\nTest accuracy mean: 0.5750\nTrain-test generalization gap mean: 0.1361\nValidation L2 loss mean: 2.1618\nParameters: 168, depth mean: 63.0, gate count mean: 279.0\nFitness uses validation metrics; test metrics are reported as holdout diagnostics.\nParameter count exceeds the seed; added accuracy must justify the complexity.\nDid not reach convergence threshold 0.90 in these runs.",
  "execution_time_mean": 1835.482341118157,
  "execution_time_std": 0.0,
  "num_valid_runs": 1,
  "num_invalid_runs": 0,
  "all_validation_errors": []
}
