Job running on a1130u18n04.mghpcc.ycrc.yale.edu under Slurm job 19603074
Activating sourced environment: /home/ch2499/project/zc_sn/activate_eval_cluster.sh
==========Running program evaluation 1/1...==========
==========Run 1/1 completed in 1991.53 seconds==========
Correctness and error status saved to /home/ch2499/project/zc_sn/results_gpt56sol/gen_37/results/correct.json
Metrics saved to /home/ch2499/project/zc_sn/results_gpt56sol/gen_37/results/metrics.json
OK
{
  "combined_score": 0.8866010959966332,
  "public": {
    "train_accuracy_mean": 0.9311,
    "train_accuracy_std": 0.0,
    "validation_accuracy_mean": 0.9333,
    "validation_accuracy_std": 0.0,
    "test_accuracy_mean": 0.8767,
    "test_accuracy_std": 0.0,
    "generalization_gap_mean": 0.0544,
    "validation_loss_mean": 0.4843,
    "test_loss_mean": 0.5219,
    "parameter_efficiency_mean": 0.006542,
    "n_params": 134,
    "depth_mean": 159.0,
    "gate_count_mean": 558.0,
    "score_uses_test": false,
    "convergence_step_mean": 540.0
  },
  "private": {
    "per_run_scores": [
      {
        "combined_score": 0.8866010959966332,
        "primary_accuracy": 0.9333333333333333,
        "gap_score": 0.8444444444444446,
        "loss_score": 0.6737110103479237,
        "parameter_efficiency_score": 1.0,
        "convergence_score": 0.982
      }
    ],
    "per_run_test_accuracies": [
      0.8766666666666667
    ]
  },
  "text_feedback": "Combined score: 0.8866\nValidation accuracy mean: 0.9333\nTest accuracy mean: 0.8767\nTrain-test generalization gap mean: 0.0544\nValidation L2 loss mean: 0.4843\nParameters: 134, depth mean: 159.0, gate count mean: 558.0\nFitness uses validation metrics; test metrics are reported as holdout diagnostics.",
  "execution_time_mean": 1991.5328434761614,
  "execution_time_std": 0.0,
  "num_valid_runs": 1,
  "num_invalid_runs": 0,
  "all_validation_errors": []
}
