==========Running program evaluation 1/1...==========
{"batch_size": 10, "data_seed": 2027, "dataset": {"all_valid_unique_boards": {"class_counts": {"circle": 316, "cross": 626, "draw": 4536}, "total": 5478}, "overlap_train_test": 4, "overlap_train_validation": 1, "overlap_validation_test": 3, "test": {"class_counts": {"circle": 20, "cross": 20, "draw": 20}, "rows": 60, "unique_boards": 59}, "train": {"class_counts": {"circle": 20, "cross": 20, "draw": 20}, "rows": 60, "unique_boards": 59}, "validation": {"class_counts": {"circle": 15, "cross": 15, "draw": 15}, "rows": 45, "unique_boards": 44}}, "event": "start", "learning_rate": 0.03, "n_epochs": 3, "n_params": 108, "n_params_per_block": 18, "n_repeats": 2, "n_uploads": 3, "seed": 2000, "steps_per_epoch": 3}
{"batch_loss": 7.407302984353817, "epoch": 1, "event": "epoch", "global_step": 3, "test_accuracy": 0.4166666666666667, "test_loss": 6.862664380152068, "train_accuracy": 0.35, "train_loss": 6.888703365320564, "validation_accuracy": 0.35555555555555557, "validation_loss": 6.879201939806771}
{"batch_loss": 5.87262024770804, "epoch": 2, "event": "epoch", "global_step": 6, "test_accuracy": 0.48333333333333334, "test_loss": 5.308696963226046, "train_accuracy": 0.36666666666666664, "train_loss": 5.352985083496716, "validation_accuracy": 0.37777777777777777, "validation_loss": 5.329765027893766}
{"batch_loss": 4.5338346688491615, "epoch": 3, "event": "epoch", "global_step": 9, "test_accuracy": 0.5166666666666667, "test_loss": 4.107140203760736, "train_accuracy": 0.36666666666666664, "train_loss": 4.155444442181248, "validation_accuracy": 0.37777777777777777, "validation_loss": 4.124237812494075}
{"convergence_epoch": null, "convergence_step": null, "convergence_threshold": 0.9, "depth": 64, "event": "final", "gate_count": 207, "generalization_gap": 0.15000000000000008, "history_tail": [{"batch_loss": 7.407302984353817, "epoch": 1, "event": "epoch", "global_step": 3, "test_accuracy": 0.4166666666666667, "test_loss": 6.862664380152068, "train_accuracy": 0.35, "train_loss": 6.888703365320564, "validation_accuracy": 0.35555555555555557, "validation_loss": 6.879201939806771}, {"batch_loss": 5.87262024770804, "epoch": 2, "event": "epoch", "global_step": 6, "test_accuracy": 0.48333333333333334, "test_loss": 5.308696963226046, "train_accuracy": 0.36666666666666664, "train_loss": 5.352985083496716, "validation_accuracy": 0.37777777777777777, "validation_loss": 5.329765027893766}, {"batch_loss": 4.5338346688491615, "epoch": 3, "event": "epoch", "global_step": 9, "test_accuracy": 0.5166666666666667, "test_loss": 4.107140203760736, "train_accuracy": 0.36666666666666664, "train_loss": 4.155444442181248, "validation_accuracy": 0.37777777777777777, "validation_loss": 4.124237812494075}], "max_steps": 9, "n_params": 108, "n_params_per_block": 18, "n_qubits": 9, "n_repeats": 2, "n_uploads": 3, "operations": [["RX", [0]], ["RX", [1]], ["RX", [2]], ["RX", [3]], ["RX", [4]], ["RX", [5]], ["RX", [6]], ["RX", [7]], ["RX", [8]], ["RX", [0]], ["RX", [1]], ["RX", [2]], ["RX", [3]], ["RX", [4]], ["RX", [5]], ["RX", [6]], ["RX", [7]], ["RX", [8]], ["RY", [0]], ["RY", [1]], ["RY", [2]], ["RY", [3]], ["RY", [4]], ["RY", [5]], ["RY", [6]], ["RY", [7]], ["RY", [8]], ["CZ", [0, 1]], ["CZ", [1, 2]], ["CZ", [2, 3]], ["CZ", [3, 4]], ["CZ", [4, 5]], ["CZ", [5, 6]], ["CZ", [6, 7]], ["CZ", [7, 0]], ["CZ", [1, 8]], ["CZ", [3, 8]], ["CZ", [5, 8]], ["CZ", [7, 8]], ["RX", [0]], ["RX", [1]], ["RX", [2]], ["RX", [3]], ["RX", [4]], ["RX", [5]], ["RX", [6]], ["RX", [7]], ["RX", [8]], ["RY", [0]], ["RY", [1]], ["RY", [2]], ["RY", [3]], ["RY", [4]], ["RY", [5]], ["RY", [6]], ["RY", [7]], ["RY", [8]], ["CZ", [0, 1]], ["CZ", [1, 2]], ["CZ", [2, 3]], ["CZ", [3, 4]], ["CZ", [4, 5]], ["CZ", [5, 6]], ["CZ", [6, 7]], ["CZ", [7, 0]], ["CZ", [1, 8]], ["CZ", [3, 8]], ["CZ", [5, 8]], ["CZ", [7, 8]], ["RX", [0]], ["RX", [1]], ["RX", [2]], ["RX", [3]], ["RX", [4]], ["RX", [5]], ["RX", [6]], ["RX", [7]], ["RX", [8]], ["RX", [0]], ["RX", [1]], ["RX", [2]], ["RX", [3]], ["RX", [4]], ["RX", [5]], ["RX", [6]], ["RX", [7]], ["RX", [8]], ["RY", [0]], ["RY", [1]], ["RY", [2]], ["RY", [3]], ["RY", [4]], ["RY", [5]], ["RY", [6]], ["RY", [7]], ["RY", [8]], ["CZ", [0, 1]], ["CZ", [1, 2]], ["CZ", [2, 3]], ["CZ", [3, 4]], ["CZ", [4, 5]], ["CZ", [5, 6]], ["CZ", [6, 7]], ["CZ", [7, 0]], ["CZ", [1, 8]], ["CZ", [3, 8]], ["CZ", [5, 8]], ["CZ", [7, 8]], ["RX", [0]], ["RX", [1]], ["RX", [2]], ["RX", [3]], ["RX", [4]], ["RX", [5]], ["RX", [6]], ["RX", [7]], ["RX", [8]], ["RY", [0]], ["RY", [1]], ["RY", [2]], ["RY", [3]], ["RY", [4]], ["RY", [5]], ["RY", [6]], ["RY", [7]], ["RY", [8]], ["CZ", [0, 1]], ["CZ", [1, 2]], ["CZ", [2, 3]], ["CZ", [3, 4]], ["CZ", [4, 5]], ["CZ", [5, 6]], ["CZ", [6, 7]], ["CZ", [7, 0]], ["CZ", [1, 8]], ["CZ", [3, 8]], ["CZ", [5, 8]], ["CZ", [7, 8]], ["RX", [0]], ["RX", [1]], ["RX", [2]], ["RX", [3]], ["RX", [4]], ["RX", [5]], ["RX", [6]], ["RX", [7]], ["RX", [8]], ["RX", [0]], ["RX", [1]], ["RX", [2]], ["RX", [3]], ["RX", [4]], ["RX", [5]], ["RX", [6]], ["RX", [7]], ["RX", [8]], ["RY", [0]], ["RY", [1]], ["RY", [2]], ["RY", [3]], ["RY", [4]], ["RY", [5]], ["RY", [6]], ["RY", [7]], ["RY", [8]], ["CZ", [0, 1]], ["CZ", [1, 2]], ["CZ", [2, 3]], ["CZ", [3, 4]], ["CZ", [4, 5]], ["CZ", [5, 6]], ["CZ", [6, 7]], ["CZ", [7, 0]], ["CZ", [1, 8]], ["CZ", [3, 8]], ["CZ", [5, 8]], ["CZ", [7, 8]], ["RX", [0]], ["RX", [1]], ["RX", [2]], ["RX", [3]], ["RX", [4]], ["RX", [5]], ["RX", [6]], ["RX", [7]], ["RX", [8]], ["RY", [0]], ["RY", [1]], ["RY", [2]], ["RY", [3]], ["RY", [4]], ["RY", [5]], ["RY", [6]], ["RY", [7]], ["RY", [8]], ["CZ", [0, 1]], ["CZ", [1, 2]], ["CZ", [2, 3]], ["CZ", [3, 4]], ["CZ", [4, 5]], ["CZ", [5, 6]], ["CZ", [6, 7]], ["CZ", [7, 0]], ["CZ", [1, 8]], ["CZ", [3, 8]], ["CZ", [5, 8]], ["CZ", [7, 8]]], "parameter_efficiency": 0.004783950617283951, "spec_valid": true, "test_accuracy": 0.5166666666666667, "test_loss": 4.107140203760736, "train_accuracy": 0.36666666666666664, "train_loss": 4.155444442181248, "validation_accuracy": 0.37777777777777777, "validation_loss": 4.124237812494075}
==========Run 1/1 completed in 109.83 seconds==========
Correctness and error status saved to /home/chengyou1368/QuantumAnsatz/qml-ea/tic-tac-toe/results/ttt_qml_cli_20260624_162514/gen_1/results/correct.json
Metrics saved to /home/chengyou1368/QuantumAnsatz/qml-ea/tic-tac-toe/results/ttt_qml_cli_20260624_162514/gen_1/results/metrics.json
OK
{
  "combined_score": 0.3688758206997834,
  "public": {
    "train_accuracy_mean": 0.3667,
    "train_accuracy_std": 0.0,
    "validation_accuracy_mean": 0.3778,
    "validation_accuracy_std": 0.0,
    "test_accuracy_mean": 0.5167,
    "test_accuracy_std": 0.0,
    "generalization_gap_mean": 0.15,
    "validation_loss_mean": 4.1242,
    "test_loss_mean": 4.1071,
    "parameter_efficiency_mean": 0.004784,
    "n_params": 108,
    "depth_mean": 64.0,
    "gate_count_mean": 207.0,
    "score_uses_test": false,
    "convergence_step_mean": null
  },
  "private": {
    "per_run_scores": [
      {
        "combined_score": 0.3688758206997834,
        "primary_accuracy": 0.37777777777777777,
        "gap_score": 0.5714285714285712,
        "loss_score": 0.19515097397739214,
        "parameter_efficiency_score": 0.5666666666666667,
        "convergence_score": 0.0
      }
    ],
    "per_run_test_accuracies": [
      0.5166666666666667
    ]
  },
  "text_feedback": "Combined score: 0.3689\nValidation accuracy mean: 0.3778\nTest accuracy mean: 0.5167\nTrain-test generalization gap mean: 0.1500\nValidation L2 loss mean: 4.1242\nParameters: 108, depth mean: 64.0, gate count mean: 207.0\nFitness uses validation metrics; test metrics are reported as holdout diagnostics.\nAccuracy is still low; explore more expressive local entanglement or rotation diversity.\nDid not reach convergence threshold 0.90 in these runs.",
  "execution_time_mean": 109.8318121049997,
  "execution_time_std": 0.0,
  "num_valid_runs": 1,
  "num_invalid_runs": 0,
  "all_validation_errors": []
}
