Job running on a1132u33n02.mghpcc.ycrc.yale.edu under Slurm job 19605718
Activating sourced environment: /home/ch2499/project/zc_sn/activate_eval_cluster.sh
==========Running program evaluation 1/1...==========
==========Run 1/1 completed in 1858.07 seconds==========
Correctness and error status saved to /home/ch2499/project/zc_sn/results_sonnet/gen_49/results/correct.json
Metrics saved to /home/ch2499/project/zc_sn/results_sonnet/gen_49/results/metrics.json
OK
{
  "combined_score": 0.8657710925012562,
  "public": {
    "train_accuracy_mean": 0.9556,
    "train_accuracy_std": 0.0,
    "validation_accuracy_mean": 0.89,
    "validation_accuracy_std": 0.0,
    "test_accuracy_mean": 0.88,
    "test_accuracy_std": 0.0,
    "generalization_gap_mean": 0.0756,
    "validation_loss_mean": 0.3896,
    "test_loss_mean": 0.4045,
    "parameter_efficiency_mean": 0.006875,
    "n_params": 128,
    "depth_mean": 244.0,
    "gate_count_mean": 612.0,
    "score_uses_test": false,
    "convergence_step_mean": 210.0
  },
  "private": {
    "per_run_scores": [
      {
        "combined_score": 0.8657710925012562,
        "primary_accuracy": 0.89,
        "gap_score": 0.784126984126984,
        "loss_score": 0.7196432621776863,
        "parameter_efficiency_score": 1.0,
        "convergence_score": 0.993
      }
    ],
    "per_run_test_accuracies": [
      0.88
    ]
  },
  "text_feedback": "Combined score: 0.8658\nValidation accuracy mean: 0.8900\nTest accuracy mean: 0.8800\nTrain-test generalization gap mean: 0.0756\nValidation L2 loss mean: 0.3896\nParameters: 128, depth mean: 244.0, gate count mean: 612.0\nFitness uses validation metrics; test metrics are reported as holdout diagnostics.",
  "execution_time_mean": 1858.074975063093,
  "execution_time_std": 0.0,
  "num_valid_runs": 1,
  "num_invalid_runs": 0,
  "all_validation_errors": []
}
