Job running on a1130u35n02.mghpcc.ycrc.yale.edu under Slurm job 19604630
Activating sourced environment: /home/ch2499/project/zc_ttt/activate_eval_cluster.sh
==========Running program evaluation 1/1...==========
==========Run 1/1 completed in 2081.45 seconds==========
Correctness and error status saved to /home/ch2499/project/zc_ttt/results_gpt56sol/gen_29/results/correct.json
Metrics saved to /home/ch2499/project/zc_ttt/results_gpt56sol/gen_29/results/metrics.json
OK
{
  "combined_score": 0.5175033743505072,
  "public": {
    "train_accuracy_mean": 0.6222,
    "train_accuracy_std": 0.0,
    "validation_accuracy_mean": 0.5467,
    "validation_accuracy_std": 0.0,
    "test_accuracy_mean": 0.4917,
    "test_accuracy_std": 0.0,
    "generalization_gap_mean": 0.1306,
    "validation_loss_mean": 2.3717,
    "test_loss_mean": 2.4704,
    "parameter_efficiency_mean": 0.00482,
    "n_params": 102,
    "depth_mean": 41.0,
    "gate_count_mean": 207.0,
    "score_uses_test": false,
    "convergence_step_mean": null
  },
  "private": {
    "per_run_scores": [
      {
        "combined_score": 0.5175033743505072,
        "primary_accuracy": 0.5466666666666666,
        "gap_score": 0.6269841269841269,
        "loss_score": 0.29658956694300176,
        "parameter_efficiency_score": 0.868235294117647,
        "convergence_score": 0.0
      }
    ],
    "per_run_test_accuracies": [
      0.49166666666666664
    ]
  },
  "text_feedback": "Combined score: 0.5175\nValidation accuracy mean: 0.5467\nTest accuracy mean: 0.4917\nTrain-test generalization gap mean: 0.1306\nValidation L2 loss mean: 2.3717\nParameters: 102, depth mean: 41.0, gate count mean: 207.0\nFitness uses validation metrics; test metrics are reported as holdout diagnostics.\nAccuracy is still low; explore more expressive entanglement or richer gate structure.\nDid not reach convergence threshold 0.90 in these runs.",
  "execution_time_mean": 2081.448030915577,
  "execution_time_std": 0.0,
  "num_valid_runs": 1,
  "num_invalid_runs": 0,
  "all_validation_errors": []
}
