Job running on a1130u24n04.mghpcc.ycrc.yale.edu under Slurm job 19427521
Activating sourced environment: /home/ch2499/project/transfer_sn/activate_eval_cluster.sh
==========Running program evaluation 1/1...==========
==========Run 1/1 completed in 855.00 seconds==========
Correctness and error status saved to /home/ch2499/project/transfer_sn/results_haiku/gen_6/results/correct.json
Metrics saved to /home/ch2499/project/transfer_sn/results_haiku/gen_6/results/metrics.json
OK
{
  "combined_score": 0.5749977599934798,
  "public": {
    "train_accuracy_mean": 0.5,
    "train_accuracy_std": 0.0,
    "validation_accuracy_mean": 0.5,
    "validation_accuracy_std": 0.0,
    "test_accuracy_mean": 0.5,
    "test_accuracy_std": 0.0,
    "generalization_gap_mean": 0.0,
    "validation_loss_mean": 1.0001,
    "test_loss_mean": 1.0001,
    "parameter_efficiency_mean": 0.013158,
    "n_params": 38,
    "depth_mean": 105.0,
    "gate_count_mean": 228.0,
    "score_uses_test": false,
    "convergence_step_mean": null
  },
  "private": {
    "per_run_scores": [
      {
        "combined_score": 0.5749977599934798,
        "primary_accuracy": 0.5,
        "gap_score": 1.0,
        "loss_score": 0.49998506662319847,
        "parameter_efficiency_score": 1.0,
        "convergence_score": 0.0
      }
    ],
    "per_run_test_accuracies": [
      0.5
    ]
  },
  "text_feedback": "Combined score: 0.5750\nValidation accuracy mean: 0.5000\nTest accuracy mean: 0.5000\nTrain-test generalization gap mean: 0.0000\nValidation L2 loss mean: 1.0001\nParameters: 38, depth mean: 105.0, gate count mean: 228.0\nFitness uses validation metrics; test metrics are reported as holdout diagnostics.\nAccuracy is near chance; explore different entanglement placement, rotation structure, or parameter sharing.\nDid not reach the convergence threshold in these runs.",
  "execution_time_mean": 855.0023307250813,
  "execution_time_std": 0.0,
  "num_valid_runs": 1,
  "num_invalid_runs": 0,
  "all_validation_errors": []
}
