Job running on a1130u31n02.mghpcc.ycrc.yale.edu under Slurm job 19604427
Activating sourced environment: /home/ch2499/project/zc_sn/activate_eval_cluster.sh
==========Running program evaluation 1/1...==========
==========Run 1/1 completed in 641.09 seconds==========
Correctness and error status saved to /home/ch2499/project/zc_sn/results_sonnet/gen_39/results/correct.json
Metrics saved to /home/ch2499/project/zc_sn/results_sonnet/gen_39/results/metrics.json
OK
{
  "combined_score": 0.7814236768923271,
  "public": {
    "train_accuracy_mean": 0.9467,
    "train_accuracy_std": 0.0,
    "validation_accuracy_mean": 0.85,
    "validation_accuracy_std": 0.0,
    "test_accuracy_mean": 0.8733,
    "test_accuracy_std": 0.0,
    "generalization_gap_mean": 0.0733,
    "validation_loss_mean": 0.4435,
    "test_loss_mean": 0.4445,
    "parameter_efficiency_mean": 0.005527,
    "n_params": 158,
    "depth_mean": 111.0,
    "gate_count_mean": 306.0,
    "score_uses_test": false,
    "convergence_step_mean": null
  },
  "private": {
    "per_run_scores": [
      {
        "combined_score": 0.7814236768923271,
        "primary_accuracy": 0.85,
        "gap_score": 0.7904761904761903,
        "loss_score": 0.6927561983699845,
        "parameter_efficiency_score": 0.7854430379746835,
        "convergence_score": 0.0
      }
    ],
    "per_run_test_accuracies": [
      0.8733333333333333
    ]
  },
  "text_feedback": "Combined score: 0.7814\nValidation accuracy mean: 0.8500\nTest accuracy mean: 0.8733\nTrain-test generalization gap mean: 0.0733\nValidation L2 loss mean: 0.4435\nParameters: 158, depth mean: 111.0, gate count mean: 306.0\nFitness uses validation metrics; test metrics are reported as holdout diagnostics.\nParameter count exceeds the seed; added accuracy must justify the complexity.\nDid not reach the convergence threshold in these runs.",
  "execution_time_mean": 641.0935170678422,
  "execution_time_std": 0.0,
  "num_valid_runs": 1,
  "num_invalid_runs": 0,
  "all_validation_errors": []
}
