Job running on a1130u07n04.mghpcc.ycrc.yale.edu under Slurm job 19615757
Activating sourced environment: /home/ch2499/project/zc_ttt/activate_eval_cluster.sh
==========Running program evaluation 1/1...==========
==========Run 1/1 completed in 1414.53 seconds==========
Correctness and error status saved to /home/ch2499/project/zc_ttt/results_haiku/gen_74/results/correct.json
Metrics saved to /home/ch2499/project/zc_ttt/results_haiku/gen_74/results/metrics.json
OK
{
  "combined_score": 0.5599633950734542,
  "public": {
    "train_accuracy_mean": 0.6533,
    "train_accuracy_std": 0.0,
    "validation_accuracy_mean": 0.5867,
    "validation_accuracy_std": 0.0,
    "test_accuracy_mean": 0.5633,
    "test_accuracy_std": 0.0,
    "generalization_gap_mean": 0.09,
    "validation_loss_mean": 2.2702,
    "test_loss_mean": 2.3292,
    "parameter_efficiency_mean": 0.005216,
    "n_params": 108,
    "depth_mean": 75.0,
    "gate_count_mean": 279.0,
    "score_uses_test": false,
    "convergence_step_mean": null
  },
  "private": {
    "per_run_scores": [
      {
        "combined_score": 0.5599633950734542,
        "primary_accuracy": 0.5866666666666667,
        "gap_score": 0.7428571428571429,
        "loss_score": 0.30578771318810694,
        "parameter_efficiency_score": 0.88,
        "convergence_score": 0.0
      }
    ],
    "per_run_test_accuracies": [
      0.5633333333333334
    ]
  },
  "text_feedback": "Combined score: 0.5600\nValidation accuracy mean: 0.5867\nTest accuracy mean: 0.5633\nTrain-test generalization gap mean: 0.0900\nValidation L2 loss mean: 2.2702\nParameters: 108, depth mean: 75.0, gate count mean: 279.0\nFitness uses validation metrics; test metrics are reported as holdout diagnostics.\nDid not reach convergence threshold 0.90 in these runs.",
  "execution_time_mean": 1414.5348301581107,
  "execution_time_std": 0.0,
  "num_valid_runs": 1,
  "num_invalid_runs": 0,
  "all_validation_errors": []
}
