Job running on a1130u22n02.mghpcc.ycrc.yale.edu under Slurm job 21117884
Activating sourced environment: /home/ch2499/project/transfer_su2_v3/activate_eval_cluster.sh
==========Running program evaluation 1/1...==========
==========Run 1/1 completed in 175.28 seconds==========
Correctness and error status saved to /home/ch2499/project/transfer_su2_v3/results_sonnet/gen_33/results/correct.json
Metrics saved to /home/ch2499/project/transfer_su2_v3/results_sonnet/gen_33/results/metrics.json
OK
{
  "combined_score": 0.3964883351497682,
  "public": {
    "train_accuracy_mean": 0.625,
    "train_accuracy_std": 0.0,
    "validation_accuracy_mean": 0.5733,
    "validation_accuracy_std": 0.0,
    "test_accuracy_mean": 0.5317,
    "test_accuracy_std": 0.0,
    "generalization_gap_mean": 0.0933,
    "validation_loss_mean": 1.0,
    "test_loss_mean": 1.0026,
    "parameter_efficiency_mean": 0.088611,
    "validation_margin_mean": 0.0015,
    "worst_group_margin_mean": -0.002,
    "n_params": 6,
    "n_distinct_params": 4,
    "depth_mean": 45.0,
    "gate_count_mean": 108.0,
    "score_uses_test": false,
    "convergence_step_mean": null
  },
  "private": {
    "per_run_scores": [
      {
        "combined_score": 0.3964883351497682,
        "primary_accuracy": 0.5733333333333334,
        "margin_score": 0.49899905961349106,
        "worst_group_margin": -0.0020018807730178474,
        "economy_score": 0.29435914824535275,
        "n_distinct_params": 4,
        "gap_score": 0.4204444444444444,
        "loss_score": 0.5000026200796001,
        "convergence_score": 0.0
      }
    ],
    "per_run_test_accuracies": [
      0.5316666666666666
    ]
  },
  "text_feedback": "Combined score: 0.3965\nValidation accuracy mean: 0.5733\nTest accuracy mean: 0.5317\nValidation margin mean: 0.0015\nWorst-group validation margin: -0.0020\nTrain-test generalization gap mean: 0.0933\nValidation L2 loss mean: 1.0000\nDistinct trainable parameters: 4, depth mean: 45.0, gate count mean: 108.0\nFitness uses validation metrics; test metrics are reported as holdout diagnostics.\nScoring rewards, in order of weight: the mean margin of the WORST validation group (samples are grouped by hidden difficulty, so robust separation on the hardest group is what counts), parameter economy (fewer distinct parameter names ALWAYS scores higher, at every count), a small train-test gap, low loss, and early convergence.\nEconomy score: 0.2944\nDid not reach the convergence threshold in these runs.",
  "execution_time_mean": 175.28109984332696,
  "execution_time_std": 0.0,
  "num_valid_runs": 1,
  "num_invalid_runs": 0,
  "all_validation_errors": []
}
