Job running on a1130u22n03.mghpcc.ycrc.yale.edu under Slurm job 19502771
Activating sourced environment: /home/ch2499/project/transfer_sn/activate_eval_cluster.sh
==========Running program evaluation 1/1...==========
==========Run 1/1 completed in 2343.64 seconds==========
Correctness and error status saved to /home/ch2499/project/transfer_sn/results_haiku_r2/gen_49/results/correct.json
Metrics saved to /home/ch2499/project/transfer_sn/results_haiku_r2/gen_49/results/metrics.json
OK
{
  "combined_score": 0.8963433811514132,
  "public": {
    "train_accuracy_mean": 0.9356,
    "train_accuracy_std": 0.0,
    "validation_accuracy_mean": 0.91,
    "validation_accuracy_std": 0.0,
    "test_accuracy_mean": 0.9033,
    "test_accuracy_std": 0.0,
    "generalization_gap_mean": 0.0322,
    "validation_loss_mean": 0.3411,
    "test_loss_mean": 0.3549,
    "parameter_efficiency_mean": 0.028229,
    "n_params": 32,
    "depth_mean": 150.0,
    "gate_count_mean": 348.0,
    "score_uses_test": false,
    "convergence_step_mean": 150.0
  },
  "private": {
    "per_run_scores": [
      {
        "combined_score": 0.8963433811514132,
        "primary_accuracy": 0.91,
        "gap_score": 0.9079365079365078,
        "loss_score": 0.7456489960358764,
        "parameter_efficiency_score": 1.0,
        "convergence_score": 0.995
      }
    ],
    "per_run_test_accuracies": [
      0.9033333333333333
    ]
  },
  "text_feedback": "Combined score: 0.8963\nValidation accuracy mean: 0.9100\nTest accuracy mean: 0.9033\nTrain-test generalization gap mean: 0.0322\nValidation L2 loss mean: 0.3411\nParameters: 32, depth mean: 150.0, gate count mean: 348.0\nFitness uses validation metrics; test metrics are reported as holdout diagnostics.",
  "execution_time_mean": 2343.6394186681136,
  "execution_time_std": 0.0,
  "num_valid_runs": 1,
  "num_invalid_runs": 0,
  "all_validation_errors": []
}
