Job running on a1132u33n02.mghpcc.ycrc.yale.edu under Slurm job 19428494
Activating sourced environment: /home/ch2499/project/transfer_sn/activate_eval_cluster.sh
==========Running program evaluation 1/1...==========
==========Run 1/1 completed in 1819.44 seconds==========
Correctness and error status saved to /home/ch2499/project/transfer_sn/results_sonnet/gen_9/results/correct.json
Metrics saved to /home/ch2499/project/transfer_sn/results_sonnet/gen_9/results/metrics.json
OK
{
  "combined_score": 0.8449738967481144,
  "public": {
    "train_accuracy_mean": 0.9622,
    "train_accuracy_std": 0.0,
    "validation_accuracy_mean": 0.88,
    "validation_accuracy_std": 0.0,
    "test_accuracy_mean": 0.8533,
    "test_accuracy_std": 0.0,
    "generalization_gap_mean": 0.1089,
    "validation_loss_mean": 0.4142,
    "test_loss_mean": 0.484,
    "parameter_efficiency_mean": 0.007758,
    "n_params": 110,
    "depth_mean": 114.0,
    "gate_count_mean": 228.0,
    "score_uses_test": false,
    "convergence_step_mean": 390.0
  },
  "private": {
    "per_run_scores": [
      {
        "combined_score": 0.8449738967481144,
        "primary_accuracy": 0.88,
        "gap_score": 0.6888888888888891,
        "loss_score": 0.7071222746170582,
        "parameter_efficiency_score": 1.0,
        "convergence_score": 0.987
      }
    ],
    "per_run_test_accuracies": [
      0.8533333333333334
    ]
  },
  "text_feedback": "Combined score: 0.8450\nValidation accuracy mean: 0.8800\nTest accuracy mean: 0.8533\nTrain-test generalization gap mean: 0.1089\nValidation L2 loss mean: 0.4142\nParameters: 110, depth mean: 114.0, gate count mean: 228.0\nFitness uses validation metrics; test metrics are reported as holdout diagnostics.",
  "execution_time_mean": 1819.4436012813821,
  "execution_time_std": 0.0,
  "num_valid_runs": 1,
  "num_invalid_runs": 0,
  "all_validation_errors": []
}
