Job running on a1132u20n01.mghpcc.ycrc.yale.edu under Slurm job 19436414
Activating sourced environment: /home/ch2499/project/transfer_sn/activate_eval_cluster.sh
==========Running program evaluation 1/1...==========
==========Run 1/1 completed in 2276.32 seconds==========
Correctness and error status saved to /home/ch2499/project/transfer_sn/results_haiku_r2/gen_2/results/correct.json
Metrics saved to /home/ch2499/project/transfer_sn/results_haiku_r2/gen_2/results/metrics.json
OK
{
  "combined_score": 0.8545854319621106,
  "public": {
    "train_accuracy_mean": 0.9,
    "train_accuracy_std": 0.0,
    "validation_accuracy_mean": 0.8667,
    "validation_accuracy_std": 0.0,
    "test_accuracy_mean": 0.8517,
    "test_accuracy_std": 0.0,
    "generalization_gap_mean": 0.0483,
    "validation_loss_mean": 0.454,
    "test_loss_mean": 0.5017,
    "parameter_efficiency_mean": 0.012525,
    "n_params": 68,
    "depth_mean": 126.0,
    "gate_count_mean": 330.0,
    "score_uses_test": false,
    "convergence_step_mean": 720.0
  },
  "private": {
    "per_run_scores": [
      {
        "combined_score": 0.8545854319621106,
        "primary_accuracy": 0.8666666666666667,
        "gap_score": 0.8619047619047618,
        "loss_score": 0.6877758956204192,
        "parameter_efficiency_score": 1.0,
        "convergence_score": 0.976
      }
    ],
    "per_run_test_accuracies": [
      0.8516666666666667
    ]
  },
  "text_feedback": "Combined score: 0.8546\nValidation accuracy mean: 0.8667\nTest accuracy mean: 0.8517\nTrain-test generalization gap mean: 0.0483\nValidation L2 loss mean: 0.4540\nParameters: 68, depth mean: 126.0, gate count mean: 330.0\nFitness uses validation metrics; test metrics are reported as holdout diagnostics.",
  "execution_time_mean": 2276.3235562397167,
  "execution_time_std": 0.0,
  "num_valid_runs": 1,
  "num_invalid_runs": 0,
  "all_validation_errors": []
}
