Job running on a1114u19n01.mghpcc.ycrc.yale.edu under Slurm job 22558003
Activating sourced environment: /home/ch2499/project/transfer_sn_null/activate_eval_cluster.sh
==========Running program evaluation 1/1...==========
==========Run 1/1 completed in 898.81 seconds==========
Correctness and error status saved to /home/ch2499/project/transfer_sn_null/results_null_weak_r3/gen_16/results/correct.json
Metrics saved to /home/ch2499/project/transfer_sn_null/results_null_weak_r3/gen_16/results/metrics.json
OK
{
  "combined_score": 1.4903763840706294,
  "public": {
    "combined_score_raw": 0.9943,
    "train_accuracy_mean": 1.0,
    "train_accuracy_std": 0.0,
    "validation_accuracy_mean": 1.0,
    "validation_accuracy_std": 0.0,
    "test_accuracy_mean": 1.0,
    "test_accuracy_std": 0.0,
    "generalization_gap_mean": 0.0,
    "validation_loss_mean": 0.035,
    "test_loss_mean": 0.033,
    "parameter_efficiency_mean": 0.008197,
    "n_params": 122,
    "depth_mean": 99.0,
    "gate_count_mean": 318.0,
    "score_uses_test": false,
    "convergence_step_mean": 390.0
  },
  "private": {
    "per_run_scores": [
      {
        "combined_score": 0.9942770879099191,
        "primary_accuracy": 1.0,
        "gap_score": 1.0,
        "loss_score": 0.9661805860661271,
        "parameter_efficiency_score": 1.0,
        "convergence_score": 0.987
      }
    ],
    "per_run_test_accuracies": [
      1.0
    ]
  },
  "text_feedback": "Combined score: 1.4904\nScore scale: 0.0 = the seed program, 1.0 = the best solution found so far on this task. Negative means worse than the seed.\nValidation accuracy mean: 1.0000\nTest accuracy mean: 1.0000\nTrain-test generalization gap mean: 0.0000\nValidation L2 loss mean: 0.0350\nParameters: 122, depth mean: 99.0, gate count mean: 318.0\nFitness uses validation metrics; test metrics are reported as holdout diagnostics.",
  "execution_time_mean": 898.8118319809437,
  "execution_time_std": 0.0,
  "num_valid_runs": 1,
  "num_invalid_runs": 0,
  "all_validation_errors": []
}
