Job running on a1132u37n02.mghpcc.ycrc.yale.edu under Slurm job 19478751
Activating sourced environment: /home/ch2499/project/transfer_sn/activate_eval_cluster.sh
==========Running program evaluation 1/1...==========
==========Run 1/1 completed in 1335.89 seconds==========
Correctness and error status saved to /home/ch2499/project/transfer_sn/results_sonnet_r2/gen_32/results/correct.json
Metrics saved to /home/ch2499/project/transfer_sn/results_sonnet_r2/gen_32/results/metrics.json
OK
{
  "combined_score": 0.8584440760513796,
  "public": {
    "train_accuracy_mean": 0.9489,
    "train_accuracy_std": 0.0,
    "validation_accuracy_mean": 0.8833,
    "validation_accuracy_std": 0.0,
    "test_accuracy_mean": 0.875,
    "test_accuracy_std": 0.0,
    "generalization_gap_mean": 0.0739,
    "validation_loss_mean": 0.4409,
    "test_loss_mean": 0.4593,
    "parameter_efficiency_mean": 0.007172,
    "n_params": 122,
    "depth_mean": 120.0,
    "gate_count_mean": 276.0,
    "score_uses_test": false,
    "convergence_step_mean": 330.0
  },
  "private": {
    "per_run_scores": [
      {
        "combined_score": 0.8584440760513796,
        "primary_accuracy": 0.8833333333333333,
        "gap_score": 0.7888888888888889,
        "loss_score": 0.6940345810832715,
        "parameter_efficiency_score": 1.0,
        "convergence_score": 0.989
      }
    ],
    "per_run_test_accuracies": [
      0.875
    ]
  },
  "text_feedback": "Combined score: 0.8584\nValidation accuracy mean: 0.8833\nTest accuracy mean: 0.8750\nTrain-test generalization gap mean: 0.0739\nValidation L2 loss mean: 0.4409\nParameters: 122, depth mean: 120.0, gate count mean: 276.0\nFitness uses validation metrics; test metrics are reported as holdout diagnostics.",
  "execution_time_mean": 1335.8865910060704,
  "execution_time_std": 0.0,
  "num_valid_runs": 1,
  "num_invalid_runs": 0,
  "all_validation_errors": []
}
