Job running on a1132u20n02.mghpcc.ycrc.yale.edu under Slurm job 19500869
Activating sourced environment: /home/ch2499/project/transfer_sn/activate_eval_cluster.sh
==========Running program evaluation 1/1...==========
==========Run 1/1 completed in 1134.93 seconds==========
Correctness and error status saved to /home/ch2499/project/transfer_sn/results_gpt56sol_r2/gen_47/results/correct.json
Metrics saved to /home/ch2499/project/transfer_sn/results_gpt56sol_r2/gen_47/results/metrics.json
OK
{
  "combined_score": 0.9322381042421791,
  "public": {
    "train_accuracy_mean": 0.9489,
    "train_accuracy_std": 0.0,
    "validation_accuracy_mean": 0.9333,
    "validation_accuracy_std": 0.0,
    "test_accuracy_mean": 0.9467,
    "test_accuracy_std": 0.0,
    "generalization_gap_mean": 0.0022,
    "validation_loss_mean": 0.2312,
    "test_loss_mean": 0.2538,
    "parameter_efficiency_mean": 0.03641,
    "n_params": 26,
    "depth_mean": 147.0,
    "gate_count_mean": 450.0,
    "score_uses_test": false,
    "convergence_step_mean": 120.0
  },
  "private": {
    "per_run_scores": [
      {
        "combined_score": 0.9322381042421791,
        "primary_accuracy": 0.9333333333333333,
        "gap_score": 0.9936507936507936,
        "loss_score": 0.8122328642600293,
        "parameter_efficiency_score": 1.0,
        "convergence_score": 0.996
      }
    ],
    "per_run_test_accuracies": [
      0.9466666666666667
    ]
  },
  "text_feedback": "Combined score: 0.9322\nValidation accuracy mean: 0.9333\nTest accuracy mean: 0.9467\nTrain-test generalization gap mean: 0.0022\nValidation L2 loss mean: 0.2312\nParameters: 26, depth mean: 147.0, gate count mean: 450.0\nFitness uses validation metrics; test metrics are reported as holdout diagnostics.",
  "execution_time_mean": 1134.9308214909397,
  "execution_time_std": 0.0,
  "num_valid_runs": 1,
  "num_invalid_runs": 0,
  "all_validation_errors": []
}
