Job running on a1132u37n01.mghpcc.ycrc.yale.edu under Slurm job 23103710
Activating sourced environment: /home/ch2499/project/transfer_sn/activate_eval_cluster.sh
==========Running program evaluation 1/1...==========
==========Run 1/1 completed in 865.19 seconds==========
Correctness and error status saved to /home/ch2499/project/transfer_sn/results_frw3_weak_r8/gen_4/results/correct.json
Metrics saved to /home/ch2499/project/transfer_sn/results_frw3_weak_r8/gen_4/results/metrics.json
OK
{
  "combined_score": 0.1387554137016281,
  "public": {
    "combined_score_raw": 0.8676,
    "train_accuracy_mean": 0.9667,
    "train_accuracy_std": 0.0,
    "validation_accuracy_mean": 0.89,
    "validation_accuracy_std": 0.0,
    "test_accuracy_mean": 0.895,
    "test_accuracy_std": 0.0,
    "generalization_gap_mean": 0.0717,
    "validation_loss_mean": 0.4009,
    "test_loss_mean": 0.3937,
    "parameter_efficiency_mean": 0.008606,
    "n_params": 104,
    "depth_mean": 81.0,
    "gate_count_mean": 228.0,
    "score_uses_test": false,
    "convergence_step_mean": 270.0
  },
  "private": {
    "per_run_scores": [
      {
        "combined_score": 0.867572896303414,
        "primary_accuracy": 0.89,
        "gap_score": 0.7952380952380953,
        "loss_score": 0.7138034356735532,
        "parameter_efficiency_score": 1.0,
        "convergence_score": 0.991
      }
    ],
    "per_run_test_accuracies": [
      0.895
    ]
  },
  "text_feedback": "Combined score: 0.1388\nScore scale: 0.0 = the seed program, 1.0 = the best solution found so far on this task. Negative means worse than the seed.\nValidation accuracy mean: 0.8900\nTest accuracy mean: 0.8950\nTrain-test generalization gap mean: 0.0717\nValidation L2 loss mean: 0.4009\nParameters: 104, depth mean: 81.0, gate count mean: 228.0\nFitness uses validation metrics; test metrics are reported as holdout diagnostics.",
  "execution_time_mean": 865.1914020739496,
  "execution_time_std": 0.0,
  "num_valid_runs": 1,
  "num_invalid_runs": 0,
  "all_validation_errors": []
}
