Job running on a1130u24n01.mghpcc.ycrc.yale.edu under Slurm job 19500225
Activating sourced environment: /home/ch2499/project/transfer_sn/activate_eval_cluster.sh
==========Running program evaluation 1/1...==========
==========Run 1/1 completed in 1989.28 seconds==========
Correctness and error status saved to /home/ch2499/project/transfer_sn/results_gpt56sol_r2/gen_45/results/correct.json
Metrics saved to /home/ch2499/project/transfer_sn/results_gpt56sol_r2/gen_45/results/metrics.json
OK
{
  "combined_score": 0.93040102103095,
  "public": {
    "train_accuracy_mean": 0.9667,
    "train_accuracy_std": 0.0,
    "validation_accuracy_mean": 0.9533,
    "validation_accuracy_std": 0.0,
    "test_accuracy_mean": 0.9417,
    "test_accuracy_std": 0.0,
    "generalization_gap_mean": 0.025,
    "validation_loss_mean": 0.2655,
    "test_loss_mean": 0.2546,
    "parameter_efficiency_mean": 0.036218,
    "n_params": 26,
    "depth_mean": 141.0,
    "gate_count_mean": 402.0,
    "score_uses_test": false,
    "convergence_step_mean": 450.0
  },
  "private": {
    "per_run_scores": [
      {
        "combined_score": 0.93040102103095,
        "primary_accuracy": 0.9533333333333334,
        "gap_score": 0.9285714285714285,
        "loss_score": 0.790213156079349,
        "parameter_efficiency_score": 1.0,
        "convergence_score": 0.985
      }
    ],
    "per_run_test_accuracies": [
      0.9416666666666667
    ]
  },
  "text_feedback": "Combined score: 0.9304\nValidation accuracy mean: 0.9533\nTest accuracy mean: 0.9417\nTrain-test generalization gap mean: 0.0250\nValidation L2 loss mean: 0.2655\nParameters: 26, depth mean: 141.0, gate count mean: 402.0\nFitness uses validation metrics; test metrics are reported as holdout diagnostics.",
  "execution_time_mean": 1989.2751184669323,
  "execution_time_std": 0.0,
  "num_valid_runs": 1,
  "num_invalid_runs": 0,
  "all_validation_errors": []
}
