Job running on a1130u07n04.mghpcc.ycrc.yale.edu under Slurm job 19614555
Activating sourced environment: /home/ch2499/project/zc_sn/activate_eval_cluster.sh
==========Running program evaluation 1/1...==========
==========Run 1/1 completed in 1663.11 seconds==========
Correctness and error status saved to /home/ch2499/project/zc_sn/results_haiku/gen_69/results/correct.json
Metrics saved to /home/ch2499/project/zc_sn/results_haiku/gen_69/results/metrics.json
OK
{
  "combined_score": 0.8907087616759614,
  "public": {
    "train_accuracy_mean": 0.9111,
    "train_accuracy_std": 0.0,
    "validation_accuracy_mean": 0.9,
    "validation_accuracy_std": 0.0,
    "test_accuracy_mean": 0.9,
    "test_accuracy_std": 0.0,
    "generalization_gap_mean": 0.0111,
    "validation_loss_mean": 0.421,
    "test_loss_mean": 0.3868,
    "parameter_efficiency_mean": 0.023684,
    "n_params": 38,
    "depth_mean": 256.0,
    "gate_count_mean": 540.0,
    "score_uses_test": false,
    "convergence_step_mean": 720.0
  },
  "private": {
    "per_run_scores": [
      {
        "combined_score": 0.8907087616759614,
        "primary_accuracy": 0.9,
        "gap_score": 0.9682539682539684,
        "loss_score": 0.703730368845033,
        "parameter_efficiency_score": 1.0,
        "convergence_score": 0.976
      }
    ],
    "per_run_test_accuracies": [
      0.9
    ]
  },
  "text_feedback": "Combined score: 0.8907\nValidation accuracy mean: 0.9000\nTest accuracy mean: 0.9000\nTrain-test generalization gap mean: 0.0111\nValidation L2 loss mean: 0.4210\nParameters: 38, depth mean: 256.0, gate count mean: 540.0\nFitness uses validation metrics; test metrics are reported as holdout diagnostics.",
  "execution_time_mean": 1663.1060834559612,
  "execution_time_std": 0.0,
  "num_valid_runs": 1,
  "num_invalid_runs": 0,
  "all_validation_errors": []
}
