Job running on a1132u33n03.mghpcc.ycrc.yale.edu under Slurm job 19614836
Activating sourced environment: /home/ch2499/project/zc_ttt/activate_eval_cluster.sh
==========Running program evaluation 1/1...==========
==========Run 1/1 completed in 3655.08 seconds==========
Correctness and error status saved to /home/ch2499/project/zc_ttt/results_sonnet/gen_39/results/correct.json
Metrics saved to /home/ch2499/project/zc_ttt/results_sonnet/gen_39/results/metrics.json
OK
{
  "combined_score": 0.5883998277660734,
  "public": {
    "train_accuracy_mean": 0.7044,
    "train_accuracy_std": 0.0,
    "validation_accuracy_mean": 0.65,
    "validation_accuracy_std": 0.0,
    "test_accuracy_mean": 0.61,
    "test_accuracy_std": 0.0,
    "generalization_gap_mean": 0.0944,
    "validation_loss_mean": 2.1036,
    "test_loss_mean": 2.2088,
    "parameter_efficiency_mean": 0.004067,
    "n_params": 150,
    "depth_mean": 41.0,
    "gate_count_mean": 207.0,
    "score_uses_test": false,
    "convergence_step_mean": null
  },
  "private": {
    "per_run_scores": [
      {
        "combined_score": 0.5883998277660734,
        "primary_accuracy": 0.65,
        "gap_score": 0.7301587301587302,
        "loss_score": 0.3222104919854619,
        "parameter_efficiency_score": 0.702,
        "convergence_score": 0.0
      }
    ],
    "per_run_test_accuracies": [
      0.61
    ]
  },
  "text_feedback": "Combined score: 0.5884\nValidation accuracy mean: 0.6500\nTest accuracy mean: 0.6100\nTrain-test generalization gap mean: 0.0944\nValidation L2 loss mean: 2.1036\nParameters: 150, depth mean: 41.0, gate count mean: 207.0\nFitness uses validation metrics; test metrics are reported as holdout diagnostics.\nDid not reach convergence threshold 0.90 in these runs.",
  "execution_time_mean": 3655.0787094240077,
  "execution_time_std": 0.0,
  "num_valid_runs": 1,
  "num_invalid_runs": 0,
  "all_validation_errors": []
}
