Job running on a1132u24n03.mghpcc.ycrc.yale.edu under Slurm job 19597909
Activating sourced environment: /home/ch2499/project/zc_ttt/activate_eval_cluster.sh
==========Running program evaluation 1/1...==========
==========Run 1/1 completed in 2479.92 seconds==========
Correctness and error status saved to /home/ch2499/project/zc_ttt/results_sonnet/gen_9/results/correct.json
Metrics saved to /home/ch2499/project/zc_ttt/results_sonnet/gen_9/results/metrics.json
OK
{
  "combined_score": 0.5674234949574456,
  "public": {
    "train_accuracy_mean": 0.7467,
    "train_accuracy_std": 0.0,
    "validation_accuracy_mean": 0.65,
    "validation_accuracy_std": 0.0,
    "test_accuracy_mean": 0.6083,
    "test_accuracy_std": 0.0,
    "generalization_gap_mean": 0.1383,
    "validation_loss_mean": 2.1386,
    "test_loss_mean": 2.2299,
    "parameter_efficiency_mean": 0.00338,
    "n_params": 180,
    "depth_mean": 41.0,
    "gate_count_mean": 207.0,
    "score_uses_test": false,
    "convergence_step_mean": null
  },
  "private": {
    "per_run_scores": [
      {
        "combined_score": 0.5674234949574456,
        "primary_accuracy": 0.65,
        "gap_score": 0.6047619047619045,
        "loss_score": 0.3186169505099549,
        "parameter_efficiency_score": 0.585,
        "convergence_score": 0.0
      }
    ],
    "per_run_test_accuracies": [
      0.6083333333333333
    ]
  },
  "text_feedback": "Combined score: 0.5674\nValidation accuracy mean: 0.6500\nTest accuracy mean: 0.6083\nTrain-test generalization gap mean: 0.1383\nValidation L2 loss mean: 2.1386\nParameters: 180, depth mean: 41.0, gate count mean: 207.0\nFitness uses validation metrics; test metrics are reported as holdout diagnostics.\nParameter count exceeds the seed; added accuracy must justify the complexity.\nDid not reach convergence threshold 0.90 in these runs.",
  "execution_time_mean": 2479.9228539732285,
  "execution_time_std": 0.0,
  "num_valid_runs": 1,
  "num_invalid_runs": 0,
  "all_validation_errors": []
}
