Job running on a1132u33n03.mghpcc.ycrc.yale.edu under Slurm job 19435172
Activating sourced environment: /home/ch2499/project/transfer_su2/activate_eval_cluster.sh
==========Running program evaluation 1/1...==========
==========Run 1/1 completed in 6008.85 seconds==========
Correctness and error status saved to /home/ch2499/project/transfer_su2/results_haiku/gen_17/results/correct.json
Metrics saved to /home/ch2499/project/transfer_su2/results_haiku/gen_17/results/metrics.json
OK
{
  "combined_score": 0.9883524476453714,
  "public": {
    "train_accuracy_mean": 1.0,
    "train_accuracy_std": 0.0,
    "validation_accuracy_mean": 1.0,
    "validation_accuracy_std": 0.0,
    "test_accuracy_mean": 1.0,
    "test_accuracy_std": 0.0,
    "generalization_gap_mean": 0.0,
    "validation_loss_mean": 0.016,
    "test_loss_mean": 0.0149,
    "parameter_efficiency_mean": 0.026316,
    "n_params": 38,
    "depth_mean": 30.0,
    "gate_count_mean": 186.0,
    "score_uses_test": false,
    "convergence_step_mean": 60.0
  },
  "private": {
    "per_run_scores": [
      {
        "combined_score": 0.9883524476453714,
        "primary_accuracy": 1.0,
        "gap_score": 1.0,
        "loss_score": 0.9842086869800296,
        "parameter_efficiency_score": 0.9605263157894737,
        "convergence_score": 0.998
      }
    ],
    "per_run_test_accuracies": [
      1.0
    ]
  },
  "text_feedback": "Combined score: 0.9884\nValidation accuracy mean: 1.0000\nTest accuracy mean: 1.0000\nTrain-test generalization gap mean: 0.0000\nValidation L2 loss mean: 0.0160\nParameters: 38, depth mean: 30.0, gate count mean: 186.0\nFitness uses validation metrics; test metrics are reported as holdout diagnostics.\nScoring emphasizes parameter economy: match or beat the accuracy with as few trainable parameters as possible, and converge fast.\nParameter efficiency score: 0.9605",
  "execution_time_mean": 6008.848876453005,
  "execution_time_std": 0.0,
  "num_valid_runs": 1,
  "num_invalid_runs": 0,
  "all_validation_errors": []
}
