Job running on a1132u22n03.mghpcc.ycrc.yale.edu under Slurm job 19508069
Activating sourced environment: /home/ch2499/project/transfer_sn/activate_eval_cluster.sh
==========Running program evaluation 1/1...==========
==========Run 1/1 completed in 2016.99 seconds==========
Correctness and error status saved to /home/ch2499/project/transfer_sn/results_haiku_r2/gen_54/results/correct.json
Metrics saved to /home/ch2499/project/transfer_sn/results_haiku_r2/gen_54/results/metrics.json
OK
{
  "combined_score": 0.9073852708649596,
  "public": {
    "train_accuracy_mean": 0.94,
    "train_accuracy_std": 0.0,
    "validation_accuracy_mean": 0.92,
    "validation_accuracy_std": 0.0,
    "test_accuracy_mean": 0.9133,
    "test_accuracy_std": 0.0,
    "generalization_gap_mean": 0.0267,
    "validation_loss_mean": 0.3019,
    "test_loss_mean": 0.3012,
    "parameter_efficiency_mean": 0.035128,
    "n_params": 26,
    "depth_mean": 186.0,
    "gate_count_mean": 324.0,
    "score_uses_test": false,
    "convergence_step_mean": 240.0
  },
  "private": {
    "per_run_scores": [
      {
        "combined_score": 0.9073852708649596,
        "primary_accuracy": 0.92,
        "gap_score": 0.923809523809524,
        "loss_score": 0.7680922819568727,
        "parameter_efficiency_score": 1.0,
        "convergence_score": 0.992
      }
    ],
    "per_run_test_accuracies": [
      0.9133333333333333
    ]
  },
  "text_feedback": "Combined score: 0.9074\nValidation accuracy mean: 0.9200\nTest accuracy mean: 0.9133\nTrain-test generalization gap mean: 0.0267\nValidation L2 loss mean: 0.3019\nParameters: 26, depth mean: 186.0, gate count mean: 324.0\nFitness uses validation metrics; test metrics are reported as holdout diagnostics.",
  "execution_time_mean": 2016.9864572421648,
  "execution_time_std": 0.0,
  "num_valid_runs": 1,
  "num_invalid_runs": 0,
  "all_validation_errors": []
}
