Job running on a1130u31n01.mghpcc.ycrc.yale.edu under Slurm job 19602502
Activating sourced environment: /home/ch2499/project/zc_ttt/activate_eval_cluster.sh
==========Running program evaluation 1/1...==========
==========Run 1/1 completed in 1371.41 seconds==========
Correctness and error status saved to /home/ch2499/project/zc_ttt/results_haiku/gen_20/results/correct.json
Metrics saved to /home/ch2499/project/zc_ttt/results_haiku/gen_20/results/metrics.json
OK
{
  "combined_score": 0.5763783649936616,
  "public": {
    "train_accuracy_mean": 0.6667,
    "train_accuracy_std": 0.0,
    "validation_accuracy_mean": 0.62,
    "validation_accuracy_std": 0.0,
    "test_accuracy_mean": 0.5767,
    "test_accuracy_std": 0.0,
    "generalization_gap_mean": 0.09,
    "validation_loss_mean": 2.2305,
    "test_loss_mean": 2.3113,
    "parameter_efficiency_mean": 0.004806,
    "n_params": 120,
    "depth_mean": 69.0,
    "gate_count_mean": 273.0,
    "score_uses_test": false,
    "convergence_step_mean": null
  },
  "private": {
    "per_run_scores": [
      {
        "combined_score": 0.5763783649936616,
        "primary_accuracy": 0.62,
        "gap_score": 0.7428571428571429,
        "loss_score": 0.30955417932282264,
        "parameter_efficiency_score": 0.837,
        "convergence_score": 0.0
      }
    ],
    "per_run_test_accuracies": [
      0.5766666666666667
    ]
  },
  "text_feedback": "Combined score: 0.5764\nValidation accuracy mean: 0.6200\nTest accuracy mean: 0.5767\nTrain-test generalization gap mean: 0.0900\nValidation L2 loss mean: 2.2305\nParameters: 120, depth mean: 69.0, gate count mean: 273.0\nFitness uses validation metrics; test metrics are reported as holdout diagnostics.\nDid not reach convergence threshold 0.90 in these runs.",
  "execution_time_mean": 1371.4127203938551,
  "execution_time_std": 0.0,
  "num_valid_runs": 1,
  "num_invalid_runs": 0,
  "all_validation_errors": []
}
