Job running on a1130u37n02.mghpcc.ycrc.yale.edu under Slurm job 19593221
Activating sourced environment: /home/ch2499/project/zc_su2/activate_eval_cluster.sh
==========Running program evaluation 1/1...==========
==========Run 1/1 completed in 246.66 seconds==========
Correctness and error status saved to /home/ch2499/project/zc_su2/results_gpt56sol/gen_3/results/correct.json
Metrics saved to /home/ch2499/project/zc_su2/results_gpt56sol/gen_3/results/metrics.json
OK
{
  "combined_score": 0.7155730158730159,
  "public": {
    "train_accuracy_mean": 1.0,
    "train_accuracy_std": 0.0,
    "validation_accuracy_mean": 1.0,
    "validation_accuracy_std": 0.0,
    "test_accuracy_mean": 1.0,
    "test_accuracy_std": 0.0,
    "generalization_gap_mean": 0.0,
    "validation_loss_mean": 0.0355,
    "test_loss_mean": 0.0292,
    "parameter_efficiency_mean": 0.071429,
    "n_params": 14,
    "depth_mean": 23.0,
    "gate_count_mean": 90.0,
    "score_uses_test": false,
    "convergence_step_mean": 90.0
  },
  "private": {
    "per_run_scores": [
      {
        "combined_score": 0.7155730158730159,
        "primary_accuracy": 1.0,
        "gap_score": 1.0,
        "loss_score": 0.9656918745379621,
        "parameter_efficiency_score": 0.2896825396825397,
        "convergence_score": 0.997
      }
    ],
    "per_run_test_accuracies": [
      1.0
    ]
  },
  "text_feedback": "Combined score: 0.7156\nValidation accuracy mean: 1.0000\nTest accuracy mean: 1.0000\nTrain-test generalization gap mean: 0.0000\nValidation L2 loss mean: 0.0355\nParameters: 14, depth mean: 23.0, gate count mean: 90.0\nFitness uses validation metrics; test metrics are reported as holdout diagnostics.\nScoring emphasizes parameter economy: match or beat the accuracy with as few trainable parameters as possible, and converge fast.\nParameter efficiency score: 0.2897",
  "execution_time_mean": 246.65518033597618,
  "execution_time_std": 0.0,
  "num_valid_runs": 1,
  "num_invalid_runs": 0,
  "all_validation_errors": []
}
