Job running on a1132u24n02.mghpcc.ycrc.yale.edu under Slurm job 19613713
Activating sourced environment: /home/ch2499/project/zc_sn/activate_eval_cluster.sh
==========Running program evaluation 1/1...==========
==========Run 1/1 completed in 4232.29 seconds==========
Correctness and error status saved to /home/ch2499/project/zc_sn/results_sonnet/gen_68/results/correct.json
Metrics saved to /home/ch2499/project/zc_sn/results_sonnet/gen_68/results/metrics.json
OK
{
  "combined_score": 0.8513075839909205,
  "public": {
    "train_accuracy_mean": 0.9556,
    "train_accuracy_std": 0.0,
    "validation_accuracy_mean": 0.88,
    "validation_accuracy_std": 0.0,
    "test_accuracy_mean": 0.87,
    "test_accuracy_std": 0.0,
    "generalization_gap_mean": 0.0856,
    "validation_loss_mean": 0.4295,
    "test_loss_mean": 0.4382,
    "parameter_efficiency_mean": 0.006493,
    "n_params": 134,
    "depth_mean": 270.0,
    "gate_count_mean": 612.0,
    "score_uses_test": false,
    "convergence_step_mean": 270.0
  },
  "private": {
    "per_run_scores": [
      {
        "combined_score": 0.8513075839909205,
        "primary_accuracy": 0.88,
        "gap_score": 0.7555555555555554,
        "loss_score": 0.6995226439637933,
        "parameter_efficiency_score": 0.9588059701492536,
        "convergence_score": 0.991
      }
    ],
    "per_run_test_accuracies": [
      0.87
    ]
  },
  "text_feedback": "Combined score: 0.8513\nValidation accuracy mean: 0.8800\nTest accuracy mean: 0.8700\nTrain-test generalization gap mean: 0.0856\nValidation L2 loss mean: 0.4295\nParameters: 134, depth mean: 270.0, gate count mean: 612.0\nFitness uses validation metrics; test metrics are reported as holdout diagnostics.",
  "execution_time_mean": 4232.294339539949,
  "execution_time_std": 0.0,
  "num_valid_runs": 1,
  "num_invalid_runs": 0,
  "all_validation_errors": []
}
