Job running on a1132u22n03.mghpcc.ycrc.yale.edu under Slurm job 19426940
Activating sourced environment: /home/ch2499/project/transfer_sn/activate_eval_cluster.sh
==========Running program evaluation 1/1...==========
==========Run 1/1 completed in 1407.54 seconds==========
Correctness and error status saved to /home/ch2499/project/transfer_sn/results_haiku/gen_2/results/correct.json
Metrics saved to /home/ch2499/project/transfer_sn/results_haiku/gen_2/results/metrics.json
OK
{
  "combined_score": 0.8641158843266695,
  "public": {
    "train_accuracy_mean": 0.9467,
    "train_accuracy_std": 0.0,
    "validation_accuracy_mean": 0.8967,
    "validation_accuracy_std": 0.0,
    "test_accuracy_mean": 0.8683,
    "test_accuracy_std": 0.0,
    "generalization_gap_mean": 0.0783,
    "validation_loss_mean": 0.4206,
    "test_loss_mean": 0.4536,
    "parameter_efficiency_mean": 0.009438,
    "n_params": 92,
    "depth_mean": 81.0,
    "gate_count_mean": 222.0,
    "score_uses_test": false,
    "convergence_step_mean": 540.0
  },
  "private": {
    "per_run_scores": [
      {
        "combined_score": 0.8641158843266695,
        "primary_accuracy": 0.8966666666666666,
        "gap_score": 0.7761904761904761,
        "loss_score": 0.7039154193206542,
        "parameter_efficiency_score": 1.0,
        "convergence_score": 0.982
      }
    ],
    "per_run_test_accuracies": [
      0.8683333333333333
    ]
  },
  "text_feedback": "Combined score: 0.8641\nValidation accuracy mean: 0.8967\nTest accuracy mean: 0.8683\nTrain-test generalization gap mean: 0.0783\nValidation L2 loss mean: 0.4206\nParameters: 92, depth mean: 81.0, gate count mean: 222.0\nFitness uses validation metrics; test metrics are reported as holdout diagnostics.",
  "execution_time_mean": 1407.5393399349414,
  "execution_time_std": 0.0,
  "num_valid_runs": 1,
  "num_invalid_runs": 0,
  "all_validation_errors": []
}
