==========Running program evaluation 1/1...==========
{"batch_size": 10, "data_seed": 2027, "dataset": {"all_valid_unique_boards": {"class_counts": {"circle": 316, "cross": 626, "draw": 4536}, "total": 5478}, "overlap_train_test": 4, "overlap_train_validation": 1, "overlap_validation_test": 3, "test": {"class_counts": {"circle": 20, "cross": 20, "draw": 20}, "rows": 60, "unique_boards": 59}, "train": {"class_counts": {"circle": 20, "cross": 20, "draw": 20}, "rows": 60, "unique_boards": 59}, "validation": {"class_counts": {"circle": 15, "cross": 15, "draw": 15}, "rows": 45, "unique_boards": 44}}, "event": "start", "learning_rate": 0.03, "n_epochs": 3, "n_params": 90, "n_params_per_block": 15, "n_repeats": 2, "n_uploads": 3, "seed": 2000, "steps_per_epoch": 3}
{"batch_loss": 6.977721820381854, "epoch": 1, "event": "epoch", "global_step": 3, "test_accuracy": 0.43333333333333335, "test_loss": 5.929112669145993, "train_accuracy": 0.2833333333333333, "train_loss": 6.379547370016445, "validation_accuracy": 0.35555555555555557, "validation_loss": 6.260355968490289}
{"batch_loss": 5.261843112704156, "epoch": 2, "event": "epoch", "global_step": 6, "test_accuracy": 0.5166666666666667, "test_loss": 4.047338358141316, "train_accuracy": 0.2833333333333333, "train_loss": 4.68125839654814, "validation_accuracy": 0.4444444444444444, "validation_loss": 4.345090249585052}
{"batch_loss": 3.9427530328867966, "epoch": 3, "event": "epoch", "global_step": 9, "test_accuracy": 0.55, "test_loss": 2.7507160063255682, "train_accuracy": 0.3, "train_loss": 3.350094377033696, "validation_accuracy": 0.5111111111111111, "validation_loss": 2.841527846659012}
{"convergence_epoch": null, "convergence_step": null, "convergence_threshold": 0.9, "depth": 47, "event": "final", "gate_count": 261, "generalization_gap": 0.25000000000000006, "history_tail": [{"batch_loss": 6.977721820381854, "epoch": 1, "event": "epoch", "global_step": 3, "test_accuracy": 0.43333333333333335, "test_loss": 5.929112669145993, "train_accuracy": 0.2833333333333333, "train_loss": 6.379547370016445, "validation_accuracy": 0.35555555555555557, "validation_loss": 6.260355968490289}, {"batch_loss": 5.261843112704156, "epoch": 2, "event": "epoch", "global_step": 6, "test_accuracy": 0.5166666666666667, "test_loss": 4.047338358141316, "train_accuracy": 0.2833333333333333, "train_loss": 4.68125839654814, "validation_accuracy": 0.4444444444444444, "validation_loss": 4.345090249585052}, {"batch_loss": 3.9427530328867966, "epoch": 3, "event": "epoch", "global_step": 9, "test_accuracy": 0.55, "test_loss": 2.7507160063255682, "train_accuracy": 0.3, "train_loss": 3.350094377033696, "validation_accuracy": 0.5111111111111111, "validation_loss": 2.841527846659012}], "max_steps": 9, "n_params": 90, "n_params_per_block": 15, "n_qubits": 9, "n_repeats": 2, "n_uploads": 3, "operations": [["RX", [0]], ["RX", [1]], ["RX", [2]], ["RX", [3]], ["RX", [4]], ["RX", [5]], ["RX", [6]], ["RX", [7]], ["RX", [8]], ["RY", [0]], ["RY", [2]], ["RY", [4]], ["RY", [6]], ["RY", [1]], ["RY", [3]], ["RY", [5]], ["RY", [7]], ["RY", [8]], ["RZ", [0]], ["RZ", [2]], ["RZ", [4]], ["RZ", [6]], ["RZ", [1]], ["RZ", [3]], ["RZ", [5]], ["RZ", [7]], ["RZ", [8]], ["CRZ", [0, 1]], ["CRZ", [4, 5]], ["CRZ", [1, 2]], ["CRZ", [5, 6]], ["CRZ", [2, 3]], ["CRZ", [6, 7]], ["CRZ", [3, 4]], ["CRZ", [7, 0]], ["CRZ", [1, 8]], ["CRZ", [5, 8]], ["CRZ", [3, 8]], ["CRZ", [7, 8]], ["RY", [0]], ["RY", [2]], ["RY", [4]], ["RY", [6]], ["RY", [1]], ["RY", [3]], ["RY", [5]], ["RY", [7]], ["RY", [8]], ["RY", [0]], ["RY", [2]], ["RY", [4]], ["RY", [6]], ["RY", [1]], ["RY", [3]], ["RY", [5]], ["RY", [7]], ["RY", [8]], ["RZ", [0]], ["RZ", [2]], ["RZ", [4]], ["RZ", [6]], ["RZ", [1]], ["RZ", [3]], ["RZ", [5]], ["RZ", [7]], ["RZ", [8]], ["CRZ", [0, 1]], ["CRZ", [4, 5]], ["CRZ", [1, 2]], ["CRZ", [5, 6]], ["CRZ", [2, 3]], ["CRZ", [6, 7]], ["CRZ", [3, 4]], ["CRZ", [7, 0]], ["CRZ", [1, 8]], ["CRZ", [5, 8]], ["CRZ", [3, 8]], ["CRZ", [7, 8]], ["RY", [0]], ["RY", [2]], ["RY", [4]], ["RY", [6]], ["RY", [1]], ["RY", [3]], ["RY", [5]], ["RY", [7]], ["RY", [8]], ["RX", [0]], ["RX", [1]], ["RX", [2]], ["RX", [3]], ["RX", [4]], ["RX", [5]], ["RX", [6]], ["RX", [7]], ["RX", [8]], ["RY", [0]], ["RY", [2]], ["RY", [4]], ["RY", [6]], ["RY", [1]], ["RY", [3]], ["RY", [5]], ["RY", [7]], ["RY", [8]], ["RZ", [0]], ["RZ", [2]], ["RZ", [4]], ["RZ", [6]], ["RZ", [1]], ["RZ", [3]], ["RZ", [5]], ["RZ", [7]], ["RZ", [8]], ["CRZ", [0, 1]], ["CRZ", [4, 5]], ["CRZ", [1, 2]], ["CRZ", [5, 6]], ["CRZ", [2, 3]], ["CRZ", [6, 7]], ["CRZ", [3, 4]], ["CRZ", [7, 0]], ["CRZ", [1, 8]], ["CRZ", [5, 8]], ["CRZ", [3, 8]], ["CRZ", [7, 8]], ["RY", [0]], ["RY", [2]], ["RY", [4]], ["RY", [6]], ["RY", [1]], ["RY", [3]], ["RY", [5]], ["RY", [7]], ["RY", [8]], ["RY", [0]], ["RY", [2]], ["RY", [4]], ["RY", [6]], ["RY", [1]], ["RY", [3]], ["RY", [5]], ["RY", [7]], ["RY", [8]], ["RZ", [0]], ["RZ", [2]], ["RZ", [4]], ["RZ", [6]], ["RZ", [1]], ["RZ", [3]], ["RZ", [5]], ["RZ", [7]], ["RZ", [8]], ["CRZ", [0, 1]], ["CRZ", [4, 5]], ["CRZ", [1, 2]], ["CRZ", [5, 6]], ["CRZ", [2, 3]], ["CRZ", [6, 7]], ["CRZ", [3, 4]], ["CRZ", [7, 0]], ["CRZ", [1, 8]], ["CRZ", [5, 8]], ["CRZ", [3, 8]], ["CRZ", [7, 8]], ["RY", [0]], ["RY", [2]], ["RY", [4]], ["RY", [6]], ["RY", [1]], ["RY", [3]], ["RY", [5]], ["RY", [7]], ["RY", [8]], ["RX", [0]], ["RX", [1]], ["RX", [2]], ["RX", [3]], ["RX", [4]], ["RX", [5]], ["RX", [6]], ["RX", [7]], ["RX", [8]], ["RY", [0]], ["RY", [2]], ["RY", [4]], ["RY", [6]], ["RY", [1]], ["RY", [3]], ["RY", [5]], ["RY", [7]], ["RY", [8]], ["RZ", [0]], ["RZ", [2]], ["RZ", [4]], ["RZ", [6]], ["RZ", [1]], ["RZ", [3]], ["RZ", [5]], ["RZ", [7]], ["RZ", [8]], ["CRZ", [0, 1]], ["CRZ", [4, 5]], ["CRZ", [1, 2]], ["CRZ", [5, 6]], ["CRZ", [2, 3]], ["CRZ", [6, 7]], ["CRZ", [3, 4]], ["CRZ", [7, 0]], ["CRZ", [1, 8]], ["CRZ", [5, 8]], ["CRZ", [3, 8]], ["CRZ", [7, 8]], ["RY", [0]], ["RY", [2]], ["RY", [4]], ["RY", [6]], ["RY", [1]], ["RY", [3]], ["RY", [5]], ["RY", [7]], ["RY", [8]], ["RY", [0]], ["RY", [2]], ["RY", [4]], ["RY", [6]], ["RY", [1]], ["RY", [3]], ["RY", [5]], ["RY", [7]], ["RY", [8]], ["RZ", [0]], ["RZ", [2]], ["RZ", [4]], ["RZ", [6]], ["RZ", [1]], ["RZ", [3]], ["RZ", [5]], ["RZ", [7]], ["RZ", [8]], ["CRZ", [0, 1]], ["CRZ", [4, 5]], ["CRZ", [1, 2]], ["CRZ", [5, 6]], ["CRZ", [2, 3]], ["CRZ", [6, 7]], ["CRZ", [3, 4]], ["CRZ", [7, 0]], ["CRZ", [1, 8]], ["CRZ", [5, 8]], ["CRZ", [3, 8]], ["CRZ", [7, 8]], ["RY", [0]], ["RY", [2]], ["RY", [4]], ["RY", [6]], ["RY", [1]], ["RY", [3]], ["RY", [5]], ["RY", [7]], ["RY", [8]]], "parameter_efficiency": 0.006111111111111111, "spec_valid": true, "test_accuracy": 0.55, "test_loss": 2.7507160063255682, "train_accuracy": 0.3, "train_loss": 3.350094377033696, "validation_accuracy": 0.5111111111111111, "validation_loss": 2.841527846659012}
==========Run 1/1 completed in 100.30 seconds==========
Correctness and error status saved to /home/chengyou1368/QuantumAnsatz/qml-ea/tic-tac-toe/results/ttt_qml_cli_20260624_162514/gen_30/results/correct.json
Metrics saved to /home/chengyou1368/QuantumAnsatz/qml-ea/tic-tac-toe/results/ttt_qml_cli_20260624_162514/gen_30/results/metrics.json
OK
{
  "combined_score": 0.4134596625341365,
  "public": {
    "train_accuracy_mean": 0.3,
    "train_accuracy_std": 0.0,
    "validation_accuracy_mean": 0.5111,
    "validation_accuracy_std": 0.0,
    "test_accuracy_mean": 0.55,
    "test_accuracy_std": 0.0,
    "generalization_gap_mean": 0.25,
    "validation_loss_mean": 2.8415,
    "test_loss_mean": 2.7507,
    "parameter_efficiency_mean": 0.006111,
    "n_params": 90,
    "depth_mean": 47.0,
    "gate_count_mean": 261.0,
    "score_uses_test": false,
    "convergence_step_mean": null
  },
  "private": {
    "per_run_scores": [
      {
        "combined_score": 0.4134596625341365,
        "primary_accuracy": 0.5111111111111111,
        "gap_score": 0.2857142857142855,
        "loss_score": 0.26031309414292103,
        "parameter_efficiency_score": 0.9199999999999999,
        "convergence_score": 0.0
      }
    ],
    "per_run_test_accuracies": [
      0.55
    ]
  },
  "text_feedback": "Combined score: 0.4135\nValidation accuracy mean: 0.5111\nTest accuracy mean: 0.5500\nTrain-test generalization gap mean: 0.2500\nValidation L2 loss mean: 2.8415\nParameters: 90, depth mean: 47.0, gate count mean: 261.0\nFitness uses validation metrics; test metrics are reported as holdout diagnostics.\nAccuracy is still low; explore more expressive local entanglement or rotation diversity.\nLarge train-test gap; prefer parameter sharing, fewer parameters, or symmetry-inspired repeated motifs.\nDid not reach convergence threshold 0.90 in these runs.",
  "execution_time_mean": 100.30451999500019,
  "execution_time_std": 0.0,
  "num_valid_runs": 1,
  "num_invalid_runs": 0,
  "all_validation_errors": []
}
