Job running on a1132u35n04.mghpcc.ycrc.yale.edu under Slurm job 19612665
Activating sourced environment: /home/ch2499/project/zc_ttt/activate_eval_cluster.sh
==========Running program evaluation 1/1...==========
==========Run 1/1 completed in 1750.55 seconds==========
Correctness and error status saved to /home/ch2499/project/zc_ttt/results_gpt56sol/gen_55/results/correct.json
Metrics saved to /home/ch2499/project/zc_ttt/results_gpt56sol/gen_55/results/metrics.json
OK
{
  "combined_score": 0.5717859871716364,
  "public": {
    "train_accuracy_mean": 0.62,
    "train_accuracy_std": 0.0,
    "validation_accuracy_mean": 0.5867,
    "validation_accuracy_std": 0.0,
    "test_accuracy_mean": 0.56,
    "test_accuracy_std": 0.0,
    "generalization_gap_mean": 0.06,
    "validation_loss_mean": 2.291,
    "test_loss_mean": 2.3629,
    "parameter_efficiency_mean": 0.00549,
    "n_params": 102,
    "depth_mean": 41.0,
    "gate_count_mean": 207.0,
    "score_uses_test": false,
    "convergence_step_mean": null
  },
  "private": {
    "per_run_scores": [
      {
        "combined_score": 0.5717859871716364,
        "primary_accuracy": 0.5866666666666667,
        "gap_score": 0.8285714285714287,
        "loss_score": 0.30385802838980835,
        "parameter_efficiency_score": 0.931764705882353,
        "convergence_score": 0.0
      }
    ],
    "per_run_test_accuracies": [
      0.56
    ]
  },
  "text_feedback": "Combined score: 0.5718\nValidation accuracy mean: 0.5867\nTest accuracy mean: 0.5600\nTrain-test generalization gap mean: 0.0600\nValidation L2 loss mean: 2.2910\nParameters: 102, depth mean: 41.0, gate count mean: 207.0\nFitness uses validation metrics; test metrics are reported as holdout diagnostics.\nDid not reach convergence threshold 0.90 in these runs.",
  "execution_time_mean": 1750.5507372268476,
  "execution_time_std": 0.0,
  "num_valid_runs": 1,
  "num_invalid_runs": 0,
  "all_validation_errors": []
}
