Job running on a1132u33n04.mghpcc.ycrc.yale.edu under Slurm job 19611938
Activating sourced environment: /home/ch2499/project/zc_sn/activate_eval_cluster.sh
==========Running program evaluation 1/1...==========
==========Run 1/1 completed in 2021.37 seconds==========
Correctness and error status saved to /home/ch2499/project/zc_sn/results_sonnet/gen_65/results/correct.json
Metrics saved to /home/ch2499/project/zc_sn/results_sonnet/gen_65/results/metrics.json
OK
{
  "combined_score": 0.8639315516400894,
  "public": {
    "train_accuracy_mean": 0.9644,
    "train_accuracy_std": 0.0,
    "validation_accuracy_mean": 0.9133,
    "validation_accuracy_std": 0.0,
    "test_accuracy_mean": 0.8583,
    "test_accuracy_std": 0.0,
    "generalization_gap_mean": 0.1061,
    "validation_loss_mean": 0.3765,
    "test_loss_mean": 0.4164,
    "parameter_efficiency_mean": 0.006131,
    "n_params": 140,
    "depth_mean": 270.0,
    "gate_count_mean": 612.0,
    "score_uses_test": false,
    "convergence_step_mean": 180.0
  },
  "private": {
    "per_run_scores": [
      {
        "combined_score": 0.8639315516400894,
        "primary_accuracy": 0.9133333333333333,
        "gap_score": 0.6968253968253967,
        "loss_score": 0.7264854765423955,
        "parameter_efficiency_score": 0.9524761904761905,
        "convergence_score": 0.994
      }
    ],
    "per_run_test_accuracies": [
      0.8583333333333333
    ]
  },
  "text_feedback": "Combined score: 0.8639\nValidation accuracy mean: 0.9133\nTest accuracy mean: 0.8583\nTrain-test generalization gap mean: 0.1061\nValidation L2 loss mean: 0.3765\nParameters: 140, depth mean: 270.0, gate count mean: 612.0\nFitness uses validation metrics; test metrics are reported as holdout diagnostics.",
  "execution_time_mean": 2021.3676425917074,
  "execution_time_std": 0.0,
  "num_valid_runs": 1,
  "num_invalid_runs": 0,
  "all_validation_errors": []
}
