Job running on a1132u22n04.mghpcc.ycrc.yale.edu under Slurm job 19596325
Activating sourced environment: /home/ch2499/project/zc_sn/activate_eval_cluster.sh
==========Running program evaluation 1/1...==========
==========Run 1/1 completed in 538.41 seconds==========
Correctness and error status saved to /home/ch2499/project/zc_sn/results_sonnet/gen_15/results/correct.json
Metrics saved to /home/ch2499/project/zc_sn/results_sonnet/gen_15/results/metrics.json
OK
{
  "combined_score": 0.8023931245424027,
  "public": {
    "train_accuracy_mean": 0.9267,
    "train_accuracy_std": 0.0,
    "validation_accuracy_mean": 0.8633,
    "validation_accuracy_std": 0.0,
    "test_accuracy_mean": 0.8983,
    "test_accuracy_std": 0.0,
    "generalization_gap_mean": 0.0283,
    "validation_loss_mean": 0.5191,
    "test_loss_mean": 0.4944,
    "parameter_efficiency_mean": 0.00591,
    "n_params": 152,
    "depth_mean": 126.0,
    "gate_count_mean": 300.0,
    "score_uses_test": false,
    "convergence_step_mean": null
  },
  "private": {
    "per_run_scores": [
      {
        "combined_score": 0.8023931245424027,
        "primary_accuracy": 0.8633333333333333,
        "gap_score": 0.9190476190476191,
        "loss_score": 0.6582661936912061,
        "parameter_efficiency_score": 0.8292543859649122,
        "convergence_score": 0.0
      }
    ],
    "per_run_test_accuracies": [
      0.8983333333333333
    ]
  },
  "text_feedback": "Combined score: 0.8024\nValidation accuracy mean: 0.8633\nTest accuracy mean: 0.8983\nTrain-test generalization gap mean: 0.0283\nValidation L2 loss mean: 0.5191\nParameters: 152, depth mean: 126.0, gate count mean: 300.0\nFitness uses validation metrics; test metrics are reported as holdout diagnostics.\nParameter count exceeds the seed; added accuracy must justify the complexity.\nDid not reach the convergence threshold in these runs.",
  "execution_time_mean": 538.4133997131139,
  "execution_time_std": 0.0,
  "num_valid_runs": 1,
  "num_invalid_runs": 0,
  "all_validation_errors": []
}
