Job running on a1114u28n01.mghpcc.ycrc.yale.edu under Slurm job 23104776
Activating sourced environment: /home/ch2499/project/transfer_sn/activate_eval_cluster.sh
==========Running program evaluation 1/1...==========
==========Run 1/1 completed in 1418.66 seconds==========
Correctness and error status saved to /home/ch2499/project/transfer_sn/results_frw3_frontabl_r1/gen_4/results/correct.json
Metrics saved to /home/ch2499/project/transfer_sn/results_frw3_frontabl_r1/gen_4/results/metrics.json
OK
{
  "combined_score": 0.6966866373839505,
  "public": {
    "combined_score_raw": 0.9199,
    "train_accuracy_mean": 0.9578,
    "train_accuracy_std": 0.0,
    "validation_accuracy_mean": 0.95,
    "validation_accuracy_std": 0.0,
    "test_accuracy_mean": 0.9283,
    "test_accuracy_std": 0.0,
    "generalization_gap_mean": 0.0294,
    "validation_loss_mean": 0.3373,
    "test_loss_mean": 0.3742,
    "parameter_efficiency_mean": 0.02443,
    "n_params": 38,
    "depth_mean": 111.0,
    "gate_count_mean": 444.0,
    "score_uses_test": false,
    "convergence_step_mean": 270.0
  },
  "private": {
    "per_run_scores": [
      {
        "combined_score": 0.9198747074016818,
        "primary_accuracy": 0.95,
        "gap_score": 0.9158730158730161,
        "loss_score": 0.7477731816196777,
        "parameter_efficiency_score": 1.0,
        "convergence_score": 0.991
      }
    ],
    "per_run_test_accuracies": [
      0.9283333333333333
    ]
  },
  "text_feedback": "Combined score: 0.6967\nScore scale: 0.0 = the seed program, 1.0 = the best solution found so far on this task. Negative means worse than the seed.\nValidation accuracy mean: 0.9500\nTest accuracy mean: 0.9283\nTrain-test generalization gap mean: 0.0294\nValidation L2 loss mean: 0.3373\nParameters: 38, depth mean: 111.0, gate count mean: 444.0\nFitness uses validation metrics; test metrics are reported as holdout diagnostics.",
  "execution_time_mean": 1418.6569794969982,
  "execution_time_std": 0.0,
  "num_valid_runs": 1,
  "num_invalid_runs": 0,
  "all_validation_errors": []
}
