Job running on a1114u30n01.mghpcc.ycrc.yale.edu under Slurm job 19447723
Activating sourced environment: /home/ch2499/project/transfer_sn/activate_eval_cluster.sh
==========Running program evaluation 1/1...==========
==========Run 1/1 completed in 1030.19 seconds==========
Correctness and error status saved to /home/ch2499/project/transfer_sn/results_haiku_r2/gen_20/results/correct.json
Metrics saved to /home/ch2499/project/transfer_sn/results_haiku_r2/gen_20/results/metrics.json
OK
{
  "combined_score": 0.8480297480079193,
  "public": {
    "train_accuracy_mean": 0.9,
    "train_accuracy_std": 0.0,
    "validation_accuracy_mean": 0.86,
    "validation_accuracy_std": 0.0,
    "test_accuracy_mean": 0.8433,
    "test_accuracy_std": 0.0,
    "generalization_gap_mean": 0.0567,
    "validation_loss_mean": 0.4632,
    "test_loss_mean": 0.4904,
    "parameter_efficiency_mean": 0.010542,
    "n_params": 80,
    "depth_mean": 138.0,
    "gate_count_mean": 426.0,
    "score_uses_test": false,
    "convergence_step_mean": 120.0
  },
  "private": {
    "per_run_scores": [
      {
        "combined_score": 0.8480297480079193,
        "primary_accuracy": 0.86,
        "gap_score": 0.8380952380952381,
        "loss_score": 0.6834364152908907,
        "parameter_efficiency_score": 1.0,
        "convergence_score": 0.996
      }
    ],
    "per_run_test_accuracies": [
      0.8433333333333334
    ]
  },
  "text_feedback": "Combined score: 0.8480\nValidation accuracy mean: 0.8600\nTest accuracy mean: 0.8433\nTrain-test generalization gap mean: 0.0567\nValidation L2 loss mean: 0.4632\nParameters: 80, depth mean: 138.0, gate count mean: 426.0\nFitness uses validation metrics; test metrics are reported as holdout diagnostics.",
  "execution_time_mean": 1030.1946093938313,
  "execution_time_std": 0.0,
  "num_valid_runs": 1,
  "num_invalid_runs": 0,
  "all_validation_errors": []
}
