Job running on a1130u33n03.mghpcc.ycrc.yale.edu under Slurm job 19605252
Activating sourced environment: /home/ch2499/project/zc_sn/activate_eval_cluster.sh
==========Running program evaluation 1/1...==========
==========Run 1/1 completed in 959.59 seconds==========
Correctness and error status saved to /home/ch2499/project/zc_sn/results_haiku/gen_37/results/correct.json
Metrics saved to /home/ch2499/project/zc_sn/results_haiku/gen_37/results/metrics.json
OK
{
  "combined_score": 0.8858661660209218,
  "public": {
    "train_accuracy_mean": 0.8978,
    "train_accuracy_std": 0.0,
    "validation_accuracy_mean": 0.8867,
    "validation_accuracy_std": 0.0,
    "test_accuracy_mean": 0.8817,
    "test_accuracy_std": 0.0,
    "generalization_gap_mean": 0.0161,
    "validation_loss_mean": 0.361,
    "test_loss_mean": 0.3671,
    "parameter_efficiency_mean": 0.015744,
    "n_params": 56,
    "depth_mean": 154.0,
    "gate_count_mean": 312.0,
    "score_uses_test": false,
    "convergence_step_mean": 330.0
  },
  "private": {
    "per_run_scores": [
      {
        "combined_score": 0.8858661660209218,
        "primary_accuracy": 0.8866666666666667,
        "gap_score": 0.953968253968254,
        "loss_score": 0.7347321120971504,
        "parameter_efficiency_score": 1.0,
        "convergence_score": 0.989
      }
    ],
    "per_run_test_accuracies": [
      0.8816666666666667
    ]
  },
  "text_feedback": "Combined score: 0.8859\nValidation accuracy mean: 0.8867\nTest accuracy mean: 0.8817\nTrain-test generalization gap mean: 0.0161\nValidation L2 loss mean: 0.3610\nParameters: 56, depth mean: 154.0, gate count mean: 312.0\nFitness uses validation metrics; test metrics are reported as holdout diagnostics.",
  "execution_time_mean": 959.5920916558243,
  "execution_time_std": 0.0,
  "num_valid_runs": 1,
  "num_invalid_runs": 0,
  "all_validation_errors": []
}
