Job running on a1130u31n03.mghpcc.ycrc.yale.edu under Slurm job 19611065
Activating sourced environment: /home/ch2499/project/zc_sn/activate_eval_cluster.sh
==========Running program evaluation 1/1...==========
==========Run 1/1 completed in 5205.93 seconds==========
Correctness and error status saved to /home/ch2499/project/zc_sn/results_sonnet/gen_63/results/correct.json
Metrics saved to /home/ch2499/project/zc_sn/results_sonnet/gen_63/results/metrics.json
OK
{
  "combined_score": 0.8629935149694634,
  "public": {
    "train_accuracy_mean": 0.9578,
    "train_accuracy_std": 0.0,
    "validation_accuracy_mean": 0.8967,
    "validation_accuracy_std": 0.0,
    "test_accuracy_mean": 0.8617,
    "test_accuracy_std": 0.0,
    "generalization_gap_mean": 0.0961,
    "validation_loss_mean": 0.3535,
    "test_loss_mean": 0.4273,
    "parameter_efficiency_mean": 0.006732,
    "n_params": 128,
    "depth_mean": 270.0,
    "gate_count_mean": 612.0,
    "score_uses_test": false,
    "convergence_step_mean": 450.0
  },
  "private": {
    "per_run_scores": [
      {
        "combined_score": 0.8629935149694634,
        "primary_accuracy": 0.8966666666666666,
        "gap_score": 0.7253968253968256,
        "loss_score": 0.738819200325523,
        "parameter_efficiency_score": 1.0,
        "convergence_score": 0.985
      }
    ],
    "per_run_test_accuracies": [
      0.8616666666666667
    ]
  },
  "text_feedback": "Combined score: 0.8630\nValidation accuracy mean: 0.8967\nTest accuracy mean: 0.8617\nTrain-test generalization gap mean: 0.0961\nValidation L2 loss mean: 0.3535\nParameters: 128, depth mean: 270.0, gate count mean: 612.0\nFitness uses validation metrics; test metrics are reported as holdout diagnostics.",
  "execution_time_mean": 5205.928457524627,
  "execution_time_std": 0.0,
  "num_valid_runs": 1,
  "num_invalid_runs": 0,
  "all_validation_errors": []
}
