Job running on a1132u24n01.mghpcc.ycrc.yale.edu under Slurm job 19606109
Activating sourced environment: /home/ch2499/project/zc_ttt/activate_eval_cluster.sh
==========Running program evaluation 1/1...==========
==========Run 1/1 completed in 2043.17 seconds==========
Correctness and error status saved to /home/ch2499/project/zc_ttt/results_gpt56sol/gen_37/results/correct.json
Metrics saved to /home/ch2499/project/zc_ttt/results_gpt56sol/gen_37/results/metrics.json
OK
{
  "combined_score": 0.5827188760632236,
  "public": {
    "train_accuracy_mean": 0.6356,
    "train_accuracy_std": 0.0,
    "validation_accuracy_mean": 0.61,
    "validation_accuracy_std": 0.0,
    "test_accuracy_mean": 0.5683,
    "test_accuracy_std": 0.0,
    "generalization_gap_mean": 0.0672,
    "validation_loss_mean": 2.1764,
    "test_loss_mean": 2.2628,
    "parameter_efficiency_mean": 0.005262,
    "n_params": 108,
    "depth_mean": 41.0,
    "gate_count_mean": 207.0,
    "score_uses_test": false,
    "convergence_step_mean": null
  },
  "private": {
    "per_run_scores": [
      {
        "combined_score": 0.5827188760632236,
        "primary_accuracy": 0.61,
        "gap_score": 0.8079365079365081,
        "loss_score": 0.31481896211461274,
        "parameter_efficiency_score": 0.9149999999999999,
        "convergence_score": 0.0
      }
    ],
    "per_run_test_accuracies": [
      0.5683333333333334
    ]
  },
  "text_feedback": "Combined score: 0.5827\nValidation accuracy mean: 0.6100\nTest accuracy mean: 0.5683\nTrain-test generalization gap mean: 0.0672\nValidation L2 loss mean: 2.1764\nParameters: 108, depth mean: 41.0, gate count mean: 207.0\nFitness uses validation metrics; test metrics are reported as holdout diagnostics.\nDid not reach convergence threshold 0.90 in these runs.",
  "execution_time_mean": 2043.1746644689701,
  "execution_time_std": 0.0,
  "num_valid_runs": 1,
  "num_invalid_runs": 0,
  "all_validation_errors": []
}
