Job running on a1130u31n01.mghpcc.ycrc.yale.edu under Slurm job 19441105
Activating sourced environment: /home/ch2499/project/transfer_sn/activate_eval_cluster.sh
==========Running program evaluation 1/1...==========
==========Run 1/1 completed in 1535.78 seconds==========
Correctness and error status saved to /home/ch2499/project/transfer_sn/results_haiku_r2/gen_9/results/correct.json
Metrics saved to /home/ch2499/project/transfer_sn/results_haiku_r2/gen_9/results/metrics.json
OK
{
  "combined_score": 0.8750624347024867,
  "public": {
    "train_accuracy_mean": 0.9178,
    "train_accuracy_std": 0.0,
    "validation_accuracy_mean": 0.8967,
    "validation_accuracy_std": 0.0,
    "test_accuracy_mean": 0.8733,
    "test_accuracy_std": 0.0,
    "generalization_gap_mean": 0.0444,
    "validation_loss_mean": 0.4299,
    "test_loss_mean": 0.4702,
    "parameter_efficiency_mean": 0.007939,
    "n_params": 110,
    "depth_mean": 99.0,
    "gate_count_mean": 270.0,
    "score_uses_test": false,
    "convergence_step_mean": 540.0
  },
  "private": {
    "per_run_scores": [
      {
        "combined_score": 0.8750624347024867,
        "primary_accuracy": 0.8966666666666666,
        "gap_score": 0.8730158730158728,
        "loss_score": 0.6993262842599639,
        "parameter_efficiency_score": 1.0,
        "convergence_score": 0.982
      }
    ],
    "per_run_test_accuracies": [
      0.8733333333333333
    ]
  },
  "text_feedback": "Combined score: 0.8751\nValidation accuracy mean: 0.8967\nTest accuracy mean: 0.8733\nTrain-test generalization gap mean: 0.0444\nValidation L2 loss mean: 0.4299\nParameters: 110, depth mean: 99.0, gate count mean: 270.0\nFitness uses validation metrics; test metrics are reported as holdout diagnostics.",
  "execution_time_mean": 1535.7846717946231,
  "execution_time_std": 0.0,
  "num_valid_runs": 1,
  "num_invalid_runs": 0,
  "all_validation_errors": []
}
