Job running on a1130u09n03.mghpcc.ycrc.yale.edu under Slurm job 19449149
Activating sourced environment: /home/ch2499/project/transfer_sn/activate_eval_cluster.sh
==========Running program evaluation 1/1...==========
==========Run 1/1 completed in 2006.69 seconds==========
Correctness and error status saved to /home/ch2499/project/transfer_sn/results_sonnet_r2/gen_27/results/correct.json
Metrics saved to /home/ch2499/project/transfer_sn/results_sonnet_r2/gen_27/results/metrics.json
OK
{
  "combined_score": 0.8558455203570996,
  "public": {
    "train_accuracy_mean": 0.9689,
    "train_accuracy_std": 0.0,
    "validation_accuracy_mean": 0.88,
    "validation_accuracy_std": 0.0,
    "test_accuracy_mean": 0.9,
    "test_accuracy_std": 0.0,
    "generalization_gap_mean": 0.0689,
    "validation_loss_mean": 0.4891,
    "test_loss_mean": 0.4327,
    "parameter_efficiency_mean": 0.007759,
    "n_params": 116,
    "depth_mean": 124.0,
    "gate_count_mean": 282.0,
    "score_uses_test": false,
    "convergence_step_mean": 1350.0
  },
  "private": {
    "per_run_scores": [
      {
        "combined_score": 0.8558455203570996,
        "primary_accuracy": 0.88,
        "gap_score": 0.8031746031746032,
        "loss_score": 0.6715362732801344,
        "parameter_efficiency_score": 1.0,
        "convergence_score": 0.955
      }
    ],
    "per_run_test_accuracies": [
      0.9
    ]
  },
  "text_feedback": "Combined score: 0.8558\nValidation accuracy mean: 0.8800\nTest accuracy mean: 0.9000\nTrain-test generalization gap mean: 0.0689\nValidation L2 loss mean: 0.4891\nParameters: 116, depth mean: 124.0, gate count mean: 282.0\nFitness uses validation metrics; test metrics are reported as holdout diagnostics.",
  "execution_time_mean": 2006.694840081036,
  "execution_time_std": 0.0,
  "num_valid_runs": 1,
  "num_invalid_runs": 0,
  "all_validation_errors": []
}
