Job running on a1114u32n01.mghpcc.ycrc.yale.edu under Slurm job 23104154
Activating sourced environment: /home/ch2499/project/transfer_sn/activate_eval_cluster.sh
==========Running program evaluation 1/1...==========
==========Run 1/1 completed in 1404.39 seconds==========
Correctness and error status saved to /home/ch2499/project/transfer_sn/results_frw3_mid_r1/gen_7/results/correct.json
Metrics saved to /home/ch2499/project/transfer_sn/results_frw3_mid_r1/gen_7/results/metrics.json
OK
{
  "combined_score": 0.19990336310916004,
  "public": {
    "combined_score_raw": 0.8733,
    "train_accuracy_mean": 0.8867,
    "train_accuracy_std": 0.0,
    "validation_accuracy_mean": 0.89,
    "validation_accuracy_std": 0.0,
    "test_accuracy_mean": 0.87,
    "test_accuracy_std": 0.0,
    "generalization_gap_mean": 0.0167,
    "validation_loss_mean": 0.4221,
    "test_loss_mean": 0.442,
    "parameter_efficiency_mean": 0.033462,
    "n_params": 26,
    "depth_mean": 93.0,
    "gate_count_mean": 300.0,
    "score_uses_test": false,
    "convergence_step_mean": 5220.0
  },
  "private": {
    "per_run_scores": [
      {
        "combined_score": 0.873305051743383,
        "primary_accuracy": 0.89,
        "gap_score": 0.9523809523809522,
        "loss_score": 0.7032082814638231,
        "parameter_efficiency_score": 1.0,
        "convergence_score": 0.8260000000000001
      }
    ],
    "per_run_test_accuracies": [
      0.87
    ]
  },
  "text_feedback": "Combined score: 0.1999\nScore scale: 0.0 = the seed program, 1.0 = the best solution found so far on this task. Negative means worse than the seed.\nValidation accuracy mean: 0.8900\nTest accuracy mean: 0.8700\nTrain-test generalization gap mean: 0.0167\nValidation L2 loss mean: 0.4221\nParameters: 26, depth mean: 93.0, gate count mean: 300.0\nFitness uses validation metrics; test metrics are reported as holdout diagnostics.",
  "execution_time_mean": 1404.3914882959798,
  "execution_time_std": 0.0,
  "num_valid_runs": 1,
  "num_invalid_runs": 0,
  "all_validation_errors": []
}
