Job running on a1130u33n01.mghpcc.ycrc.yale.edu under Slurm job 19603712
Activating sourced environment: /home/ch2499/project/zc_sn/activate_eval_cluster.sh
==========Running program evaluation 1/1...==========
==========Run 1/1 completed in 711.18 seconds==========
Correctness and error status saved to /home/ch2499/project/zc_sn/results_sonnet/gen_33/results/correct.json
Metrics saved to /home/ch2499/project/zc_sn/results_sonnet/gen_33/results/metrics.json
OK
{
  "combined_score": 0.8552404234607716,
  "public": {
    "train_accuracy_mean": 0.94,
    "train_accuracy_std": 0.0,
    "validation_accuracy_mean": 0.8767,
    "validation_accuracy_std": 0.0,
    "test_accuracy_mean": 0.8633,
    "test_accuracy_std": 0.0,
    "generalization_gap_mean": 0.0767,
    "validation_loss_mean": 0.4149,
    "test_loss_mean": 0.4372,
    "parameter_efficiency_mean": 0.007077,
    "n_params": 122,
    "depth_mean": 136.0,
    "gate_count_mean": 276.0,
    "score_uses_test": false,
    "convergence_step_mean": 150.0
  },
  "private": {
    "per_run_scores": [
      {
        "combined_score": 0.8552404234607716,
        "primary_accuracy": 0.8766666666666667,
        "gap_score": 0.780952380952381,
        "loss_score": 0.7067615532305411,
        "parameter_efficiency_score": 1.0,
        "convergence_score": 0.995
      }
    ],
    "per_run_test_accuracies": [
      0.8633333333333333
    ]
  },
  "text_feedback": "Combined score: 0.8552\nValidation accuracy mean: 0.8767\nTest accuracy mean: 0.8633\nTrain-test generalization gap mean: 0.0767\nValidation L2 loss mean: 0.4149\nParameters: 122, depth mean: 136.0, gate count mean: 276.0\nFitness uses validation metrics; test metrics are reported as holdout diagnostics.",
  "execution_time_mean": 711.1835918482393,
  "execution_time_std": 0.0,
  "num_valid_runs": 1,
  "num_invalid_runs": 0,
  "all_validation_errors": []
}
