Job running on a1114u24n01.mghpcc.ycrc.yale.edu under Slurm job 19592921
Activating sourced environment: /home/ch2499/project/zc_ttt/activate_eval_cluster.sh
==========Running program evaluation 1/1...==========
==========Run 1/1 completed in 739.33 seconds==========
Correctness and error status saved to /home/ch2499/project/zc_ttt/results_gpt56sol/gen_2/results/correct.json
Metrics saved to /home/ch2499/project/zc_ttt/results_gpt56sol/gen_2/results/metrics.json
OK
{
  "combined_score": 0.5743955903384,
  "public": {
    "train_accuracy_mean": 0.6089,
    "train_accuracy_std": 0.0,
    "validation_accuracy_mean": 0.6,
    "validation_accuracy_std": 0.0,
    "test_accuracy_mean": 0.545,
    "test_accuracy_std": 0.0,
    "generalization_gap_mean": 0.0639,
    "validation_loss_mean": 2.2689,
    "test_loss_mean": 2.3525,
    "parameter_efficiency_mean": 0.005046,
    "n_params": 108,
    "depth_mean": 41.0,
    "gate_count_mean": 207.0,
    "score_uses_test": false,
    "convergence_step_mean": null
  },
  "private": {
    "per_run_scores": [
      {
        "combined_score": 0.5743955903384,
        "primary_accuracy": 0.6,
        "gap_score": 0.8174603174603174,
        "loss_score": 0.3059176922030904,
        "parameter_efficiency_score": 0.9,
        "convergence_score": 0.0
      }
    ],
    "per_run_test_accuracies": [
      0.545
    ]
  },
  "text_feedback": "Combined score: 0.5744\nValidation accuracy mean: 0.6000\nTest accuracy mean: 0.5450\nTrain-test generalization gap mean: 0.0639\nValidation L2 loss mean: 2.2689\nParameters: 108, depth mean: 41.0, gate count mean: 207.0\nFitness uses validation metrics; test metrics are reported as holdout diagnostics.\nDid not reach convergence threshold 0.90 in these runs.",
  "execution_time_mean": 739.3285159030929,
  "execution_time_std": 0.0,
  "num_valid_runs": 1,
  "num_invalid_runs": 0,
  "all_validation_errors": []
}
