Job running on a1130u24n04.mghpcc.ycrc.yale.edu under Slurm job 19617221
Activating sourced environment: /home/ch2499/project/zc_ttt/activate_eval_cluster.sh
==========Running program evaluation 1/1...==========
==========Run 1/1 completed in 1753.96 seconds==========
Correctness and error status saved to /home/ch2499/project/zc_ttt/results_sonnet/gen_46/results/correct.json
Metrics saved to /home/ch2499/project/zc_ttt/results_sonnet/gen_46/results/metrics.json
OK
{
  "combined_score": 0.5707737399484986,
  "public": {
    "train_accuracy_mean": 0.7156,
    "train_accuracy_std": 0.0,
    "validation_accuracy_mean": 0.6267,
    "validation_accuracy_std": 0.0,
    "test_accuracy_mean": 0.615,
    "test_accuracy_std": 0.0,
    "generalization_gap_mean": 0.1006,
    "validation_loss_mean": 2.0759,
    "test_loss_mean": 2.1664,
    "parameter_efficiency_mean": 0.003661,
    "n_params": 168,
    "depth_mean": 44.0,
    "gate_count_mean": 231.0,
    "score_uses_test": false,
    "convergence_step_mean": null
  },
  "private": {
    "per_run_scores": [
      {
        "combined_score": 0.5707737399484986,
        "primary_accuracy": 0.6266666666666667,
        "gap_score": 0.7126984126984128,
        "loss_score": 0.32510535627041365,
        "parameter_efficiency_score": 0.6042857142857143,
        "convergence_score": 0.0
      }
    ],
    "per_run_test_accuracies": [
      0.615
    ]
  },
  "text_feedback": "Combined score: 0.5708\nValidation accuracy mean: 0.6267\nTest accuracy mean: 0.6150\nTrain-test generalization gap mean: 0.1006\nValidation L2 loss mean: 2.0759\nParameters: 168, depth mean: 44.0, gate count mean: 231.0\nFitness uses validation metrics; test metrics are reported as holdout diagnostics.\nParameter count exceeds the seed; added accuracy must justify the complexity.\nDid not reach convergence threshold 0.90 in these runs.",
  "execution_time_mean": 1753.9628299041651,
  "execution_time_std": 0.0,
  "num_valid_runs": 1,
  "num_invalid_runs": 0,
  "all_validation_errors": []
}
