==========Running program evaluation 1/1...==========
{"batch_size": 10, "data_seed": 2027, "dataset": {"all_valid_unique_boards": {"class_counts": {"circle": 316, "cross": 626, "draw": 4536}, "total": 5478}, "overlap_train_test": 4, "overlap_train_validation": 1, "overlap_validation_test": 3, "test": {"class_counts": {"circle": 20, "cross": 20, "draw": 20}, "rows": 60, "unique_boards": 59}, "train": {"class_counts": {"circle": 20, "cross": 20, "draw": 20}, "rows": 60, "unique_boards": 59}, "validation": {"class_counts": {"circle": 15, "cross": 15, "draw": 15}, "rows": 45, "unique_boards": 44}}, "event": "start", "learning_rate": 0.03, "n_epochs": 3, "n_params": 54, "n_params_per_block": 9, "n_repeats": 2, "n_uploads": 3, "seed": 2000, "steps_per_epoch": 3}
{"batch_loss": 6.176415053203875, "epoch": 1, "event": "epoch", "global_step": 3, "test_accuracy": 0.3, "test_loss": 4.814753487453256, "train_accuracy": 0.36666666666666664, "train_loss": 4.8520703989727325, "validation_accuracy": 0.4, "validation_loss": 4.708664578869825}
{"batch_loss": 3.0051568263739794, "epoch": 2, "event": "epoch", "global_step": 6, "test_accuracy": 0.2833333333333333, "test_loss": 2.938857889327332, "train_accuracy": 0.36666666666666664, "train_loss": 2.90978670299305, "validation_accuracy": 0.37777777777777777, "validation_loss": 2.8947667662273444}
{"batch_loss": 3.2404434236947957, "epoch": 3, "event": "epoch", "global_step": 9, "test_accuracy": 0.4166666666666667, "test_loss": 2.852398804856397, "train_accuracy": 0.5166666666666667, "train_loss": 2.831928555019455, "validation_accuracy": 0.4444444444444444, "validation_loss": 2.7878163797780644}
{"convergence_epoch": null, "convergence_step": null, "convergence_threshold": 0.9, "depth": 70, "event": "final", "gate_count": 261, "generalization_gap": 0.10000000000000003, "history_tail": [{"batch_loss": 6.176415053203875, "epoch": 1, "event": "epoch", "global_step": 3, "test_accuracy": 0.3, "test_loss": 4.814753487453256, "train_accuracy": 0.36666666666666664, "train_loss": 4.8520703989727325, "validation_accuracy": 0.4, "validation_loss": 4.708664578869825}, {"batch_loss": 3.0051568263739794, "epoch": 2, "event": "epoch", "global_step": 6, "test_accuracy": 0.2833333333333333, "test_loss": 2.938857889327332, "train_accuracy": 0.36666666666666664, "train_loss": 2.90978670299305, "validation_accuracy": 0.37777777777777777, "validation_loss": 2.8947667662273444}, {"batch_loss": 3.2404434236947957, "epoch": 3, "event": "epoch", "global_step": 9, "test_accuracy": 0.4166666666666667, "test_loss": 2.852398804856397, "train_accuracy": 0.5166666666666667, "train_loss": 2.831928555019455, "validation_accuracy": 0.4444444444444444, "validation_loss": 2.7878163797780644}], "max_steps": 9, "n_params": 54, "n_params_per_block": 9, "n_qubits": 9, "n_repeats": 2, "n_uploads": 3, "operations": [["RX", [0]], ["RX", [1]], ["RX", [2]], ["RX", [3]], ["RX", [4]], ["RX", [5]], ["RX", [6]], ["RX", [7]], ["RX", [8]], ["RY", [0]], ["RY", [2]], ["RY", [4]], ["RY", [6]], ["RY", [1]], ["RY", [3]], ["RY", [5]], ["RY", [7]], ["RY", [8]], ["RZ", [0]], ["RZ", [1]], ["RZ", [2]], ["RZ", [3]], ["RZ", [4]], ["RZ", [5]], ["RZ", [6]], ["RZ", [7]], ["RZ", [8]], ["CRX", [0, 1]], ["CRX", [1, 2]], ["CRX", [2, 3]], ["CRX", [3, 4]], ["CRX", [4, 5]], ["CRX", [5, 6]], ["CRX", [6, 7]], ["CRX", [7, 0]], ["CRX", [1, 8]], ["CRX", [3, 8]], ["CRX", [5, 8]], ["CRX", [7, 8]], ["RX", [0]], ["RX", [1]], ["RX", [2]], ["RX", [3]], ["RX", [4]], ["RX", [5]], ["RX", [6]], ["RX", [7]], ["RX", [8]], ["RY", [0]], ["RY", [2]], ["RY", [4]], ["RY", [6]], ["RY", [1]], ["RY", [3]], ["RY", [5]], ["RY", [7]], ["RY", [8]], ["RZ", [0]], ["RZ", [1]], ["RZ", [2]], ["RZ", [3]], ["RZ", [4]], ["RZ", [5]], ["RZ", [6]], ["RZ", [7]], ["RZ", [8]], ["CRX", [0, 1]], ["CRX", [1, 2]], ["CRX", [2, 3]], ["CRX", [3, 4]], ["CRX", [4, 5]], ["CRX", [5, 6]], ["CRX", [6, 7]], ["CRX", [7, 0]], ["CRX", [1, 8]], ["CRX", [3, 8]], ["CRX", [5, 8]], ["CRX", [7, 8]], ["RX", [0]], ["RX", [1]], ["RX", [2]], ["RX", [3]], ["RX", [4]], ["RX", [5]], ["RX", [6]], ["RX", [7]], ["RX", [8]], ["RX", [0]], ["RX", [1]], ["RX", [2]], ["RX", [3]], ["RX", [4]], ["RX", [5]], ["RX", [6]], ["RX", [7]], ["RX", [8]], ["RY", [0]], ["RY", [2]], ["RY", [4]], ["RY", [6]], ["RY", [1]], ["RY", [3]], ["RY", [5]], ["RY", [7]], ["RY", [8]], ["RZ", [0]], ["RZ", [1]], ["RZ", [2]], ["RZ", [3]], ["RZ", [4]], ["RZ", [5]], ["RZ", [6]], ["RZ", [7]], ["RZ", [8]], ["CRX", [0, 1]], ["CRX", [1, 2]], ["CRX", [2, 3]], ["CRX", [3, 4]], ["CRX", [4, 5]], ["CRX", [5, 6]], ["CRX", [6, 7]], ["CRX", [7, 0]], ["CRX", [1, 8]], ["CRX", [3, 8]], ["CRX", [5, 8]], ["CRX", [7, 8]], ["RX", [0]], ["RX", [1]], ["RX", [2]], ["RX", [3]], ["RX", [4]], ["RX", [5]], ["RX", [6]], ["RX", [7]], ["RX", [8]], ["RY", [0]], ["RY", [2]], ["RY", [4]], ["RY", [6]], ["RY", [1]], ["RY", [3]], ["RY", [5]], ["RY", [7]], ["RY", [8]], ["RZ", [0]], ["RZ", [1]], ["RZ", [2]], ["RZ", [3]], ["RZ", [4]], ["RZ", [5]], ["RZ", [6]], ["RZ", [7]], ["RZ", [8]], ["CRX", [0, 1]], ["CRX", [1, 2]], ["CRX", [2, 3]], ["CRX", [3, 4]], ["CRX", [4, 5]], ["CRX", [5, 6]], ["CRX", [6, 7]], ["CRX", [7, 0]], ["CRX", [1, 8]], ["CRX", [3, 8]], ["CRX", [5, 8]], ["CRX", [7, 8]], ["RX", [0]], ["RX", [1]], ["RX", [2]], ["RX", [3]], ["RX", [4]], ["RX", [5]], ["RX", [6]], ["RX", [7]], ["RX", [8]], ["RX", [0]], ["RX", [1]], ["RX", [2]], ["RX", [3]], ["RX", [4]], ["RX", [5]], ["RX", [6]], ["RX", [7]], ["RX", [8]], ["RY", [0]], ["RY", [2]], ["RY", [4]], ["RY", [6]], ["RY", [1]], ["RY", [3]], ["RY", [5]], ["RY", [7]], ["RY", [8]], ["RZ", [0]], ["RZ", [1]], ["RZ", [2]], ["RZ", [3]], ["RZ", [4]], ["RZ", [5]], ["RZ", [6]], ["RZ", [7]], ["RZ", [8]], ["CRX", [0, 1]], ["CRX", [1, 2]], ["CRX", [2, 3]], ["CRX", [3, 4]], ["CRX", [4, 5]], ["CRX", [5, 6]], ["CRX", [6, 7]], ["CRX", [7, 0]], ["CRX", [1, 8]], ["CRX", [3, 8]], ["CRX", [5, 8]], ["CRX", [7, 8]], ["RX", [0]], ["RX", [1]], ["RX", [2]], ["RX", [3]], ["RX", [4]], ["RX", [5]], ["RX", [6]], ["RX", [7]], ["RX", [8]], ["RY", [0]], ["RY", [2]], ["RY", [4]], ["RY", [6]], ["RY", [1]], ["RY", [3]], ["RY", [5]], ["RY", [7]], ["RY", [8]], ["RZ", [0]], ["RZ", [1]], ["RZ", [2]], ["RZ", [3]], ["RZ", [4]], ["RZ", [5]], ["RZ", [6]], ["RZ", [7]], ["RZ", [8]], ["CRX", [0, 1]], ["CRX", [1, 2]], ["CRX", [2, 3]], ["CRX", [3, 4]], ["CRX", [4, 5]], ["CRX", [5, 6]], ["CRX", [6, 7]], ["CRX", [7, 0]], ["CRX", [1, 8]], ["CRX", [3, 8]], ["CRX", [5, 8]], ["CRX", [7, 8]], ["RX", [0]], ["RX", [1]], ["RX", [2]], ["RX", [3]], ["RX", [4]], ["RX", [5]], ["RX", [6]], ["RX", [7]], ["RX", [8]]], "parameter_efficiency": 0.00771604938271605, "spec_valid": true, "test_accuracy": 0.4166666666666667, "test_loss": 2.852398804856397, "train_accuracy": 0.5166666666666667, "train_loss": 2.831928555019455, "validation_accuracy": 0.4444444444444444, "validation_loss": 2.7878163797780644}
==========Run 1/1 completed in 138.74 seconds==========
Correctness and error status saved to /home/chengyou1368/QuantumAnsatz/qml-ea/tic-tac-toe/results/ttt_qml_cli_20260624_162514/gen_27/results/correct.json
Metrics saved to /home/chengyou1368/QuantumAnsatz/qml-ea/tic-tac-toe/results/ttt_qml_cli_20260624_162514/gen_27/results/metrics.json
OK
{
  "combined_score": 0.4706323984817438,
  "public": {
    "train_accuracy_mean": 0.5167,
    "train_accuracy_std": 0.0,
    "validation_accuracy_mean": 0.4444,
    "validation_accuracy_std": 0.0,
    "test_accuracy_mean": 0.4167,
    "test_accuracy_std": 0.0,
    "generalization_gap_mean": 0.1,
    "validation_loss_mean": 2.7878,
    "test_loss_mean": 2.8524,
    "parameter_efficiency_mean": 0.007716,
    "n_params": 54,
    "depth_mean": 70.0,
    "gate_count_mean": 261.0,
    "score_uses_test": false,
    "convergence_step_mean": null
  },
  "private": {
    "per_run_scores": [
      {
        "combined_score": 0.4706323984817438,
        "primary_accuracy": 0.4444444444444444,
        "gap_score": 0.7142857142857142,
        "loss_score": 0.264004349666652,
        "parameter_efficiency_score": 1.0,
        "convergence_score": 0.0
      }
    ],
    "per_run_test_accuracies": [
      0.4166666666666667
    ]
  },
  "text_feedback": "Combined score: 0.4706\nValidation accuracy mean: 0.4444\nTest accuracy mean: 0.4167\nTrain-test generalization gap mean: 0.1000\nValidation L2 loss mean: 2.7878\nParameters: 54, depth mean: 70.0, gate count mean: 261.0\nFitness uses validation metrics; test metrics are reported as holdout diagnostics.\nAccuracy is still low; explore more expressive local entanglement or rotation diversity.\nDid not reach convergence threshold 0.90 in these runs.",
  "execution_time_mean": 138.73594442900048,
  "execution_time_std": 0.0,
  "num_valid_runs": 1,
  "num_invalid_runs": 0,
  "all_validation_errors": []
}
