Job running on a1132u24n03.mghpcc.ycrc.yale.edu under Slurm job 19605622
Activating sourced environment: /home/ch2499/project/zc_ttt/activate_eval_cluster.sh
==========Running program evaluation 1/1...==========
==========Run 1/1 completed in 2174.10 seconds==========
Correctness and error status saved to /home/ch2499/project/zc_ttt/results_sonnet/gen_20/results/correct.json
Metrics saved to /home/ch2499/project/zc_ttt/results_sonnet/gen_20/results/metrics.json
OK
{
  "combined_score": 0.5529911321623615,
  "public": {
    "train_accuracy_mean": 0.6978,
    "train_accuracy_std": 0.0,
    "validation_accuracy_mean": 0.6333,
    "validation_accuracy_std": 0.0,
    "test_accuracy_mean": 0.5583,
    "test_accuracy_std": 0.0,
    "generalization_gap_mean": 0.1394,
    "validation_loss_mean": 2.1375,
    "test_loss_mean": 2.2427,
    "parameter_efficiency_mean": 0.003102,
    "n_params": 180,
    "depth_mean": 59.0,
    "gate_count_mean": 225.0,
    "score_uses_test": false,
    "convergence_step_mean": null
  },
  "private": {
    "per_run_scores": [
      {
        "combined_score": 0.5529911321623615,
        "primary_accuracy": 0.6333333333333333,
        "gap_score": 0.6015873015873014,
        "loss_score": 0.31872394986547953,
        "parameter_efficiency_score": 0.57,
        "convergence_score": 0.0
      }
    ],
    "per_run_test_accuracies": [
      0.5583333333333333
    ]
  },
  "text_feedback": "Combined score: 0.5530\nValidation accuracy mean: 0.6333\nTest accuracy mean: 0.5583\nTrain-test generalization gap mean: 0.1394\nValidation L2 loss mean: 2.1375\nParameters: 180, depth mean: 59.0, gate count mean: 225.0\nFitness uses validation metrics; test metrics are reported as holdout diagnostics.\nParameter count exceeds the seed; added accuracy must justify the complexity.\nDid not reach convergence threshold 0.90 in these runs.",
  "execution_time_mean": 2174.1029683337547,
  "execution_time_std": 0.0,
  "num_valid_runs": 1,
  "num_invalid_runs": 0,
  "all_validation_errors": []
}
