Job running on a1130u31n04.mghpcc.ycrc.yale.edu under Slurm job 19610475
Activating sourced environment: /home/ch2499/project/zc_sn/activate_eval_cluster.sh
==========Running program evaluation 1/1...==========
==========Run 1/1 completed in 2462.40 seconds==========
Correctness and error status saved to /home/ch2499/project/zc_sn/results_haiku/gen_57/results/correct.json
Metrics saved to /home/ch2499/project/zc_sn/results_haiku/gen_57/results/metrics.json
OK
{
  "combined_score": 0.9147798993578162,
  "public": {
    "train_accuracy_mean": 0.9156,
    "train_accuracy_std": 0.0,
    "validation_accuracy_mean": 0.94,
    "validation_accuracy_std": 0.0,
    "test_accuracy_mean": 0.8933,
    "test_accuracy_std": 0.0,
    "generalization_gap_mean": 0.0222,
    "validation_loss_mean": 0.3269,
    "test_loss_mean": 0.4011,
    "parameter_efficiency_mean": 0.017867,
    "n_params": 50,
    "depth_mean": 160.0,
    "gate_count_mean": 360.0,
    "score_uses_test": false,
    "convergence_step_mean": 180.0
  },
  "private": {
    "per_run_scores": [
      {
        "combined_score": 0.9147798993578162,
        "primary_accuracy": 0.94,
        "gap_score": 0.9365079365079364,
        "loss_score": 0.7536543555071347,
        "parameter_efficiency_score": 1.0,
        "convergence_score": 0.994
      }
    ],
    "per_run_test_accuracies": [
      0.8933333333333333
    ]
  },
  "text_feedback": "Combined score: 0.9148\nValidation accuracy mean: 0.9400\nTest accuracy mean: 0.8933\nTrain-test generalization gap mean: 0.0222\nValidation L2 loss mean: 0.3269\nParameters: 50, depth mean: 160.0, gate count mean: 360.0\nFitness uses validation metrics; test metrics are reported as holdout diagnostics.",
  "execution_time_mean": 2462.400848388672,
  "execution_time_std": 0.0,
  "num_valid_runs": 1,
  "num_invalid_runs": 0,
  "all_validation_errors": []
}
