Job running on a1132u33n04.mghpcc.ycrc.yale.edu under Slurm job 19601820
Activating sourced environment: /home/ch2499/project/zc_sn/activate_eval_cluster.sh
==========Running program evaluation 1/1...==========
==========Run 1/1 completed in 744.00 seconds==========
Correctness and error status saved to /home/ch2499/project/zc_sn/results_gpt56sol/gen_36/results/correct.json
Metrics saved to /home/ch2499/project/zc_sn/results_gpt56sol/gen_36/results/metrics.json
OK
{
  "combined_score": 0.8602966617716017,
  "public": {
    "train_accuracy_mean": 0.9111,
    "train_accuracy_std": 0.0,
    "validation_accuracy_mean": 0.8867,
    "validation_accuracy_std": 0.0,
    "test_accuracy_mean": 0.85,
    "test_accuracy_std": 0.0,
    "generalization_gap_mean": 0.0611,
    "validation_loss_mean": 0.4607,
    "test_loss_mean": 0.501,
    "parameter_efficiency_mean": 0.007727,
    "n_params": 110,
    "depth_mean": 165.0,
    "gate_count_mean": 462.0,
    "score_uses_test": false,
    "convergence_step_mean": 390.0
  },
  "private": {
    "per_run_scores": [
      {
        "combined_score": 0.8602966617716017,
        "primary_accuracy": 0.8866666666666667,
        "gap_score": 0.8253968253968254,
        "loss_score": 0.6846179567842225,
        "parameter_efficiency_score": 1.0,
        "convergence_score": 0.987
      }
    ],
    "per_run_test_accuracies": [
      0.85
    ]
  },
  "text_feedback": "Combined score: 0.8603\nValidation accuracy mean: 0.8867\nTest accuracy mean: 0.8500\nTrain-test generalization gap mean: 0.0611\nValidation L2 loss mean: 0.4607\nParameters: 110, depth mean: 165.0, gate count mean: 462.0\nFitness uses validation metrics; test metrics are reported as holdout diagnostics.",
  "execution_time_mean": 743.999499828089,
  "execution_time_std": 0.0,
  "num_valid_runs": 1,
  "num_invalid_runs": 0,
  "all_validation_errors": []
}
