Job running on a1132u24n01.mghpcc.ycrc.yale.edu under Slurm job 19602681
Activating sourced environment: /home/ch2499/project/zc_sn/activate_eval_cluster.sh
==========Running program evaluation 1/1...==========
==========Run 1/1 completed in 770.88 seconds==========
Correctness and error status saved to /home/ch2499/project/zc_sn/results_sonnet/gen_31/results/correct.json
Metrics saved to /home/ch2499/project/zc_sn/results_sonnet/gen_31/results/metrics.json
OK
{
  "combined_score": 0.8586276652040935,
  "public": {
    "train_accuracy_mean": 0.8844,
    "train_accuracy_std": 0.0,
    "validation_accuracy_mean": 0.8733,
    "validation_accuracy_std": 0.0,
    "test_accuracy_mean": 0.8533,
    "test_accuracy_std": 0.0,
    "generalization_gap_mean": 0.0311,
    "validation_loss_mean": 0.4989,
    "test_loss_mean": 0.5114,
    "parameter_efficiency_mean": 0.006368,
    "n_params": 134,
    "depth_mean": 126.0,
    "gate_count_mean": 324.0,
    "score_uses_test": false,
    "convergence_step_mean": 480.0
  },
  "private": {
    "per_run_scores": [
      {
        "combined_score": 0.8586276652040935,
        "primary_accuracy": 0.8733333333333333,
        "gap_score": 0.9111111111111112,
        "loss_score": 0.6671518199896996,
        "parameter_efficiency_score": 0.9515422885572139,
        "convergence_score": 0.984
      }
    ],
    "per_run_test_accuracies": [
      0.8533333333333334
    ]
  },
  "text_feedback": "Combined score: 0.8586\nValidation accuracy mean: 0.8733\nTest accuracy mean: 0.8533\nTrain-test generalization gap mean: 0.0311\nValidation L2 loss mean: 0.4989\nParameters: 134, depth mean: 126.0, gate count mean: 324.0\nFitness uses validation metrics; test metrics are reported as holdout diagnostics.",
  "execution_time_mean": 770.8814879651181,
  "execution_time_std": 0.0,
  "num_valid_runs": 1,
  "num_invalid_runs": 0,
  "all_validation_errors": []
}
