==========Running program evaluation 1/1...==========
{"batch_size": 10, "data_seed": 2027, "dataset": {"all_valid_unique_boards": {"class_counts": {"circle": 316, "cross": 626, "draw": 4536}, "total": 5478}, "overlap_train_test": 4, "overlap_train_validation": 1, "overlap_validation_test": 3, "test": {"class_counts": {"circle": 20, "cross": 20, "draw": 20}, "rows": 60, "unique_boards": 59}, "train": {"class_counts": {"circle": 20, "cross": 20, "draw": 20}, "rows": 60, "unique_boards": 59}, "validation": {"class_counts": {"circle": 15, "cross": 15, "draw": 15}, "rows": 45, "unique_boards": 44}}, "event": "start", "learning_rate": 0.03, "n_epochs": 3, "n_params": 84, "n_params_per_block": 14, "n_repeats": 2, "n_uploads": 3, "seed": 2000, "steps_per_epoch": 3}
{"batch_loss": 7.538520817619298, "epoch": 1, "event": "epoch", "global_step": 3, "test_accuracy": 0.5333333333333333, "test_loss": 6.642891185905727, "train_accuracy": 0.31666666666666665, "train_loss": 6.857455487175249, "validation_accuracy": 0.5333333333333333, "validation_loss": 6.632279550738508}
{"batch_loss": 6.0079797336830545, "epoch": 2, "event": "epoch", "global_step": 6, "test_accuracy": 0.55, "test_loss": 4.925418392382968, "train_accuracy": 0.31666666666666665, "train_loss": 5.30987327684181, "validation_accuracy": 0.5111111111111111, "validation_loss": 4.773879731179645}
{"batch_loss": 4.786152936679103, "epoch": 3, "event": "epoch", "global_step": 9, "test_accuracy": 0.5333333333333333, "test_loss": 3.936359216349468, "train_accuracy": 0.31666666666666665, "train_loss": 4.39304782377735, "validation_accuracy": 0.4666666666666667, "validation_loss": 3.785600277996628}
{"convergence_epoch": null, "convergence_step": null, "convergence_threshold": 0.9, "depth": 64, "event": "final", "gate_count": 207, "generalization_gap": 0.21666666666666667, "history_tail": [{"batch_loss": 7.538520817619298, "epoch": 1, "event": "epoch", "global_step": 3, "test_accuracy": 0.5333333333333333, "test_loss": 6.642891185905727, "train_accuracy": 0.31666666666666665, "train_loss": 6.857455487175249, "validation_accuracy": 0.5333333333333333, "validation_loss": 6.632279550738508}, {"batch_loss": 6.0079797336830545, "epoch": 2, "event": "epoch", "global_step": 6, "test_accuracy": 0.55, "test_loss": 4.925418392382968, "train_accuracy": 0.31666666666666665, "train_loss": 5.30987327684181, "validation_accuracy": 0.5111111111111111, "validation_loss": 4.773879731179645}, {"batch_loss": 4.786152936679103, "epoch": 3, "event": "epoch", "global_step": 9, "test_accuracy": 0.5333333333333333, "test_loss": 3.936359216349468, "train_accuracy": 0.31666666666666665, "train_loss": 4.39304782377735, "validation_accuracy": 0.4666666666666667, "validation_loss": 3.785600277996628}], "max_steps": 9, "n_params": 84, "n_params_per_block": 14, "n_qubits": 9, "n_repeats": 2, "n_uploads": 3, "operations": [["RX", [0]], ["RX", [1]], ["RX", [2]], ["RX", [3]], ["RX", [4]], ["RX", [5]], ["RX", [6]], ["RX", [7]], ["RX", [8]], ["RY", [0]], ["RY", [2]], ["RY", [4]], ["RY", [6]], ["RY", [1]], ["RY", [3]], ["RY", [5]], ["RY", [7]], ["RY", [8]], ["CRZ", [0, 1]], ["CRZ", [1, 2]], ["CRZ", [2, 3]], ["CRZ", [3, 4]], ["CRZ", [4, 5]], ["CRZ", [5, 6]], ["CRZ", [6, 7]], ["CRZ", [7, 0]], ["CRZ", [1, 8]], ["CRZ", [3, 8]], ["CRZ", [5, 8]], ["CRZ", [7, 8]], ["RZ", [0]], ["RZ", [1]], ["RZ", [2]], ["RZ", [3]], ["RZ", [4]], ["RZ", [5]], ["RZ", [6]], ["RZ", [7]], ["RZ", [8]], ["RY", [0]], ["RY", [2]], ["RY", [4]], ["RY", [6]], ["RY", [1]], ["RY", [3]], ["RY", [5]], ["RY", [7]], ["RY", [8]], ["CRZ", [0, 1]], ["CRZ", [1, 2]], ["CRZ", [2, 3]], ["CRZ", [3, 4]], ["CRZ", [4, 5]], ["CRZ", [5, 6]], ["CRZ", [6, 7]], ["CRZ", [7, 0]], ["CRZ", [1, 8]], ["CRZ", [3, 8]], ["CRZ", [5, 8]], ["CRZ", [7, 8]], ["RZ", [0]], ["RZ", [1]], ["RZ", [2]], ["RZ", [3]], ["RZ", [4]], ["RZ", [5]], ["RZ", [6]], ["RZ", [7]], ["RZ", [8]], ["RX", [0]], ["RX", [1]], ["RX", [2]], ["RX", [3]], ["RX", [4]], ["RX", [5]], ["RX", [6]], ["RX", [7]], ["RX", [8]], ["RY", [0]], ["RY", [2]], ["RY", [4]], ["RY", [6]], ["RY", [1]], ["RY", [3]], ["RY", [5]], ["RY", [7]], ["RY", [8]], ["CRZ", [0, 1]], ["CRZ", [1, 2]], ["CRZ", [2, 3]], ["CRZ", [3, 4]], ["CRZ", [4, 5]], ["CRZ", [5, 6]], ["CRZ", [6, 7]], ["CRZ", [7, 0]], ["CRZ", [1, 8]], ["CRZ", [3, 8]], ["CRZ", [5, 8]], ["CRZ", [7, 8]], ["RZ", [0]], ["RZ", [1]], ["RZ", [2]], ["RZ", [3]], ["RZ", [4]], ["RZ", [5]], ["RZ", [6]], ["RZ", [7]], ["RZ", [8]], ["RY", [0]], ["RY", [2]], ["RY", [4]], ["RY", [6]], ["RY", [1]], ["RY", [3]], ["RY", [5]], ["RY", [7]], ["RY", [8]], ["CRZ", [0, 1]], ["CRZ", [1, 2]], ["CRZ", [2, 3]], ["CRZ", [3, 4]], ["CRZ", [4, 5]], ["CRZ", [5, 6]], ["CRZ", [6, 7]], ["CRZ", [7, 0]], ["CRZ", [1, 8]], ["CRZ", [3, 8]], ["CRZ", [5, 8]], ["CRZ", [7, 8]], ["RZ", [0]], ["RZ", [1]], ["RZ", [2]], ["RZ", [3]], ["RZ", [4]], ["RZ", [5]], ["RZ", [6]], ["RZ", [7]], ["RZ", [8]], ["RX", [0]], ["RX", [1]], ["RX", [2]], ["RX", [3]], ["RX", [4]], ["RX", [5]], ["RX", [6]], ["RX", [7]], ["RX", [8]], ["RY", [0]], ["RY", [2]], ["RY", [4]], ["RY", [6]], ["RY", [1]], ["RY", [3]], ["RY", [5]], ["RY", [7]], ["RY", [8]], ["CRZ", [0, 1]], ["CRZ", [1, 2]], ["CRZ", [2, 3]], ["CRZ", [3, 4]], ["CRZ", [4, 5]], ["CRZ", [5, 6]], ["CRZ", [6, 7]], ["CRZ", [7, 0]], ["CRZ", [1, 8]], ["CRZ", [3, 8]], ["CRZ", [5, 8]], ["CRZ", [7, 8]], ["RZ", [0]], ["RZ", [1]], ["RZ", [2]], ["RZ", [3]], ["RZ", [4]], ["RZ", [5]], ["RZ", [6]], ["RZ", [7]], ["RZ", [8]], ["RY", [0]], ["RY", [2]], ["RY", [4]], ["RY", [6]], ["RY", [1]], ["RY", [3]], ["RY", [5]], ["RY", [7]], ["RY", [8]], ["CRZ", [0, 1]], ["CRZ", [1, 2]], ["CRZ", [2, 3]], ["CRZ", [3, 4]], ["CRZ", [4, 5]], ["CRZ", [5, 6]], ["CRZ", [6, 7]], ["CRZ", [7, 0]], ["CRZ", [1, 8]], ["CRZ", [3, 8]], ["CRZ", [5, 8]], ["CRZ", [7, 8]], ["RZ", [0]], ["RZ", [1]], ["RZ", [2]], ["RZ", [3]], ["RZ", [4]], ["RZ", [5]], ["RZ", [6]], ["RZ", [7]], ["RZ", [8]]], "parameter_efficiency": 0.006349206349206349, "spec_valid": true, "test_accuracy": 0.5333333333333333, "test_loss": 3.936359216349468, "train_accuracy": 0.31666666666666665, "train_loss": 4.39304782377735, "validation_accuracy": 0.4666666666666667, "validation_loss": 3.785600277996628}
==========Run 1/1 completed in 89.94 seconds==========
Correctness and error status saved to /home/chengyou1368/QuantumAnsatz/qml-ea/tic-tac-toe/results/ttt_qml_cli_20260624_162514/gen_2/results/correct.json
Metrics saved to /home/chengyou1368/QuantumAnsatz/qml-ea/tic-tac-toe/results/ttt_qml_cli_20260624_162514/gen_2/results/metrics.json
OK
{
  "combined_score": 0.39848688741836397,
  "public": {
    "train_accuracy_mean": 0.3167,
    "train_accuracy_std": 0.0,
    "validation_accuracy_mean": 0.4667,
    "validation_accuracy_std": 0.0,
    "test_accuracy_mean": 0.5333,
    "test_accuracy_std": 0.0,
    "generalization_gap_mean": 0.2167,
    "validation_loss_mean": 3.7856,
    "test_loss_mean": 3.9364,
    "parameter_efficiency_mean": 0.006349,
    "n_params": 84,
    "depth_mean": 64.0,
    "gate_count_mean": 207.0,
    "score_uses_test": false,
    "convergence_step_mean": null
  },
  "private": {
    "per_run_scores": [
      {
        "combined_score": 0.39848688741836397,
        "primary_accuracy": 0.4666666666666667,
        "gap_score": 0.38095238095238093,
        "loss_score": 0.2089602018367119,
        "parameter_efficiency_score": 0.8999999999999999,
        "convergence_score": 0.0
      }
    ],
    "per_run_test_accuracies": [
      0.5333333333333333
    ]
  },
  "text_feedback": "Combined score: 0.3985\nValidation accuracy mean: 0.4667\nTest accuracy mean: 0.5333\nTrain-test generalization gap mean: 0.2167\nValidation L2 loss mean: 3.7856\nParameters: 84, depth mean: 64.0, gate count mean: 207.0\nFitness uses validation metrics; test metrics are reported as holdout diagnostics.\nAccuracy is still low; explore more expressive local entanglement or rotation diversity.\nLarge train-test gap; prefer parameter sharing, fewer parameters, or symmetry-inspired repeated motifs.\nDid not reach convergence threshold 0.90 in these runs.",
  "execution_time_mean": 89.93937241800086,
  "execution_time_std": 0.0,
  "num_valid_runs": 1,
  "num_invalid_runs": 0,
  "all_validation_errors": []
}
