Job running on a1130u33n04.mghpcc.ycrc.yale.edu under Slurm job 19504005
Activating sourced environment: /home/ch2499/project/transfer_sn/activate_eval_cluster.sh
==========Running program evaluation 1/1...==========
==========Run 1/1 completed in 1646.12 seconds==========
Correctness and error status saved to /home/ch2499/project/transfer_sn/results_gpt56sol_r2/gen_52/results/correct.json
Metrics saved to /home/ch2499/project/transfer_sn/results_gpt56sol_r2/gen_52/results/metrics.json
OK
{
  "combined_score": 0.9404752741667596,
  "public": {
    "train_accuracy_mean": 0.9644,
    "train_accuracy_std": 0.0,
    "validation_accuracy_mean": 0.96,
    "validation_accuracy_std": 0.0,
    "test_accuracy_mean": 0.9467,
    "test_accuracy_std": 0.0,
    "generalization_gap_mean": 0.0178,
    "validation_loss_mean": 0.2255,
    "test_loss_mean": 0.2439,
    "parameter_efficiency_mean": 0.03641,
    "n_params": 26,
    "depth_mean": 141.0,
    "gate_count_mean": 402.0,
    "score_uses_test": false,
    "convergence_step_mean": 450.0
  },
  "private": {
    "per_run_scores": [
      {
        "combined_score": 0.9404752741667596,
        "primary_accuracy": 0.96,
        "gap_score": 0.9492063492063492,
        "loss_score": 0.8159991822757516,
        "parameter_efficiency_score": 1.0,
        "convergence_score": 0.985
      }
    ],
    "per_run_test_accuracies": [
      0.9466666666666667
    ]
  },
  "text_feedback": "Combined score: 0.9405\nValidation accuracy mean: 0.9600\nTest accuracy mean: 0.9467\nTrain-test generalization gap mean: 0.0178\nValidation L2 loss mean: 0.2255\nParameters: 26, depth mean: 141.0, gate count mean: 402.0\nFitness uses validation metrics; test metrics are reported as holdout diagnostics.",
  "execution_time_mean": 1646.1243641530164,
  "execution_time_std": 0.0,
  "num_valid_runs": 1,
  "num_invalid_runs": 0,
  "all_validation_errors": []
}
