Job running on a1130u18n04.mghpcc.ycrc.yale.edu under Slurm job 19613991
Activating sourced environment: /home/ch2499/project/zc_sn/activate_eval_cluster.sh
==========Running program evaluation 1/1...==========
==========Run 1/1 completed in 2258.02 seconds==========
Correctness and error status saved to /home/ch2499/project/zc_sn/results_sonnet/gen_69/results/correct.json
Metrics saved to /home/ch2499/project/zc_sn/results_sonnet/gen_69/results/metrics.json
OK
{
  "combined_score": 0.8559692587748023,
  "public": {
    "train_accuracy_mean": 0.9578,
    "train_accuracy_std": 0.0,
    "validation_accuracy_mean": 0.8833,
    "validation_accuracy_std": 0.0,
    "test_accuracy_mean": 0.885,
    "test_accuracy_std": 0.0,
    "generalization_gap_mean": 0.0728,
    "validation_loss_mean": 0.4224,
    "test_loss_mean": 0.425,
    "parameter_efficiency_mean": 0.006321,
    "n_params": 140,
    "depth_mean": 270.0,
    "gate_count_mean": 612.0,
    "score_uses_test": false,
    "convergence_step_mean": 1080.0
  },
  "private": {
    "per_run_scores": [
      {
        "combined_score": 0.8559692587748023,
        "primary_accuracy": 0.8833333333333333,
        "gap_score": 0.7920634920634922,
        "loss_score": 0.7030384447420686,
        "parameter_efficiency_score": 0.9211904761904762,
        "convergence_score": 0.964
      }
    ],
    "per_run_test_accuracies": [
      0.885
    ]
  },
  "text_feedback": "Combined score: 0.8560\nValidation accuracy mean: 0.8833\nTest accuracy mean: 0.8850\nTrain-test generalization gap mean: 0.0728\nValidation L2 loss mean: 0.4224\nParameters: 140, depth mean: 270.0, gate count mean: 612.0\nFitness uses validation metrics; test metrics are reported as holdout diagnostics.",
  "execution_time_mean": 2258.0183124542236,
  "execution_time_std": 0.0,
  "num_valid_runs": 1,
  "num_invalid_runs": 0,
  "all_validation_errors": []
}
