Job running on a1132u31n01.mghpcc.ycrc.yale.edu under Slurm job 19444303
Activating sourced environment: /home/ch2499/project/transfer_sn/activate_eval_cluster.sh
==========Running program evaluation 1/1...==========
==========Run 1/1 completed in 1651.56 seconds==========
Correctness and error status saved to /home/ch2499/project/transfer_sn/results_haiku_r2/gen_15/results/correct.json
Metrics saved to /home/ch2499/project/transfer_sn/results_haiku_r2/gen_15/results/metrics.json
OK
{
  "combined_score": 0.8394316475909118,
  "public": {
    "train_accuracy_mean": 0.9578,
    "train_accuracy_std": 0.0,
    "validation_accuracy_mean": 0.8833,
    "validation_accuracy_std": 0.0,
    "test_accuracy_mean": 0.8833,
    "test_accuracy_std": 0.0,
    "generalization_gap_mean": 0.0744,
    "validation_loss_mean": 0.4501,
    "test_loss_mean": 0.4319,
    "parameter_efficiency_mean": 0.004288,
    "n_params": 206,
    "depth_mean": 105.0,
    "gate_count_mean": 348.0,
    "score_uses_test": false,
    "convergence_step_mean": 510.0
  },
  "private": {
    "per_run_scores": [
      {
        "combined_score": 0.8394316475909118,
        "primary_accuracy": 0.8833333333333333,
        "gap_score": 0.7873015873015874,
        "loss_score": 0.6895958403631036,
        "parameter_efficiency_score": 0.626051779935275,
        "convergence_score": 0.983
      }
    ],
    "per_run_test_accuracies": [
      0.8833333333333333
    ]
  },
  "text_feedback": "Combined score: 0.8394\nValidation accuracy mean: 0.8833\nTest accuracy mean: 0.8833\nTrain-test generalization gap mean: 0.0744\nValidation L2 loss mean: 0.4501\nParameters: 206, depth mean: 105.0, gate count mean: 348.0\nFitness uses validation metrics; test metrics are reported as holdout diagnostics.\nParameter count exceeds the seed; added accuracy must justify the complexity.",
  "execution_time_mean": 1651.5558430356905,
  "execution_time_std": 0.0,
  "num_valid_runs": 1,
  "num_invalid_runs": 0,
  "all_validation_errors": []
}
