==========Running program evaluation 1/1...==========
{"batch_size": 10, "data_seed": 2027, "dataset": {"all_valid_unique_boards": {"class_counts": {"circle": 316, "cross": 626, "draw": 4536}, "total": 5478}, "overlap_train_test": 4, "overlap_train_validation": 1, "overlap_validation_test": 3, "test": {"class_counts": {"circle": 20, "cross": 20, "draw": 20}, "rows": 60, "unique_boards": 59}, "train": {"class_counts": {"circle": 20, "cross": 20, "draw": 20}, "rows": 60, "unique_boards": 59}, "validation": {"class_counts": {"circle": 15, "cross": 15, "draw": 15}, "rows": 45, "unique_boards": 44}}, "event": "start", "learning_rate": 0.03, "n_epochs": 3, "n_params": 60, "n_params_per_block": 10, "n_repeats": 2, "n_uploads": 3, "seed": 2000, "steps_per_epoch": 3}
{"batch_loss": 6.895145626485911, "epoch": 1, "event": "epoch", "global_step": 3, "test_accuracy": 0.2833333333333333, "test_loss": 6.430591040528645, "train_accuracy": 0.38333333333333336, "train_loss": 6.372954737427476, "validation_accuracy": 0.37777777777777777, "validation_loss": 6.401033961102239}
{"batch_loss": 4.961958415501438, "epoch": 2, "event": "epoch", "global_step": 6, "test_accuracy": 0.38333333333333336, "test_loss": 4.577082100617172, "train_accuracy": 0.38333333333333336, "train_loss": 4.613778095884112, "validation_accuracy": 0.4666666666666667, "validation_loss": 4.56683567526802}
{"batch_loss": 3.6627904709510575, "epoch": 3, "event": "epoch", "global_step": 9, "test_accuracy": 0.4666666666666667, "test_loss": 3.5467230950066866, "train_accuracy": 0.35, "train_loss": 3.68380517321472, "validation_accuracy": 0.4444444444444444, "validation_loss": 3.5457292389439936}
{"convergence_epoch": null, "convergence_step": null, "convergence_threshold": 0.9, "depth": 52, "event": "final", "gate_count": 291, "generalization_gap": 0.1166666666666667, "history_tail": [{"batch_loss": 6.895145626485911, "epoch": 1, "event": "epoch", "global_step": 3, "test_accuracy": 0.2833333333333333, "test_loss": 6.430591040528645, "train_accuracy": 0.38333333333333336, "train_loss": 6.372954737427476, "validation_accuracy": 0.37777777777777777, "validation_loss": 6.401033961102239}, {"batch_loss": 4.961958415501438, "epoch": 2, "event": "epoch", "global_step": 6, "test_accuracy": 0.38333333333333336, "test_loss": 4.577082100617172, "train_accuracy": 0.38333333333333336, "train_loss": 4.613778095884112, "validation_accuracy": 0.4666666666666667, "validation_loss": 4.56683567526802}, {"batch_loss": 3.6627904709510575, "epoch": 3, "event": "epoch", "global_step": 9, "test_accuracy": 0.4666666666666667, "test_loss": 3.5467230950066866, "train_accuracy": 0.35, "train_loss": 3.68380517321472, "validation_accuracy": 0.4444444444444444, "validation_loss": 3.5457292389439936}], "max_steps": 9, "n_params": 60, "n_params_per_block": 10, "n_qubits": 9, "n_repeats": 2, "n_uploads": 3, "operations": [["RX", [0]], ["RX", [1]], ["RX", [2]], ["RX", [3]], ["RX", [4]], ["RX", [5]], ["RX", [6]], ["RX", [7]], ["RX", [8]], ["RY", [0]], ["RY", [2]], ["RY", [4]], ["RY", [6]], ["RY", [1]], ["RY", [3]], ["RY", [5]], ["RY", [7]], ["RY", [8]], ["RZ", [0]], ["RZ", [2]], ["RZ", [4]], ["RZ", [6]], ["RZ", [1]], ["RZ", [3]], ["RZ", [5]], ["RZ", [7]], ["RZ", [8]], ["CZ", [0, 1]], ["CZ", [2, 3]], ["CZ", [4, 5]], ["CZ", [6, 7]], ["CZ", [1, 8]], ["CZ", [3, 8]], ["CZ", [5, 8]], ["CZ", [7, 8]], ["RY", [0]], ["RY", [1]], ["RY", [2]], ["RY", [3]], ["RY", [4]], ["RY", [5]], ["RY", [6]], ["RY", [7]], ["RY", [8]], ["RZ", [0]], ["RZ", [1]], ["RZ", [2]], ["RZ", [3]], ["RZ", [4]], ["RZ", [5]], ["RZ", [6]], ["RZ", [7]], ["RZ", [8]], ["RY", [0]], ["RY", [2]], ["RY", [4]], ["RY", [6]], ["RY", [1]], ["RY", [3]], ["RY", [5]], ["RY", [7]], ["RY", [8]], ["RZ", [0]], ["RZ", [2]], ["RZ", [4]], ["RZ", [6]], ["RZ", [1]], ["RZ", [3]], ["RZ", [5]], ["RZ", [7]], ["RZ", [8]], ["CZ", [0, 1]], ["CZ", [2, 3]], ["CZ", [4, 5]], ["CZ", [6, 7]], ["CZ", [1, 8]], ["CZ", [3, 8]], ["CZ", [5, 8]], ["CZ", [7, 8]], ["RY", [0]], ["RY", [1]], ["RY", [2]], ["RY", [3]], ["RY", [4]], ["RY", [5]], ["RY", [6]], ["RY", [7]], ["RY", [8]], ["RZ", [0]], ["RZ", [1]], ["RZ", [2]], ["RZ", [3]], ["RZ", [4]], ["RZ", [5]], ["RZ", [6]], ["RZ", [7]], ["RZ", [8]], ["RX", [0]], ["RX", [1]], ["RX", [2]], ["RX", [3]], ["RX", [4]], ["RX", [5]], ["RX", [6]], ["RX", [7]], ["RX", [8]], ["RY", [0]], ["RY", [2]], ["RY", [4]], ["RY", [6]], ["RY", [1]], ["RY", [3]], ["RY", [5]], ["RY", [7]], ["RY", [8]], ["RZ", [0]], ["RZ", [2]], ["RZ", [4]], ["RZ", [6]], ["RZ", [1]], ["RZ", [3]], ["RZ", [5]], ["RZ", [7]], ["RZ", [8]], ["CZ", [0, 1]], ["CZ", [2, 3]], ["CZ", [4, 5]], ["CZ", [6, 7]], ["CZ", [1, 8]], ["CZ", [3, 8]], ["CZ", [5, 8]], ["CZ", [7, 8]], ["RY", [0]], ["RY", [1]], ["RY", [2]], ["RY", [3]], ["RY", [4]], ["RY", [5]], ["RY", [6]], ["RY", [7]], ["RY", [8]], ["RZ", [0]], ["RZ", [1]], ["RZ", [2]], ["RZ", [3]], ["RZ", [4]], ["RZ", [5]], ["RZ", [6]], ["RZ", [7]], ["RZ", [8]], ["RY", [0]], ["RY", [2]], ["RY", [4]], ["RY", [6]], ["RY", [1]], ["RY", [3]], ["RY", [5]], ["RY", [7]], ["RY", [8]], ["RZ", [0]], ["RZ", [2]], ["RZ", [4]], ["RZ", [6]], ["RZ", [1]], ["RZ", [3]], ["RZ", [5]], ["RZ", [7]], ["RZ", [8]], ["CZ", [0, 1]], ["CZ", [2, 3]], ["CZ", [4, 5]], ["CZ", [6, 7]], ["CZ", [1, 8]], ["CZ", [3, 8]], ["CZ", [5, 8]], ["CZ", [7, 8]], ["RY", [0]], ["RY", [1]], ["RY", [2]], ["RY", [3]], ["RY", [4]], ["RY", [5]], ["RY", [6]], ["RY", [7]], ["RY", [8]], ["RZ", [0]], ["RZ", [1]], ["RZ", [2]], ["RZ", [3]], ["RZ", [4]], ["RZ", [5]], ["RZ", [6]], ["RZ", [7]], ["RZ", [8]], ["RX", [0]], ["RX", [1]], ["RX", [2]], ["RX", [3]], ["RX", [4]], ["RX", [5]], ["RX", [6]], ["RX", [7]], ["RX", [8]], ["RY", [0]], ["RY", [2]], ["RY", [4]], ["RY", [6]], ["RY", [1]], ["RY", [3]], ["RY", [5]], ["RY", [7]], ["RY", [8]], ["RZ", [0]], ["RZ", [2]], ["RZ", [4]], ["RZ", [6]], ["RZ", [1]], ["RZ", [3]], ["RZ", [5]], ["RZ", [7]], ["RZ", [8]], ["CZ", [0, 1]], ["CZ", [2, 3]], ["CZ", [4, 5]], ["CZ", [6, 7]], ["CZ", [1, 8]], ["CZ", [3, 8]], ["CZ", [5, 8]], ["CZ", [7, 8]], ["RY", [0]], ["RY", [1]], ["RY", [2]], ["RY", [3]], ["RY", [4]], ["RY", [5]], ["RY", [6]], ["RY", [7]], ["RY", [8]], ["RZ", [0]], ["RZ", [1]], ["RZ", [2]], ["RZ", [3]], ["RZ", [4]], ["RZ", [5]], ["RZ", [6]], ["RZ", [7]], ["RZ", [8]], ["RY", [0]], ["RY", [2]], ["RY", [4]], ["RY", [6]], ["RY", [1]], ["RY", [3]], ["RY", [5]], ["RY", [7]], ["RY", [8]], ["RZ", [0]], ["RZ", [2]], ["RZ", [4]], ["RZ", [6]], ["RZ", [1]], ["RZ", [3]], ["RZ", [5]], ["RZ", [7]], ["RZ", [8]], ["CZ", [0, 1]], ["CZ", [2, 3]], ["CZ", [4, 5]], ["CZ", [6, 7]], ["CZ", [1, 8]], ["CZ", [3, 8]], ["CZ", [5, 8]], ["CZ", [7, 8]], ["RY", [0]], ["RY", [1]], ["RY", [2]], ["RY", [3]], ["RY", [4]], ["RY", [5]], ["RY", [6]], ["RY", [7]], ["RY", [8]], ["RZ", [0]], ["RZ", [1]], ["RZ", [2]], ["RZ", [3]], ["RZ", [4]], ["RZ", [5]], ["RZ", [6]], ["RZ", [7]], ["RZ", [8]]], "parameter_efficiency": 0.0077777777777777776, "spec_valid": true, "test_accuracy": 0.4666666666666667, "test_loss": 3.5467230950066866, "train_accuracy": 0.35, "train_loss": 3.68380517321472, "validation_accuracy": 0.4444444444444444, "validation_loss": 3.5457292389439936}
==========Run 1/1 completed in 139.85 seconds==========
Correctness and error status saved to /home/chengyou1368/QuantumAnsatz/qml-ea/tic-tac-toe/results/ttt_qml_cli_20260624_162514/gen_6/results/correct.json
Metrics saved to /home/chengyou1368/QuantumAnsatz/qml-ea/tic-tac-toe/results/ttt_qml_cli_20260624_162514/gen_6/results/metrics.json
OK
{
  "combined_score": 0.4402202280680006,
  "public": {
    "train_accuracy_mean": 0.35,
    "train_accuracy_std": 0.0,
    "validation_accuracy_mean": 0.4444,
    "validation_accuracy_std": 0.0,
    "test_accuracy_mean": 0.4667,
    "test_accuracy_std": 0.0,
    "generalization_gap_mean": 0.1167,
    "validation_loss_mean": 3.5457,
    "test_loss_mean": 3.5467,
    "parameter_efficiency_mean": 0.007778,
    "n_params": 60,
    "depth_mean": 52.0,
    "gate_count_mean": 291.0,
    "score_uses_test": false,
    "convergence_step_mean": null
  },
  "private": {
    "per_run_scores": [
      {
        "combined_score": 0.4402202280680006,
        "primary_accuracy": 0.4444444444444444,
        "gap_score": 0.6666666666666665,
        "loss_score": 0.21998670563852313,
        "parameter_efficiency_score": 1.0,
        "convergence_score": 0.0
      }
    ],
    "per_run_test_accuracies": [
      0.4666666666666667
    ]
  },
  "text_feedback": "Combined score: 0.4402\nValidation accuracy mean: 0.4444\nTest accuracy mean: 0.4667\nTrain-test generalization gap mean: 0.1167\nValidation L2 loss mean: 3.5457\nParameters: 60, depth mean: 52.0, gate count mean: 291.0\nFitness uses validation metrics; test metrics are reported as holdout diagnostics.\nAccuracy is still low; explore more expressive local entanglement or rotation diversity.\nDid not reach convergence threshold 0.90 in these runs.",
  "execution_time_mean": 139.84962745700068,
  "execution_time_std": 0.0,
  "num_valid_runs": 1,
  "num_invalid_runs": 0,
  "all_validation_errors": []
}
