Job running on a1132u24n01.mghpcc.ycrc.yale.edu under Slurm job 19600256
Activating sourced environment: /home/ch2499/project/zc_sn/activate_eval_cluster.sh
==========Running program evaluation 1/1...==========
==========Run 1/1 completed in 922.97 seconds==========
Correctness and error status saved to /home/ch2499/project/zc_sn/results_sonnet/gen_28/results/correct.json
Metrics saved to /home/ch2499/project/zc_sn/results_sonnet/gen_28/results/metrics.json
OK
{
  "combined_score": 0.8552432692562679,
  "public": {
    "train_accuracy_mean": 0.9556,
    "train_accuracy_std": 0.0,
    "validation_accuracy_mean": 0.8833,
    "validation_accuracy_std": 0.0,
    "test_accuracy_mean": 0.8783,
    "test_accuracy_std": 0.0,
    "generalization_gap_mean": 0.0772,
    "validation_loss_mean": 0.4725,
    "test_loss_mean": 0.45,
    "parameter_efficiency_mean": 0.009547,
    "n_params": 92,
    "depth_mean": 136.0,
    "gate_count_mean": 276.0,
    "score_uses_test": false,
    "convergence_step_mean": 450.0
  },
  "private": {
    "per_run_scores": [
      {
        "combined_score": 0.8552432692562679,
        "primary_accuracy": 0.8833333333333333,
        "gap_score": 0.7793650793650791,
        "loss_score": 0.6791085675285582,
        "parameter_efficiency_score": 1.0,
        "convergence_score": 0.985
      }
    ],
    "per_run_test_accuracies": [
      0.8783333333333333
    ]
  },
  "text_feedback": "Combined score: 0.8552\nValidation accuracy mean: 0.8833\nTest accuracy mean: 0.8783\nTrain-test generalization gap mean: 0.0772\nValidation L2 loss mean: 0.4725\nParameters: 92, depth mean: 136.0, gate count mean: 276.0\nFitness uses validation metrics; test metrics are reported as holdout diagnostics.",
  "execution_time_mean": 922.970938152168,
  "execution_time_std": 0.0,
  "num_valid_runs": 1,
  "num_invalid_runs": 0,
  "all_validation_errors": []
}
