Job running on a1132u22n03.mghpcc.ycrc.yale.edu under Slurm job 19507719
Activating sourced environment: /home/ch2499/project/transfer_sn/activate_eval_cluster.sh
==========Running program evaluation 1/1...==========
==========Run 1/1 completed in 2432.59 seconds==========
Correctness and error status saved to /home/ch2499/project/transfer_sn/results_haiku_r2/gen_53/results/correct.json
Metrics saved to /home/ch2499/project/transfer_sn/results_haiku_r2/gen_53/results/metrics.json
OK
{
  "combined_score": 0.9159814297918849,
  "public": {
    "train_accuracy_mean": 0.9422,
    "train_accuracy_std": 0.0,
    "validation_accuracy_mean": 0.94,
    "validation_accuracy_std": 0.0,
    "test_accuracy_mean": 0.9167,
    "test_accuracy_std": 0.0,
    "generalization_gap_mean": 0.0256,
    "validation_loss_mean": 0.3238,
    "test_loss_mean": 0.3495,
    "parameter_efficiency_mean": 0.045833,
    "n_params": 20,
    "depth_mean": 184.0,
    "gate_count_mean": 324.0,
    "score_uses_test": false,
    "convergence_step_mean": 360.0
  },
  "private": {
    "per_run_scores": [
      {
        "combined_score": 0.9159814297918849,
        "primary_accuracy": 0.94,
        "gap_score": 0.926984126984127,
        "loss_score": 0.7554105901469573,
        "parameter_efficiency_score": 1.0,
        "convergence_score": 0.988
      }
    ],
    "per_run_test_accuracies": [
      0.9166666666666666
    ]
  },
  "text_feedback": "Combined score: 0.9160\nValidation accuracy mean: 0.9400\nTest accuracy mean: 0.9167\nTrain-test generalization gap mean: 0.0256\nValidation L2 loss mean: 0.3238\nParameters: 20, depth mean: 184.0, gate count mean: 324.0\nFitness uses validation metrics; test metrics are reported as holdout diagnostics.",
  "execution_time_mean": 2432.590209961869,
  "execution_time_std": 0.0,
  "num_valid_runs": 1,
  "num_invalid_runs": 0,
  "all_validation_errors": []
}
