Job running on a1114u17n01.mghpcc.ycrc.yale.edu under Slurm job 19445864
Activating sourced environment: /home/ch2499/project/transfer_sn/activate_eval_cluster.sh
==========Running program evaluation 1/1...==========
==========Run 1/1 completed in 1010.99 seconds==========
Correctness and error status saved to /home/ch2499/project/transfer_sn/results_haiku_r2/gen_17/results/correct.json
Metrics saved to /home/ch2499/project/transfer_sn/results_haiku_r2/gen_17/results/metrics.json
OK
{
  "combined_score": 0.8922484671707772,
  "public": {
    "train_accuracy_mean": 0.9,
    "train_accuracy_std": 0.0,
    "validation_accuracy_mean": 0.9,
    "validation_accuracy_std": 0.0,
    "test_accuracy_mean": 0.8833,
    "test_accuracy_std": 0.0,
    "generalization_gap_mean": 0.0167,
    "validation_loss_mean": 0.365,
    "test_loss_mean": 0.4196,
    "parameter_efficiency_mean": 0.027604,
    "n_params": 32,
    "depth_mean": 136.0,
    "gate_count_mean": 366.0,
    "score_uses_test": false,
    "convergence_step_mean": 300.0
  },
  "private": {
    "per_run_scores": [
      {
        "combined_score": 0.8922484671707772,
        "primary_accuracy": 0.9,
        "gap_score": 0.9523809523809522,
        "loss_score": 0.7326088287575622,
        "parameter_efficiency_score": 1.0,
        "convergence_score": 0.99
      }
    ],
    "per_run_test_accuracies": [
      0.8833333333333333
    ]
  },
  "text_feedback": "Combined score: 0.8922\nValidation accuracy mean: 0.9000\nTest accuracy mean: 0.8833\nTrain-test generalization gap mean: 0.0167\nValidation L2 loss mean: 0.3650\nParameters: 32, depth mean: 136.0, gate count mean: 366.0\nFitness uses validation metrics; test metrics are reported as holdout diagnostics.",
  "execution_time_mean": 1010.9921514049929,
  "execution_time_std": 0.0,
  "num_valid_runs": 1,
  "num_invalid_runs": 0,
  "all_validation_errors": []
}
