Job running on a1130u31n02.mghpcc.ycrc.yale.edu under Slurm job 19597641
Activating sourced environment: /home/ch2499/project/zc_sn/activate_eval_cluster.sh
==========Running program evaluation 1/1...==========
==========Run 1/1 completed in 458.73 seconds==========
Correctness and error status saved to /home/ch2499/project/zc_sn/results_sonnet/gen_20/results/correct.json
Metrics saved to /home/ch2499/project/zc_sn/results_sonnet/gen_20/results/metrics.json
OK
{
  "combined_score": 0.7632023258316877,
  "public": {
    "train_accuracy_mean": 0.9444,
    "train_accuracy_std": 0.0,
    "validation_accuracy_mean": 0.84,
    "validation_accuracy_std": 0.0,
    "test_accuracy_mean": 0.8583,
    "test_accuracy_std": 0.0,
    "generalization_gap_mean": 0.0861,
    "validation_loss_mean": 0.5264,
    "test_loss_mean": 0.5041,
    "parameter_efficiency_mean": 0.005234,
    "n_params": 164,
    "depth_mean": 99.0,
    "gate_count_mean": 270.0,
    "score_uses_test": false,
    "convergence_step_mean": null
  },
  "private": {
    "per_run_scores": [
      {
        "combined_score": 0.7632023258316877,
        "primary_accuracy": 0.84,
        "gap_score": 0.7539682539682538,
        "loss_score": 0.655149329263774,
        "parameter_efficiency_score": 0.7478048780487805,
        "convergence_score": 0.0
      }
    ],
    "per_run_test_accuracies": [
      0.8583333333333333
    ]
  },
  "text_feedback": "Combined score: 0.7632\nValidation accuracy mean: 0.8400\nTest accuracy mean: 0.8583\nTrain-test generalization gap mean: 0.0861\nValidation L2 loss mean: 0.5264\nParameters: 164, depth mean: 99.0, gate count mean: 270.0\nFitness uses validation metrics; test metrics are reported as holdout diagnostics.\nParameter count exceeds the seed; added accuracy must justify the complexity.\nDid not reach the convergence threshold in these runs.",
  "execution_time_mean": 458.73444719891995,
  "execution_time_std": 0.0,
  "num_valid_runs": 1,
  "num_invalid_runs": 0,
  "all_validation_errors": []
}
