Job running on a1130u24n01.mghpcc.ycrc.yale.edu under Slurm job 19614592
Activating sourced environment: /home/ch2499/project/zc_ttt/activate_eval_cluster.sh
==========Running program evaluation 1/1...==========
==========Run 1/1 completed in 1311.20 seconds==========
Correctness and error status saved to /home/ch2499/project/zc_ttt/results_gpt56sol/gen_62/results/correct.json
Metrics saved to /home/ch2499/project/zc_ttt/results_gpt56sol/gen_62/results/metrics.json
OK
{
  "combined_score": 0.5779570933166495,
  "public": {
    "train_accuracy_mean": 0.6289,
    "train_accuracy_std": 0.0,
    "validation_accuracy_mean": 0.62,
    "validation_accuracy_std": 0.0,
    "test_accuracy_mean": 0.5567,
    "test_accuracy_std": 0.0,
    "generalization_gap_mean": 0.0722,
    "validation_loss_mean": 2.2493,
    "test_loss_mean": 2.3355,
    "parameter_efficiency_mean": 0.004418,
    "n_params": 126,
    "depth_mean": 45.0,
    "gate_count_mean": 261.0,
    "score_uses_test": false,
    "convergence_step_mean": null
  },
  "private": {
    "per_run_scores": [
      {
        "combined_score": 0.5779570933166495,
        "primary_accuracy": 0.62,
        "gap_score": 0.7936507936507934,
        "loss_score": 0.3077562834866587,
        "parameter_efficiency_score": 0.7971428571428572,
        "convergence_score": 0.0
      }
    ],
    "per_run_test_accuracies": [
      0.5566666666666666
    ]
  },
  "text_feedback": "Combined score: 0.5780\nValidation accuracy mean: 0.6200\nTest accuracy mean: 0.5567\nTrain-test generalization gap mean: 0.0722\nValidation L2 loss mean: 2.2493\nParameters: 126, depth mean: 45.0, gate count mean: 261.0\nFitness uses validation metrics; test metrics are reported as holdout diagnostics.\nDid not reach convergence threshold 0.90 in these runs.",
  "execution_time_mean": 1311.202808171045,
  "execution_time_std": 0.0,
  "num_valid_runs": 1,
  "num_invalid_runs": 0,
  "all_validation_errors": []
}
