Job running on a1132u24n04.mghpcc.ycrc.yale.edu under Slurm job 19593403
Activating sourced environment: /home/ch2499/project/zc_sn/activate_eval_cluster.sh
==========Running program evaluation 1/1...==========
==========Run 1/1 completed in 459.25 seconds==========
Correctness and error status saved to /home/ch2499/project/zc_sn/results_haiku/gen_6/results/correct.json
Metrics saved to /home/ch2499/project/zc_sn/results_haiku/gen_6/results/metrics.json
OK
{
  "combined_score": 0.7794530746393483,
  "public": {
    "train_accuracy_mean": 0.8511,
    "train_accuracy_std": 0.0,
    "validation_accuracy_mean": 0.83,
    "validation_accuracy_std": 0.0,
    "test_accuracy_mean": 0.8317,
    "test_accuracy_std": 0.0,
    "generalization_gap_mean": 0.0194,
    "validation_loss_mean": 0.4891,
    "test_loss_mean": 0.4867,
    "parameter_efficiency_mean": 0.005071,
    "n_params": 164,
    "depth_mean": 87.0,
    "gate_count_mean": 270.0,
    "score_uses_test": false,
    "convergence_step_mean": null
  },
  "private": {
    "per_run_scores": [
      {
        "combined_score": 0.7794530746393483,
        "primary_accuracy": 0.83,
        "gap_score": 0.9444444444444443,
        "loss_score": 0.6715344994023412,
        "parameter_efficiency_score": 0.7389024390243902,
        "convergence_score": 0.0
      }
    ],
    "per_run_test_accuracies": [
      0.8316666666666667
    ]
  },
  "text_feedback": "Combined score: 0.7795\nValidation accuracy mean: 0.8300\nTest accuracy mean: 0.8317\nTrain-test generalization gap mean: 0.0194\nValidation L2 loss mean: 0.4891\nParameters: 164, depth mean: 87.0, gate count mean: 270.0\nFitness uses validation metrics; test metrics are reported as holdout diagnostics.\nParameter count exceeds the seed; added accuracy must justify the complexity.\nDid not reach the convergence threshold in these runs.",
  "execution_time_mean": 459.2524474780075,
  "execution_time_std": 0.0,
  "num_valid_runs": 1,
  "num_invalid_runs": 0,
  "all_validation_errors": []
}
