Job running on a1114u16n01.mghpcc.ycrc.yale.edu under Slurm job 19615730
Activating sourced environment: /home/ch2499/project/zc_sn/activate_eval_cluster.sh
==========Running program evaluation 1/1...==========
==========Run 1/1 completed in 1313.14 seconds==========
Correctness and error status saved to /home/ch2499/project/zc_sn/results_haiku/gen_74/results/correct.json
Metrics saved to /home/ch2499/project/zc_sn/results_haiku/gen_74/results/metrics.json
OK
{
  "combined_score": 0.895764940208907,
  "public": {
    "train_accuracy_mean": 0.9356,
    "train_accuracy_std": 0.0,
    "validation_accuracy_mean": 0.9067,
    "validation_accuracy_std": 0.0,
    "test_accuracy_mean": 0.905,
    "test_accuracy_std": 0.0,
    "generalization_gap_mean": 0.0306,
    "validation_loss_mean": 0.3343,
    "test_loss_mean": 0.3448,
    "parameter_efficiency_mean": 0.016161,
    "n_params": 56,
    "depth_mean": 168.0,
    "gate_count_mean": 324.0,
    "score_uses_test": false,
    "convergence_step_mean": 270.0
  },
  "private": {
    "per_run_scores": [
      {
        "combined_score": 0.895764940208907,
        "primary_accuracy": 0.9066666666666666,
        "gap_score": 0.9126984126984127,
        "loss_score": 0.7494752627683746,
        "parameter_efficiency_score": 1.0,
        "convergence_score": 0.991
      }
    ],
    "per_run_test_accuracies": [
      0.905
    ]
  },
  "text_feedback": "Combined score: 0.8958\nValidation accuracy mean: 0.9067\nTest accuracy mean: 0.9050\nTrain-test generalization gap mean: 0.0306\nValidation L2 loss mean: 0.3343\nParameters: 56, depth mean: 168.0, gate count mean: 324.0\nFitness uses validation metrics; test metrics are reported as holdout diagnostics.",
  "execution_time_mean": 1313.140489893005,
  "execution_time_std": 0.0,
  "num_valid_runs": 1,
  "num_invalid_runs": 0,
  "all_validation_errors": []
}
