Job running on a1114u32n01.mghpcc.ycrc.yale.edu under Slurm job 23103754
Activating sourced environment: /home/ch2499/project/transfer_sn/activate_eval_cluster.sh
==========Running program evaluation 1/1...==========
==========Run 1/1 completed in 3806.48 seconds==========
Correctness and error status saved to /home/ch2499/project/transfer_sn/results_frw3_weak_r7/gen_5/results/correct.json
Metrics saved to /home/ch2499/project/transfer_sn/results_frw3_weak_r7/gen_5/results/metrics.json
OK
{
  "combined_score": 0.4939399735644907,
  "public": {
    "combined_score_raw": 0.9009,
    "train_accuracy_mean": 0.9111,
    "train_accuracy_std": 0.0,
    "validation_accuracy_mean": 0.9067,
    "validation_accuracy_std": 0.0,
    "test_accuracy_mean": 0.9017,
    "test_accuracy_std": 0.0,
    "generalization_gap_mean": 0.0094,
    "validation_loss_mean": 0.3523,
    "test_loss_mean": 0.3599,
    "parameter_efficiency_mean": 0.034679,
    "n_params": 26,
    "depth_mean": 99.0,
    "gate_count_mean": 348.0,
    "score_uses_test": false,
    "convergence_step_mean": 270.0
  },
  "private": {
    "per_run_scores": [
      {
        "combined_score": 0.9008687488501899,
        "primary_accuracy": 0.9066666666666666,
        "gap_score": 0.9730158730158729,
        "loss_score": 0.7394794896890967,
        "parameter_efficiency_score": 1.0,
        "convergence_score": 0.991
      }
    ],
    "per_run_test_accuracies": [
      0.9016666666666666
    ]
  },
  "text_feedback": "Combined score: 0.4939\nScore scale: 0.0 = the seed program, 1.0 = the best solution found so far on this task. Negative means worse than the seed.\nValidation accuracy mean: 0.9067\nTest accuracy mean: 0.9017\nTrain-test generalization gap mean: 0.0094\nValidation L2 loss mean: 0.3523\nParameters: 26, depth mean: 99.0, gate count mean: 348.0\nFitness uses validation metrics; test metrics are reported as holdout diagnostics.",
  "execution_time_mean": 3806.4809447387233,
  "execution_time_std": 0.0,
  "num_valid_runs": 1,
  "num_invalid_runs": 0,
  "all_validation_errors": []
}
