Job running on a1132u31n01.mghpcc.ycrc.yale.edu under Slurm job 19596355
Activating sourced environment: /home/ch2499/project/zc_sn/activate_eval_cluster.sh
==========Running program evaluation 1/1...==========
==========Run 1/1 completed in 532.89 seconds==========
Correctness and error status saved to /home/ch2499/project/zc_sn/results_gpt56sol/gen_17/results/correct.json
Metrics saved to /home/ch2499/project/zc_sn/results_gpt56sol/gen_17/results/metrics.json
OK
{
  "combined_score": 0.8537637097689453,
  "public": {
    "train_accuracy_mean": 0.9311,
    "train_accuracy_std": 0.0,
    "validation_accuracy_mean": 0.8833,
    "validation_accuracy_std": 0.0,
    "test_accuracy_mean": 0.855,
    "test_accuracy_std": 0.0,
    "generalization_gap_mean": 0.0761,
    "validation_loss_mean": 0.4669,
    "test_loss_mean": 0.4895,
    "parameter_efficiency_mean": 0.007773,
    "n_params": 110,
    "depth_mean": 117.0,
    "gate_count_mean": 294.0,
    "score_uses_test": false,
    "convergence_step_mean": 390.0
  },
  "private": {
    "per_run_scores": [
      {
        "combined_score": 0.8537637097689453,
        "primary_accuracy": 0.8833333333333333,
        "gap_score": 0.7825396825396824,
        "loss_score": 0.681699864068101,
        "parameter_efficiency_score": 1.0,
        "convergence_score": 0.987
      }
    ],
    "per_run_test_accuracies": [
      0.855
    ]
  },
  "text_feedback": "Combined score: 0.8538\nValidation accuracy mean: 0.8833\nTest accuracy mean: 0.8550\nTrain-test generalization gap mean: 0.0761\nValidation L2 loss mean: 0.4669\nParameters: 110, depth mean: 117.0, gate count mean: 294.0\nFitness uses validation metrics; test metrics are reported as holdout diagnostics.",
  "execution_time_mean": 532.8875110116787,
  "execution_time_std": 0.0,
  "num_valid_runs": 1,
  "num_invalid_runs": 0,
  "all_validation_errors": []
}
