Job running on a1114u28n01.mghpcc.ycrc.yale.edu under Slurm job 19593405
Activating sourced environment: /home/ch2499/project/zc_sn/activate_eval_cluster.sh
==========Running program evaluation 1/1...==========
==========Run 1/1 completed in 739.01 seconds==========
Correctness and error status saved to /home/ch2499/project/zc_sn/results_haiku/gen_7/results/correct.json
Metrics saved to /home/ch2499/project/zc_sn/results_haiku/gen_7/results/metrics.json
OK
{
  "combined_score": 0.8438240636036933,
  "public": {
    "train_accuracy_mean": 0.9511,
    "train_accuracy_std": 0.0,
    "validation_accuracy_mean": 0.8867,
    "validation_accuracy_std": 0.0,
    "test_accuracy_mean": 0.8667,
    "test_accuracy_std": 0.0,
    "generalization_gap_mean": 0.0844,
    "validation_loss_mean": 0.477,
    "test_loss_mean": 0.5032,
    "parameter_efficiency_mean": 0.005485,
    "n_params": 158,
    "depth_mean": 99.0,
    "gate_count_mean": 270.0,
    "score_uses_test": false,
    "convergence_step_mean": 570.0
  },
  "private": {
    "per_run_scores": [
      {
        "combined_score": 0.8438240636036933,
        "primary_accuracy": 0.8866666666666667,
        "gap_score": 0.7587301587301587,
        "loss_score": 0.6770256708265772,
        "parameter_efficiency_score": 0.819324894514768,
        "convergence_score": 0.981
      }
    ],
    "per_run_test_accuracies": [
      0.8666666666666667
    ]
  },
  "text_feedback": "Combined score: 0.8438\nValidation accuracy mean: 0.8867\nTest accuracy mean: 0.8667\nTrain-test generalization gap mean: 0.0844\nValidation L2 loss mean: 0.4770\nParameters: 158, depth mean: 99.0, gate count mean: 270.0\nFitness uses validation metrics; test metrics are reported as holdout diagnostics.\nParameter count exceeds the seed; added accuracy must justify the complexity.",
  "execution_time_mean": 739.0141505962238,
  "execution_time_std": 0.0,
  "num_valid_runs": 1,
  "num_invalid_runs": 0,
  "all_validation_errors": []
}
