Job running on a1132u31n01.mghpcc.ycrc.yale.edu under Slurm job 19592710
Activating sourced environment: /home/ch2499/project/zc_sn/activate_eval_cluster.sh
==========Running program evaluation 1/1...==========
==========Run 1/1 completed in 362.71 seconds==========
Correctness and error status saved to /home/ch2499/project/zc_sn/results_gpt56sol/gen_2/results/correct.json
Metrics saved to /home/ch2499/project/zc_sn/results_gpt56sol/gen_2/results/metrics.json
OK
{
  "combined_score": 0.8147436113523143,
  "public": {
    "train_accuracy_mean": 0.8667,
    "train_accuracy_std": 0.0,
    "validation_accuracy_mean": 0.8667,
    "validation_accuracy_std": 0.0,
    "test_accuracy_mean": 0.8517,
    "test_accuracy_std": 0.0,
    "generalization_gap_mean": 0.015,
    "validation_loss_mean": 0.4826,
    "test_loss_mean": 0.4805,
    "parameter_efficiency_mean": 0.00869,
    "n_params": 98,
    "depth_mean": 93.0,
    "gate_count_mean": 222.0,
    "score_uses_test": false,
    "convergence_step_mean": null
  },
  "private": {
    "per_run_scores": [
      {
        "combined_score": 0.8147436113523143,
        "primary_accuracy": 0.8666666666666667,
        "gap_score": 0.9571428571428571,
        "loss_score": 0.6744812185392376,
        "parameter_efficiency_score": 1.0,
        "convergence_score": 0.0
      }
    ],
    "per_run_test_accuracies": [
      0.8516666666666667
    ]
  },
  "text_feedback": "Combined score: 0.8147\nValidation accuracy mean: 0.8667\nTest accuracy mean: 0.8517\nTrain-test generalization gap mean: 0.0150\nValidation L2 loss mean: 0.4826\nParameters: 98, depth mean: 93.0, gate count mean: 222.0\nFitness uses validation metrics; test metrics are reported as holdout diagnostics.\nDid not reach the convergence threshold in these runs.",
  "execution_time_mean": 362.7091915467754,
  "execution_time_std": 0.0,
  "num_valid_runs": 1,
  "num_invalid_runs": 0,
  "all_validation_errors": []
}
