Job running on a1132u24n02.mghpcc.ycrc.yale.edu under Slurm job 19599681
Activating sourced environment: /home/ch2499/project/zc_sn/activate_eval_cluster.sh
==========Running program evaluation 1/1...==========
==========Run 1/1 completed in 1425.74 seconds==========
Correctness and error status saved to /home/ch2499/project/zc_sn/results_haiku/gen_23/results/correct.json
Metrics saved to /home/ch2499/project/zc_sn/results_haiku/gen_23/results/metrics.json
OK
{
  "combined_score": 0.9011922991616851,
  "public": {
    "train_accuracy_mean": 0.96,
    "train_accuracy_std": 0.0,
    "validation_accuracy_mean": 0.92,
    "validation_accuracy_std": 0.0,
    "test_accuracy_mean": 0.9233,
    "test_accuracy_std": 0.0,
    "generalization_gap_mean": 0.0367,
    "validation_loss_mean": 0.3501,
    "test_loss_mean": 0.3747,
    "parameter_efficiency_mean": 0.016488,
    "n_params": 56,
    "depth_mean": 123.0,
    "gate_count_mean": 360.0,
    "score_uses_test": false,
    "convergence_step_mean": 120.0
  },
  "private": {
    "per_run_scores": [
      {
        "combined_score": 0.9011922991616851,
        "primary_accuracy": 0.92,
        "gap_score": 0.8952380952380954,
        "loss_score": 0.7407105658398048,
        "parameter_efficiency_score": 1.0,
        "convergence_score": 0.996
      }
    ],
    "per_run_test_accuracies": [
      0.9233333333333333
    ]
  },
  "text_feedback": "Combined score: 0.9012\nValidation accuracy mean: 0.9200\nTest accuracy mean: 0.9233\nTrain-test generalization gap mean: 0.0367\nValidation L2 loss mean: 0.3501\nParameters: 56, depth mean: 123.0, gate count mean: 360.0\nFitness uses validation metrics; test metrics are reported as holdout diagnostics.",
  "execution_time_mean": 1425.7361842216924,
  "execution_time_std": 0.0,
  "num_valid_runs": 1,
  "num_invalid_runs": 0,
  "all_validation_errors": []
}
