Job running on a1114u31n01.mghpcc.ycrc.yale.edu under Slurm job 22556743
Activating sourced environment: /home/ch2499/project/transfer_sn_null/activate_eval_cluster.sh
==========Running program evaluation 1/1...==========
==========Run 1/1 completed in 1300.46 seconds==========
Correctness and error status saved to /home/ch2499/project/transfer_sn_null/results_null_mid_r5/gen_11/results/correct.json
Metrics saved to /home/ch2499/project/transfer_sn_null/results_null_mid_r5/gen_11/results/metrics.json
OK
{
  "combined_score": 1.5378436157472974,
  "public": {
    "combined_score_raw": 0.9987,
    "train_accuracy_mean": 1.0,
    "train_accuracy_std": 0.0,
    "validation_accuracy_mean": 1.0,
    "validation_accuracy_std": 0.0,
    "test_accuracy_mean": 1.0,
    "test_accuracy_std": 0.0,
    "generalization_gap_mean": 0.0,
    "validation_loss_mean": 0.0032,
    "test_loss_mean": 0.0028,
    "parameter_efficiency_mean": 0.03125,
    "n_params": 32,
    "depth_mean": 93.0,
    "gate_count_mean": 222.0,
    "score_uses_test": false,
    "convergence_step_mean": 480.0
  },
  "private": {
    "per_run_scores": [
      {
        "combined_score": 0.9987267800567855,
        "primary_accuracy": 1.0,
        "gap_score": 1.0,
        "loss_score": 0.9968452003785692,
        "parameter_efficiency_score": 1.0,
        "convergence_score": 0.984
      }
    ],
    "per_run_test_accuracies": [
      1.0
    ]
  },
  "text_feedback": "Combined score: 1.5378\nScore scale: 0.0 = the seed program, 1.0 = the best solution found so far on this task. Negative means worse than the seed.\nValidation accuracy mean: 1.0000\nTest accuracy mean: 1.0000\nTrain-test generalization gap mean: 0.0000\nValidation L2 loss mean: 0.0032\nParameters: 32, depth mean: 93.0, gate count mean: 222.0\nFitness uses validation metrics; test metrics are reported as holdout diagnostics.",
  "execution_time_mean": 1300.4594781519845,
  "execution_time_std": 0.0,
  "num_valid_runs": 1,
  "num_invalid_runs": 0,
  "all_validation_errors": []
}
