Job running on a1130u33n02.mghpcc.ycrc.yale.edu under Slurm job 19599046
Activating sourced environment: /home/ch2499/project/zc_sn/activate_eval_cluster.sh
==========Running program evaluation 1/1...==========
==========Run 1/1 completed in 1776.94 seconds==========
Correctness and error status saved to /home/ch2499/project/zc_sn/results_haiku/gen_22/results/correct.json
Metrics saved to /home/ch2499/project/zc_sn/results_haiku/gen_22/results/metrics.json
OK
{
  "combined_score": 0.8953189599441304,
  "public": {
    "train_accuracy_mean": 0.9044,
    "train_accuracy_std": 0.0,
    "validation_accuracy_mean": 0.9033,
    "validation_accuracy_std": 0.0,
    "test_accuracy_mean": 0.8867,
    "test_accuracy_std": 0.0,
    "generalization_gap_mean": 0.0178,
    "validation_loss_mean": 0.348,
    "test_loss_mean": 0.3826,
    "parameter_efficiency_mean": 0.014301,
    "n_params": 62,
    "depth_mean": 172.0,
    "gate_count_mean": 420.0,
    "score_uses_test": false,
    "convergence_step_mean": 270.0
  },
  "private": {
    "per_run_scores": [
      {
        "combined_score": 0.8953189599441304,
        "primary_accuracy": 0.9033333333333333,
        "gap_score": 0.9492063492063492,
        "loss_score": 0.741845976347112,
        "parameter_efficiency_score": 1.0,
        "convergence_score": 0.991
      }
    ],
    "per_run_test_accuracies": [
      0.8866666666666667
    ]
  },
  "text_feedback": "Combined score: 0.8953\nValidation accuracy mean: 0.9033\nTest accuracy mean: 0.8867\nTrain-test generalization gap mean: 0.0178\nValidation L2 loss mean: 0.3480\nParameters: 62, depth mean: 172.0, gate count mean: 420.0\nFitness uses validation metrics; test metrics are reported as holdout diagnostics.",
  "execution_time_mean": 1776.936695591081,
  "execution_time_std": 0.0,
  "num_valid_runs": 1,
  "num_invalid_runs": 0,
  "all_validation_errors": []
}
