Job running on a1130u22n02.mghpcc.ycrc.yale.edu under Slurm job 19614940
Activating sourced environment: /home/ch2499/project/zc_ttt/activate_eval_cluster.sh
==========Running program evaluation 1/1...==========
==========Run 1/1 completed in 2198.00 seconds==========
Correctness and error status saved to /home/ch2499/project/zc_ttt/results_gpt56sol/gen_65/results/correct.json
Metrics saved to /home/ch2499/project/zc_ttt/results_gpt56sol/gen_65/results/metrics.json
OK
{
  "combined_score": 0.5945638719850861,
  "public": {
    "train_accuracy_mean": 0.6533,
    "train_accuracy_std": 0.0,
    "validation_accuracy_mean": 0.6533,
    "validation_accuracy_std": 0.0,
    "test_accuracy_mean": 0.5883,
    "test_accuracy_std": 0.0,
    "generalization_gap_mean": 0.065,
    "validation_loss_mean": 2.1411,
    "test_loss_mean": 2.2555,
    "parameter_efficiency_mean": 0.003632,
    "n_params": 162,
    "depth_mean": 51.0,
    "gate_count_mean": 315.0,
    "score_uses_test": false,
    "convergence_step_mean": null
  },
  "private": {
    "per_run_scores": [
      {
        "combined_score": 0.5945638719850861,
        "primary_accuracy": 0.6533333333333333,
        "gap_score": 0.8142857142857144,
        "loss_score": 0.3183623211704157,
        "parameter_efficiency_score": 0.6533333333333333,
        "convergence_score": 0.0
      }
    ],
    "per_run_test_accuracies": [
      0.5883333333333334
    ]
  },
  "text_feedback": "Combined score: 0.5946\nValidation accuracy mean: 0.6533\nTest accuracy mean: 0.5883\nTrain-test generalization gap mean: 0.0650\nValidation L2 loss mean: 2.1411\nParameters: 162, depth mean: 51.0, gate count mean: 315.0\nFitness uses validation metrics; test metrics are reported as holdout diagnostics.\nDid not reach convergence threshold 0.90 in these runs.",
  "execution_time_mean": 2198.003010296263,
  "execution_time_std": 0.0,
  "num_valid_runs": 1,
  "num_invalid_runs": 0,
  "all_validation_errors": []
}
