Job running on a1130u22n04.mghpcc.ycrc.yale.edu under Slurm job 19600241
Activating sourced environment: /home/ch2499/project/zc_sn/activate_eval_cluster.sh
==========Running program evaluation 1/1...==========
==========Run 1/1 completed in 1397.37 seconds==========
Correctness and error status saved to /home/ch2499/project/zc_sn/results_haiku/gen_25/results/correct.json
Metrics saved to /home/ch2499/project/zc_sn/results_haiku/gen_25/results/metrics.json
OK
{
  "combined_score": 0.9031384243985753,
  "public": {
    "train_accuracy_mean": 0.9422,
    "train_accuracy_std": 0.0,
    "validation_accuracy_mean": 0.92,
    "validation_accuracy_std": 0.0,
    "test_accuracy_mean": 0.9217,
    "test_accuracy_std": 0.0,
    "generalization_gap_mean": 0.0206,
    "validation_loss_mean": 0.386,
    "test_loss_mean": 0.3808,
    "parameter_efficiency_mean": 0.013554,
    "n_params": 68,
    "depth_mean": 172.0,
    "gate_count_mean": 432.0,
    "score_uses_test": false,
    "convergence_step_mean": 300.0
  },
  "private": {
    "per_run_scores": [
      {
        "combined_score": 0.9031384243985753,
        "primary_accuracy": 0.92,
        "gap_score": 0.9412698412698413,
        "loss_score": 0.7215048399058451,
        "parameter_efficiency_score": 1.0,
        "convergence_score": 0.99
      }
    ],
    "per_run_test_accuracies": [
      0.9216666666666666
    ]
  },
  "text_feedback": "Combined score: 0.9031\nValidation accuracy mean: 0.9200\nTest accuracy mean: 0.9217\nTrain-test generalization gap mean: 0.0206\nValidation L2 loss mean: 0.3860\nParameters: 68, depth mean: 172.0, gate count mean: 432.0\nFitness uses validation metrics; test metrics are reported as holdout diagnostics.",
  "execution_time_mean": 1397.3697946919128,
  "execution_time_std": 0.0,
  "num_valid_runs": 1,
  "num_invalid_runs": 0,
  "all_validation_errors": []
}
