==========Running program evaluation 1/1...==========
{"batch_size": 10, "data_seed": 2027, "dataset": {"all_valid_unique_boards": {"class_counts": {"circle": 316, "cross": 626, "draw": 4536}, "total": 5478}, "overlap_train_test": 4, "overlap_train_validation": 1, "overlap_validation_test": 3, "test": {"class_counts": {"circle": 20, "cross": 20, "draw": 20}, "rows": 60, "unique_boards": 59}, "train": {"class_counts": {"circle": 20, "cross": 20, "draw": 20}, "rows": 60, "unique_boards": 59}, "validation": {"class_counts": {"circle": 15, "cross": 15, "draw": 15}, "rows": 45, "unique_boards": 44}}, "event": "start", "learning_rate": 0.03, "n_epochs": 3, "n_params": 90, "n_params_per_block": 15, "n_repeats": 2, "n_uploads": 3, "seed": 1000, "steps_per_epoch": 3}
{"batch_loss": 6.849628903619269, "epoch": 1, "event": "epoch", "global_step": 3, "test_accuracy": 0.25, "test_loss": 6.085187352463857, "train_accuracy": 0.21666666666666667, "train_loss": 6.027487611574213, "validation_accuracy": 0.35555555555555557, "validation_loss": 5.923070128585209}
{"batch_loss": 4.384490185244306, "epoch": 2, "event": "epoch", "global_step": 6, "test_accuracy": 0.3, "test_loss": 4.27917553241445, "train_accuracy": 0.3, "train_loss": 4.187095821366422, "validation_accuracy": 0.3111111111111111, "validation_loss": 3.9628141660197067}
{"batch_loss": 3.4819559057498544, "epoch": 3, "event": "epoch", "global_step": 9, "test_accuracy": 0.31666666666666665, "test_loss": 3.491943625268085, "train_accuracy": 0.31666666666666665, "train_loss": 3.4531993429457883, "validation_accuracy": 0.37777777777777777, "validation_loss": 3.252927152775095}
{"convergence_epoch": null, "convergence_step": null, "convergence_threshold": 0.9, "depth": 71, "event": "final", "gate_count": 285, "generalization_gap": 0.0, "history_tail": [{"batch_loss": 6.849628903619269, "epoch": 1, "event": "epoch", "global_step": 3, "test_accuracy": 0.25, "test_loss": 6.085187352463857, "train_accuracy": 0.21666666666666667, "train_loss": 6.027487611574213, "validation_accuracy": 0.35555555555555557, "validation_loss": 5.923070128585209}, {"batch_loss": 4.384490185244306, "epoch": 2, "event": "epoch", "global_step": 6, "test_accuracy": 0.3, "test_loss": 4.27917553241445, "train_accuracy": 0.3, "train_loss": 4.187095821366422, "validation_accuracy": 0.3111111111111111, "validation_loss": 3.9628141660197067}, {"batch_loss": 3.4819559057498544, "epoch": 3, "event": "epoch", "global_step": 9, "test_accuracy": 0.31666666666666665, "test_loss": 3.491943625268085, "train_accuracy": 0.31666666666666665, "train_loss": 3.4531993429457883, "validation_accuracy": 0.37777777777777777, "validation_loss": 3.252927152775095}], "max_steps": 9, "n_params": 90, "n_params_per_block": 15, "n_qubits": 9, "n_repeats": 2, "n_uploads": 3, "operations": [["RX", [0]], ["RX", [1]], ["RX", [2]], ["RX", [3]], ["RX", [4]], ["RX", [5]], ["RX", [6]], ["RX", [7]], ["RX", [8]], ["RZ", [0]], ["RZ", [2]], ["RZ", [4]], ["RZ", [6]], ["RZ", [1]], ["RZ", [3]], ["RZ", [5]], ["RZ", [7]], ["RZ", [8]], ["RY", [0]], ["RY", [2]], ["RY", [4]], ["RY", [6]], ["RY", [1]], ["RY", [3]], ["RY", [5]], ["RY", [7]], ["RY", [8]], ["CRX", [0, 1]], ["CRX", [1, 2]], ["CRX", [2, 3]], ["CRX", [3, 4]], ["CRX", [4, 5]], ["CRX", [5, 6]], ["CRX", [6, 7]], ["CRX", [7, 0]], ["RX", [1]], ["RX", [3]], ["RX", [5]], ["RX", [7]], ["CRX", [8, 1]], ["CRY", [8, 3]], ["CRX", [8, 5]], ["CRY", [8, 7]], ["RZ", [0]], ["RZ", [2]], ["RZ", [4]], ["RZ", [6]], ["RZ", [1]], ["RZ", [3]], ["RZ", [5]], ["RZ", [7]], ["RZ", [8]], ["RZ", [0]], ["RZ", [2]], ["RZ", [4]], ["RZ", [6]], ["RZ", [1]], ["RZ", [3]], ["RZ", [5]], ["RZ", [7]], ["RZ", [8]], ["RY", [0]], ["RY", [2]], ["RY", [4]], ["RY", [6]], ["RY", [1]], ["RY", [3]], ["RY", [5]], ["RY", [7]], ["RY", [8]], ["CRX", [0, 1]], ["CRX", [1, 2]], ["CRX", [2, 3]], ["CRX", [3, 4]], ["CRX", [4, 5]], ["CRX", [5, 6]], ["CRX", [6, 7]], ["CRX", [7, 0]], ["RX", [1]], ["RX", [3]], ["RX", [5]], ["RX", [7]], ["CRX", [8, 1]], ["CRY", [8, 3]], ["CRX", [8, 5]], ["CRY", [8, 7]], ["RZ", [0]], ["RZ", [2]], ["RZ", [4]], ["RZ", [6]], ["RZ", [1]], ["RZ", [3]], ["RZ", [5]], ["RZ", [7]], ["RZ", [8]], ["RX", [0]], ["RX", [1]], ["RX", [2]], ["RX", [3]], ["RX", [4]], ["RX", [5]], ["RX", [6]], ["RX", [7]], ["RX", [8]], ["RZ", [0]], ["RZ", [2]], ["RZ", [4]], ["RZ", [6]], ["RZ", [1]], ["RZ", [3]], ["RZ", [5]], ["RZ", [7]], ["RZ", [8]], ["RY", [0]], ["RY", [2]], ["RY", [4]], ["RY", [6]], ["RY", [1]], ["RY", [3]], ["RY", [5]], ["RY", [7]], ["RY", [8]], ["CRX", [0, 1]], ["CRX", [1, 2]], ["CRX", [2, 3]], ["CRX", [3, 4]], ["CRX", [4, 5]], ["CRX", [5, 6]], ["CRX", [6, 7]], ["CRX", [7, 0]], ["RX", [1]], ["RX", [3]], ["RX", [5]], ["RX", [7]], ["CRX", [8, 1]], ["CRY", [8, 3]], ["CRX", [8, 5]], ["CRY", [8, 7]], ["RZ", [0]], ["RZ", [2]], ["RZ", [4]], ["RZ", [6]], ["RZ", [1]], ["RZ", [3]], ["RZ", [5]], ["RZ", [7]], ["RZ", [8]], ["RZ", [0]], ["RZ", [2]], ["RZ", [4]], ["RZ", [6]], ["RZ", [1]], ["RZ", [3]], ["RZ", [5]], ["RZ", [7]], ["RZ", [8]], ["RY", [0]], ["RY", [2]], ["RY", [4]], ["RY", [6]], ["RY", [1]], ["RY", [3]], ["RY", [5]], ["RY", [7]], ["RY", [8]], ["CRX", [0, 1]], ["CRX", [1, 2]], ["CRX", [2, 3]], ["CRX", [3, 4]], ["CRX", [4, 5]], ["CRX", [5, 6]], ["CRX", [6, 7]], ["CRX", [7, 0]], ["RX", [1]], ["RX", [3]], ["RX", [5]], ["RX", [7]], ["CRX", [8, 1]], ["CRY", [8, 3]], ["CRX", [8, 5]], ["CRY", [8, 7]], ["RZ", [0]], ["RZ", [2]], ["RZ", [4]], ["RZ", [6]], ["RZ", [1]], ["RZ", [3]], ["RZ", [5]], ["RZ", [7]], ["RZ", [8]], ["RX", [0]], ["RX", [1]], ["RX", [2]], ["RX", [3]], ["RX", [4]], ["RX", [5]], ["RX", [6]], ["RX", [7]], ["RX", [8]], ["RZ", [0]], ["RZ", [2]], ["RZ", [4]], ["RZ", [6]], ["RZ", [1]], ["RZ", [3]], ["RZ", [5]], ["RZ", [7]], ["RZ", [8]], ["RY", [0]], ["RY", [2]], ["RY", [4]], ["RY", [6]], ["RY", [1]], ["RY", [3]], ["RY", [5]], ["RY", [7]], ["RY", [8]], ["CRX", [0, 1]], ["CRX", [1, 2]], ["CRX", [2, 3]], ["CRX", [3, 4]], ["CRX", [4, 5]], ["CRX", [5, 6]], ["CRX", [6, 7]], ["CRX", [7, 0]], ["RX", [1]], ["RX", [3]], ["RX", [5]], ["RX", [7]], ["CRX", [8, 1]], ["CRY", [8, 3]], ["CRX", [8, 5]], ["CRY", [8, 7]], ["RZ", [0]], ["RZ", [2]], ["RZ", [4]], ["RZ", [6]], ["RZ", [1]], ["RZ", [3]], ["RZ", [5]], ["RZ", [7]], ["RZ", [8]], ["RZ", [0]], ["RZ", [2]], ["RZ", [4]], ["RZ", [6]], ["RZ", [1]], ["RZ", [3]], ["RZ", [5]], ["RZ", [7]], ["RZ", [8]], ["RY", [0]], ["RY", [2]], ["RY", [4]], ["RY", [6]], ["RY", [1]], ["RY", [3]], ["RY", [5]], ["RY", [7]], ["RY", [8]], ["CRX", [0, 1]], ["CRX", [1, 2]], ["CRX", [2, 3]], ["CRX", [3, 4]], ["CRX", [4, 5]], ["CRX", [5, 6]], ["CRX", [6, 7]], ["CRX", [7, 0]], ["RX", [1]], ["RX", [3]], ["RX", [5]], ["RX", [7]], ["CRX", [8, 1]], ["CRY", [8, 3]], ["CRX", [8, 5]], ["CRY", [8, 7]], ["RZ", [0]], ["RZ", [2]], ["RZ", [4]], ["RZ", [6]], ["RZ", [1]], ["RZ", [3]], ["RZ", [5]], ["RZ", [7]], ["RZ", [8]]], "parameter_efficiency": 0.0035185185185185185, "spec_valid": true, "test_accuracy": 0.31666666666666665, "test_loss": 3.491943625268085, "train_accuracy": 0.31666666666666665, "train_loss": 3.4531993429457883, "validation_accuracy": 0.37777777777777777, "validation_loss": 3.252927152775095}
==========Run 1/1 completed in 41.66 seconds==========
Correctness and error status saved to /home/chengyou1368/QuantumAnsatz/qml-ea/tic-tac-toe/results/ttt_qml_cli_20260605_124906/gen_50/results/correct.json
Metrics saved to /home/chengyou1368/QuantumAnsatz/qml-ea/tic-tac-toe/results/ttt_qml_cli_20260605_124906/gen_50/results/metrics.json
OK
{
  "combined_score": 0.4398253813982396,
  "public": {
    "train_accuracy_mean": 0.3167,
    "train_accuracy_std": 0.0,
    "validation_accuracy_mean": 0.3778,
    "validation_accuracy_std": 0.0,
    "test_accuracy_mean": 0.3167,
    "test_accuracy_std": 0.0,
    "generalization_gap_mean": 0.0,
    "validation_loss_mean": 3.2529,
    "test_loss_mean": 3.4919,
    "parameter_efficiency_mean": 0.003519,
    "n_params": 90,
    "depth_mean": 71.0,
    "gate_count_mean": 285.0,
    "score_uses_test": false,
    "convergence_step_mean": null
  },
  "private": {
    "per_run_scores": [
      {
        "combined_score": 0.4398253813982396,
        "primary_accuracy": 0.37777777777777777,
        "gap_score": 1.0,
        "loss_score": 0.2351321722845607,
        "parameter_efficiency_score": 0.6799999999999999,
        "convergence_score": 0.0
      }
    ],
    "per_run_test_accuracies": [
      0.31666666666666665
    ]
  },
  "text_feedback": "Combined score: 0.4398\nValidation accuracy mean: 0.3778\nTest accuracy mean: 0.3167\nTrain-test generalization gap mean: 0.0000\nValidation L2 loss mean: 3.2529\nParameters: 90, depth mean: 71.0, gate count mean: 285.0\nFitness uses validation metrics; test metrics are reported as holdout diagnostics.\nAccuracy is still low; explore more expressive local entanglement or rotation diversity.\nDid not reach convergence threshold 0.90 in these runs.",
  "execution_time_mean": 41.664420349001375,
  "execution_time_std": 0.0,
  "num_valid_runs": 1,
  "num_invalid_runs": 0,
  "all_validation_errors": []
}
