Job running on a1132u22n04.mghpcc.ycrc.yale.edu under Slurm job 19623591
Activating sourced environment: /home/ch2499/project/zc_ttt/activate_eval_cluster.sh
==========Running program evaluation 1/1...==========
==========Run 1/1 completed in 1019.79 seconds==========
Correctness and error status saved to /home/ch2499/project/zc_ttt/results_sonnet/gen_59/results/correct.json
Metrics saved to /home/ch2499/project/zc_ttt/results_sonnet/gen_59/results/metrics.json
OK
{
  "combined_score": 0.5865594443766363,
  "public": {
    "train_accuracy_mean": 0.6978,
    "train_accuracy_std": 0.0,
    "validation_accuracy_mean": 0.65,
    "validation_accuracy_std": 0.0,
    "test_accuracy_mean": 0.61,
    "test_accuracy_std": 0.0,
    "generalization_gap_mean": 0.0878,
    "validation_loss_mean": 2.121,
    "test_loss_mean": 2.1792,
    "parameter_efficiency_mean": 0.003631,
    "n_params": 168,
    "depth_mean": 57.0,
    "gate_count_mean": 219.0,
    "score_uses_test": false,
    "convergence_step_mean": null
  },
  "private": {
    "per_run_scores": [
      {
        "combined_score": 0.5865594443766363,
        "primary_accuracy": 0.65,
        "gap_score": 0.749206349206349,
        "loss_score": 0.32040952335746986,
        "parameter_efficiency_score": 0.6267857142857143,
        "convergence_score": 0.0
      }
    ],
    "per_run_test_accuracies": [
      0.61
    ]
  },
  "text_feedback": "Combined score: 0.5866\nValidation accuracy mean: 0.6500\nTest accuracy mean: 0.6100\nTrain-test generalization gap mean: 0.0878\nValidation L2 loss mean: 2.1210\nParameters: 168, depth mean: 57.0, gate count mean: 219.0\nFitness uses validation metrics; test metrics are reported as holdout diagnostics.\nParameter count exceeds the seed; added accuracy must justify the complexity.\nDid not reach convergence threshold 0.90 in these runs.",
  "execution_time_mean": 1019.7860900601372,
  "execution_time_std": 0.0,
  "num_valid_runs": 1,
  "num_invalid_runs": 0,
  "all_validation_errors": []
}
