Job running on a1132u37n02.mghpcc.ycrc.yale.edu under Slurm job 19593490
Activating sourced environment: /home/ch2499/project/zc_sn/activate_eval_cluster.sh
==========Running program evaluation 1/1...==========
==========Run 1/1 completed in 1021.27 seconds==========
Correctness and error status saved to /home/ch2499/project/zc_sn/results_haiku/gen_8/results/correct.json
Metrics saved to /home/ch2499/project/zc_sn/results_haiku/gen_8/results/metrics.json
OK
{
  "combined_score": 0.7649398165704407,
  "public": {
    "train_accuracy_mean": 0.9733,
    "train_accuracy_std": 0.0,
    "validation_accuracy_mean": 0.8767,
    "validation_accuracy_std": 0.0,
    "test_accuracy_mean": 0.85,
    "test_accuracy_std": 0.0,
    "generalization_gap_mean": 0.1233,
    "validation_loss_mean": 0.4595,
    "test_loss_mean": 0.5022,
    "parameter_efficiency_mean": 0.003899,
    "n_params": 218,
    "depth_mean": 99.0,
    "gate_count_mean": 342.0,
    "score_uses_test": false,
    "convergence_step_mean": null
  },
  "private": {
    "per_run_scores": [
      {
        "combined_score": 0.7649398165704407,
        "primary_accuracy": 0.8766666666666667,
        "gap_score": 0.6476190476190473,
        "loss_score": 0.6851601576517806,
        "parameter_efficiency_score": 0.5871253822629969,
        "convergence_score": 0.0
      }
    ],
    "per_run_test_accuracies": [
      0.85
    ]
  },
  "text_feedback": "Combined score: 0.7649\nValidation accuracy mean: 0.8767\nTest accuracy mean: 0.8500\nTrain-test generalization gap mean: 0.1233\nValidation L2 loss mean: 0.4595\nParameters: 218, depth mean: 99.0, gate count mean: 342.0\nFitness uses validation metrics; test metrics are reported as holdout diagnostics.\nParameter count exceeds the seed; added accuracy must justify the complexity.\nDid not reach the convergence threshold in these runs.",
  "execution_time_mean": 1021.2676055380143,
  "execution_time_std": 0.0,
  "num_valid_runs": 1,
  "num_invalid_runs": 0,
  "all_validation_errors": []
}
