Job running on a1114u27n01.mghpcc.ycrc.yale.edu under Slurm job 23103722
Activating sourced environment: /home/ch2499/project/transfer_sn/activate_eval_cluster.sh
==========Running program evaluation 1/1...==========
==========Run 1/1 completed in 1157.98 seconds==========
Correctness and error status saved to /home/ch2499/project/transfer_sn/results_frw3_mid_r10/gen_4/results/correct.json
Metrics saved to /home/ch2499/project/transfer_sn/results_frw3_mid_r10/gen_4/results/metrics.json
OK
{
  "combined_score": 0.4671435405633507,
  "public": {
    "combined_score_raw": 0.8984,
    "train_accuracy_mean": 0.9378,
    "train_accuracy_std": 0.0,
    "validation_accuracy_mean": 0.91,
    "validation_accuracy_std": 0.0,
    "test_accuracy_mean": 0.9067,
    "test_accuracy_std": 0.0,
    "generalization_gap_mean": 0.0311,
    "validation_loss_mean": 0.3267,
    "test_loss_mean": 0.3386,
    "parameter_efficiency_mean": 0.020606,
    "n_params": 44,
    "depth_mean": 99.0,
    "gate_count_mean": 348.0,
    "score_uses_test": false,
    "convergence_step_mean": 90.0
  },
  "private": {
    "per_run_scores": [
      {
        "combined_score": 0.8983567869497908,
        "primary_accuracy": 0.91,
        "gap_score": 0.9111111111111109,
        "loss_score": 0.7537489500356424,
        "parameter_efficiency_score": 1.0,
        "convergence_score": 0.997
      }
    ],
    "per_run_test_accuracies": [
      0.9066666666666666
    ]
  },
  "text_feedback": "Combined score: 0.4671\nScore scale: 0.0 = the seed program, 1.0 = the best solution found so far on this task. Negative means worse than the seed.\nValidation accuracy mean: 0.9100\nTest accuracy mean: 0.9067\nTrain-test generalization gap mean: 0.0311\nValidation L2 loss mean: 0.3267\nParameters: 44, depth mean: 99.0, gate count mean: 348.0\nFitness uses validation metrics; test metrics are reported as holdout diagnostics.",
  "execution_time_mean": 1157.982037219219,
  "execution_time_std": 0.0,
  "num_valid_runs": 1,
  "num_invalid_runs": 0,
  "all_validation_errors": []
}
