Job running on a1132u24n04.mghpcc.ycrc.yale.edu under Slurm job 19599693
Activating sourced environment: /home/ch2499/project/zc_ttt/activate_eval_cluster.sh
==========Running program evaluation 1/1...==========
==========Run 1/1 completed in 1903.67 seconds==========
Correctness and error status saved to /home/ch2499/project/zc_ttt/results_haiku/gen_14/results/correct.json
Metrics saved to /home/ch2499/project/zc_ttt/results_haiku/gen_14/results/metrics.json
OK
{
  "combined_score": 0.5666040593797759,
  "public": {
    "train_accuracy_mean": 0.7022,
    "train_accuracy_std": 0.0,
    "validation_accuracy_mean": 0.6433,
    "validation_accuracy_std": 0.0,
    "test_accuracy_mean": 0.5733,
    "test_accuracy_std": 0.0,
    "generalization_gap_mean": 0.1289,
    "validation_loss_mean": 2.139,
    "test_loss_mean": 2.2681,
    "parameter_efficiency_mean": 0.003539,
    "n_params": 162,
    "depth_mean": 83.0,
    "gate_count_mean": 285.0,
    "score_uses_test": false,
    "convergence_step_mean": null
  },
  "private": {
    "per_run_scores": [
      {
        "combined_score": 0.5666040593797759,
        "primary_accuracy": 0.6433333333333333,
        "gap_score": 0.6317460317460319,
        "loss_score": 0.3185773270821037,
        "parameter_efficiency_score": 0.6433333333333333,
        "convergence_score": 0.0
      }
    ],
    "per_run_test_accuracies": [
      0.5733333333333334
    ]
  },
  "text_feedback": "Combined score: 0.5666\nValidation accuracy mean: 0.6433\nTest accuracy mean: 0.5733\nTrain-test generalization gap mean: 0.1289\nValidation L2 loss mean: 2.1390\nParameters: 162, depth mean: 83.0, gate count mean: 285.0\nFitness uses validation metrics; test metrics are reported as holdout diagnostics.\nDid not reach convergence threshold 0.90 in these runs.",
  "execution_time_mean": 1903.6733715403825,
  "execution_time_std": 0.0,
  "num_valid_runs": 1,
  "num_invalid_runs": 0,
  "all_validation_errors": []
}
