Job running on a1114u19n01.mghpcc.ycrc.yale.edu under Slurm job 19607440
Activating sourced environment: /home/ch2499/project/zc_ttt/activate_eval_cluster.sh
==========Running program evaluation 1/1...==========
==========Run 1/1 completed in 896.21 seconds==========
Correctness and error status saved to /home/ch2499/project/zc_ttt/results_sonnet/gen_25/results/correct.json
Metrics saved to /home/ch2499/project/zc_ttt/results_sonnet/gen_25/results/metrics.json
OK
{
  "combined_score": 0.564144492071028,
  "public": {
    "train_accuracy_mean": 0.7044,
    "train_accuracy_std": 0.0,
    "validation_accuracy_mean": 0.6267,
    "validation_accuracy_std": 0.0,
    "test_accuracy_mean": 0.5783,
    "test_accuracy_std": 0.0,
    "generalization_gap_mean": 0.1261,
    "validation_loss_mean": 2.1492,
    "test_loss_mean": 2.2501,
    "parameter_efficiency_mean": 0.004191,
    "n_params": 138,
    "depth_mean": 51.0,
    "gate_count_mean": 225.0,
    "score_uses_test": false,
    "convergence_step_mean": null
  },
  "private": {
    "per_run_scores": [
      {
        "combined_score": 0.564144492071028,
        "primary_accuracy": 0.6266666666666667,
        "gap_score": 0.6396825396825399,
        "loss_score": 0.31754483096811403,
        "parameter_efficiency_score": 0.7356521739130436,
        "convergence_score": 0.0
      }
    ],
    "per_run_test_accuracies": [
      0.5783333333333334
    ]
  },
  "text_feedback": "Combined score: 0.5641\nValidation accuracy mean: 0.6267\nTest accuracy mean: 0.5783\nTrain-test generalization gap mean: 0.1261\nValidation L2 loss mean: 2.1492\nParameters: 138, depth mean: 51.0, gate count mean: 225.0\nFitness uses validation metrics; test metrics are reported as holdout diagnostics.\nDid not reach convergence threshold 0.90 in these runs.",
  "execution_time_mean": 896.2139387469797,
  "execution_time_std": 0.0,
  "num_valid_runs": 1,
  "num_invalid_runs": 0,
  "all_validation_errors": []
}
