Job running on a1130u07n04.mghpcc.ycrc.yale.edu under Slurm job 19616339
Activating sourced environment: /home/ch2499/project/zc_sn/activate_eval_cluster.sh
==========Running program evaluation 1/1...==========
==========Run 1/1 completed in 1064.82 seconds==========
Correctness and error status saved to /home/ch2499/project/zc_sn/results_haiku/gen_77/results/correct.json
Metrics saved to /home/ch2499/project/zc_sn/results_haiku/gen_77/results/metrics.json
OK
{
  "combined_score": 0.9010656359173417,
  "public": {
    "train_accuracy_mean": 0.9511,
    "train_accuracy_std": 0.0,
    "validation_accuracy_mean": 0.92,
    "validation_accuracy_std": 0.0,
    "test_accuracy_mean": 0.9167,
    "test_accuracy_std": 0.0,
    "generalization_gap_mean": 0.0344,
    "validation_loss_mean": 0.3524,
    "test_loss_mean": 0.352,
    "parameter_efficiency_mean": 0.014785,
    "n_params": 62,
    "depth_mean": 154.0,
    "gate_count_mean": 312.0,
    "score_uses_test": false,
    "convergence_step_mean": 120.0
  },
  "private": {
    "per_run_scores": [
      {
        "combined_score": 0.9010656359173417,
        "primary_accuracy": 0.92,
        "gap_score": 0.9015873015873014,
        "loss_score": 0.7394428637875696,
        "parameter_efficiency_score": 1.0,
        "convergence_score": 0.996
      }
    ],
    "per_run_test_accuracies": [
      0.9166666666666666
    ]
  },
  "text_feedback": "Combined score: 0.9011\nValidation accuracy mean: 0.9200\nTest accuracy mean: 0.9167\nTrain-test generalization gap mean: 0.0344\nValidation L2 loss mean: 0.3524\nParameters: 62, depth mean: 154.0, gate count mean: 312.0\nFitness uses validation metrics; test metrics are reported as holdout diagnostics.",
  "execution_time_mean": 1064.816063198261,
  "execution_time_std": 0.0,
  "num_valid_runs": 1,
  "num_invalid_runs": 0,
  "all_validation_errors": []
}
