Job running on a1132u31n01.mghpcc.ycrc.yale.edu under Slurm job 19596267
Activating sourced environment: /home/ch2499/project/zc_sn/activate_eval_cluster.sh
==========Running program evaluation 1/1...==========
==========Run 1/1 completed in 580.67 seconds==========
Correctness and error status saved to /home/ch2499/project/zc_sn/results_sonnet/gen_14/results/correct.json
Metrics saved to /home/ch2499/project/zc_sn/results_sonnet/gen_14/results/metrics.json
OK
{
  "combined_score": 0.8265870688353466,
  "public": {
    "train_accuracy_mean": 0.9133,
    "train_accuracy_std": 0.0,
    "validation_accuracy_mean": 0.8467,
    "validation_accuracy_std": 0.0,
    "test_accuracy_mean": 0.8667,
    "test_accuracy_std": 0.0,
    "generalization_gap_mean": 0.0467,
    "validation_loss_mean": 0.4931,
    "test_loss_mean": 0.4698,
    "parameter_efficiency_mean": 0.004467,
    "n_params": 194,
    "depth_mean": 105.0,
    "gate_count_mean": 318.0,
    "score_uses_test": false,
    "convergence_step_mean": 240.0
  },
  "private": {
    "per_run_scores": [
      {
        "combined_score": 0.8265870688353466,
        "primary_accuracy": 0.8466666666666667,
        "gap_score": 0.8666666666666667,
        "loss_score": 0.669741970929802,
        "parameter_efficiency_score": 0.6371821305841924,
        "convergence_score": 0.992
      }
    ],
    "per_run_test_accuracies": [
      0.8666666666666667
    ]
  },
  "text_feedback": "Combined score: 0.8266\nValidation accuracy mean: 0.8467\nTest accuracy mean: 0.8667\nTrain-test generalization gap mean: 0.0467\nValidation L2 loss mean: 0.4931\nParameters: 194, depth mean: 105.0, gate count mean: 318.0\nFitness uses validation metrics; test metrics are reported as holdout diagnostics.\nParameter count exceeds the seed; added accuracy must justify the complexity.",
  "execution_time_mean": 580.6704519721679,
  "execution_time_std": 0.0,
  "num_valid_runs": 1,
  "num_invalid_runs": 0,
  "all_validation_errors": []
}
