Job running on a1132u35n01.mghpcc.ycrc.yale.edu under Slurm job 23104146
Activating sourced environment: /home/ch2499/project/transfer_sn/activate_eval_cluster.sh
==========Running program evaluation 1/1...==========
==========Run 1/1 completed in 1854.66 seconds==========
Correctness and error status saved to /home/ch2499/project/transfer_sn/results_frw3_frontier_r2/gen_6/results/correct.json
Metrics saved to /home/ch2499/project/transfer_sn/results_frw3_frontier_r2/gen_6/results/metrics.json
OK
{
  "combined_score": 0.806917190132921,
  "public": {
    "combined_score_raw": 0.9302,
    "train_accuracy_mean": 0.9622,
    "train_accuracy_std": 0.0,
    "validation_accuracy_mean": 0.9533,
    "validation_accuracy_std": 0.0,
    "test_accuracy_mean": 0.9417,
    "test_accuracy_std": 0.0,
    "generalization_gap_mean": 0.0206,
    "validation_loss_mean": 0.2867,
    "test_loss_mean": 0.2914,
    "parameter_efficiency_mean": 0.036218,
    "n_params": 26,
    "depth_mean": 123.0,
    "gate_count_mean": 444.0,
    "score_uses_test": false,
    "convergence_step_mean": 270.0
  },
  "private": {
    "per_run_scores": [
      {
        "combined_score": 0.9302079838028192,
        "primary_accuracy": 0.9533333333333334,
        "gap_score": 0.9412698412698413,
        "loss_score": 0.7771907914896937,
        "parameter_efficiency_score": 1.0,
        "convergence_score": 0.991
      }
    ],
    "per_run_test_accuracies": [
      0.9416666666666667
    ]
  },
  "text_feedback": "Combined score: 0.8069\nScore scale: 0.0 = the seed program, 1.0 = the best solution found so far on this task. Negative means worse than the seed.\nValidation accuracy mean: 0.9533\nTest accuracy mean: 0.9417\nTrain-test generalization gap mean: 0.0206\nValidation L2 loss mean: 0.2867\nParameters: 26, depth mean: 123.0, gate count mean: 444.0\nFitness uses validation metrics; test metrics are reported as holdout diagnostics.",
  "execution_time_mean": 1854.6587565941736,
  "execution_time_std": 0.0,
  "num_valid_runs": 1,
  "num_invalid_runs": 0,
  "all_validation_errors": []
}
