Job running on a1114u32n01.mghpcc.ycrc.yale.edu under Slurm job 19607772
Activating sourced environment: /home/ch2499/project/zc_ttt/activate_eval_cluster.sh
==========Running program evaluation 1/1...==========
==========Run 1/1 completed in 882.38 seconds==========
Correctness and error status saved to /home/ch2499/project/zc_ttt/results_haiku/gen_39/results/correct.json
Metrics saved to /home/ch2499/project/zc_ttt/results_haiku/gen_39/results/metrics.json
OK
{
  "combined_score": 0.5420256949181733,
  "public": {
    "train_accuracy_mean": 0.6733,
    "train_accuracy_std": 0.0,
    "validation_accuracy_mean": 0.59,
    "validation_accuracy_std": 0.0,
    "test_accuracy_mean": 0.5433,
    "test_accuracy_std": 0.0,
    "generalization_gap_mean": 0.13,
    "validation_loss_mean": 2.2908,
    "test_loss_mean": 2.3687,
    "parameter_efficiency_mean": 0.004528,
    "n_params": 120,
    "depth_mean": 81.0,
    "gate_count_mean": 327.0,
    "score_uses_test": false,
    "convergence_step_mean": null
  },
  "private": {
    "per_run_scores": [
      {
        "combined_score": 0.5420256949181733,
        "primary_accuracy": 0.59,
        "gap_score": 0.6285714285714286,
        "loss_score": 0.303877648660838,
        "parameter_efficiency_score": 0.7965,
        "convergence_score": 0.0
      }
    ],
    "per_run_test_accuracies": [
      0.5433333333333333
    ]
  },
  "text_feedback": "Combined score: 0.5420\nValidation accuracy mean: 0.5900\nTest accuracy mean: 0.5433\nTrain-test generalization gap mean: 0.1300\nValidation L2 loss mean: 2.2908\nParameters: 120, depth mean: 81.0, gate count mean: 327.0\nFitness uses validation metrics; test metrics are reported as holdout diagnostics.\nDid not reach convergence threshold 0.90 in these runs.",
  "execution_time_mean": 882.3805994838476,
  "execution_time_std": 0.0,
  "num_valid_runs": 1,
  "num_invalid_runs": 0,
  "all_validation_errors": []
}
