Job running on a1132u22n03.mghpcc.ycrc.yale.edu under Slurm job 19601218
Activating sourced environment: /home/ch2499/project/zc_ttt/activate_eval_cluster.sh
==========Running program evaluation 1/1...==========
==========Run 1/1 completed in 836.76 seconds==========
Correctness and error status saved to /home/ch2499/project/zc_ttt/results_sonnet/gen_11/results/correct.json
Metrics saved to /home/ch2499/project/zc_ttt/results_sonnet/gen_11/results/metrics.json
OK
{
  "combined_score": 0.5589878810770148,
  "public": {
    "train_accuracy_mean": 0.6333,
    "train_accuracy_std": 0.0,
    "validation_accuracy_mean": 0.6,
    "validation_accuracy_std": 0.0,
    "test_accuracy_mean": 0.5533,
    "test_accuracy_std": 0.0,
    "generalization_gap_mean": 0.08,
    "validation_loss_mean": 2.2474,
    "test_loss_mean": 2.3668,
    "parameter_efficiency_mean": 0.003843,
    "n_params": 144,
    "depth_mean": 39.0,
    "gate_count_mean": 207.0,
    "score_uses_test": false,
    "convergence_step_mean": null
  },
  "private": {
    "per_run_scores": [
      {
        "combined_score": 0.5589878810770148,
        "primary_accuracy": 0.6,
        "gap_score": 0.7714285714285716,
        "loss_score": 0.30793508019597154,
        "parameter_efficiency_score": 0.675,
        "convergence_score": 0.0
      }
    ],
    "per_run_test_accuracies": [
      0.5533333333333333
    ]
  },
  "text_feedback": "Combined score: 0.5590\nValidation accuracy mean: 0.6000\nTest accuracy mean: 0.5533\nTrain-test generalization gap mean: 0.0800\nValidation L2 loss mean: 2.2474\nParameters: 144, depth mean: 39.0, gate count mean: 207.0\nFitness uses validation metrics; test metrics are reported as holdout diagnostics.\nDid not reach convergence threshold 0.90 in these runs.",
  "execution_time_mean": 836.7638955931179,
  "execution_time_std": 0.0,
  "num_valid_runs": 1,
  "num_invalid_runs": 0,
  "all_validation_errors": []
}
