==========Running program evaluation 1/1...==========
{"batch_size": 10, "data_seed": 2027, "dataset": {"all_valid_unique_boards": {"class_counts": {"circle": 316, "cross": 626, "draw": 4536}, "total": 5478}, "overlap_train_test": 4, "overlap_train_validation": 1, "overlap_validation_test": 3, "test": {"class_counts": {"circle": 20, "cross": 20, "draw": 20}, "rows": 60, "unique_boards": 59}, "train": {"class_counts": {"circle": 20, "cross": 20, "draw": 20}, "rows": 60, "unique_boards": 59}, "validation": {"class_counts": {"circle": 15, "cross": 15, "draw": 15}, "rows": 45, "unique_boards": 44}}, "event": "start", "learning_rate": 0.03, "n_epochs": 3, "n_params": 66, "n_params_per_block": 11, "n_repeats": 2, "n_uploads": 3, "seed": 1000, "steps_per_epoch": 3}
{"batch_loss": 6.90894438313354, "epoch": 1, "event": "epoch", "global_step": 3, "test_accuracy": 0.48333333333333334, "test_loss": 6.195260609873813, "train_accuracy": 0.31666666666666665, "train_loss": 6.2304517898891065, "validation_accuracy": 0.4888888888888889, "validation_loss": 5.946150654545474}
{"batch_loss": 5.193970823974772, "epoch": 2, "event": "epoch", "global_step": 6, "test_accuracy": 0.5, "test_loss": 4.143053095194041, "train_accuracy": 0.36666666666666664, "train_loss": 4.375341422666493, "validation_accuracy": 0.5111111111111111, "validation_loss": 3.7694975595304396}
{"batch_loss": 4.266070089695319, "epoch": 3, "event": "epoch", "global_step": 9, "test_accuracy": 0.48333333333333334, "test_loss": 3.3355827753302494, "train_accuracy": 0.36666666666666664, "train_loss": 3.6531762510946115, "validation_accuracy": 0.5111111111111111, "validation_loss": 2.9729674655859313}
{"convergence_epoch": null, "convergence_step": null, "convergence_threshold": 0.9, "depth": 70, "event": "final", "gate_count": 261, "generalization_gap": 0.1166666666666667, "history_tail": [{"batch_loss": 6.90894438313354, "epoch": 1, "event": "epoch", "global_step": 3, "test_accuracy": 0.48333333333333334, "test_loss": 6.195260609873813, "train_accuracy": 0.31666666666666665, "train_loss": 6.2304517898891065, "validation_accuracy": 0.4888888888888889, "validation_loss": 5.946150654545474}, {"batch_loss": 5.193970823974772, "epoch": 2, "event": "epoch", "global_step": 6, "test_accuracy": 0.5, "test_loss": 4.143053095194041, "train_accuracy": 0.36666666666666664, "train_loss": 4.375341422666493, "validation_accuracy": 0.5111111111111111, "validation_loss": 3.7694975595304396}, {"batch_loss": 4.266070089695319, "epoch": 3, "event": "epoch", "global_step": 9, "test_accuracy": 0.48333333333333334, "test_loss": 3.3355827753302494, "train_accuracy": 0.36666666666666664, "train_loss": 3.6531762510946115, "validation_accuracy": 0.5111111111111111, "validation_loss": 2.9729674655859313}], "max_steps": 9, "n_params": 66, "n_params_per_block": 11, "n_qubits": 9, "n_repeats": 2, "n_uploads": 3, "operations": [["RX", [0]], ["RX", [1]], ["RX", [2]], ["RX", [3]], ["RX", [4]], ["RX", [5]], ["RX", [6]], ["RX", [7]], ["RX", [8]], ["RZ", [0]], ["RZ", [2]], ["RZ", [4]], ["RZ", [6]], ["RZ", [1]], ["RZ", [3]], ["RZ", [5]], ["RZ", [7]], ["RZ", [8]], ["RY", [0]], ["RY", [1]], ["RY", [2]], ["RY", [3]], ["RY", [4]], ["RY", [5]], ["RY", [6]], ["RY", [7]], ["RY", [8]], ["CRX", [0, 1]], ["CRX", [1, 2]], ["CRX", [2, 3]], ["CRX", [3, 4]], ["CRX", [4, 5]], ["CRX", [5, 6]], ["CRX", [6, 7]], ["CRX", [7, 0]], ["CRX", [8, 1]], ["CRY", [8, 3]], ["CRX", [8, 5]], ["CRY", [8, 7]], ["RZ", [0]], ["RZ", [2]], ["RZ", [4]], ["RZ", [6]], ["RZ", [1]], ["RZ", [3]], ["RZ", [5]], ["RZ", [7]], ["RZ", [8]], ["RZ", [0]], ["RZ", [2]], ["RZ", [4]], ["RZ", [6]], ["RZ", [1]], ["RZ", [3]], ["RZ", [5]], ["RZ", [7]], ["RZ", [8]], ["RY", [0]], ["RY", [1]], ["RY", [2]], ["RY", [3]], ["RY", [4]], ["RY", [5]], ["RY", [6]], ["RY", [7]], ["RY", [8]], ["CRX", [0, 1]], ["CRX", [1, 2]], ["CRX", [2, 3]], ["CRX", [3, 4]], ["CRX", [4, 5]], ["CRX", [5, 6]], ["CRX", [6, 7]], ["CRX", [7, 0]], ["CRX", [8, 1]], ["CRY", [8, 3]], ["CRX", [8, 5]], ["CRY", [8, 7]], ["RZ", [0]], ["RZ", [2]], ["RZ", [4]], ["RZ", [6]], ["RZ", [1]], ["RZ", [3]], ["RZ", [5]], ["RZ", [7]], ["RZ", [8]], ["RX", [0]], ["RX", [1]], ["RX", [2]], ["RX", [3]], ["RX", [4]], ["RX", [5]], ["RX", [6]], ["RX", [7]], ["RX", [8]], ["RZ", [0]], ["RZ", [2]], ["RZ", [4]], ["RZ", [6]], ["RZ", [1]], ["RZ", [3]], ["RZ", [5]], ["RZ", [7]], ["RZ", [8]], ["RY", [0]], ["RY", [1]], ["RY", [2]], ["RY", [3]], ["RY", [4]], ["RY", [5]], ["RY", [6]], ["RY", [7]], ["RY", [8]], ["CRX", [0, 1]], ["CRX", [1, 2]], ["CRX", [2, 3]], ["CRX", [3, 4]], ["CRX", [4, 5]], ["CRX", [5, 6]], ["CRX", [6, 7]], ["CRX", [7, 0]], ["CRX", [8, 1]], ["CRY", [8, 3]], ["CRX", [8, 5]], ["CRY", [8, 7]], ["RZ", [0]], ["RZ", [2]], ["RZ", [4]], ["RZ", [6]], ["RZ", [1]], ["RZ", [3]], ["RZ", [5]], ["RZ", [7]], ["RZ", [8]], ["RZ", [0]], ["RZ", [2]], ["RZ", [4]], ["RZ", [6]], ["RZ", [1]], ["RZ", [3]], ["RZ", [5]], ["RZ", [7]], ["RZ", [8]], ["RY", [0]], ["RY", [1]], ["RY", [2]], ["RY", [3]], ["RY", [4]], ["RY", [5]], ["RY", [6]], ["RY", [7]], ["RY", [8]], ["CRX", [0, 1]], ["CRX", [1, 2]], ["CRX", [2, 3]], ["CRX", [3, 4]], ["CRX", [4, 5]], ["CRX", [5, 6]], ["CRX", [6, 7]], ["CRX", [7, 0]], ["CRX", [8, 1]], ["CRY", [8, 3]], ["CRX", [8, 5]], ["CRY", [8, 7]], ["RZ", [0]], ["RZ", [2]], ["RZ", [4]], ["RZ", [6]], ["RZ", [1]], ["RZ", [3]], ["RZ", [5]], ["RZ", [7]], ["RZ", [8]], ["RX", [0]], ["RX", [1]], ["RX", [2]], ["RX", [3]], ["RX", [4]], ["RX", [5]], ["RX", [6]], ["RX", [7]], ["RX", [8]], ["RZ", [0]], ["RZ", [2]], ["RZ", [4]], ["RZ", [6]], ["RZ", [1]], ["RZ", [3]], ["RZ", [5]], ["RZ", [7]], ["RZ", [8]], ["RY", [0]], ["RY", [1]], ["RY", [2]], ["RY", [3]], ["RY", [4]], ["RY", [5]], ["RY", [6]], ["RY", [7]], ["RY", [8]], ["CRX", [0, 1]], ["CRX", [1, 2]], ["CRX", [2, 3]], ["CRX", [3, 4]], ["CRX", [4, 5]], ["CRX", [5, 6]], ["CRX", [6, 7]], ["CRX", [7, 0]], ["CRX", [8, 1]], ["CRY", [8, 3]], ["CRX", [8, 5]], ["CRY", [8, 7]], ["RZ", [0]], ["RZ", [2]], ["RZ", [4]], ["RZ", [6]], ["RZ", [1]], ["RZ", [3]], ["RZ", [5]], ["RZ", [7]], ["RZ", [8]], ["RZ", [0]], ["RZ", [2]], ["RZ", [4]], ["RZ", [6]], ["RZ", [1]], ["RZ", [3]], ["RZ", [5]], ["RZ", [7]], ["RZ", [8]], ["RY", [0]], ["RY", [1]], ["RY", [2]], ["RY", [3]], ["RY", [4]], ["RY", [5]], ["RY", [6]], ["RY", [7]], ["RY", [8]], ["CRX", [0, 1]], ["CRX", [1, 2]], ["CRX", [2, 3]], ["CRX", [3, 4]], ["CRX", [4, 5]], ["CRX", [5, 6]], ["CRX", [6, 7]], ["CRX", [7, 0]], ["CRX", [8, 1]], ["CRY", [8, 3]], ["CRX", [8, 5]], ["CRY", [8, 7]], ["RZ", [0]], ["RZ", [2]], ["RZ", [4]], ["RZ", [6]], ["RZ", [1]], ["RZ", [3]], ["RZ", [5]], ["RZ", [7]], ["RZ", [8]]], "parameter_efficiency": 0.0073232323232323236, "spec_valid": true, "test_accuracy": 0.48333333333333334, "test_loss": 3.3355827753302494, "train_accuracy": 0.36666666666666664, "train_loss": 3.6531762510946115, "validation_accuracy": 0.5111111111111111, "validation_loss": 2.9729674655859313}
==========Run 1/1 completed in 39.20 seconds==========
Correctness and error status saved to /home/chengyou1368/QuantumAnsatz/qml-ea/tic-tac-toe/results/ttt_qml_cli_20260605_124906/gen_22/results/correct.json
Metrics saved to /home/chengyou1368/QuantumAnsatz/qml-ea/tic-tac-toe/results/ttt_qml_cli_20260605_124906/gen_22/results/metrics.json
OK
{
  "combined_score": 0.4799773765997268,
  "public": {
    "train_accuracy_mean": 0.3667,
    "train_accuracy_std": 0.0,
    "validation_accuracy_mean": 0.5111,
    "validation_accuracy_std": 0.0,
    "test_accuracy_mean": 0.4833,
    "test_accuracy_std": 0.0,
    "generalization_gap_mean": 0.1167,
    "validation_loss_mean": 2.973,
    "test_loss_mean": 3.3356,
    "parameter_efficiency_mean": 0.007323,
    "n_params": 66,
    "depth_mean": 70.0,
    "gate_count_mean": 261.0,
    "score_uses_test": false,
    "convergence_step_mean": null
  },
  "private": {
    "per_run_scores": [
      {
        "combined_score": 0.4799773765997268,
        "primary_accuracy": 0.5111111111111111,
        "gap_score": 0.6666666666666665,
        "loss_score": 0.25170102918336396,
        "parameter_efficiency_score": 1.0,
        "convergence_score": 0.0
      }
    ],
    "per_run_test_accuracies": [
      0.48333333333333334
    ]
  },
  "text_feedback": "Combined score: 0.4800\nValidation accuracy mean: 0.5111\nTest accuracy mean: 0.4833\nTrain-test generalization gap mean: 0.1167\nValidation L2 loss mean: 2.9730\nParameters: 66, depth mean: 70.0, gate count mean: 261.0\nFitness uses validation metrics; test metrics are reported as holdout diagnostics.\nAccuracy is still low; explore more expressive local entanglement or rotation diversity.\nDid not reach convergence threshold 0.90 in these runs.",
  "execution_time_mean": 39.19542956500118,
  "execution_time_std": 0.0,
  "num_valid_runs": 1,
  "num_invalid_runs": 0,
  "all_validation_errors": []
}
