Job running on a1114u30n01.mghpcc.ycrc.yale.edu under Slurm job 19608813
Activating sourced environment: /home/ch2499/project/zc_sn/activate_eval_cluster.sh
==========Running program evaluation 1/1...==========
==========Run 1/1 completed in 1230.44 seconds==========
Correctness and error status saved to /home/ch2499/project/zc_sn/results_gpt56sol/gen_73/results/correct.json
Metrics saved to /home/ch2499/project/zc_sn/results_gpt56sol/gen_73/results/metrics.json
OK
{
  "combined_score": 0.888984704228778,
  "public": {
    "train_accuracy_mean": 0.9533,
    "train_accuracy_std": 0.0,
    "validation_accuracy_mean": 0.9067,
    "validation_accuracy_std": 0.0,
    "test_accuracy_mean": 0.9083,
    "test_accuracy_std": 0.0,
    "generalization_gap_mean": 0.045,
    "validation_loss_mean": 0.3655,
    "test_loss_mean": 0.3809,
    "parameter_efficiency_mean": 0.007445,
    "n_params": 122,
    "depth_mean": 141.0,
    "gate_count_mean": 516.0,
    "score_uses_test": false,
    "convergence_step_mean": 150.0
  },
  "private": {
    "per_run_scores": [
      {
        "combined_score": 0.888984704228778,
        "primary_accuracy": 0.9066666666666666,
        "gap_score": 0.8714285714285713,
        "loss_score": 0.7323583456521711,
        "parameter_efficiency_score": 1.0,
        "convergence_score": 0.995
      }
    ],
    "per_run_test_accuracies": [
      0.9083333333333333
    ]
  },
  "text_feedback": "Combined score: 0.8890\nValidation accuracy mean: 0.9067\nTest accuracy mean: 0.9083\nTrain-test generalization gap mean: 0.0450\nValidation L2 loss mean: 0.3655\nParameters: 122, depth mean: 141.0, gate count mean: 516.0\nFitness uses validation metrics; test metrics are reported as holdout diagnostics.",
  "execution_time_mean": 1230.4430188573897,
  "execution_time_std": 0.0,
  "num_valid_runs": 1,
  "num_invalid_runs": 0,
  "all_validation_errors": []
}
