Job running on a1132u37n02.mghpcc.ycrc.yale.edu under Slurm job 19627049
Activating sourced environment: /home/ch2499/project/zc_ttt/activate_eval_cluster.sh
==========Running program evaluation 1/1...==========
==========Run 1/1 completed in 1237.81 seconds==========
Correctness and error status saved to /home/ch2499/project/zc_ttt/results_sonnet/gen_69/results/correct.json
Metrics saved to /home/ch2499/project/zc_ttt/results_sonnet/gen_69/results/metrics.json
OK
{
  "combined_score": 0.5920675612381846,
  "public": {
    "train_accuracy_mean": 0.7111,
    "train_accuracy_std": 0.0,
    "validation_accuracy_mean": 0.6733,
    "validation_accuracy_std": 0.0,
    "test_accuracy_mean": 0.6033,
    "test_accuracy_std": 0.0,
    "generalization_gap_mean": 0.1078,
    "validation_loss_mean": 2.124,
    "test_loss_mean": 2.2472,
    "parameter_efficiency_mean": 0.003591,
    "n_params": 168,
    "depth_mean": 57.0,
    "gate_count_mean": 219.0,
    "score_uses_test": false,
    "convergence_step_mean": null
  },
  "private": {
    "per_run_scores": [
      {
        "combined_score": 0.5920675612381846,
        "primary_accuracy": 0.6733333333333333,
        "gap_score": 0.692063492063492,
        "loss_score": 0.32010649291064874,
        "parameter_efficiency_score": 0.6492857142857142,
        "convergence_score": 0.0
      }
    ],
    "per_run_test_accuracies": [
      0.6033333333333334
    ]
  },
  "text_feedback": "Combined score: 0.5921\nValidation accuracy mean: 0.6733\nTest accuracy mean: 0.6033\nTrain-test generalization gap mean: 0.1078\nValidation L2 loss mean: 2.1240\nParameters: 168, depth mean: 57.0, gate count mean: 219.0\nFitness uses validation metrics; test metrics are reported as holdout diagnostics.\nParameter count exceeds the seed; added accuracy must justify the complexity.\nDid not reach convergence threshold 0.90 in these runs.",
  "execution_time_mean": 1237.8136081011035,
  "execution_time_std": 0.0,
  "num_valid_runs": 1,
  "num_invalid_runs": 0,
  "all_validation_errors": []
}
