==========Running program evaluation 1/1...==========
{"batch_size": 10, "data_seed": 2027, "dataset": {"all_valid_unique_boards": {"class_counts": {"circle": 316, "cross": 626, "draw": 4536}, "total": 5478}, "overlap_train_test": 4, "overlap_train_validation": 1, "overlap_validation_test": 3, "test": {"class_counts": {"circle": 20, "cross": 20, "draw": 20}, "rows": 60, "unique_boards": 59}, "train": {"class_counts": {"circle": 20, "cross": 20, "draw": 20}, "rows": 60, "unique_boards": 59}, "validation": {"class_counts": {"circle": 15, "cross": 15, "draw": 15}, "rows": 45, "unique_boards": 44}}, "event": "start", "learning_rate": 0.03, "n_epochs": 3, "n_params": 66, "n_params_per_block": 11, "n_repeats": 2, "n_uploads": 3, "seed": 1000, "steps_per_epoch": 3}
{"batch_loss": 7.619339719944923, "epoch": 1, "event": "epoch", "global_step": 3, "test_accuracy": 0.13333333333333333, "test_loss": 7.244460340721911, "train_accuracy": 0.23333333333333334, "train_loss": 7.194676806237455, "validation_accuracy": 0.17777777777777778, "validation_loss": 7.088932670272001}
{"batch_loss": 6.305409243365757, "epoch": 2, "event": "epoch", "global_step": 6, "test_accuracy": 0.13333333333333333, "test_loss": 5.987577252271479, "train_accuracy": 0.21666666666666667, "train_loss": 5.884775708934933, "validation_accuracy": 0.2, "validation_loss": 5.653455190699061}
{"batch_loss": 5.059115746957642, "epoch": 3, "event": "epoch", "global_step": 9, "test_accuracy": 0.15, "test_loss": 4.8950266603069545, "train_accuracy": 0.18333333333333332, "train_loss": 4.733688831102658, "validation_accuracy": 0.2222222222222222, "validation_loss": 4.537766531627091}
{"convergence_epoch": null, "convergence_step": null, "convergence_threshold": 0.9, "depth": 78, "event": "final", "gate_count": 231, "generalization_gap": 0.033333333333333326, "history_tail": [{"batch_loss": 7.619339719944923, "epoch": 1, "event": "epoch", "global_step": 3, "test_accuracy": 0.13333333333333333, "test_loss": 7.244460340721911, "train_accuracy": 0.23333333333333334, "train_loss": 7.194676806237455, "validation_accuracy": 0.17777777777777778, "validation_loss": 7.088932670272001}, {"batch_loss": 6.305409243365757, "epoch": 2, "event": "epoch", "global_step": 6, "test_accuracy": 0.13333333333333333, "test_loss": 5.987577252271479, "train_accuracy": 0.21666666666666667, "train_loss": 5.884775708934933, "validation_accuracy": 0.2, "validation_loss": 5.653455190699061}, {"batch_loss": 5.059115746957642, "epoch": 3, "event": "epoch", "global_step": 9, "test_accuracy": 0.15, "test_loss": 4.8950266603069545, "train_accuracy": 0.18333333333333332, "train_loss": 4.733688831102658, "validation_accuracy": 0.2222222222222222, "validation_loss": 4.537766531627091}], "max_steps": 9, "n_params": 66, "n_params_per_block": 11, "n_qubits": 9, "n_repeats": 2, "n_uploads": 3, "operations": [["RX", [0]], ["RX", [1]], ["RX", [2]], ["RX", [3]], ["RX", [4]], ["RX", [5]], ["RX", [6]], ["RX", [7]], ["RX", [8]], ["RZ", [0]], ["RZ", [2]], ["RZ", [4]], ["RZ", [6]], ["RZ", [1]], ["RZ", [3]], ["RZ", [5]], ["RZ", [7]], ["RZ", [8]], ["RY", [0]], ["RY", [2]], ["RY", [4]], ["RY", [6]], ["RY", [1]], ["RY", [3]], ["RY", [5]], ["RY", [7]], ["RY", [8]], ["CZ", [0, 1]], ["CZ", [1, 2]], ["CZ", [2, 3]], ["CZ", [3, 4]], ["CZ", [4, 5]], ["CZ", [5, 6]], ["CZ", [6, 7]], ["CZ", [7, 0]], ["CRX", [8, 1]], ["CRY", [8, 3]], ["CRX", [8, 5]], ["CRY", [8, 7]], ["CRZ", [8, 1]], ["CRZ", [8, 3]], ["CRZ", [8, 5]], ["CRZ", [8, 7]], ["RZ", [0]], ["RZ", [2]], ["RZ", [4]], ["RZ", [6]], ["RZ", [1]], ["RZ", [3]], ["RZ", [5]], ["RZ", [7]], ["RZ", [8]], ["RY", [0]], ["RY", [2]], ["RY", [4]], ["RY", [6]], ["RY", [1]], ["RY", [3]], ["RY", [5]], ["RY", [7]], ["RY", [8]], ["CZ", [0, 1]], ["CZ", [1, 2]], ["CZ", [2, 3]], ["CZ", [3, 4]], ["CZ", [4, 5]], ["CZ", [5, 6]], ["CZ", [6, 7]], ["CZ", [7, 0]], ["CRX", [8, 1]], ["CRY", [8, 3]], ["CRX", [8, 5]], ["CRY", [8, 7]], ["CRZ", [8, 1]], ["CRZ", [8, 3]], ["CRZ", [8, 5]], ["CRZ", [8, 7]], ["RX", [0]], ["RX", [1]], ["RX", [2]], ["RX", [3]], ["RX", [4]], ["RX", [5]], ["RX", [6]], ["RX", [7]], ["RX", [8]], ["RZ", [0]], ["RZ", [2]], ["RZ", [4]], ["RZ", [6]], ["RZ", [1]], ["RZ", [3]], ["RZ", [5]], ["RZ", [7]], ["RZ", [8]], ["RY", [0]], ["RY", [2]], ["RY", [4]], ["RY", [6]], ["RY", [1]], ["RY", [3]], ["RY", [5]], ["RY", [7]], ["RY", [8]], ["CZ", [0, 1]], ["CZ", [1, 2]], ["CZ", [2, 3]], ["CZ", [3, 4]], ["CZ", [4, 5]], ["CZ", [5, 6]], ["CZ", [6, 7]], ["CZ", [7, 0]], ["CRX", [8, 1]], ["CRY", [8, 3]], ["CRX", [8, 5]], ["CRY", [8, 7]], ["CRZ", [8, 1]], ["CRZ", [8, 3]], ["CRZ", [8, 5]], ["CRZ", [8, 7]], ["RZ", [0]], ["RZ", [2]], ["RZ", [4]], ["RZ", [6]], ["RZ", [1]], ["RZ", [3]], ["RZ", [5]], ["RZ", [7]], ["RZ", [8]], ["RY", [0]], ["RY", [2]], ["RY", [4]], ["RY", [6]], ["RY", [1]], ["RY", [3]], ["RY", [5]], ["RY", [7]], ["RY", [8]], ["CZ", [0, 1]], ["CZ", [1, 2]], ["CZ", [2, 3]], ["CZ", [3, 4]], ["CZ", [4, 5]], ["CZ", [5, 6]], ["CZ", [6, 7]], ["CZ", [7, 0]], ["CRX", [8, 1]], ["CRY", [8, 3]], ["CRX", [8, 5]], ["CRY", [8, 7]], ["CRZ", [8, 1]], ["CRZ", [8, 3]], ["CRZ", [8, 5]], ["CRZ", [8, 7]], ["RX", [0]], ["RX", [1]], ["RX", [2]], ["RX", [3]], ["RX", [4]], ["RX", [5]], ["RX", [6]], ["RX", [7]], ["RX", [8]], ["RZ", [0]], ["RZ", [2]], ["RZ", [4]], ["RZ", [6]], ["RZ", [1]], ["RZ", [3]], ["RZ", [5]], ["RZ", [7]], ["RZ", [8]], ["RY", [0]], ["RY", [2]], ["RY", [4]], ["RY", [6]], ["RY", [1]], ["RY", [3]], ["RY", [5]], ["RY", [7]], ["RY", [8]], ["CZ", [0, 1]], ["CZ", [1, 2]], ["CZ", [2, 3]], ["CZ", [3, 4]], ["CZ", [4, 5]], ["CZ", [5, 6]], ["CZ", [6, 7]], ["CZ", [7, 0]], ["CRX", [8, 1]], ["CRY", [8, 3]], ["CRX", [8, 5]], ["CRY", [8, 7]], ["CRZ", [8, 1]], ["CRZ", [8, 3]], ["CRZ", [8, 5]], ["CRZ", [8, 7]], ["RZ", [0]], ["RZ", [2]], ["RZ", [4]], ["RZ", [6]], ["RZ", [1]], ["RZ", [3]], ["RZ", [5]], ["RZ", [7]], ["RZ", [8]], ["RY", [0]], ["RY", [2]], ["RY", [4]], ["RY", [6]], ["RY", [1]], ["RY", [3]], ["RY", [5]], ["RY", [7]], ["RY", [8]], ["CZ", [0, 1]], ["CZ", [1, 2]], ["CZ", [2, 3]], ["CZ", [3, 4]], ["CZ", [4, 5]], ["CZ", [5, 6]], ["CZ", [6, 7]], ["CZ", [7, 0]], ["CRX", [8, 1]], ["CRY", [8, 3]], ["CRX", [8, 5]], ["CRY", [8, 7]], ["CRZ", [8, 1]], ["CRZ", [8, 3]], ["CRZ", [8, 5]], ["CRZ", [8, 7]]], "parameter_efficiency": 0.0022727272727272726, "spec_valid": true, "test_accuracy": 0.15, "test_loss": 4.8950266603069545, "train_accuracy": 0.18333333333333332, "train_loss": 4.733688831102658, "validation_accuracy": 0.2222222222222222, "validation_loss": 4.537766531627091}
==========Run 1/1 completed in 29.42 seconds==========
Correctness and error status saved to /home/chengyou1368/QuantumAnsatz/qml-ea/tic-tac-toe/results/ttt_qml_cli_20260605_124906/gen_75/results/correct.json
Metrics saved to /home/chengyou1368/QuantumAnsatz/qml-ea/tic-tac-toe/results/ttt_qml_cli_20260605_124906/gen_75/results/metrics.json
OK
{
  "combined_score": 0.3195181898069242,
  "public": {
    "train_accuracy_mean": 0.1833,
    "train_accuracy_std": 0.0,
    "validation_accuracy_mean": 0.2222,
    "validation_accuracy_std": 0.0,
    "test_accuracy_mean": 0.15,
    "test_accuracy_std": 0.0,
    "generalization_gap_mean": 0.0333,
    "validation_loss_mean": 4.5378,
    "test_loss_mean": 4.895,
    "parameter_efficiency_mean": 0.002273,
    "n_params": 66,
    "depth_mean": 78.0,
    "gate_count_mean": 231.0,
    "score_uses_test": false,
    "convergence_step_mean": null
  },
  "private": {
    "per_run_scores": [
      {
        "combined_score": 0.3195181898069242,
        "primary_accuracy": 0.2222222222222222,
        "gap_score": 0.9047619047619048,
        "loss_score": 0.18057821583644532,
        "parameter_efficiency_score": 0.5454545454545454,
        "convergence_score": 0.0
      }
    ],
    "per_run_test_accuracies": [
      0.15
    ]
  },
  "text_feedback": "Combined score: 0.3195\nValidation accuracy mean: 0.2222\nTest accuracy mean: 0.1500\nTrain-test generalization gap mean: 0.0333\nValidation L2 loss mean: 4.5378\nParameters: 66, depth mean: 78.0, gate count mean: 231.0\nFitness uses validation metrics; test metrics are reported as holdout diagnostics.\nAccuracy is still low; explore more expressive local entanglement or rotation diversity.\nDid not reach convergence threshold 0.90 in these runs.",
  "execution_time_mean": 29.41690176100019,
  "execution_time_std": 0.0,
  "num_valid_runs": 1,
  "num_invalid_runs": 0,
  "all_validation_errors": []
}
