Job running on a1130u24n03.mghpcc.ycrc.yale.edu under Slurm job 19439706
Activating sourced environment: /home/ch2499/project/transfer_sn/activate_eval_cluster.sh
==========Running program evaluation 1/1...==========
==========Run 1/1 completed in 1512.70 seconds==========
Correctness and error status saved to /home/ch2499/project/transfer_sn/results_sonnet_r2/gen_11/results/correct.json
Metrics saved to /home/ch2499/project/transfer_sn/results_sonnet_r2/gen_11/results/metrics.json
OK
{
  "combined_score": 0.775462493587586,
  "public": {
    "train_accuracy_mean": 0.9089,
    "train_accuracy_std": 0.0,
    "validation_accuracy_mean": 0.8533,
    "validation_accuracy_std": 0.0,
    "test_accuracy_mean": 0.8383,
    "test_accuracy_std": 0.0,
    "generalization_gap_mean": 0.0706,
    "validation_loss_mean": 0.4434,
    "test_loss_mean": 0.4647,
    "parameter_efficiency_mean": 0.004606,
    "n_params": 182,
    "depth_mean": 123.0,
    "gate_count_mean": 288.0,
    "score_uses_test": false,
    "convergence_step_mean": null
  },
  "private": {
    "per_run_scores": [
      {
        "combined_score": 0.775462493587586,
        "primary_accuracy": 0.8533333333333334,
        "gap_score": 0.7984126984126986,
        "loss_score": 0.6927861802867968,
        "parameter_efficiency_score": 0.6845421245421246,
        "convergence_score": 0.0
      }
    ],
    "per_run_test_accuracies": [
      0.8383333333333334
    ]
  },
  "text_feedback": "Combined score: 0.7755\nValidation accuracy mean: 0.8533\nTest accuracy mean: 0.8383\nTrain-test generalization gap mean: 0.0706\nValidation L2 loss mean: 0.4434\nParameters: 182, depth mean: 123.0, gate count mean: 288.0\nFitness uses validation metrics; test metrics are reported as holdout diagnostics.\nParameter count exceeds the seed; added accuracy must justify the complexity.\nDid not reach the convergence threshold in these runs.",
  "execution_time_mean": 1512.6973534710705,
  "execution_time_std": 0.0,
  "num_valid_runs": 1,
  "num_invalid_runs": 0,
  "all_validation_errors": []
}
