Job running on a1130u20n04.mghpcc.ycrc.yale.edu under Slurm job 19627810
Activating sourced environment: /home/ch2499/project/zc_ttt/activate_eval_cluster.sh
==========Running program evaluation 1/1...==========
==========Run 1/1 completed in 1523.02 seconds==========
Correctness and error status saved to /home/ch2499/project/zc_ttt/results_sonnet/gen_73/results/correct.json
Metrics saved to /home/ch2499/project/zc_ttt/results_sonnet/gen_73/results/metrics.json
OK
{
  "combined_score": 0.617052836084726,
  "public": {
    "train_accuracy_mean": 0.7267,
    "train_accuracy_std": 0.0,
    "validation_accuracy_mean": 0.7033,
    "validation_accuracy_std": 0.0,
    "test_accuracy_mean": 0.6317,
    "test_accuracy_std": 0.0,
    "generalization_gap_mean": 0.095,
    "validation_loss_mean": 2.0289,
    "test_loss_mean": 2.1736,
    "parameter_efficiency_mean": 0.00376,
    "n_params": 168,
    "depth_mean": 45.0,
    "gate_count_mean": 213.0,
    "score_uses_test": false,
    "convergence_step_mean": null
  },
  "private": {
    "per_run_scores": [
      {
        "combined_score": 0.617052836084726,
        "primary_accuracy": 0.7033333333333334,
        "gap_score": 0.7285714285714286,
        "loss_score": 0.33015382786642733,
        "parameter_efficiency_score": 0.6782142857142858,
        "convergence_score": 0.0
      }
    ],
    "per_run_test_accuracies": [
      0.6316666666666667
    ]
  },
  "text_feedback": "Combined score: 0.6171\nValidation accuracy mean: 0.7033\nTest accuracy mean: 0.6317\nTrain-test generalization gap mean: 0.0950\nValidation L2 loss mean: 2.0289\nParameters: 168, depth mean: 45.0, gate count mean: 213.0\nFitness uses validation metrics; test metrics are reported as holdout diagnostics.\nParameter count exceeds the seed; added accuracy must justify the complexity.\nDid not reach convergence threshold 0.90 in these runs.",
  "execution_time_mean": 1523.017436845228,
  "execution_time_std": 0.0,
  "num_valid_runs": 1,
  "num_invalid_runs": 0,
  "all_validation_errors": []
}
