Job running on a1132u31n03.mghpcc.ycrc.yale.edu under Slurm job 19592927
Activating sourced environment: /home/ch2499/project/zc_ttt/activate_eval_cluster.sh
==========Running program evaluation 1/1...==========
==========Run 1/1 completed in 1279.56 seconds==========
Correctness and error status saved to /home/ch2499/project/zc_ttt/results_gpt56sol/gen_5/results/correct.json
Metrics saved to /home/ch2499/project/zc_ttt/results_gpt56sol/gen_5/results/metrics.json
OK
{
  "combined_score": 0.5596873001347491,
  "public": {
    "train_accuracy_mean": 0.5644,
    "train_accuracy_std": 0.0,
    "validation_accuracy_mean": 0.58,
    "validation_accuracy_std": 0.0,
    "test_accuracy_mean": 0.505,
    "test_accuracy_std": 0.0,
    "generalization_gap_mean": 0.0594,
    "validation_loss_mean": 2.3172,
    "test_loss_mean": 2.4287,
    "parameter_efficiency_mean": 0.004676,
    "n_params": 108,
    "depth_mean": 47.0,
    "gate_count_mean": 261.0,
    "score_uses_test": false,
    "convergence_step_mean": null
  },
  "private": {
    "per_run_scores": [
      {
        "combined_score": 0.5596873001347491,
        "primary_accuracy": 0.58,
        "gap_score": 0.8301587301587302,
        "loss_score": 0.30146030777663396,
        "parameter_efficiency_score": 0.87,
        "convergence_score": 0.0
      }
    ],
    "per_run_test_accuracies": [
      0.505
    ]
  },
  "text_feedback": "Combined score: 0.5597\nValidation accuracy mean: 0.5800\nTest accuracy mean: 0.5050\nTrain-test generalization gap mean: 0.0594\nValidation L2 loss mean: 2.3172\nParameters: 108, depth mean: 47.0, gate count mean: 261.0\nFitness uses validation metrics; test metrics are reported as holdout diagnostics.\nDid not reach convergence threshold 0.90 in these runs.",
  "execution_time_mean": 1279.5572929317132,
  "execution_time_std": 0.0,
  "num_valid_runs": 1,
  "num_invalid_runs": 0,
  "all_validation_errors": []
}
