Job running on a1114u16n01.mghpcc.ycrc.yale.edu under Slurm job 19441689
Activating sourced environment: /home/ch2499/project/transfer_sn/activate_eval_cluster.sh
==========Running program evaluation 1/1...==========
==========Run 1/1 completed in 484.77 seconds==========
Correctness and error status saved to /home/ch2499/project/transfer_sn/results_sonnet_r2/gen_15/results/correct.json
Metrics saved to /home/ch2499/project/transfer_sn/results_sonnet_r2/gen_15/results/metrics.json
OK
{
  "combined_score": 0.844920217289753,
  "public": {
    "train_accuracy_mean": 0.8756,
    "train_accuracy_std": 0.0,
    "validation_accuracy_mean": 0.8567,
    "validation_accuracy_std": 0.0,
    "test_accuracy_mean": 0.855,
    "test_accuracy_std": 0.0,
    "generalization_gap_mean": 0.0206,
    "validation_loss_mean": 0.4705,
    "test_loss_mean": 0.4951,
    "parameter_efficiency_mean": 0.005029,
    "n_params": 170,
    "depth_mean": 123.0,
    "gate_count_mean": 276.0,
    "score_uses_test": false,
    "convergence_step_mean": 570.0
  },
  "private": {
    "per_run_scores": [
      {
        "combined_score": 0.844920217289753,
        "primary_accuracy": 0.8566666666666667,
        "gap_score": 0.9412698412698413,
        "loss_score": 0.6800305180038935,
        "parameter_efficiency_score": 0.7357254901960785,
        "convergence_score": 0.981
      }
    ],
    "per_run_test_accuracies": [
      0.855
    ]
  },
  "text_feedback": "Combined score: 0.8449\nValidation accuracy mean: 0.8567\nTest accuracy mean: 0.8550\nTrain-test generalization gap mean: 0.0206\nValidation L2 loss mean: 0.4705\nParameters: 170, depth mean: 123.0, gate count mean: 276.0\nFitness uses validation metrics; test metrics are reported as holdout diagnostics.\nParameter count exceeds the seed; added accuracy must justify the complexity.",
  "execution_time_mean": 484.7726224299986,
  "execution_time_std": 0.0,
  "num_valid_runs": 1,
  "num_invalid_runs": 0,
  "all_validation_errors": []
}
