Job running on a1130u33n02.mghpcc.ycrc.yale.edu under Slurm job 19604631
Activating sourced environment: /home/ch2499/project/zc_sn/activate_eval_cluster.sh
==========Running program evaluation 1/1...==========
==========Run 1/1 completed in 773.36 seconds==========
Correctness and error status saved to /home/ch2499/project/zc_sn/results_sonnet/gen_40/results/correct.json
Metrics saved to /home/ch2499/project/zc_sn/results_sonnet/gen_40/results/metrics.json
OK
{
  "combined_score": 0.8463778324417799,
  "public": {
    "train_accuracy_mean": 0.9467,
    "train_accuracy_std": 0.0,
    "validation_accuracy_mean": 0.89,
    "validation_accuracy_std": 0.0,
    "test_accuracy_mean": 0.86,
    "test_accuracy_std": 0.0,
    "generalization_gap_mean": 0.0867,
    "validation_loss_mean": 0.4146,
    "test_loss_mean": 0.4641,
    "parameter_efficiency_mean": 0.005059,
    "n_params": 170,
    "depth_mean": 126.0,
    "gate_count_mean": 330.0,
    "score_uses_test": false,
    "convergence_step_mean": 240.0
  },
  "private": {
    "per_run_scores": [
      {
        "combined_score": 0.8463778324417799,
        "primary_accuracy": 0.89,
        "gap_score": 0.7523809523809524,
        "loss_score": 0.7069091723943117,
        "parameter_efficiency_score": 0.7643529411764706,
        "convergence_score": 0.992
      }
    ],
    "per_run_test_accuracies": [
      0.86
    ]
  },
  "text_feedback": "Combined score: 0.8464\nValidation accuracy mean: 0.8900\nTest accuracy mean: 0.8600\nTrain-test generalization gap mean: 0.0867\nValidation L2 loss mean: 0.4146\nParameters: 170, depth mean: 126.0, gate count mean: 330.0\nFitness uses validation metrics; test metrics are reported as holdout diagnostics.\nParameter count exceeds the seed; added accuracy must justify the complexity.",
  "execution_time_mean": 773.3573072808795,
  "execution_time_std": 0.0,
  "num_valid_runs": 1,
  "num_invalid_runs": 0,
  "all_validation_errors": []
}
