Job running on a1114u32n01.mghpcc.ycrc.yale.edu under Slurm job 23104682
Activating sourced environment: /home/ch2499/project/transfer_sn/activate_eval_cluster.sh
==========Running program evaluation 1/1...==========
==========Run 1/1 completed in 878.51 seconds==========
Correctness and error status saved to /home/ch2499/project/transfer_sn/results_frw3_frontabl_r2/gen_4/results/correct.json
Metrics saved to /home/ch2499/project/transfer_sn/results_frw3_frontabl_r2/gen_4/results/metrics.json
OK
{
  "combined_score": 0.17236956857323388,
  "public": {
    "combined_score_raw": 0.8707,
    "train_accuracy_mean": 0.9422,
    "train_accuracy_std": 0.0,
    "validation_accuracy_mean": 0.88,
    "validation_accuracy_std": 0.0,
    "test_accuracy_mean": 0.8983,
    "test_accuracy_std": 0.0,
    "generalization_gap_mean": 0.0439,
    "validation_loss_mean": 0.4176,
    "test_loss_mean": 0.4219,
    "parameter_efficiency_mean": 0.017967,
    "n_params": 50,
    "depth_mean": 99.0,
    "gate_count_mean": 348.0,
    "score_uses_test": false,
    "convergence_step_mean": 300.0
  },
  "private": {
    "per_run_scores": [
      {
        "combined_score": 0.8707239678041617,
        "primary_accuracy": 0.88,
        "gap_score": 0.8746031746031746,
        "loss_score": 0.7054084626097553,
        "parameter_efficiency_score": 1.0,
        "convergence_score": 0.99
      }
    ],
    "per_run_test_accuracies": [
      0.8983333333333333
    ]
  },
  "text_feedback": "Combined score: 0.1724\nScore scale: 0.0 = the seed program, 1.0 = the best solution found so far on this task. Negative means worse than the seed.\nValidation accuracy mean: 0.8800\nTest accuracy mean: 0.8983\nTrain-test generalization gap mean: 0.0439\nValidation L2 loss mean: 0.4176\nParameters: 50, depth mean: 99.0, gate count mean: 348.0\nFitness uses validation metrics; test metrics are reported as holdout diagnostics.",
  "execution_time_mean": 878.5063233207911,
  "execution_time_std": 0.0,
  "num_valid_runs": 1,
  "num_invalid_runs": 0,
  "all_validation_errors": []
}
