Job running on a1132u24n03.mghpcc.ycrc.yale.edu under Slurm job 19482847
Activating sourced environment: /home/ch2499/project/transfer_sn/activate_eval_cluster.sh
==========Running program evaluation 1/1...==========
==========Run 1/1 completed in 1568.71 seconds==========
Correctness and error status saved to /home/ch2499/project/transfer_sn/results_haiku_r2/gen_31/results/correct.json
Metrics saved to /home/ch2499/project/transfer_sn/results_haiku_r2/gen_31/results/metrics.json
OK
{
  "combined_score": 0.8946389778078834,
  "public": {
    "train_accuracy_mean": 0.92,
    "train_accuracy_std": 0.0,
    "validation_accuracy_mean": 0.91,
    "validation_accuracy_std": 0.0,
    "test_accuracy_mean": 0.895,
    "test_accuracy_std": 0.0,
    "generalization_gap_mean": 0.025,
    "validation_loss_mean": 0.3805,
    "test_loss_mean": 0.3662,
    "parameter_efficiency_mean": 0.014435,
    "n_params": 62,
    "depth_mean": 117.0,
    "gate_count_mean": 396.0,
    "score_uses_test": false,
    "convergence_step_mean": 180.0
  },
  "private": {
    "per_run_scores": [
      {
        "combined_score": 0.8946389778078834,
        "primary_accuracy": 0.91,
        "gap_score": 0.9285714285714285,
        "loss_score": 0.7243550901477938,
        "parameter_efficiency_score": 1.0,
        "convergence_score": 0.994
      }
    ],
    "per_run_test_accuracies": [
      0.895
    ]
  },
  "text_feedback": "Combined score: 0.8946\nValidation accuracy mean: 0.9100\nTest accuracy mean: 0.8950\nTrain-test generalization gap mean: 0.0250\nValidation L2 loss mean: 0.3805\nParameters: 62, depth mean: 117.0, gate count mean: 396.0\nFitness uses validation metrics; test metrics are reported as holdout diagnostics.",
  "execution_time_mean": 1568.7072977130301,
  "execution_time_std": 0.0,
  "num_valid_runs": 1,
  "num_invalid_runs": 0,
  "all_validation_errors": []
}
