==========Running program evaluation 1/1...==========
{"batch_size": 10, "data_seed": 2027, "dataset": {"all_valid_unique_boards": {"class_counts": {"circle": 316, "cross": 626, "draw": 4536}, "total": 5478}, "overlap_train_test": 4, "overlap_train_validation": 1, "overlap_validation_test": 3, "test": {"class_counts": {"circle": 20, "cross": 20, "draw": 20}, "rows": 60, "unique_boards": 59}, "train": {"class_counts": {"circle": 20, "cross": 20, "draw": 20}, "rows": 60, "unique_boards": 59}, "validation": {"class_counts": {"circle": 15, "cross": 15, "draw": 15}, "rows": 45, "unique_boards": 44}}, "event": "start", "learning_rate": 0.03, "n_epochs": 3, "n_params": 60, "n_params_per_block": 10, "n_repeats": 2, "n_uploads": 3, "seed": 1000, "steps_per_epoch": 3}
{"batch_loss": 7.389079228217395, "epoch": 1, "event": "epoch", "global_step": 3, "test_accuracy": 0.2, "test_loss": 6.815846357763365, "train_accuracy": 0.25, "train_loss": 6.816737623185528, "validation_accuracy": 0.26666666666666666, "validation_loss": 6.778773191917661}
{"batch_loss": 5.6792337491776665, "epoch": 2, "event": "epoch", "global_step": 6, "test_accuracy": 0.4166666666666667, "test_loss": 4.7885177524547204, "train_accuracy": 0.3, "train_loss": 4.812699615114026, "validation_accuracy": 0.4, "validation_loss": 4.634417905349936}
{"batch_loss": 3.959623053082699, "epoch": 3, "event": "epoch", "global_step": 9, "test_accuracy": 0.4166666666666667, "test_loss": 3.375025939479806, "train_accuracy": 0.31666666666666665, "train_loss": 3.4745706312508013, "validation_accuracy": 0.37777777777777777, "validation_loss": 3.2384043556522952}
{"convergence_epoch": null, "convergence_step": null, "convergence_threshold": 0.9, "depth": 117, "event": "final", "gate_count": 285, "generalization_gap": 0.10000000000000003, "history_tail": [{"batch_loss": 7.389079228217395, "epoch": 1, "event": "epoch", "global_step": 3, "test_accuracy": 0.2, "test_loss": 6.815846357763365, "train_accuracy": 0.25, "train_loss": 6.816737623185528, "validation_accuracy": 0.26666666666666666, "validation_loss": 6.778773191917661}, {"batch_loss": 5.6792337491776665, "epoch": 2, "event": "epoch", "global_step": 6, "test_accuracy": 0.4166666666666667, "test_loss": 4.7885177524547204, "train_accuracy": 0.3, "train_loss": 4.812699615114026, "validation_accuracy": 0.4, "validation_loss": 4.634417905349936}, {"batch_loss": 3.959623053082699, "epoch": 3, "event": "epoch", "global_step": 9, "test_accuracy": 0.4166666666666667, "test_loss": 3.375025939479806, "train_accuracy": 0.31666666666666665, "train_loss": 3.4745706312508013, "validation_accuracy": 0.37777777777777777, "validation_loss": 3.2384043556522952}], "max_steps": 9, "n_params": 60, "n_params_per_block": 10, "n_qubits": 9, "n_repeats": 2, "n_uploads": 3, "operations": [["RX", [0]], ["RX", [1]], ["RX", [2]], ["RX", [3]], ["RX", [4]], ["RX", [5]], ["RX", [6]], ["RX", [7]], ["RX", [8]], ["RZ", [0]], ["RZ", [2]], ["RZ", [4]], ["RZ", [6]], ["RZ", [1]], ["RZ", [3]], ["RZ", [5]], ["RZ", [7]], ["RZ", [8]], ["RY", [0]], ["RY", [2]], ["RY", [4]], ["RY", [6]], ["RY", [1]], ["RY", [3]], ["RY", [5]], ["RY", [7]], ["RY", [8]], ["CZ", [0, 1]], ["CZ", [1, 2]], ["CZ", [2, 3]], ["CZ", [3, 4]], ["CZ", [4, 5]], ["CZ", [5, 6]], ["CZ", [6, 7]], ["CZ", [7, 0]], ["CRX", [0, 1]], ["CRX", [1, 2]], ["CRX", [2, 3]], ["CRX", [3, 4]], ["CRX", [4, 5]], ["CRX", [5, 6]], ["CRX", [6, 7]], ["CRX", [7, 0]], ["RZ", [0]], ["RZ", [2]], ["RZ", [4]], ["RZ", [6]], ["RZ", [1]], ["RZ", [3]], ["RZ", [5]], ["RZ", [7]], ["RZ", [8]], ["RZ", [0]], ["RZ", [2]], ["RZ", [4]], ["RZ", [6]], ["RZ", [1]], ["RZ", [3]], ["RZ", [5]], ["RZ", [7]], ["RZ", [8]], ["RY", [0]], ["RY", [2]], ["RY", [4]], ["RY", [6]], ["RY", [1]], ["RY", [3]], ["RY", [5]], ["RY", [7]], ["RY", [8]], ["CZ", [0, 1]], ["CZ", [1, 2]], ["CZ", [2, 3]], ["CZ", [3, 4]], ["CZ", [4, 5]], ["CZ", [5, 6]], ["CZ", [6, 7]], ["CZ", [7, 0]], ["CRX", [0, 1]], ["CRX", [1, 2]], ["CRX", [2, 3]], ["CRX", [3, 4]], ["CRX", [4, 5]], ["CRX", [5, 6]], ["CRX", [6, 7]], ["CRX", [7, 0]], ["RZ", [0]], ["RZ", [2]], ["RZ", [4]], ["RZ", [6]], ["RZ", [1]], ["RZ", [3]], ["RZ", [5]], ["RZ", [7]], ["RZ", [8]], ["RX", [0]], ["RX", [1]], ["RX", [2]], ["RX", [3]], ["RX", [4]], ["RX", [5]], ["RX", [6]], ["RX", [7]], ["RX", [8]], ["RZ", [0]], ["RZ", [2]], ["RZ", [4]], ["RZ", [6]], ["RZ", [1]], ["RZ", [3]], ["RZ", [5]], ["RZ", [7]], ["RZ", [8]], ["RY", [0]], ["RY", [2]], ["RY", [4]], ["RY", [6]], ["RY", [1]], ["RY", [3]], ["RY", [5]], ["RY", [7]], ["RY", [8]], ["CZ", [0, 1]], ["CZ", [1, 2]], ["CZ", [2, 3]], ["CZ", [3, 4]], ["CZ", [4, 5]], ["CZ", [5, 6]], ["CZ", [6, 7]], ["CZ", [7, 0]], ["CRX", [0, 1]], ["CRX", [1, 2]], ["CRX", [2, 3]], ["CRX", [3, 4]], ["CRX", [4, 5]], ["CRX", [5, 6]], ["CRX", [6, 7]], ["CRX", [7, 0]], ["RZ", [0]], ["RZ", [2]], ["RZ", [4]], ["RZ", [6]], ["RZ", [1]], ["RZ", [3]], ["RZ", [5]], ["RZ", [7]], ["RZ", [8]], ["RZ", [0]], ["RZ", [2]], ["RZ", [4]], ["RZ", [6]], ["RZ", [1]], ["RZ", [3]], ["RZ", [5]], ["RZ", [7]], ["RZ", [8]], ["RY", [0]], ["RY", [2]], ["RY", [4]], ["RY", [6]], ["RY", [1]], ["RY", [3]], ["RY", [5]], ["RY", [7]], ["RY", [8]], ["CZ", [0, 1]], ["CZ", [1, 2]], ["CZ", [2, 3]], ["CZ", [3, 4]], ["CZ", [4, 5]], ["CZ", [5, 6]], ["CZ", [6, 7]], ["CZ", [7, 0]], ["CRX", [0, 1]], ["CRX", [1, 2]], ["CRX", [2, 3]], ["CRX", [3, 4]], ["CRX", [4, 5]], ["CRX", [5, 6]], ["CRX", [6, 7]], ["CRX", [7, 0]], ["RZ", [0]], ["RZ", [2]], ["RZ", [4]], ["RZ", [6]], ["RZ", [1]], ["RZ", [3]], ["RZ", [5]], ["RZ", [7]], ["RZ", [8]], ["RX", [0]], ["RX", [1]], ["RX", [2]], ["RX", [3]], ["RX", [4]], ["RX", [5]], ["RX", [6]], ["RX", [7]], ["RX", [8]], ["RZ", [0]], ["RZ", [2]], ["RZ", [4]], ["RZ", [6]], ["RZ", [1]], ["RZ", [3]], ["RZ", [5]], ["RZ", [7]], ["RZ", [8]], ["RY", [0]], ["RY", [2]], ["RY", [4]], ["RY", [6]], ["RY", [1]], ["RY", [3]], ["RY", [5]], ["RY", [7]], ["RY", [8]], ["CZ", [0, 1]], ["CZ", [1, 2]], ["CZ", [2, 3]], ["CZ", [3, 4]], ["CZ", [4, 5]], ["CZ", [5, 6]], ["CZ", [6, 7]], ["CZ", [7, 0]], ["CRX", [0, 1]], ["CRX", [1, 2]], ["CRX", [2, 3]], ["CRX", [3, 4]], ["CRX", [4, 5]], ["CRX", [5, 6]], ["CRX", [6, 7]], ["CRX", [7, 0]], ["RZ", [0]], ["RZ", [2]], ["RZ", [4]], ["RZ", [6]], ["RZ", [1]], ["RZ", [3]], ["RZ", [5]], ["RZ", [7]], ["RZ", [8]], ["RZ", [0]], ["RZ", [2]], ["RZ", [4]], ["RZ", [6]], ["RZ", [1]], ["RZ", [3]], ["RZ", [5]], ["RZ", [7]], ["RZ", [8]], ["RY", [0]], ["RY", [2]], ["RY", [4]], ["RY", [6]], ["RY", [1]], ["RY", [3]], ["RY", [5]], ["RY", [7]], ["RY", [8]], ["CZ", [0, 1]], ["CZ", [1, 2]], ["CZ", [2, 3]], ["CZ", [3, 4]], ["CZ", [4, 5]], ["CZ", [5, 6]], ["CZ", [6, 7]], ["CZ", [7, 0]], ["CRX", [0, 1]], ["CRX", [1, 2]], ["CRX", [2, 3]], ["CRX", [3, 4]], ["CRX", [4, 5]], ["CRX", [5, 6]], ["CRX", [6, 7]], ["CRX", [7, 0]], ["RZ", [0]], ["RZ", [2]], ["RZ", [4]], ["RZ", [6]], ["RZ", [1]], ["RZ", [3]], ["RZ", [5]], ["RZ", [7]], ["RZ", [8]]], "parameter_efficiency": 0.006944444444444445, "spec_valid": true, "test_accuracy": 0.4166666666666667, "test_loss": 3.375025939479806, "train_accuracy": 0.31666666666666665, "train_loss": 3.4745706312508013, "validation_accuracy": 0.37777777777777777, "validation_loss": 3.2384043556522952}
==========Run 1/1 completed in 40.99 seconds==========
Correctness and error status saved to /home/chengyou1368/QuantumAnsatz/qml-ea/tic-tac-toe/results/ttt_qml_cli_20260605_124906/gen_45/results/correct.json
Metrics saved to /home/chengyou1368/QuantumAnsatz/qml-ea/tic-tac-toe/results/ttt_qml_cli_20260605_124906/gen_45/results/metrics.json
OK
{
  "combined_score": 0.4130890898054616,
  "public": {
    "train_accuracy_mean": 0.3167,
    "train_accuracy_std": 0.0,
    "validation_accuracy_mean": 0.3778,
    "validation_accuracy_std": 0.0,
    "test_accuracy_mean": 0.4167,
    "test_accuracy_std": 0.0,
    "generalization_gap_mean": 0.1,
    "validation_loss_mean": 3.2384,
    "test_loss_mean": 3.375,
    "parameter_efficiency_mean": 0.006944,
    "n_params": 60,
    "depth_mean": 117.0,
    "gate_count_mean": 285.0,
    "score_uses_test": false,
    "convergence_step_mean": null
  },
  "private": {
    "per_run_scores": [
      {
        "combined_score": 0.4130890898054616,
        "primary_accuracy": 0.37777777777777777,
        "gap_score": 0.7142857142857142,
        "loss_score": 0.23593784738032594,
        "parameter_efficiency_score": 1.0,
        "convergence_score": 0.0
      }
    ],
    "per_run_test_accuracies": [
      0.4166666666666667
    ]
  },
  "text_feedback": "Combined score: 0.4131\nValidation accuracy mean: 0.3778\nTest accuracy mean: 0.4167\nTrain-test generalization gap mean: 0.1000\nValidation L2 loss mean: 3.2384\nParameters: 60, depth mean: 117.0, gate count mean: 285.0\nFitness uses validation metrics; test metrics are reported as holdout diagnostics.\nAccuracy is still low; explore more expressive local entanglement or rotation diversity.\nDid not reach convergence threshold 0.90 in these runs.",
  "execution_time_mean": 40.9883879279987,
  "execution_time_std": 0.0,
  "num_valid_runs": 1,
  "num_invalid_runs": 0,
  "all_validation_errors": []
}
