Job running on a1132u22n02.mghpcc.ycrc.yale.edu under Slurm job 19610078
Activating sourced environment: /home/ch2499/project/zc_ttt/activate_eval_cluster.sh
==========Running program evaluation 1/1...==========
==========Run 1/1 completed in 2512.82 seconds==========
Correctness and error status saved to /home/ch2499/project/zc_ttt/results_haiku/gen_50/results/correct.json
Metrics saved to /home/ch2499/project/zc_ttt/results_haiku/gen_50/results/metrics.json
OK
{
  "combined_score": 0.5347330010663673,
  "public": {
    "train_accuracy_mean": 0.68,
    "train_accuracy_std": 0.0,
    "validation_accuracy_mean": 0.59,
    "validation_accuracy_std": 0.0,
    "test_accuracy_mean": 0.5767,
    "test_accuracy_std": 0.0,
    "generalization_gap_mean": 0.1033,
    "validation_loss_mean": 2.2534,
    "test_loss_mean": 2.2848,
    "parameter_efficiency_mean": 0.002403,
    "n_params": 240,
    "depth_mean": 81.0,
    "gate_count_mean": 393.0,
    "score_uses_test": false,
    "convergence_step_mean": null
  },
  "private": {
    "per_run_scores": [
      {
        "combined_score": 0.5347330010663673,
        "primary_accuracy": 0.59,
        "gap_score": 0.7047619047619046,
        "loss_score": 0.30737476901387734,
        "parameter_efficiency_score": 0.39825,
        "convergence_score": 0.0
      }
    ],
    "per_run_test_accuracies": [
      0.5766666666666667
    ]
  },
  "text_feedback": "Combined score: 0.5347\nValidation accuracy mean: 0.5900\nTest accuracy mean: 0.5767\nTrain-test generalization gap mean: 0.1033\nValidation L2 loss mean: 2.2534\nParameters: 240, depth mean: 81.0, gate count mean: 393.0\nFitness uses validation metrics; test metrics are reported as holdout diagnostics.\nParameter count exceeds the seed; added accuracy must justify the complexity.\nDid not reach convergence threshold 0.90 in these runs.",
  "execution_time_mean": 2512.8164966902696,
  "execution_time_std": 0.0,
  "num_valid_runs": 1,
  "num_invalid_runs": 0,
  "all_validation_errors": []
}
