Job running on a1132u22n03.mghpcc.ycrc.yale.edu under Slurm job 19601416
Activating sourced environment: /home/ch2499/project/zc_ttt/activate_eval_cluster.sh
==========Running program evaluation 1/1...==========
==========Run 1/1 completed in 2412.10 seconds==========
Correctness and error status saved to /home/ch2499/project/zc_ttt/results_haiku/gen_16/results/correct.json
Metrics saved to /home/ch2499/project/zc_ttt/results_haiku/gen_16/results/metrics.json
OK
{
  "combined_score": 0.557669782611447,
  "public": {
    "train_accuracy_mean": 0.6756,
    "train_accuracy_std": 0.0,
    "validation_accuracy_mean": 0.5867,
    "validation_accuracy_std": 0.0,
    "test_accuracy_mean": 0.5867,
    "test_accuracy_std": 0.0,
    "generalization_gap_mean": 0.0889,
    "validation_loss_mean": 2.1805,
    "test_loss_mean": 2.263,
    "parameter_efficiency_mean": 0.004656,
    "n_params": 126,
    "depth_mean": 63.0,
    "gate_count_mean": 267.0,
    "score_uses_test": false,
    "convergence_step_mean": null
  },
  "private": {
    "per_run_scores": [
      {
        "combined_score": 0.557669782611447,
        "primary_accuracy": 0.5866666666666667,
        "gap_score": 0.746031746031746,
        "loss_score": 0.314412307356736,
        "parameter_efficiency_score": 0.7542857142857143,
        "convergence_score": 0.0
      }
    ],
    "per_run_test_accuracies": [
      0.5866666666666667
    ]
  },
  "text_feedback": "Combined score: 0.5577\nValidation accuracy mean: 0.5867\nTest accuracy mean: 0.5867\nTrain-test generalization gap mean: 0.0889\nValidation L2 loss mean: 2.1805\nParameters: 126, depth mean: 63.0, gate count mean: 267.0\nFitness uses validation metrics; test metrics are reported as holdout diagnostics.\nDid not reach convergence threshold 0.90 in these runs.",
  "execution_time_mean": 2412.096450881101,
  "execution_time_std": 0.0,
  "num_valid_runs": 1,
  "num_invalid_runs": 0,
  "all_validation_errors": []
}
