Job running on a1114u19n01.mghpcc.ycrc.yale.edu under Slurm job 19436041
Activating sourced environment: /home/ch2499/project/transfer_sn/activate_eval_cluster.sh
==========Running program evaluation 1/1...==========
==========Run 1/1 completed in 703.25 seconds==========
Correctness and error status saved to /home/ch2499/project/transfer_sn/results_sonnet_r2/gen_2/results/correct.json
Metrics saved to /home/ch2499/project/transfer_sn/results_sonnet_r2/gen_2/results/metrics.json
OK
{
  "combined_score": 0.7807347766296736,
  "public": {
    "train_accuracy_mean": 0.9556,
    "train_accuracy_std": 0.0,
    "validation_accuracy_mean": 0.8633,
    "validation_accuracy_std": 0.0,
    "test_accuracy_mean": 0.8867,
    "test_accuracy_std": 0.0,
    "generalization_gap_mean": 0.0689,
    "validation_loss_mean": 0.4642,
    "test_loss_mean": 0.4335,
    "parameter_efficiency_mean": 0.004304,
    "n_params": 206,
    "depth_mean": 124.0,
    "gate_count_mean": 288.0,
    "score_uses_test": false,
    "convergence_step_mean": null
  },
  "private": {
    "per_run_scores": [
      {
        "combined_score": 0.7807347766296736,
        "primary_accuracy": 0.8633333333333333,
        "gap_score": 0.8031746031746032,
        "loss_score": 0.6829500853238318,
        "parameter_efficiency_score": 0.6118770226537216,
        "convergence_score": 0.0
      }
    ],
    "per_run_test_accuracies": [
      0.8866666666666667
    ]
  },
  "text_feedback": "Combined score: 0.7807\nValidation accuracy mean: 0.8633\nTest accuracy mean: 0.8867\nTrain-test generalization gap mean: 0.0689\nValidation L2 loss mean: 0.4642\nParameters: 206, depth mean: 124.0, gate count mean: 288.0\nFitness uses validation metrics; test metrics are reported as holdout diagnostics.\nParameter count exceeds the seed; added accuracy must justify the complexity.\nDid not reach the convergence threshold in these runs.",
  "execution_time_mean": 703.2512227249972,
  "execution_time_std": 0.0,
  "num_valid_runs": 1,
  "num_invalid_runs": 0,
  "all_validation_errors": []
}
