Job running on a1130u33n01.mghpcc.ycrc.yale.edu under Slurm job 19601795
Activating sourced environment: /home/ch2499/project/zc_sn/activate_eval_cluster.sh
==========Running program evaluation 1/1...==========
==========Run 1/1 completed in 752.82 seconds==========
Correctness and error status saved to /home/ch2499/project/zc_sn/results_gpt56sol/gen_35/results/correct.json
Metrics saved to /home/ch2499/project/zc_sn/results_gpt56sol/gen_35/results/metrics.json
OK
{
  "combined_score": 0.7955779353895177,
  "public": {
    "train_accuracy_mean": 0.8822,
    "train_accuracy_std": 0.0,
    "validation_accuracy_mean": 0.85,
    "validation_accuracy_std": 0.0,
    "test_accuracy_mean": 0.8483,
    "test_accuracy_std": 0.0,
    "generalization_gap_mean": 0.0339,
    "validation_loss_mean": 0.4914,
    "test_loss_mean": 0.491,
    "parameter_efficiency_mean": 0.006331,
    "n_params": 134,
    "depth_mean": 129.0,
    "gate_count_mean": 390.0,
    "score_uses_test": false,
    "convergence_step_mean": null
  },
  "private": {
    "per_run_scores": [
      {
        "combined_score": 0.7955779353895177,
        "primary_accuracy": 0.85,
        "gap_score": 0.9031746031746033,
        "loss_score": 0.6704903502790078,
        "parameter_efficiency_score": 0.9261194029850746,
        "convergence_score": 0.0
      }
    ],
    "per_run_test_accuracies": [
      0.8483333333333334
    ]
  },
  "text_feedback": "Combined score: 0.7956\nValidation accuracy mean: 0.8500\nTest accuracy mean: 0.8483\nTrain-test generalization gap mean: 0.0339\nValidation L2 loss mean: 0.4914\nParameters: 134, depth mean: 129.0, gate count mean: 390.0\nFitness uses validation metrics; test metrics are reported as holdout diagnostics.\nDid not reach the convergence threshold in these runs.",
  "execution_time_mean": 752.8172468361445,
  "execution_time_std": 0.0,
  "num_valid_runs": 1,
  "num_invalid_runs": 0,
  "all_validation_errors": []
}
