==========Running program evaluation 1/1...==========
{"batch_size": 10, "data_seed": 2027, "dataset": {"all_valid_unique_boards": {"class_counts": {"circle": 316, "cross": 626, "draw": 4536}, "total": 5478}, "overlap_train_test": 4, "overlap_train_validation": 1, "overlap_validation_test": 3, "test": {"class_counts": {"circle": 20, "cross": 20, "draw": 20}, "rows": 60, "unique_boards": 59}, "train": {"class_counts": {"circle": 20, "cross": 20, "draw": 20}, "rows": 60, "unique_boards": 59}, "validation": {"class_counts": {"circle": 15, "cross": 15, "draw": 15}, "rows": 45, "unique_boards": 44}}, "event": "start", "learning_rate": 0.03, "n_epochs": 3, "n_params": 66, "n_params_per_block": 11, "n_repeats": 2, "n_uploads": 3, "seed": 2000, "steps_per_epoch": 3}
{"batch_loss": 6.800121501782701, "epoch": 1, "event": "epoch", "global_step": 3, "test_accuracy": 0.36666666666666664, "test_loss": 5.586295879278794, "train_accuracy": 0.36666666666666664, "train_loss": 5.821795803150177, "validation_accuracy": 0.37777777777777777, "validation_loss": 5.864306953342541}
{"batch_loss": 4.009580598253442, "epoch": 2, "event": "epoch", "global_step": 6, "test_accuracy": 0.31666666666666665, "test_loss": 3.150587095766326, "train_accuracy": 0.31666666666666665, "train_loss": 3.26551349388454, "validation_accuracy": 0.37777777777777777, "validation_loss": 3.2767339934147452}
{"batch_loss": 2.749144469375014, "epoch": 3, "event": "epoch", "global_step": 9, "test_accuracy": 0.43333333333333335, "test_loss": 2.4686597048498404, "train_accuracy": 0.4, "train_loss": 2.70823197854143, "validation_accuracy": 0.5111111111111111, "validation_loss": 2.516731596965124}
{"convergence_epoch": null, "convergence_step": null, "convergence_threshold": 0.9, "depth": 52, "event": "final", "gate_count": 291, "generalization_gap": 0.033333333333333326, "history_tail": [{"batch_loss": 6.800121501782701, "epoch": 1, "event": "epoch", "global_step": 3, "test_accuracy": 0.36666666666666664, "test_loss": 5.586295879278794, "train_accuracy": 0.36666666666666664, "train_loss": 5.821795803150177, "validation_accuracy": 0.37777777777777777, "validation_loss": 5.864306953342541}, {"batch_loss": 4.009580598253442, "epoch": 2, "event": "epoch", "global_step": 6, "test_accuracy": 0.31666666666666665, "test_loss": 3.150587095766326, "train_accuracy": 0.31666666666666665, "train_loss": 3.26551349388454, "validation_accuracy": 0.37777777777777777, "validation_loss": 3.2767339934147452}, {"batch_loss": 2.749144469375014, "epoch": 3, "event": "epoch", "global_step": 9, "test_accuracy": 0.43333333333333335, "test_loss": 2.4686597048498404, "train_accuracy": 0.4, "train_loss": 2.70823197854143, "validation_accuracy": 0.5111111111111111, "validation_loss": 2.516731596965124}], "max_steps": 9, "n_params": 66, "n_params_per_block": 11, "n_qubits": 9, "n_repeats": 2, "n_uploads": 3, "operations": [["RX", [0]], ["RX", [1]], ["RX", [2]], ["RX", [3]], ["RX", [4]], ["RX", [5]], ["RX", [6]], ["RX", [7]], ["RX", [8]], ["RY", [0]], ["RY", [2]], ["RY", [4]], ["RY", [6]], ["RY", [1]], ["RY", [3]], ["RY", [5]], ["RY", [7]], ["RY", [8]], ["RZ", [0]], ["RZ", [1]], ["RZ", [2]], ["RZ", [3]], ["RZ", [4]], ["RZ", [5]], ["RZ", [6]], ["RZ", [7]], ["RZ", [8]], ["CRX", [0, 1]], ["CRX", [2, 3]], ["CRX", [4, 5]], ["CRX", [6, 7]], ["CRZ", [1, 8]], ["CRZ", [3, 8]], ["CRZ", [5, 8]], ["CRZ", [7, 8]], ["RX", [0]], ["RX", [2]], ["RX", [4]], ["RX", [6]], ["RX", [1]], ["RX", [3]], ["RX", [5]], ["RX", [7]], ["RX", [8]], ["RY", [0]], ["RY", [1]], ["RY", [2]], ["RY", [3]], ["RY", [4]], ["RY", [5]], ["RY", [6]], ["RY", [7]], ["RY", [8]], ["RY", [0]], ["RY", [2]], ["RY", [4]], ["RY", [6]], ["RY", [1]], ["RY", [3]], ["RY", [5]], ["RY", [7]], ["RY", [8]], ["RZ", [0]], ["RZ", [1]], ["RZ", [2]], ["RZ", [3]], ["RZ", [4]], ["RZ", [5]], ["RZ", [6]], ["RZ", [7]], ["RZ", [8]], ["CRX", [0, 1]], ["CRX", [2, 3]], ["CRX", [4, 5]], ["CRX", [6, 7]], ["CRZ", [1, 8]], ["CRZ", [3, 8]], ["CRZ", [5, 8]], ["CRZ", [7, 8]], ["RX", [0]], ["RX", [2]], ["RX", [4]], ["RX", [6]], ["RX", [1]], ["RX", [3]], ["RX", [5]], ["RX", [7]], ["RX", [8]], ["RY", [0]], ["RY", [1]], ["RY", [2]], ["RY", [3]], ["RY", [4]], ["RY", [5]], ["RY", [6]], ["RY", [7]], ["RY", [8]], ["RX", [0]], ["RX", [1]], ["RX", [2]], ["RX", [3]], ["RX", [4]], ["RX", [5]], ["RX", [6]], ["RX", [7]], ["RX", [8]], ["RY", [0]], ["RY", [2]], ["RY", [4]], ["RY", [6]], ["RY", [1]], ["RY", [3]], ["RY", [5]], ["RY", [7]], ["RY", [8]], ["RZ", [0]], ["RZ", [1]], ["RZ", [2]], ["RZ", [3]], ["RZ", [4]], ["RZ", [5]], ["RZ", [6]], ["RZ", [7]], ["RZ", [8]], ["CRX", [0, 1]], ["CRX", [2, 3]], ["CRX", [4, 5]], ["CRX", [6, 7]], ["CRZ", [1, 8]], ["CRZ", [3, 8]], ["CRZ", [5, 8]], ["CRZ", [7, 8]], ["RX", [0]], ["RX", [2]], ["RX", [4]], ["RX", [6]], ["RX", [1]], ["RX", [3]], ["RX", [5]], ["RX", [7]], ["RX", [8]], ["RY", [0]], ["RY", [1]], ["RY", [2]], ["RY", [3]], ["RY", [4]], ["RY", [5]], ["RY", [6]], ["RY", [7]], ["RY", [8]], ["RY", [0]], ["RY", [2]], ["RY", [4]], ["RY", [6]], ["RY", [1]], ["RY", [3]], ["RY", [5]], ["RY", [7]], ["RY", [8]], ["RZ", [0]], ["RZ", [1]], ["RZ", [2]], ["RZ", [3]], ["RZ", [4]], ["RZ", [5]], ["RZ", [6]], ["RZ", [7]], ["RZ", [8]], ["CRX", [0, 1]], ["CRX", [2, 3]], ["CRX", [4, 5]], ["CRX", [6, 7]], ["CRZ", [1, 8]], ["CRZ", [3, 8]], ["CRZ", [5, 8]], ["CRZ", [7, 8]], ["RX", [0]], ["RX", [2]], ["RX", [4]], ["RX", [6]], ["RX", [1]], ["RX", [3]], ["RX", [5]], ["RX", [7]], ["RX", [8]], ["RY", [0]], ["RY", [1]], ["RY", [2]], ["RY", [3]], ["RY", [4]], ["RY", [5]], ["RY", [6]], ["RY", [7]], ["RY", [8]], ["RX", [0]], ["RX", [1]], ["RX", [2]], ["RX", [3]], ["RX", [4]], ["RX", [5]], ["RX", [6]], ["RX", [7]], ["RX", [8]], ["RY", [0]], ["RY", [2]], ["RY", [4]], ["RY", [6]], ["RY", [1]], ["RY", [3]], ["RY", [5]], ["RY", [7]], ["RY", [8]], ["RZ", [0]], ["RZ", [1]], ["RZ", [2]], ["RZ", [3]], ["RZ", [4]], ["RZ", [5]], ["RZ", [6]], ["RZ", [7]], ["RZ", [8]], ["CRX", [0, 1]], ["CRX", [2, 3]], ["CRX", [4, 5]], ["CRX", [6, 7]], ["CRZ", [1, 8]], ["CRZ", [3, 8]], ["CRZ", [5, 8]], ["CRZ", [7, 8]], ["RX", [0]], ["RX", [2]], ["RX", [4]], ["RX", [6]], ["RX", [1]], ["RX", [3]], ["RX", [5]], ["RX", [7]], ["RX", [8]], ["RY", [0]], ["RY", [1]], ["RY", [2]], ["RY", [3]], ["RY", [4]], ["RY", [5]], ["RY", [6]], ["RY", [7]], ["RY", [8]], ["RY", [0]], ["RY", [2]], ["RY", [4]], ["RY", [6]], ["RY", [1]], ["RY", [3]], ["RY", [5]], ["RY", [7]], ["RY", [8]], ["RZ", [0]], ["RZ", [1]], ["RZ", [2]], ["RZ", [3]], ["RZ", [4]], ["RZ", [5]], ["RZ", [6]], ["RZ", [7]], ["RZ", [8]], ["CRX", [0, 1]], ["CRX", [2, 3]], ["CRX", [4, 5]], ["CRX", [6, 7]], ["CRZ", [1, 8]], ["CRZ", [3, 8]], ["CRZ", [5, 8]], ["CRZ", [7, 8]], ["RX", [0]], ["RX", [2]], ["RX", [4]], ["RX", [6]], ["RX", [1]], ["RX", [3]], ["RX", [5]], ["RX", [7]], ["RX", [8]], ["RY", [0]], ["RY", [1]], ["RY", [2]], ["RY", [3]], ["RY", [4]], ["RY", [5]], ["RY", [6]], ["RY", [7]], ["RY", [8]]], "parameter_efficiency": 0.006565656565656566, "spec_valid": true, "test_accuracy": 0.43333333333333335, "test_loss": 2.4686597048498404, "train_accuracy": 0.4, "train_loss": 2.70823197854143, "validation_accuracy": 0.5111111111111111, "validation_loss": 2.516731596965124}
==========Run 1/1 completed in 126.52 seconds==========
Correctness and error status saved to /home/chengyou1368/QuantumAnsatz/qml-ea/tic-tac-toe/results/ttt_qml_cli_20260624_162514/gen_47/results/correct.json
Metrics saved to /home/chengyou1368/QuantumAnsatz/qml-ea/tic-tac-toe/results/ttt_qml_cli_20260624_162514/gen_47/results/metrics.json
OK
{
  "combined_score": 0.5239230821738237,
  "public": {
    "train_accuracy_mean": 0.4,
    "train_accuracy_std": 0.0,
    "validation_accuracy_mean": 0.5111,
    "validation_accuracy_std": 0.0,
    "test_accuracy_mean": 0.4333,
    "test_accuracy_std": 0.0,
    "generalization_gap_mean": 0.0333,
    "validation_loss_mean": 2.5167,
    "test_loss_mean": 2.4687,
    "parameter_efficiency_mean": 0.006566,
    "n_params": 66,
    "depth_mean": 52.0,
    "gate_count_mean": 291.0,
    "score_uses_test": false,
    "convergence_step_mean": null
  },
  "private": {
    "per_run_scores": [
      {
        "combined_score": 0.5239230821738237,
        "primary_accuracy": 0.5111111111111111,
        "gap_score": 0.9047619047619048,
        "loss_score": 0.2843549393598823,
        "parameter_efficiency_score": 1.0,
        "convergence_score": 0.0
      }
    ],
    "per_run_test_accuracies": [
      0.43333333333333335
    ]
  },
  "text_feedback": "Combined score: 0.5239\nValidation accuracy mean: 0.5111\nTest accuracy mean: 0.4333\nTrain-test generalization gap mean: 0.0333\nValidation L2 loss mean: 2.5167\nParameters: 66, depth mean: 52.0, gate count mean: 291.0\nFitness uses validation metrics; test metrics are reported as holdout diagnostics.\nAccuracy is still low; explore more expressive local entanglement or rotation diversity.\nDid not reach convergence threshold 0.90 in these runs.",
  "execution_time_mean": 126.51523693699983,
  "execution_time_std": 0.0,
  "num_valid_runs": 1,
  "num_invalid_runs": 0,
  "all_validation_errors": []
}
