Job running on a1132u33n01.mghpcc.ycrc.yale.edu under Slurm job 19608885
Activating sourced environment: /home/ch2499/project/zc_sn/activate_eval_cluster.sh
==========Running program evaluation 1/1...==========
==========Run 1/1 completed in 801.56 seconds==========
Correctness and error status saved to /home/ch2499/project/zc_sn/results_sonnet/gen_59/results/correct.json
Metrics saved to /home/ch2499/project/zc_sn/results_sonnet/gen_59/results/metrics.json
OK
{
  "combined_score": 0.840730605745578,
  "public": {
    "train_accuracy_mean": 0.98,
    "train_accuracy_std": 0.0,
    "validation_accuracy_mean": 0.89,
    "validation_accuracy_std": 0.0,
    "test_accuracy_mean": 0.8767,
    "test_accuracy_std": 0.0,
    "generalization_gap_mean": 0.1033,
    "validation_loss_mean": 0.4056,
    "test_loss_mean": 0.4367,
    "parameter_efficiency_mean": 0.004817,
    "n_params": 182,
    "depth_mean": 132.0,
    "gate_count_mean": 342.0,
    "score_uses_test": false,
    "convergence_step_mean": 240.0
  },
  "private": {
    "per_run_scores": [
      {
        "combined_score": 0.840730605745578,
        "primary_accuracy": 0.89,
        "gap_score": 0.7047619047619049,
        "loss_score": 0.7114567855566005,
        "parameter_efficiency_score": 0.713956043956044,
        "convergence_score": 0.992
      }
    ],
    "per_run_test_accuracies": [
      0.8766666666666667
    ]
  },
  "text_feedback": "Combined score: 0.8407\nValidation accuracy mean: 0.8900\nTest accuracy mean: 0.8767\nTrain-test generalization gap mean: 0.1033\nValidation L2 loss mean: 0.4056\nParameters: 182, depth mean: 132.0, gate count mean: 342.0\nFitness uses validation metrics; test metrics are reported as holdout diagnostics.\nParameter count exceeds the seed; added accuracy must justify the complexity.",
  "execution_time_mean": 801.5557461287826,
  "execution_time_std": 0.0,
  "num_valid_runs": 1,
  "num_invalid_runs": 0,
  "all_validation_errors": []
}
