Job running on a1130u20n04.mghpcc.ycrc.yale.edu under Slurm job 19613969
Activating sourced environment: /home/ch2499/project/zc_ttt/activate_eval_cluster.sh
==========Running program evaluation 1/1...==========
==========Run 1/1 completed in 1411.41 seconds==========
Correctness and error status saved to /home/ch2499/project/zc_ttt/results_gpt56sol/gen_60/results/correct.json
Metrics saved to /home/ch2499/project/zc_ttt/results_gpt56sol/gen_60/results/metrics.json
OK
{
  "combined_score": 0.5343396001338123,
  "public": {
    "train_accuracy_mean": 0.7,
    "train_accuracy_std": 0.0,
    "validation_accuracy_mean": 0.57,
    "validation_accuracy_std": 0.0,
    "test_accuracy_mean": 0.6,
    "test_accuracy_std": 0.0,
    "generalization_gap_mean": 0.1,
    "validation_loss_mean": 2.2226,
    "test_loss_mean": 2.2426,
    "parameter_efficiency_mean": 0.003333,
    "n_params": 180,
    "depth_mean": 53.0,
    "gate_count_mean": 315.0,
    "score_uses_test": false,
    "convergence_step_mean": null
  },
  "private": {
    "per_run_scores": [
      {
        "combined_score": 0.5343396001338123,
        "primary_accuracy": 0.57,
        "gap_score": 0.7142857142857144,
        "loss_score": 0.3103116199397016,
        "parameter_efficiency_score": 0.5129999999999999,
        "convergence_score": 0.0
      }
    ],
    "per_run_test_accuracies": [
      0.6
    ]
  },
  "text_feedback": "Combined score: 0.5343\nValidation accuracy mean: 0.5700\nTest accuracy mean: 0.6000\nTrain-test generalization gap mean: 0.1000\nValidation L2 loss mean: 2.2226\nParameters: 180, depth mean: 53.0, gate count mean: 315.0\nFitness uses validation metrics; test metrics are reported as holdout diagnostics.\nParameter count exceeds the seed; added accuracy must justify the complexity.\nDid not reach convergence threshold 0.90 in these runs.",
  "execution_time_mean": 1411.4135237177834,
  "execution_time_std": 0.0,
  "num_valid_runs": 1,
  "num_invalid_runs": 0,
  "all_validation_errors": []
}
