Job running on a1130u31n01.mghpcc.ycrc.yale.edu under Slurm job 19441646
Activating sourced environment: /home/ch2499/project/transfer_sn/activate_eval_cluster.sh
==========Running program evaluation 1/1...==========
==========Run 1/1 completed in 1334.46 seconds==========
Correctness and error status saved to /home/ch2499/project/transfer_sn/results_gpt56sol_r2/gen_5/results/correct.json
Metrics saved to /home/ch2499/project/transfer_sn/results_gpt56sol_r2/gen_5/results/metrics.json
OK
{
  "combined_score": 0.7651232945977692,
  "public": {
    "train_accuracy_mean": 0.9244,
    "train_accuracy_std": 0.0,
    "validation_accuracy_mean": 0.8533,
    "validation_accuracy_std": 0.0,
    "test_accuracy_mean": 0.8133,
    "test_accuracy_std": 0.0,
    "generalization_gap_mean": 0.1111,
    "validation_loss_mean": 0.4857,
    "test_loss_mean": 0.5634,
    "parameter_efficiency_mean": 0.005571,
    "n_params": 146,
    "depth_mean": 120.0,
    "gate_count_mean": 276.0,
    "score_uses_test": false,
    "convergence_step_mean": null
  },
  "private": {
    "per_run_scores": [
      {
        "combined_score": 0.7651232945977692,
        "primary_accuracy": 0.8533333333333334,
        "gap_score": 0.6825396825396827,
        "loss_score": 0.6730970962602606,
        "parameter_efficiency_score": 0.8533333333333334,
        "convergence_score": 0.0
      }
    ],
    "per_run_test_accuracies": [
      0.8133333333333334
    ]
  },
  "text_feedback": "Combined score: 0.7651\nValidation accuracy mean: 0.8533\nTest accuracy mean: 0.8133\nTrain-test generalization gap mean: 0.1111\nValidation L2 loss mean: 0.4857\nParameters: 146, depth mean: 120.0, gate count mean: 276.0\nFitness uses validation metrics; test metrics are reported as holdout diagnostics.\nDid not reach the convergence threshold in these runs.",
  "execution_time_mean": 1334.464101321064,
  "execution_time_std": 0.0,
  "num_valid_runs": 1,
  "num_invalid_runs": 0,
  "all_validation_errors": []
}
