Job running on a1132u22n01.mghpcc.ycrc.yale.edu under Slurm job 19456581
Activating sourced environment: /home/ch2499/project/transfer_sn/activate_eval_cluster.sh
==========Running program evaluation 1/1...==========
==========Run 1/1 completed in 1067.14 seconds==========
Correctness and error status saved to /home/ch2499/project/transfer_sn/results_sonnet_r2/gen_30/results/correct.json
Metrics saved to /home/ch2499/project/transfer_sn/results_sonnet_r2/gen_30/results/metrics.json
OK
{
  "combined_score": 0.8532043321892916,
  "public": {
    "train_accuracy_mean": 0.92,
    "train_accuracy_std": 0.0,
    "validation_accuracy_mean": 0.87,
    "validation_accuracy_std": 0.0,
    "test_accuracy_mean": 0.8567,
    "test_accuracy_std": 0.0,
    "generalization_gap_mean": 0.0633,
    "validation_loss_mean": 0.4451,
    "test_loss_mean": 0.4876,
    "parameter_efficiency_mean": 0.010708,
    "n_params": 80,
    "depth_mean": 123.0,
    "gate_count_mean": 276.0,
    "score_uses_test": false,
    "convergence_step_mean": 270.0
  },
  "private": {
    "per_run_scores": [
      {
        "combined_score": 0.8532043321892916,
        "primary_accuracy": 0.87,
        "gap_score": 0.819047619047619,
        "loss_score": 0.6919812622143241,
        "parameter_efficiency_score": 1.0,
        "convergence_score": 0.991
      }
    ],
    "per_run_test_accuracies": [
      0.8566666666666667
    ]
  },
  "text_feedback": "Combined score: 0.8532\nValidation accuracy mean: 0.8700\nTest accuracy mean: 0.8567\nTrain-test generalization gap mean: 0.0633\nValidation L2 loss mean: 0.4451\nParameters: 80, depth mean: 123.0, gate count mean: 276.0\nFitness uses validation metrics; test metrics are reported as holdout diagnostics.",
  "execution_time_mean": 1067.141960454639,
  "execution_time_std": 0.0,
  "num_valid_runs": 1,
  "num_invalid_runs": 0,
  "all_validation_errors": []
}
