==========Running program evaluation 1/1...==========
{"batch_size": 10, "data_seed": 2027, "dataset": {"all_valid_unique_boards": {"class_counts": {"circle": 316, "cross": 626, "draw": 4536}, "total": 5478}, "overlap_train_test": 4, "overlap_train_validation": 1, "overlap_validation_test": 3, "test": {"class_counts": {"circle": 20, "cross": 20, "draw": 20}, "rows": 60, "unique_boards": 59}, "train": {"class_counts": {"circle": 20, "cross": 20, "draw": 20}, "rows": 60, "unique_boards": 59}, "validation": {"class_counts": {"circle": 15, "cross": 15, "draw": 15}, "rows": 45, "unique_boards": 44}}, "event": "start", "learning_rate": 0.03, "n_epochs": 3, "n_params": 72, "n_params_per_block": 12, "n_repeats": 2, "n_uploads": 3, "seed": 2000, "steps_per_epoch": 3}
{"batch_loss": 4.583211077496159, "epoch": 1, "event": "epoch", "global_step": 3, "test_accuracy": 0.3333333333333333, "test_loss": 4.280552108095518, "train_accuracy": 0.3333333333333333, "train_loss": 4.239411715665822, "validation_accuracy": 0.3333333333333333, "validation_loss": 4.2386338705232065}
{"batch_loss": 3.6468955098270754, "epoch": 2, "event": "epoch", "global_step": 6, "test_accuracy": 0.35, "test_loss": 3.4130597737708688, "train_accuracy": 0.4, "train_loss": 3.3595871853260784, "validation_accuracy": 0.24444444444444444, "validation_loss": 3.3800918772681965}
{"batch_loss": 2.9534745732671026, "epoch": 3, "event": "epoch", "global_step": 9, "test_accuracy": 0.3, "test_loss": 3.087538143387434, "train_accuracy": 0.3333333333333333, "train_loss": 3.0473375609278057, "validation_accuracy": 0.3333333333333333, "validation_loss": 3.0741595977886607}
{"convergence_epoch": null, "convergence_step": null, "convergence_threshold": 0.9, "depth": 52, "event": "final", "gate_count": 291, "generalization_gap": 0.033333333333333326, "history_tail": [{"batch_loss": 4.583211077496159, "epoch": 1, "event": "epoch", "global_step": 3, "test_accuracy": 0.3333333333333333, "test_loss": 4.280552108095518, "train_accuracy": 0.3333333333333333, "train_loss": 4.239411715665822, "validation_accuracy": 0.3333333333333333, "validation_loss": 4.2386338705232065}, {"batch_loss": 3.6468955098270754, "epoch": 2, "event": "epoch", "global_step": 6, "test_accuracy": 0.35, "test_loss": 3.4130597737708688, "train_accuracy": 0.4, "train_loss": 3.3595871853260784, "validation_accuracy": 0.24444444444444444, "validation_loss": 3.3800918772681965}, {"batch_loss": 2.9534745732671026, "epoch": 3, "event": "epoch", "global_step": 9, "test_accuracy": 0.3, "test_loss": 3.087538143387434, "train_accuracy": 0.3333333333333333, "train_loss": 3.0473375609278057, "validation_accuracy": 0.3333333333333333, "validation_loss": 3.0741595977886607}], "max_steps": 9, "n_params": 72, "n_params_per_block": 12, "n_qubits": 9, "n_repeats": 2, "n_uploads": 3, "operations": [["RX", [0]], ["RX", [1]], ["RX", [2]], ["RX", [3]], ["RX", [4]], ["RX", [5]], ["RX", [6]], ["RX", [7]], ["RX", [8]], ["RY", [0]], ["RY", [2]], ["RY", [4]], ["RY", [6]], ["RY", [1]], ["RY", [3]], ["RY", [5]], ["RY", [7]], ["RY", [8]], ["RZ", [0]], ["RZ", [2]], ["RZ", [4]], ["RZ", [6]], ["RZ", [1]], ["RZ", [3]], ["RZ", [5]], ["RZ", [7]], ["RZ", [8]], ["CNOT", [0, 1]], ["CNOT", [2, 3]], ["CNOT", [4, 5]], ["CNOT", [6, 7]], ["CNOT", [1, 8]], ["CNOT", [3, 8]], ["CNOT", [5, 8]], ["CNOT", [7, 8]], ["RX", [0]], ["RX", [2]], ["RX", [4]], ["RX", [6]], ["RX", [1]], ["RX", [3]], ["RX", [5]], ["RX", [7]], ["RX", [8]], ["RY", [0]], ["RY", [2]], ["RY", [4]], ["RY", [6]], ["RY", [1]], ["RY", [3]], ["RY", [5]], ["RY", [7]], ["RY", [8]], ["RY", [0]], ["RY", [2]], ["RY", [4]], ["RY", [6]], ["RY", [1]], ["RY", [3]], ["RY", [5]], ["RY", [7]], ["RY", [8]], ["RZ", [0]], ["RZ", [2]], ["RZ", [4]], ["RZ", [6]], ["RZ", [1]], ["RZ", [3]], ["RZ", [5]], ["RZ", [7]], ["RZ", [8]], ["CNOT", [0, 1]], ["CNOT", [2, 3]], ["CNOT", [4, 5]], ["CNOT", [6, 7]], ["CNOT", [1, 8]], ["CNOT", [3, 8]], ["CNOT", [5, 8]], ["CNOT", [7, 8]], ["RX", [0]], ["RX", [2]], ["RX", [4]], ["RX", [6]], ["RX", [1]], ["RX", [3]], ["RX", [5]], ["RX", [7]], ["RX", [8]], ["RY", [0]], ["RY", [2]], ["RY", [4]], ["RY", [6]], ["RY", [1]], ["RY", [3]], ["RY", [5]], ["RY", [7]], ["RY", [8]], ["RX", [0]], ["RX", [1]], ["RX", [2]], ["RX", [3]], ["RX", [4]], ["RX", [5]], ["RX", [6]], ["RX", [7]], ["RX", [8]], ["RY", [0]], ["RY", [2]], ["RY", [4]], ["RY", [6]], ["RY", [1]], ["RY", [3]], ["RY", [5]], ["RY", [7]], ["RY", [8]], ["RZ", [0]], ["RZ", [2]], ["RZ", [4]], ["RZ", [6]], ["RZ", [1]], ["RZ", [3]], ["RZ", [5]], ["RZ", [7]], ["RZ", [8]], ["CNOT", [0, 1]], ["CNOT", [2, 3]], ["CNOT", [4, 5]], ["CNOT", [6, 7]], ["CNOT", [1, 8]], ["CNOT", [3, 8]], ["CNOT", [5, 8]], ["CNOT", [7, 8]], ["RX", [0]], ["RX", [2]], ["RX", [4]], ["RX", [6]], ["RX", [1]], ["RX", [3]], ["RX", [5]], ["RX", [7]], ["RX", [8]], ["RY", [0]], ["RY", [2]], ["RY", [4]], ["RY", [6]], ["RY", [1]], ["RY", [3]], ["RY", [5]], ["RY", [7]], ["RY", [8]], ["RY", [0]], ["RY", [2]], ["RY", [4]], ["RY", [6]], ["RY", [1]], ["RY", [3]], ["RY", [5]], ["RY", [7]], ["RY", [8]], ["RZ", [0]], ["RZ", [2]], ["RZ", [4]], ["RZ", [6]], ["RZ", [1]], ["RZ", [3]], ["RZ", [5]], ["RZ", [7]], ["RZ", [8]], ["CNOT", [0, 1]], ["CNOT", [2, 3]], ["CNOT", [4, 5]], ["CNOT", [6, 7]], ["CNOT", [1, 8]], ["CNOT", [3, 8]], ["CNOT", [5, 8]], ["CNOT", [7, 8]], ["RX", [0]], ["RX", [2]], ["RX", [4]], ["RX", [6]], ["RX", [1]], ["RX", [3]], ["RX", [5]], ["RX", [7]], ["RX", [8]], ["RY", [0]], ["RY", [2]], ["RY", [4]], ["RY", [6]], ["RY", [1]], ["RY", [3]], ["RY", [5]], ["RY", [7]], ["RY", [8]], ["RX", [0]], ["RX", [1]], ["RX", [2]], ["RX", [3]], ["RX", [4]], ["RX", [5]], ["RX", [6]], ["RX", [7]], ["RX", [8]], ["RY", [0]], ["RY", [2]], ["RY", [4]], ["RY", [6]], ["RY", [1]], ["RY", [3]], ["RY", [5]], ["RY", [7]], ["RY", [8]], ["RZ", [0]], ["RZ", [2]], ["RZ", [4]], ["RZ", [6]], ["RZ", [1]], ["RZ", [3]], ["RZ", [5]], ["RZ", [7]], ["RZ", [8]], ["CNOT", [0, 1]], ["CNOT", [2, 3]], ["CNOT", [4, 5]], ["CNOT", [6, 7]], ["CNOT", [1, 8]], ["CNOT", [3, 8]], ["CNOT", [5, 8]], ["CNOT", [7, 8]], ["RX", [0]], ["RX", [2]], ["RX", [4]], ["RX", [6]], ["RX", [1]], ["RX", [3]], ["RX", [5]], ["RX", [7]], ["RX", [8]], ["RY", [0]], ["RY", [2]], ["RY", [4]], ["RY", [6]], ["RY", [1]], ["RY", [3]], ["RY", [5]], ["RY", [7]], ["RY", [8]], ["RY", [0]], ["RY", [2]], ["RY", [4]], ["RY", [6]], ["RY", [1]], ["RY", [3]], ["RY", [5]], ["RY", [7]], ["RY", [8]], ["RZ", [0]], ["RZ", [2]], ["RZ", [4]], ["RZ", [6]], ["RZ", [1]], ["RZ", [3]], ["RZ", [5]], ["RZ", [7]], ["RZ", [8]], ["CNOT", [0, 1]], ["CNOT", [2, 3]], ["CNOT", [4, 5]], ["CNOT", [6, 7]], ["CNOT", [1, 8]], ["CNOT", [3, 8]], ["CNOT", [5, 8]], ["CNOT", [7, 8]], ["RX", [0]], ["RX", [2]], ["RX", [4]], ["RX", [6]], ["RX", [1]], ["RX", [3]], ["RX", [5]], ["RX", [7]], ["RX", [8]], ["RY", [0]], ["RY", [2]], ["RY", [4]], ["RY", [6]], ["RY", [1]], ["RY", [3]], ["RY", [5]], ["RY", [7]], ["RY", [8]]], "parameter_efficiency": 0.004166666666666667, "spec_valid": true, "test_accuracy": 0.3, "test_loss": 3.087538143387434, "train_accuracy": 0.3333333333333333, "train_loss": 3.0473375609278057, "validation_accuracy": 0.3333333333333333, "validation_loss": 3.0741595977886607}
==========Run 1/1 completed in 35.82 seconds==========
Correctness and error status saved to /home/chengyou1368/QuantumAnsatz/qml-ea/tic-tac-toe/results/ttt_qml_cli_20260624_162514/gen_11/results/correct.json
Metrics saved to /home/chengyou1368/QuantumAnsatz/qml-ea/tic-tac-toe/results/ttt_qml_cli_20260624_162514/gen_11/results/metrics.json
OK
{
  "combined_score": 0.41003169465462663,
  "public": {
    "train_accuracy_mean": 0.3333,
    "train_accuracy_std": 0.0,
    "validation_accuracy_mean": 0.3333,
    "validation_accuracy_std": 0.0,
    "test_accuracy_mean": 0.3,
    "test_accuracy_std": 0.0,
    "generalization_gap_mean": 0.0333,
    "validation_loss_mean": 3.0742,
    "test_loss_mean": 3.0875,
    "parameter_efficiency_mean": 0.004167,
    "n_params": 72,
    "depth_mean": 52.0,
    "gate_count_mean": 291.0,
    "score_uses_test": false,
    "convergence_step_mean": null
  },
  "private": {
    "per_run_scores": [
      {
        "combined_score": 0.41003169465462663,
        "primary_accuracy": 0.3333333333333333,
        "gap_score": 0.9047619047619048,
        "loss_score": 0.2454493929356061,
        "parameter_efficiency_score": 0.75,
        "convergence_score": 0.0
      }
    ],
    "per_run_test_accuracies": [
      0.3
    ]
  },
  "text_feedback": "Combined score: 0.4100\nValidation accuracy mean: 0.3333\nTest accuracy mean: 0.3000\nTrain-test generalization gap mean: 0.0333\nValidation L2 loss mean: 3.0742\nParameters: 72, depth mean: 52.0, gate count mean: 291.0\nFitness uses validation metrics; test metrics are reported as holdout diagnostics.\nAccuracy is still low; explore more expressive local entanglement or rotation diversity.\nDid not reach convergence threshold 0.90 in these runs.",
  "execution_time_mean": 35.824126964000016,
  "execution_time_std": 0.0,
  "num_valid_runs": 1,
  "num_invalid_runs": 0,
  "all_validation_errors": []
}
