Job running on a1132u35n02.mghpcc.ycrc.yale.edu under Slurm job 19608345
Activating sourced environment: /home/ch2499/project/zc_ttt/activate_eval_cluster.sh
==========Running program evaluation 1/1...==========
==========Run 1/1 completed in 1178.93 seconds==========
Correctness and error status saved to /home/ch2499/project/zc_ttt/results_gpt56sol/gen_45/results/correct.json
Metrics saved to /home/ch2499/project/zc_ttt/results_gpt56sol/gen_45/results/metrics.json
OK
{
  "combined_score": 0.5632203944738549,
  "public": {
    "train_accuracy_mean": 0.6489,
    "train_accuracy_std": 0.0,
    "validation_accuracy_mean": 0.6033,
    "validation_accuracy_std": 0.0,
    "test_accuracy_mean": 0.5667,
    "test_accuracy_std": 0.0,
    "generalization_gap_mean": 0.0822,
    "validation_loss_mean": 2.2265,
    "test_loss_mean": 2.3238,
    "parameter_efficiency_mean": 0.004106,
    "n_params": 138,
    "depth_mean": 47.0,
    "gate_count_mean": 261.0,
    "score_uses_test": false,
    "convergence_step_mean": null
  },
  "private": {
    "per_run_scores": [
      {
        "combined_score": 0.5632203944738549,
        "primary_accuracy": 0.6033333333333334,
        "gap_score": 0.7650793650793651,
        "loss_score": 0.3099326045208903,
        "parameter_efficiency_score": 0.7082608695652175,
        "convergence_score": 0.0
      }
    ],
    "per_run_test_accuracies": [
      0.5666666666666667
    ]
  },
  "text_feedback": "Combined score: 0.5632\nValidation accuracy mean: 0.6033\nTest accuracy mean: 0.5667\nTrain-test generalization gap mean: 0.0822\nValidation L2 loss mean: 2.2265\nParameters: 138, depth mean: 47.0, gate count mean: 261.0\nFitness uses validation metrics; test metrics are reported as holdout diagnostics.\nDid not reach convergence threshold 0.90 in these runs.",
  "execution_time_mean": 1178.9291432490572,
  "execution_time_std": 0.0,
  "num_valid_runs": 1,
  "num_invalid_runs": 0,
  "all_validation_errors": []
}
