Job running on a1114u23n01.mghpcc.ycrc.yale.edu under Slurm job 19442601
Activating sourced environment: /home/ch2499/project/transfer_sn/activate_eval_cluster.sh
==========Running program evaluation 1/1...==========
==========Run 1/1 completed in 692.82 seconds==========
Correctness and error status saved to /home/ch2499/project/transfer_sn/results_haiku_r2/gen_12/results/correct.json
Metrics saved to /home/ch2499/project/transfer_sn/results_haiku_r2/gen_12/results/metrics.json
OK
{
  "combined_score": 0.8524440849618574,
  "public": {
    "train_accuracy_mean": 0.9356,
    "train_accuracy_std": 0.0,
    "validation_accuracy_mean": 0.8867,
    "validation_accuracy_std": 0.0,
    "test_accuracy_mean": 0.8667,
    "test_accuracy_std": 0.0,
    "generalization_gap_mean": 0.0689,
    "validation_loss_mean": 0.4472,
    "test_loss_mean": 0.4782,
    "parameter_efficiency_mean": 0.005936,
    "n_params": 146,
    "depth_mean": 87.0,
    "gate_count_mean": 270.0,
    "score_uses_test": false,
    "convergence_step_mean": 1740.0
  },
  "private": {
    "per_run_scores": [
      {
        "combined_score": 0.8524440849618574,
        "primary_accuracy": 0.8866666666666667,
        "gap_score": 0.8031746031746032,
        "loss_score": 0.6909711484229639,
        "parameter_efficiency_score": 0.8866666666666667,
        "convergence_score": 0.942
      }
    ],
    "per_run_test_accuracies": [
      0.8666666666666667
    ]
  },
  "text_feedback": "Combined score: 0.8524\nValidation accuracy mean: 0.8867\nTest accuracy mean: 0.8667\nTrain-test generalization gap mean: 0.0689\nValidation L2 loss mean: 0.4472\nParameters: 146, depth mean: 87.0, gate count mean: 270.0\nFitness uses validation metrics; test metrics are reported as holdout diagnostics.",
  "execution_time_mean": 692.816452709958,
  "execution_time_std": 0.0,
  "num_valid_runs": 1,
  "num_invalid_runs": 0,
  "all_validation_errors": []
}
