Job running on a1132u20n04.mghpcc.ycrc.yale.edu under Slurm job 19513304
Activating sourced environment: /home/ch2499/project/transfer_sn/activate_eval_cluster.sh
==========Running program evaluation 1/1...==========
==========Run 1/1 completed in 1515.54 seconds==========
Correctness and error status saved to /home/ch2499/project/transfer_sn/results_haiku_r2/gen_58/results/correct.json
Metrics saved to /home/ch2499/project/transfer_sn/results_haiku_r2/gen_58/results/metrics.json
OK
{
  "combined_score": 0.9123976056070279,
  "public": {
    "train_accuracy_mean": 0.9622,
    "train_accuracy_std": 0.0,
    "validation_accuracy_mean": 0.9433,
    "validation_accuracy_std": 0.0,
    "test_accuracy_mean": 0.9183,
    "test_accuracy_std": 0.0,
    "generalization_gap_mean": 0.0439,
    "validation_loss_mean": 0.3185,
    "test_loss_mean": 0.3462,
    "parameter_efficiency_mean": 0.024167,
    "n_params": 38,
    "depth_mean": 156.0,
    "gate_count_mean": 402.0,
    "score_uses_test": false,
    "convergence_step_mean": 270.0
  },
  "private": {
    "per_run_scores": [
      {
        "combined_score": 0.9123976056070279,
        "primary_accuracy": 0.9433333333333334,
        "gap_score": 0.8746031746031746,
        "loss_score": 0.7584549368510854,
        "parameter_efficiency_score": 1.0,
        "convergence_score": 0.991
      }
    ],
    "per_run_test_accuracies": [
      0.9183333333333333
    ]
  },
  "text_feedback": "Combined score: 0.9124\nValidation accuracy mean: 0.9433\nTest accuracy mean: 0.9183\nTrain-test generalization gap mean: 0.0439\nValidation L2 loss mean: 0.3185\nParameters: 38, depth mean: 156.0, gate count mean: 402.0\nFitness uses validation metrics; test metrics are reported as holdout diagnostics.",
  "execution_time_mean": 1515.5376301640645,
  "execution_time_std": 0.0,
  "num_valid_runs": 1,
  "num_invalid_runs": 0,
  "all_validation_errors": []
}
