Job running on a1130u07n04.mghpcc.ycrc.yale.edu under Slurm job 19436417
Activating sourced environment: /home/ch2499/project/transfer_sn/activate_eval_cluster.sh
==========Running program evaluation 1/1...==========
==========Run 1/1 completed in 1887.12 seconds==========
Correctness and error status saved to /home/ch2499/project/transfer_sn/results_haiku_r2/gen_4/results/correct.json
Metrics saved to /home/ch2499/project/transfer_sn/results_haiku_r2/gen_4/results/metrics.json
OK
{
  "combined_score": 0.8486301224400029,
  "public": {
    "train_accuracy_mean": 0.9378,
    "train_accuracy_std": 0.0,
    "validation_accuracy_mean": 0.8633,
    "validation_accuracy_std": 0.0,
    "test_accuracy_mean": 0.87,
    "test_accuracy_std": 0.0,
    "generalization_gap_mean": 0.0678,
    "validation_loss_mean": 0.4544,
    "test_loss_mean": 0.4539,
    "parameter_efficiency_mean": 0.007909,
    "n_params": 110,
    "depth_mean": 105.0,
    "gate_count_mean": 300.0,
    "score_uses_test": false,
    "convergence_step_mean": 540.0
  },
  "private": {
    "per_run_scores": [
      {
        "combined_score": 0.8486301224400029,
        "primary_accuracy": 0.8633333333333333,
        "gap_score": 0.8063492063492061,
        "loss_score": 0.6875553136211839,
        "parameter_efficiency_score": 1.0,
        "convergence_score": 0.982
      }
    ],
    "per_run_test_accuracies": [
      0.87
    ]
  },
  "text_feedback": "Combined score: 0.8486\nValidation accuracy mean: 0.8633\nTest accuracy mean: 0.8700\nTrain-test generalization gap mean: 0.0678\nValidation L2 loss mean: 0.4544\nParameters: 110, depth mean: 105.0, gate count mean: 300.0\nFitness uses validation metrics; test metrics are reported as holdout diagnostics.",
  "execution_time_mean": 1887.1166791017167,
  "execution_time_std": 0.0,
  "num_valid_runs": 1,
  "num_invalid_runs": 0,
  "all_validation_errors": []
}
