Job running on a1114u29n01.mghpcc.ycrc.yale.edu under Slurm job 19614883
Activating sourced environment: /home/ch2499/project/zc_sn/activate_eval_cluster.sh
==========Running program evaluation 1/1...==========
==========Run 1/1 completed in 2605.30 seconds==========
Correctness and error status saved to /home/ch2499/project/zc_sn/results_haiku/gen_70/results/correct.json
Metrics saved to /home/ch2499/project/zc_sn/results_haiku/gen_70/results/metrics.json
OK
{
  "combined_score": 0.8851555328509368,
  "public": {
    "train_accuracy_mean": 0.9378,
    "train_accuracy_std": 0.0,
    "validation_accuracy_mean": 0.9167,
    "validation_accuracy_std": 0.0,
    "test_accuracy_mean": 0.8817,
    "test_accuracy_std": 0.0,
    "generalization_gap_mean": 0.0561,
    "validation_loss_mean": 0.3968,
    "test_loss_mean": 0.4199,
    "parameter_efficiency_mean": 0.015744,
    "n_params": 56,
    "depth_mean": 160.0,
    "gate_count_mean": 360.0,
    "score_uses_test": false,
    "convergence_step_mean": 180.0
  },
  "private": {
    "per_run_scores": [
      {
        "combined_score": 0.8851555328509368,
        "primary_accuracy": 0.9166666666666666,
        "gap_score": 0.8396825396825397,
        "loss_score": 0.7159469385829657,
        "parameter_efficiency_score": 1.0,
        "convergence_score": 0.994
      }
    ],
    "per_run_test_accuracies": [
      0.8816666666666667
    ]
  },
  "text_feedback": "Combined score: 0.8852\nValidation accuracy mean: 0.9167\nTest accuracy mean: 0.8817\nTrain-test generalization gap mean: 0.0561\nValidation L2 loss mean: 0.3968\nParameters: 56, depth mean: 160.0, gate count mean: 360.0\nFitness uses validation metrics; test metrics are reported as holdout diagnostics.",
  "execution_time_mean": 2605.3020179399755,
  "execution_time_std": 0.0,
  "num_valid_runs": 1,
  "num_invalid_runs": 0,
  "all_validation_errors": []
}
