Job running on a1114u32n01.mghpcc.ycrc.yale.edu under Slurm job 19597870
Activating sourced environment: /home/ch2499/project/zc_ttt/activate_eval_cluster.sh
==========Running program evaluation 1/1...==========
==========Run 1/1 completed in 1753.44 seconds==========
Correctness and error status saved to /home/ch2499/project/zc_ttt/results_haiku/gen_9/results/correct.json
Metrics saved to /home/ch2499/project/zc_ttt/results_haiku/gen_9/results/metrics.json
OK
{
  "combined_score": 0.5607754001107247,
  "public": {
    "train_accuracy_mean": 0.5911,
    "train_accuracy_std": 0.0,
    "validation_accuracy_mean": 0.58,
    "validation_accuracy_std": 0.0,
    "test_accuracy_mean": 0.515,
    "test_accuracy_std": 0.0,
    "generalization_gap_mean": 0.0761,
    "validation_loss_mean": 2.3873,
    "test_loss_mean": 2.4712,
    "parameter_efficiency_mean": 0.005722,
    "n_params": 90,
    "depth_mean": 81.0,
    "gate_count_mean": 435.0,
    "score_uses_test": false,
    "convergence_step_mean": null
  },
  "private": {
    "per_run_scores": [
      {
        "combined_score": 0.5607754001107247,
        "primary_accuracy": 0.58,
        "gap_score": 0.7825396825396824,
        "loss_score": 0.29522224412440773,
        "parameter_efficiency_score": 1.0,
        "convergence_score": 0.0
      }
    ],
    "per_run_test_accuracies": [
      0.515
    ]
  },
  "text_feedback": "Combined score: 0.5608\nValidation accuracy mean: 0.5800\nTest accuracy mean: 0.5150\nTrain-test generalization gap mean: 0.0761\nValidation L2 loss mean: 2.3873\nParameters: 90, depth mean: 81.0, gate count mean: 435.0\nFitness uses validation metrics; test metrics are reported as holdout diagnostics.\nDid not reach convergence threshold 0.90 in these runs.",
  "execution_time_mean": 1753.4417936229147,
  "execution_time_std": 0.0,
  "num_valid_runs": 1,
  "num_invalid_runs": 0,
  "all_validation_errors": []
}
