Job running on a1132u22n03.mghpcc.ycrc.yale.edu under Slurm job 19628759
Activating sourced environment: /home/ch2499/project/zc_ttt/activate_eval_cluster.sh
==========Running program evaluation 1/1...==========
==========Run 1/1 completed in 2280.41 seconds==========
Correctness and error status saved to /home/ch2499/project/zc_ttt/results_sonnet/gen_77/results/correct.json
Metrics saved to /home/ch2499/project/zc_ttt/results_sonnet/gen_77/results/metrics.json
OK
{
  "combined_score": 0.6131350201035802,
  "public": {
    "train_accuracy_mean": 0.7489,
    "train_accuracy_std": 0.0,
    "validation_accuracy_mean": 0.6933,
    "validation_accuracy_std": 0.0,
    "test_accuracy_mean": 0.6383,
    "test_accuracy_std": 0.0,
    "generalization_gap_mean": 0.1106,
    "validation_loss_mean": 2.0024,
    "test_loss_mean": 2.1542,
    "parameter_efficiency_mean": 0.004433,
    "n_params": 144,
    "depth_mean": 57.0,
    "gate_count_mean": 213.0,
    "score_uses_test": false,
    "convergence_step_mean": null
  },
  "private": {
    "per_run_scores": [
      {
        "combined_score": 0.6131350201035802,
        "primary_accuracy": 0.6933333333333334,
        "gap_score": 0.6841269841269839,
        "loss_score": 0.33306944619317996,
        "parameter_efficiency_score": 0.78,
        "convergence_score": 0.0
      }
    ],
    "per_run_test_accuracies": [
      0.6383333333333333
    ]
  },
  "text_feedback": "Combined score: 0.6131\nValidation accuracy mean: 0.6933\nTest accuracy mean: 0.6383\nTrain-test generalization gap mean: 0.1106\nValidation L2 loss mean: 2.0024\nParameters: 144, depth mean: 57.0, gate count mean: 213.0\nFitness uses validation metrics; test metrics are reported as holdout diagnostics.\nDid not reach convergence threshold 0.90 in these runs.",
  "execution_time_mean": 2280.4112935871817,
  "execution_time_std": 0.0,
  "num_valid_runs": 1,
  "num_invalid_runs": 0,
  "all_validation_errors": []
}
