Job running on a1130u35n02.mghpcc.ycrc.yale.edu under Slurm job 19597231
Activating sourced environment: /home/ch2499/project/zc_sn/activate_eval_cluster.sh
==========Running program evaluation 1/1...==========
==========Run 1/1 completed in 1527.35 seconds==========
Correctness and error status saved to /home/ch2499/project/zc_sn/results_gpt56sol/gen_19/results/correct.json
Metrics saved to /home/ch2499/project/zc_sn/results_gpt56sol/gen_19/results/metrics.json
OK
{
  "combined_score": 0.8664520514413064,
  "public": {
    "train_accuracy_mean": 0.9311,
    "train_accuracy_std": 0.0,
    "validation_accuracy_mean": 0.8833,
    "validation_accuracy_std": 0.0,
    "test_accuracy_mean": 0.87,
    "test_accuracy_std": 0.0,
    "generalization_gap_mean": 0.0611,
    "validation_loss_mean": 0.3836,
    "test_loss_mean": 0.4126,
    "parameter_efficiency_mean": 0.007909,
    "n_params": 110,
    "depth_mean": 166.0,
    "gate_count_mean": 516.0,
    "score_uses_test": false,
    "convergence_step_mean": 330.0
  },
  "private": {
    "per_run_scores": [
      {
        "combined_score": 0.8664520514413064,
        "primary_accuracy": 0.8833333333333333,
        "gap_score": 0.8253968253968254,
        "loss_score": 0.7227649990266986,
        "parameter_efficiency_score": 1.0,
        "convergence_score": 0.989
      }
    ],
    "per_run_test_accuracies": [
      0.87
    ]
  },
  "text_feedback": "Combined score: 0.8665\nValidation accuracy mean: 0.8833\nTest accuracy mean: 0.8700\nTrain-test generalization gap mean: 0.0611\nValidation L2 loss mean: 0.3836\nParameters: 110, depth mean: 166.0, gate count mean: 516.0\nFitness uses validation metrics; test metrics are reported as holdout diagnostics.",
  "execution_time_mean": 1527.3491011392325,
  "execution_time_std": 0.0,
  "num_valid_runs": 1,
  "num_invalid_runs": 0,
  "all_validation_errors": []
}
