==========Running program evaluation 1/1...==========
{"batch_size": 10, "data_seed": 2027, "dataset": {"all_valid_unique_boards": {"class_counts": {"circle": 316, "cross": 626, "draw": 4536}, "total": 5478}, "overlap_train_test": 4, "overlap_train_validation": 1, "overlap_validation_test": 3, "test": {"class_counts": {"circle": 20, "cross": 20, "draw": 20}, "rows": 60, "unique_boards": 59}, "train": {"class_counts": {"circle": 20, "cross": 20, "draw": 20}, "rows": 60, "unique_boards": 59}, "validation": {"class_counts": {"circle": 15, "cross": 15, "draw": 15}, "rows": 45, "unique_boards": 44}}, "event": "start", "learning_rate": 0.03, "n_epochs": 3, "n_params": 54, "n_params_per_block": 9, "n_repeats": 2, "n_uploads": 3, "seed": 2000, "steps_per_epoch": 3}
{"batch_loss": 6.934631534595272, "epoch": 1, "event": "epoch", "global_step": 3, "test_accuracy": 0.5833333333333334, "test_loss": 5.9612982406282775, "train_accuracy": 0.43333333333333335, "train_loss": 6.137182995419732, "validation_accuracy": 0.4666666666666667, "validation_loss": 5.95722751405747}
{"batch_loss": 4.45537215154781, "epoch": 2, "event": "epoch", "global_step": 6, "test_accuracy": 0.5333333333333333, "test_loss": 3.882414732558886, "train_accuracy": 0.4, "train_loss": 4.1200834530382675, "validation_accuracy": 0.4444444444444444, "validation_loss": 3.915615730080903}
{"batch_loss": 3.431344974411008, "epoch": 3, "event": "epoch", "global_step": 9, "test_accuracy": 0.5166666666666667, "test_loss": 3.049732303836663, "train_accuracy": 0.4666666666666667, "train_loss": 3.1463869742031894, "validation_accuracy": 0.4888888888888889, "validation_loss": 3.089419807042973}
{"convergence_epoch": null, "convergence_step": null, "convergence_threshold": 0.9, "depth": 40, "event": "final", "gate_count": 279, "generalization_gap": 0.050000000000000044, "history_tail": [{"batch_loss": 6.934631534595272, "epoch": 1, "event": "epoch", "global_step": 3, "test_accuracy": 0.5833333333333334, "test_loss": 5.9612982406282775, "train_accuracy": 0.43333333333333335, "train_loss": 6.137182995419732, "validation_accuracy": 0.4666666666666667, "validation_loss": 5.95722751405747}, {"batch_loss": 4.45537215154781, "epoch": 2, "event": "epoch", "global_step": 6, "test_accuracy": 0.5333333333333333, "test_loss": 3.882414732558886, "train_accuracy": 0.4, "train_loss": 4.1200834530382675, "validation_accuracy": 0.4444444444444444, "validation_loss": 3.915615730080903}, {"batch_loss": 3.431344974411008, "epoch": 3, "event": "epoch", "global_step": 9, "test_accuracy": 0.5166666666666667, "test_loss": 3.049732303836663, "train_accuracy": 0.4666666666666667, "train_loss": 3.1463869742031894, "validation_accuracy": 0.4888888888888889, "validation_loss": 3.089419807042973}], "max_steps": 9, "n_params": 54, "n_params_per_block": 9, "n_qubits": 9, "n_repeats": 2, "n_uploads": 3, "operations": [["RX", [0]], ["RX", [1]], ["RX", [2]], ["RX", [3]], ["RX", [4]], ["RX", [5]], ["RX", [6]], ["RX", [7]], ["RX", [8]], ["RY", [0]], ["RY", [2]], ["RY", [4]], ["RY", [6]], ["RY", [1]], ["RY", [3]], ["RY", [5]], ["RY", [7]], ["RY", [8]], ["RZ", [0]], ["RZ", [1]], ["RZ", [2]], ["RZ", [3]], ["RZ", [4]], ["RZ", [5]], ["RZ", [6]], ["RZ", [7]], ["RZ", [8]], ["CZ", [0, 1]], ["CZ", [2, 3]], ["CZ", [4, 5]], ["CZ", [6, 7]], ["CZ", [1, 8]], ["CZ", [5, 8]], ["RX", [0]], ["RX", [1]], ["RX", [2]], ["RX", [3]], ["RX", [4]], ["RX", [5]], ["RX", [6]], ["RX", [7]], ["RX", [8]], ["RY", [0]], ["RY", [1]], ["RY", [2]], ["RY", [3]], ["RY", [4]], ["RY", [5]], ["RY", [6]], ["RY", [7]], ["RY", [8]], ["RY", [0]], ["RY", [2]], ["RY", [4]], ["RY", [6]], ["RY", [1]], ["RY", [3]], ["RY", [5]], ["RY", [7]], ["RY", [8]], ["RZ", [0]], ["RZ", [1]], ["RZ", [2]], ["RZ", [3]], ["RZ", [4]], ["RZ", [5]], ["RZ", [6]], ["RZ", [7]], ["RZ", [8]], ["CZ", [0, 1]], ["CZ", [2, 3]], ["CZ", [4, 5]], ["CZ", [6, 7]], ["CZ", [1, 8]], ["CZ", [5, 8]], ["RX", [0]], ["RX", [1]], ["RX", [2]], ["RX", [3]], ["RX", [4]], ["RX", [5]], ["RX", [6]], ["RX", [7]], ["RX", [8]], ["RY", [0]], ["RY", [1]], ["RY", [2]], ["RY", [3]], ["RY", [4]], ["RY", [5]], ["RY", [6]], ["RY", [7]], ["RY", [8]], ["RX", [0]], ["RX", [1]], ["RX", [2]], ["RX", [3]], ["RX", [4]], ["RX", [5]], ["RX", [6]], ["RX", [7]], ["RX", [8]], ["RY", [0]], ["RY", [2]], ["RY", [4]], ["RY", [6]], ["RY", [1]], ["RY", [3]], ["RY", [5]], ["RY", [7]], ["RY", [8]], ["RZ", [0]], ["RZ", [1]], ["RZ", [2]], ["RZ", [3]], ["RZ", [4]], ["RZ", [5]], ["RZ", [6]], ["RZ", [7]], ["RZ", [8]], ["CZ", [0, 1]], ["CZ", [2, 3]], ["CZ", [4, 5]], ["CZ", [6, 7]], ["CZ", [1, 8]], ["CZ", [5, 8]], ["RX", [0]], ["RX", [1]], ["RX", [2]], ["RX", [3]], ["RX", [4]], ["RX", [5]], ["RX", [6]], ["RX", [7]], ["RX", [8]], ["RY", [0]], ["RY", [1]], ["RY", [2]], ["RY", [3]], ["RY", [4]], ["RY", [5]], ["RY", [6]], ["RY", [7]], ["RY", [8]], ["RY", [0]], ["RY", [2]], ["RY", [4]], ["RY", [6]], ["RY", [1]], ["RY", [3]], ["RY", [5]], ["RY", [7]], ["RY", [8]], ["RZ", [0]], ["RZ", [1]], ["RZ", [2]], ["RZ", [3]], ["RZ", [4]], ["RZ", [5]], ["RZ", [6]], ["RZ", [7]], ["RZ", [8]], ["CZ", [0, 1]], ["CZ", [2, 3]], ["CZ", [4, 5]], ["CZ", [6, 7]], ["CZ", [1, 8]], ["CZ", [5, 8]], ["RX", [0]], ["RX", [1]], ["RX", [2]], ["RX", [3]], ["RX", [4]], ["RX", [5]], ["RX", [6]], ["RX", [7]], ["RX", [8]], ["RY", [0]], ["RY", [1]], ["RY", [2]], ["RY", [3]], ["RY", [4]], ["RY", [5]], ["RY", [6]], ["RY", [7]], ["RY", [8]], ["RX", [0]], ["RX", [1]], ["RX", [2]], ["RX", [3]], ["RX", [4]], ["RX", [5]], ["RX", [6]], ["RX", [7]], ["RX", [8]], ["RY", [0]], ["RY", [2]], ["RY", [4]], ["RY", [6]], ["RY", [1]], ["RY", [3]], ["RY", [5]], ["RY", [7]], ["RY", [8]], ["RZ", [0]], ["RZ", [1]], ["RZ", [2]], ["RZ", [3]], ["RZ", [4]], ["RZ", [5]], ["RZ", [6]], ["RZ", [7]], ["RZ", [8]], ["CZ", [0, 1]], ["CZ", [2, 3]], ["CZ", [4, 5]], ["CZ", [6, 7]], ["CZ", [1, 8]], ["CZ", [5, 8]], ["RX", [0]], ["RX", [1]], ["RX", [2]], ["RX", [3]], ["RX", [4]], ["RX", [5]], ["RX", [6]], ["RX", [7]], ["RX", [8]], ["RY", [0]], ["RY", [1]], ["RY", [2]], ["RY", [3]], ["RY", [4]], ["RY", [5]], ["RY", [6]], ["RY", [7]], ["RY", [8]], ["RY", [0]], ["RY", [2]], ["RY", [4]], ["RY", [6]], ["RY", [1]], ["RY", [3]], ["RY", [5]], ["RY", [7]], ["RY", [8]], ["RZ", [0]], ["RZ", [1]], ["RZ", [2]], ["RZ", [3]], ["RZ", [4]], ["RZ", [5]], ["RZ", [6]], ["RZ", [7]], ["RZ", [8]], ["CZ", [0, 1]], ["CZ", [2, 3]], ["CZ", [4, 5]], ["CZ", [6, 7]], ["CZ", [1, 8]], ["CZ", [5, 8]], ["RX", [0]], ["RX", [1]], ["RX", [2]], ["RX", [3]], ["RX", [4]], ["RX", [5]], ["RX", [6]], ["RX", [7]], ["RX", [8]], ["RY", [0]], ["RY", [1]], ["RY", [2]], ["RY", [3]], ["RY", [4]], ["RY", [5]], ["RY", [6]], ["RY", [7]], ["RY", [8]]], "parameter_efficiency": 0.009567901234567902, "spec_valid": true, "test_accuracy": 0.5166666666666667, "test_loss": 3.049732303836663, "train_accuracy": 0.4666666666666667, "train_loss": 3.1463869742031894, "validation_accuracy": 0.4888888888888889, "validation_loss": 3.089419807042973}
==========Run 1/1 completed in 87.26 seconds==========
Correctness and error status saved to /home/chengyou1368/QuantumAnsatz/qml-ea/tic-tac-toe/results/ttt_qml_cli_20260624_162514/gen_20/results/correct.json
Metrics saved to /home/chengyou1368/QuantumAnsatz/qml-ea/tic-tac-toe/results/ttt_qml_cli_20260624_162514/gen_20/results/metrics.json
OK
{
  "combined_score": 0.5063625596065552,
  "public": {
    "train_accuracy_mean": 0.4667,
    "train_accuracy_std": 0.0,
    "validation_accuracy_mean": 0.4889,
    "validation_accuracy_std": 0.0,
    "test_accuracy_mean": 0.5167,
    "test_accuracy_std": 0.0,
    "generalization_gap_mean": 0.05,
    "validation_loss_mean": 3.0894,
    "test_loss_mean": 3.0497,
    "parameter_efficiency_mean": 0.009568,
    "n_params": 54,
    "depth_mean": 40.0,
    "gate_count_mean": 279.0,
    "score_uses_test": false,
    "convergence_step_mean": null
  },
  "private": {
    "per_run_scores": [
      {
        "combined_score": 0.5063625596065552,
        "primary_accuracy": 0.4888888888888889,
        "gap_score": 0.857142857142857,
        "loss_score": 0.24453346616010357,
        "parameter_efficiency_score": 1.0,
        "convergence_score": 0.0
      }
    ],
    "per_run_test_accuracies": [
      0.5166666666666667
    ]
  },
  "text_feedback": "Combined score: 0.5064\nValidation accuracy mean: 0.4889\nTest accuracy mean: 0.5167\nTrain-test generalization gap mean: 0.0500\nValidation L2 loss mean: 3.0894\nParameters: 54, depth mean: 40.0, gate count mean: 279.0\nFitness uses validation metrics; test metrics are reported as holdout diagnostics.\nAccuracy is still low; explore more expressive local entanglement or rotation diversity.\nDid not reach convergence threshold 0.90 in these runs.",
  "execution_time_mean": 87.25590481599966,
  "execution_time_std": 0.0,
  "num_valid_runs": 1,
  "num_invalid_runs": 0,
  "all_validation_errors": []
}
