Job running on a1130u09n03.mghpcc.ycrc.yale.edu under Slurm job 19445535
Activating sourced environment: /home/ch2499/project/transfer_sn/activate_eval_cluster.sh
==========Running program evaluation 1/1...==========
==========Run 1/1 completed in 1876.41 seconds==========
Correctness and error status saved to /home/ch2499/project/transfer_sn/results_sonnet_r2/gen_22/results/correct.json
Metrics saved to /home/ch2499/project/transfer_sn/results_sonnet_r2/gen_22/results/metrics.json
OK
{
  "combined_score": 0.8319159340941311,
  "public": {
    "train_accuracy_mean": 0.9756,
    "train_accuracy_std": 0.0,
    "validation_accuracy_mean": 0.8767,
    "validation_accuracy_std": 0.0,
    "test_accuracy_mean": 0.8733,
    "test_accuracy_std": 0.0,
    "generalization_gap_mean": 0.1022,
    "validation_loss_mean": 0.4424,
    "test_loss_mean": 0.5001,
    "parameter_efficiency_mean": 0.005137,
    "n_params": 170,
    "depth_mean": 123.0,
    "gate_count_mean": 282.0,
    "score_uses_test": false,
    "convergence_step_mean": 1080.0
  },
  "private": {
    "per_run_scores": [
      {
        "combined_score": 0.8319159340941311,
        "primary_accuracy": 0.8766666666666667,
        "gap_score": 0.7079365079365079,
        "loss_score": 0.6932764731703359,
        "parameter_efficiency_score": 0.7529019607843137,
        "convergence_score": 0.964
      }
    ],
    "per_run_test_accuracies": [
      0.8733333333333333
    ]
  },
  "text_feedback": "Combined score: 0.8319\nValidation accuracy mean: 0.8767\nTest accuracy mean: 0.8733\nTrain-test generalization gap mean: 0.1022\nValidation L2 loss mean: 0.4424\nParameters: 170, depth mean: 123.0, gate count mean: 282.0\nFitness uses validation metrics; test metrics are reported as holdout diagnostics.\nParameter count exceeds the seed; added accuracy must justify the complexity.",
  "execution_time_mean": 1876.4143290133215,
  "execution_time_std": 0.0,
  "num_valid_runs": 1,
  "num_invalid_runs": 0,
  "all_validation_errors": []
}
