Job running on a1130u31n04.mghpcc.ycrc.yale.edu under Slurm job 19605258
Activating sourced environment: /home/ch2499/project/zc_sn/activate_eval_cluster.sh
==========Running program evaluation 1/1...==========
==========Run 1/1 completed in 729.84 seconds==========
Correctness and error status saved to /home/ch2499/project/zc_sn/results_gpt56sol/gen_51/results/correct.json
Metrics saved to /home/ch2499/project/zc_sn/results_gpt56sol/gen_51/results/metrics.json
OK
{
  "combined_score": 0.8604626320872051,
  "public": {
    "train_accuracy_mean": 0.9333,
    "train_accuracy_std": 0.0,
    "validation_accuracy_mean": 0.88,
    "validation_accuracy_std": 0.0,
    "test_accuracy_mean": 0.8733,
    "test_accuracy_std": 0.0,
    "generalization_gap_mean": 0.06,
    "validation_loss_mean": 0.4494,
    "test_loss_mean": 0.4851,
    "parameter_efficiency_mean": 0.007939,
    "n_params": 110,
    "depth_mean": 105.0,
    "gate_count_mean": 420.0,
    "score_uses_test": false,
    "convergence_step_mean": 390.0
  },
  "private": {
    "per_run_scores": [
      {
        "combined_score": 0.8604626320872051,
        "primary_accuracy": 0.88,
        "gap_score": 0.8285714285714284,
        "loss_score": 0.6899572297877168,
        "parameter_efficiency_score": 1.0,
        "convergence_score": 0.987
      }
    ],
    "per_run_test_accuracies": [
      0.8733333333333333
    ]
  },
  "text_feedback": "Combined score: 0.8605\nValidation accuracy mean: 0.8800\nTest accuracy mean: 0.8733\nTrain-test generalization gap mean: 0.0600\nValidation L2 loss mean: 0.4494\nParameters: 110, depth mean: 105.0, gate count mean: 420.0\nFitness uses validation metrics; test metrics are reported as holdout diagnostics.",
  "execution_time_mean": 729.8415201278403,
  "execution_time_std": 0.0,
  "num_valid_runs": 1,
  "num_invalid_runs": 0,
  "all_validation_errors": []
}
