==========Running program evaluation 1/1...==========
{"batch_size": 10, "data_seed": 2027, "dataset": {"all_valid_unique_boards": {"class_counts": {"circle": 316, "cross": 626, "draw": 4536}, "total": 5478}, "overlap_train_test": 4, "overlap_train_validation": 1, "overlap_validation_test": 3, "test": {"class_counts": {"circle": 20, "cross": 20, "draw": 20}, "rows": 60, "unique_boards": 59}, "train": {"class_counts": {"circle": 20, "cross": 20, "draw": 20}, "rows": 60, "unique_boards": 59}, "validation": {"class_counts": {"circle": 15, "cross": 15, "draw": 15}, "rows": 45, "unique_boards": 44}}, "event": "start", "learning_rate": 0.03, "n_epochs": 3, "n_params": 66, "n_params_per_block": 11, "n_repeats": 2, "n_uploads": 3, "seed": 1000, "steps_per_epoch": 3}
{"batch_loss": 6.9659243397930535, "epoch": 1, "event": "epoch", "global_step": 3, "test_accuracy": 0.31666666666666665, "test_loss": 6.3374774752262635, "train_accuracy": 0.2833333333333333, "train_loss": 6.239117149048127, "validation_accuracy": 0.3333333333333333, "validation_loss": 6.192239491299192}
{"batch_loss": 5.354021362387925, "epoch": 2, "event": "epoch", "global_step": 6, "test_accuracy": 0.2833333333333333, "test_loss": 4.382797519062963, "train_accuracy": 0.3333333333333333, "train_loss": 4.250379231874294, "validation_accuracy": 0.3333333333333333, "validation_loss": 4.066106307983479}
{"batch_loss": 3.5214429133039347, "epoch": 3, "event": "epoch", "global_step": 9, "test_accuracy": 0.36666666666666664, "test_loss": 3.3550672780628363, "train_accuracy": 0.38333333333333336, "train_loss": 3.3083769117731663, "validation_accuracy": 0.4666666666666667, "validation_loss": 3.0494662165541513}
{"convergence_epoch": null, "convergence_step": null, "convergence_threshold": 0.9, "depth": 81, "event": "final", "gate_count": 261, "generalization_gap": 0.01666666666666672, "history_tail": [{"batch_loss": 6.9659243397930535, "epoch": 1, "event": "epoch", "global_step": 3, "test_accuracy": 0.31666666666666665, "test_loss": 6.3374774752262635, "train_accuracy": 0.2833333333333333, "train_loss": 6.239117149048127, "validation_accuracy": 0.3333333333333333, "validation_loss": 6.192239491299192}, {"batch_loss": 5.354021362387925, "epoch": 2, "event": "epoch", "global_step": 6, "test_accuracy": 0.2833333333333333, "test_loss": 4.382797519062963, "train_accuracy": 0.3333333333333333, "train_loss": 4.250379231874294, "validation_accuracy": 0.3333333333333333, "validation_loss": 4.066106307983479}, {"batch_loss": 3.5214429133039347, "epoch": 3, "event": "epoch", "global_step": 9, "test_accuracy": 0.36666666666666664, "test_loss": 3.3550672780628363, "train_accuracy": 0.38333333333333336, "train_loss": 3.3083769117731663, "validation_accuracy": 0.4666666666666667, "validation_loss": 3.0494662165541513}], "max_steps": 9, "n_params": 66, "n_params_per_block": 11, "n_qubits": 9, "n_repeats": 2, "n_uploads": 3, "operations": [["RX", [0]], ["RX", [1]], ["RX", [2]], ["RX", [3]], ["RX", [4]], ["RX", [5]], ["RX", [6]], ["RX", [7]], ["RX", [8]], ["RZ", [0]], ["RZ", [2]], ["RZ", [4]], ["RZ", [6]], ["RZ", [1]], ["RZ", [3]], ["RZ", [5]], ["RZ", [7]], ["RZ", [8]], ["RY", [0]], ["RY", [2]], ["RY", [4]], ["RY", [6]], ["RY", [1]], ["RY", [3]], ["RY", [5]], ["RY", [7]], ["RY", [8]], ["CRX", [0, 1]], ["CRX", [1, 2]], ["CRX", [2, 3]], ["CRX", [3, 4]], ["CRY", [8, 1]], ["CRY", [8, 3]], ["CRY", [8, 5]], ["CRY", [8, 7]], ["CRX", [4, 5]], ["CRX", [5, 6]], ["CRX", [6, 7]], ["CRX", [7, 0]], ["RZ", [0]], ["RZ", [2]], ["RZ", [4]], ["RZ", [6]], ["RZ", [1]], ["RZ", [3]], ["RZ", [5]], ["RZ", [7]], ["RZ", [8]], ["RZ", [0]], ["RZ", [2]], ["RZ", [4]], ["RZ", [6]], ["RZ", [1]], ["RZ", [3]], ["RZ", [5]], ["RZ", [7]], ["RZ", [8]], ["RY", [0]], ["RY", [2]], ["RY", [4]], ["RY", [6]], ["RY", [1]], ["RY", [3]], ["RY", [5]], ["RY", [7]], ["RY", [8]], ["CRX", [0, 1]], ["CRX", [1, 2]], ["CRX", [2, 3]], ["CRX", [3, 4]], ["CRY", [8, 1]], ["CRY", [8, 3]], ["CRY", [8, 5]], ["CRY", [8, 7]], ["CRX", [4, 5]], ["CRX", [5, 6]], ["CRX", [6, 7]], ["CRX", [7, 0]], ["RZ", [0]], ["RZ", [2]], ["RZ", [4]], ["RZ", [6]], ["RZ", [1]], ["RZ", [3]], ["RZ", [5]], ["RZ", [7]], ["RZ", [8]], ["RX", [0]], ["RX", [1]], ["RX", [2]], ["RX", [3]], ["RX", [4]], ["RX", [5]], ["RX", [6]], ["RX", [7]], ["RX", [8]], ["RZ", [0]], ["RZ", [2]], ["RZ", [4]], ["RZ", [6]], ["RZ", [1]], ["RZ", [3]], ["RZ", [5]], ["RZ", [7]], ["RZ", [8]], ["RY", [0]], ["RY", [2]], ["RY", [4]], ["RY", [6]], ["RY", [1]], ["RY", [3]], ["RY", [5]], ["RY", [7]], ["RY", [8]], ["CRX", [0, 1]], ["CRX", [1, 2]], ["CRX", [2, 3]], ["CRX", [3, 4]], ["CRY", [8, 1]], ["CRY", [8, 3]], ["CRY", [8, 5]], ["CRY", [8, 7]], ["CRX", [4, 5]], ["CRX", [5, 6]], ["CRX", [6, 7]], ["CRX", [7, 0]], ["RZ", [0]], ["RZ", [2]], ["RZ", [4]], ["RZ", [6]], ["RZ", [1]], ["RZ", [3]], ["RZ", [5]], ["RZ", [7]], ["RZ", [8]], ["RZ", [0]], ["RZ", [2]], ["RZ", [4]], ["RZ", [6]], ["RZ", [1]], ["RZ", [3]], ["RZ", [5]], ["RZ", [7]], ["RZ", [8]], ["RY", [0]], ["RY", [2]], ["RY", [4]], ["RY", [6]], ["RY", [1]], ["RY", [3]], ["RY", [5]], ["RY", [7]], ["RY", [8]], ["CRX", [0, 1]], ["CRX", [1, 2]], ["CRX", [2, 3]], ["CRX", [3, 4]], ["CRY", [8, 1]], ["CRY", [8, 3]], ["CRY", [8, 5]], ["CRY", [8, 7]], ["CRX", [4, 5]], ["CRX", [5, 6]], ["CRX", [6, 7]], ["CRX", [7, 0]], ["RZ", [0]], ["RZ", [2]], ["RZ", [4]], ["RZ", [6]], ["RZ", [1]], ["RZ", [3]], ["RZ", [5]], ["RZ", [7]], ["RZ", [8]], ["RX", [0]], ["RX", [1]], ["RX", [2]], ["RX", [3]], ["RX", [4]], ["RX", [5]], ["RX", [6]], ["RX", [7]], ["RX", [8]], ["RZ", [0]], ["RZ", [2]], ["RZ", [4]], ["RZ", [6]], ["RZ", [1]], ["RZ", [3]], ["RZ", [5]], ["RZ", [7]], ["RZ", [8]], ["RY", [0]], ["RY", [2]], ["RY", [4]], ["RY", [6]], ["RY", [1]], ["RY", [3]], ["RY", [5]], ["RY", [7]], ["RY", [8]], ["CRX", [0, 1]], ["CRX", [1, 2]], ["CRX", [2, 3]], ["CRX", [3, 4]], ["CRY", [8, 1]], ["CRY", [8, 3]], ["CRY", [8, 5]], ["CRY", [8, 7]], ["CRX", [4, 5]], ["CRX", [5, 6]], ["CRX", [6, 7]], ["CRX", [7, 0]], ["RZ", [0]], ["RZ", [2]], ["RZ", [4]], ["RZ", [6]], ["RZ", [1]], ["RZ", [3]], ["RZ", [5]], ["RZ", [7]], ["RZ", [8]], ["RZ", [0]], ["RZ", [2]], ["RZ", [4]], ["RZ", [6]], ["RZ", [1]], ["RZ", [3]], ["RZ", [5]], ["RZ", [7]], ["RZ", [8]], ["RY", [0]], ["RY", [2]], ["RY", [4]], ["RY", [6]], ["RY", [1]], ["RY", [3]], ["RY", [5]], ["RY", [7]], ["RY", [8]], ["CRX", [0, 1]], ["CRX", [1, 2]], ["CRX", [2, 3]], ["CRX", [3, 4]], ["CRY", [8, 1]], ["CRY", [8, 3]], ["CRY", [8, 5]], ["CRY", [8, 7]], ["CRX", [4, 5]], ["CRX", [5, 6]], ["CRX", [6, 7]], ["CRX", [7, 0]], ["RZ", [0]], ["RZ", [2]], ["RZ", [4]], ["RZ", [6]], ["RZ", [1]], ["RZ", [3]], ["RZ", [5]], ["RZ", [7]], ["RZ", [8]]], "parameter_efficiency": 0.005555555555555555, "spec_valid": true, "test_accuracy": 0.36666666666666664, "test_loss": 3.3550672780628363, "train_accuracy": 0.38333333333333336, "train_loss": 3.3083769117731663, "validation_accuracy": 0.4666666666666667, "validation_loss": 3.0494662165541513}
==========Run 1/1 completed in 38.97 seconds==========
Correctness and error status saved to /home/chengyou1368/QuantumAnsatz/qml-ea/tic-tac-toe/results/ttt_qml_cli_20260605_124906/gen_97/results/correct.json
Metrics saved to /home/chengyou1368/QuantumAnsatz/qml-ea/tic-tac-toe/results/ttt_qml_cli_20260605_124906/gen_97/results/metrics.json
OK
{
  "combined_score": 0.5015657286258389,
  "public": {
    "train_accuracy_mean": 0.3833,
    "train_accuracy_std": 0.0,
    "validation_accuracy_mean": 0.4667,
    "validation_accuracy_std": 0.0,
    "test_accuracy_mean": 0.3667,
    "test_accuracy_std": 0.0,
    "generalization_gap_mean": 0.0167,
    "validation_loss_mean": 3.0495,
    "test_loss_mean": 3.3551,
    "parameter_efficiency_mean": 0.005556,
    "n_params": 66,
    "depth_mean": 81.0,
    "gate_count_mean": 261.0,
    "score_uses_test": false,
    "convergence_step_mean": null
  },
  "private": {
    "per_run_scores": [
      {
        "combined_score": 0.5015657286258389,
        "primary_accuracy": 0.4666666666666667,
        "gap_score": 0.9523809523809522,
        "loss_score": 0.24694612734686278,
        "parameter_efficiency_score": 1.0,
        "convergence_score": 0.0
      }
    ],
    "per_run_test_accuracies": [
      0.36666666666666664
    ]
  },
  "text_feedback": "Combined score: 0.5016\nValidation accuracy mean: 0.4667\nTest accuracy mean: 0.3667\nTrain-test generalization gap mean: 0.0167\nValidation L2 loss mean: 3.0495\nParameters: 66, depth mean: 81.0, gate count mean: 261.0\nFitness uses validation metrics; test metrics are reported as holdout diagnostics.\nAccuracy is still low; explore more expressive local entanglement or rotation diversity.\nDid not reach convergence threshold 0.90 in these runs.",
  "execution_time_mean": 38.97082247199796,
  "execution_time_std": 0.0,
  "num_valid_runs": 1,
  "num_invalid_runs": 0,
  "all_validation_errors": []
}
