Job running on a1132u24n01.mghpcc.ycrc.yale.edu under Slurm job 19604992
Activating sourced environment: /home/ch2499/project/zc_ttt/activate_eval_cluster.sh
==========Running program evaluation 1/1...==========
==========Run 1/1 completed in 1872.53 seconds==========
Correctness and error status saved to /home/ch2499/project/zc_ttt/results_sonnet/gen_18/results/correct.json
Metrics saved to /home/ch2499/project/zc_ttt/results_sonnet/gen_18/results/metrics.json
OK
{
  "combined_score": 0.5755372794375244,
  "public": {
    "train_accuracy_mean": 0.6978,
    "train_accuracy_std": 0.0,
    "validation_accuracy_mean": 0.6367,
    "validation_accuracy_std": 0.0,
    "test_accuracy_mean": 0.5933,
    "test_accuracy_std": 0.0,
    "generalization_gap_mean": 0.1044,
    "validation_loss_mean": 2.1375,
    "test_loss_mean": 2.2241,
    "parameter_efficiency_mean": 0.003956,
    "n_params": 150,
    "depth_mean": 59.0,
    "gate_count_mean": 207.0,
    "score_uses_test": false,
    "convergence_step_mean": null
  },
  "private": {
    "per_run_scores": [
      {
        "combined_score": 0.5755372794375244,
        "primary_accuracy": 0.6366666666666667,
        "gap_score": 0.7015873015873015,
        "loss_score": 0.31872048725545393,
        "parameter_efficiency_score": 0.6876000000000001,
        "convergence_score": 0.0
      }
    ],
    "per_run_test_accuracies": [
      0.5933333333333334
    ]
  },
  "text_feedback": "Combined score: 0.5755\nValidation accuracy mean: 0.6367\nTest accuracy mean: 0.5933\nTrain-test generalization gap mean: 0.1044\nValidation L2 loss mean: 2.1375\nParameters: 150, depth mean: 59.0, gate count mean: 207.0\nFitness uses validation metrics; test metrics are reported as holdout diagnostics.\nDid not reach convergence threshold 0.90 in these runs.",
  "execution_time_mean": 1872.5263117649592,
  "execution_time_std": 0.0,
  "num_valid_runs": 1,
  "num_invalid_runs": 0,
  "all_validation_errors": []
}
