Job running on a1132u20n03.mghpcc.ycrc.yale.edu under Slurm job 23104683
Activating sourced environment: /home/ch2499/project/transfer_sn/activate_eval_cluster.sh
==========Running program evaluation 1/1...==========
==========Run 1/1 completed in 575.57 seconds==========
Correctness and error status saved to /home/ch2499/project/transfer_sn/results_frw3_frontier_r1/gen_4/results/correct.json
Metrics saved to /home/ch2499/project/transfer_sn/results_frw3_frontier_r1/gen_4/results/metrics.json
OK
{
  "combined_score": -1.5953297069470675,
  "public": {
    "combined_score_raw": 0.705,
    "train_accuracy_mean": 0.8933,
    "train_accuracy_std": 0.0,
    "validation_accuracy_mean": 0.78,
    "validation_accuracy_std": 0.0,
    "test_accuracy_mean": 0.7683,
    "test_accuracy_std": 0.0,
    "generalization_gap_mean": 0.125,
    "validation_loss_mean": 0.662,
    "test_loss_mean": 0.6679,
    "parameter_efficiency_mean": 0.005263,
    "n_params": 146,
    "depth_mean": 87.0,
    "gate_count_mean": 276.0,
    "score_uses_test": false,
    "convergence_step_mean": null
  },
  "private": {
    "per_run_scores": [
      {
        "combined_score": 0.7050155979147409,
        "primary_accuracy": 0.78,
        "gap_score": 0.6428571428571428,
        "loss_score": 0.6016912876855744,
        "parameter_efficiency_score": 0.78,
        "convergence_score": 0.0
      }
    ],
    "per_run_test_accuracies": [
      0.7683333333333333
    ]
  },
  "text_feedback": "Combined score: -1.5953\nScore scale: 0.0 = the seed program, 1.0 = the best solution found so far on this task. Negative means worse than the seed.\nValidation accuracy mean: 0.7800\nTest accuracy mean: 0.7683\nTrain-test generalization gap mean: 0.1250\nValidation L2 loss mean: 0.6620\nParameters: 146, depth mean: 87.0, gate count mean: 276.0\nFitness uses validation metrics; test metrics are reported as holdout diagnostics.\nDid not reach the convergence threshold in these runs.",
  "execution_time_mean": 575.5689122900367,
  "execution_time_std": 0.0,
  "num_valid_runs": 1,
  "num_invalid_runs": 0,
  "all_validation_errors": []
}
