Job running on a1132u22n01.mghpcc.ycrc.yale.edu under Slurm job 19520605
Activating sourced environment: /home/ch2499/project/transfer_sn/activate_eval_cluster.sh
==========Running program evaluation 1/1...==========
==========Run 1/1 completed in 1186.43 seconds==========
Correctness and error status saved to /home/ch2499/project/transfer_sn/results_haiku_r2/gen_65/results/correct.json
Metrics saved to /home/ch2499/project/transfer_sn/results_haiku_r2/gen_65/results/metrics.json
OK
{
  "combined_score": 0.9104577741257187,
  "public": {
    "train_accuracy_mean": 0.9111,
    "train_accuracy_std": 0.0,
    "validation_accuracy_mean": 0.9167,
    "validation_accuracy_std": 0.0,
    "test_accuracy_mean": 0.905,
    "test_accuracy_std": 0.0,
    "generalization_gap_mean": 0.0061,
    "validation_loss_mean": 0.3166,
    "test_loss_mean": 0.3459,
    "parameter_efficiency_mean": 0.034808,
    "n_params": 26,
    "depth_mean": 184.0,
    "gate_count_mean": 324.0,
    "score_uses_test": false,
    "convergence_step_mean": 180.0
  },
  "private": {
    "per_run_scores": [
      {
        "combined_score": 0.9104577741257187,
        "primary_accuracy": 0.9166666666666666,
        "gap_score": 0.9825396825396827,
        "loss_score": 0.7595491820021458,
        "parameter_efficiency_score": 1.0,
        "convergence_score": 0.994
      }
    ],
    "per_run_test_accuracies": [
      0.905
    ]
  },
  "text_feedback": "Combined score: 0.9105\nValidation accuracy mean: 0.9167\nTest accuracy mean: 0.9050\nTrain-test generalization gap mean: 0.0061\nValidation L2 loss mean: 0.3166\nParameters: 26, depth mean: 184.0, gate count mean: 324.0\nFitness uses validation metrics; test metrics are reported as holdout diagnostics.",
  "execution_time_mean": 1186.428239043802,
  "execution_time_std": 0.0,
  "num_valid_runs": 1,
  "num_invalid_runs": 0,
  "all_validation_errors": []
}
