Job running on a1114u29n01.mghpcc.ycrc.yale.edu under Slurm job 19441658
Activating sourced environment: /home/ch2499/project/transfer_sn/activate_eval_cluster.sh
==========Running program evaluation 1/1...==========
==========Run 1/1 completed in 503.56 seconds==========
Correctness and error status saved to /home/ch2499/project/transfer_sn/results_sonnet_r2/gen_14/results/correct.json
Metrics saved to /home/ch2499/project/transfer_sn/results_sonnet_r2/gen_14/results/metrics.json
OK
{
  "combined_score": 0.7907537228634451,
  "public": {
    "train_accuracy_mean": 0.8733,
    "train_accuracy_std": 0.0,
    "validation_accuracy_mean": 0.8533,
    "validation_accuracy_std": 0.0,
    "test_accuracy_mean": 0.8367,
    "test_accuracy_std": 0.0,
    "generalization_gap_mean": 0.0367,
    "validation_loss_mean": 0.478,
    "test_loss_mean": 0.4963,
    "parameter_efficiency_mean": 0.005504,
    "n_params": 152,
    "depth_mean": 120.0,
    "gate_count_mean": 276.0,
    "score_uses_test": false,
    "convergence_step_mean": null
  },
  "private": {
    "per_run_scores": [
      {
        "combined_score": 0.7907537228634451,
        "primary_accuracy": 0.8533333333333334,
        "gap_score": 0.8952380952380954,
        "loss_score": 0.6765703495825323,
        "parameter_efficiency_score": 0.8196491228070176,
        "convergence_score": 0.0
      }
    ],
    "per_run_test_accuracies": [
      0.8366666666666667
    ]
  },
  "text_feedback": "Combined score: 0.7908\nValidation accuracy mean: 0.8533\nTest accuracy mean: 0.8367\nTrain-test generalization gap mean: 0.0367\nValidation L2 loss mean: 0.4780\nParameters: 152, depth mean: 120.0, gate count mean: 276.0\nFitness uses validation metrics; test metrics are reported as holdout diagnostics.\nParameter count exceeds the seed; added accuracy must justify the complexity.\nDid not reach the convergence threshold in these runs.",
  "execution_time_mean": 503.56360183190554,
  "execution_time_std": 0.0,
  "num_valid_runs": 1,
  "num_invalid_runs": 0,
  "all_validation_errors": []
}
