Job running on a1132u37n02.mghpcc.ycrc.yale.edu under Slurm job 23103734
Activating sourced environment: /home/ch2499/project/transfer_sn/activate_eval_cluster.sh
==========Running program evaluation 1/1...==========
==========Run 1/1 completed in 945.98 seconds==========
Correctness and error status saved to /home/ch2499/project/transfer_sn/results_frw3_weak_r5/gen_4/results/correct.json
Metrics saved to /home/ch2499/project/transfer_sn/results_frw3_weak_r5/gen_4/results/metrics.json
OK
{
  "combined_score": 0.09158468577462613,
  "public": {
    "combined_score_raw": 0.8632,
    "train_accuracy_mean": 0.9733,
    "train_accuracy_std": 0.0,
    "validation_accuracy_mean": 0.9267,
    "validation_accuracy_std": 0.0,
    "test_accuracy_mean": 0.8883,
    "test_accuracy_std": 0.0,
    "generalization_gap_mean": 0.085,
    "validation_loss_mean": 0.4172,
    "test_loss_mean": 0.4517,
    "parameter_efficiency_mean": 0.004442,
    "n_params": 200,
    "depth_mean": 105.0,
    "gate_count_mean": 396.0,
    "score_uses_test": false,
    "convergence_step_mean": 450.0
  },
  "private": {
    "per_run_scores": [
      {
        "combined_score": 0.8631509991292015,
        "primary_accuracy": 0.9266666666666666,
        "gap_score": 0.7571428571428569,
        "loss_score": 0.7055971370518196,
        "parameter_efficiency_score": 0.6764666666666667,
        "convergence_score": 0.985
      }
    ],
    "per_run_test_accuracies": [
      0.8883333333333333
    ]
  },
  "text_feedback": "Combined score: 0.0916\nScore scale: 0.0 = the seed program, 1.0 = the best solution found so far on this task. Negative means worse than the seed.\nValidation accuracy mean: 0.9267\nTest accuracy mean: 0.8883\nTrain-test generalization gap mean: 0.0850\nValidation L2 loss mean: 0.4172\nParameters: 200, depth mean: 105.0, gate count mean: 396.0\nFitness uses validation metrics; test metrics are reported as holdout diagnostics.\nParameter count exceeds the seed; added accuracy must justify the complexity.",
  "execution_time_mean": 945.975017817691,
  "execution_time_std": 0.0,
  "num_valid_runs": 1,
  "num_invalid_runs": 0,
  "all_validation_errors": []
}
