Job running on a1114u29n01.mghpcc.ycrc.yale.edu under Slurm job 19481297
Activating sourced environment: /home/ch2499/project/transfer_sn/activate_eval_cluster.sh
==========Running program evaluation 1/1...==========
==========Run 1/1 completed in 716.89 seconds==========
Correctness and error status saved to /home/ch2499/project/transfer_sn/results_haiku_r2/gen_27/results/correct.json
Metrics saved to /home/ch2499/project/transfer_sn/results_haiku_r2/gen_27/results/metrics.json
OK
{
  "combined_score": 0.8668897927338357,
  "public": {
    "train_accuracy_mean": 0.9156,
    "train_accuracy_std": 0.0,
    "validation_accuracy_mean": 0.88,
    "validation_accuracy_std": 0.0,
    "test_accuracy_mean": 0.8667,
    "test_accuracy_std": 0.0,
    "generalization_gap_mean": 0.0489,
    "validation_loss_mean": 0.4073,
    "test_loss_mean": 0.4358,
    "parameter_efficiency_mean": 0.019697,
    "n_params": 44,
    "depth_mean": 105.0,
    "gate_count_mean": 276.0,
    "score_uses_test": false,
    "convergence_step_mean": 180.0
  },
  "private": {
    "per_run_scores": [
      {
        "combined_score": 0.8668897927338357,
        "primary_accuracy": 0.88,
        "gap_score": 0.8603174603174604,
        "loss_score": 0.7105774542044068,
        "parameter_efficiency_score": 1.0,
        "convergence_score": 0.994
      }
    ],
    "per_run_test_accuracies": [
      0.8666666666666667
    ]
  },
  "text_feedback": "Combined score: 0.8669\nValidation accuracy mean: 0.8800\nTest accuracy mean: 0.8667\nTrain-test generalization gap mean: 0.0489\nValidation L2 loss mean: 0.4073\nParameters: 44, depth mean: 105.0, gate count mean: 276.0\nFitness uses validation metrics; test metrics are reported as holdout diagnostics.",
  "execution_time_mean": 716.8947210891638,
  "execution_time_std": 0.0,
  "num_valid_runs": 1,
  "num_invalid_runs": 0,
  "all_validation_errors": []
}
