Job running on a1132u22n04.mghpcc.ycrc.yale.edu under Slurm job 19608595
Activating sourced environment: /home/ch2499/project/zc_sn/activate_eval_cluster.sh
==========Running program evaluation 1/1...==========
==========Run 1/1 completed in 812.35 seconds==========
Correctness and error status saved to /home/ch2499/project/zc_sn/results_sonnet/gen_57/results/correct.json
Metrics saved to /home/ch2499/project/zc_sn/results_sonnet/gen_57/results/metrics.json
OK
{
  "combined_score": 0.8548852751293634,
  "public": {
    "train_accuracy_mean": 0.9556,
    "train_accuracy_std": 0.0,
    "validation_accuracy_mean": 0.8933,
    "validation_accuracy_std": 0.0,
    "test_accuracy_mean": 0.86,
    "test_accuracy_std": 0.0,
    "generalization_gap_mean": 0.0956,
    "validation_loss_mean": 0.4442,
    "test_loss_mean": 0.5023,
    "parameter_efficiency_mean": 0.006719,
    "n_params": 128,
    "depth_mean": 142.0,
    "gate_count_mean": 300.0,
    "score_uses_test": false,
    "convergence_step_mean": 150.0
  },
  "private": {
    "per_run_scores": [
      {
        "combined_score": 0.8548852751293634,
        "primary_accuracy": 0.8933333333333333,
        "gap_score": 0.7269841269841268,
        "loss_score": 0.6924362257301481,
        "parameter_efficiency_score": 1.0,
        "convergence_score": 0.995
      }
    ],
    "per_run_test_accuracies": [
      0.86
    ]
  },
  "text_feedback": "Combined score: 0.8549\nValidation accuracy mean: 0.8933\nTest accuracy mean: 0.8600\nTrain-test generalization gap mean: 0.0956\nValidation L2 loss mean: 0.4442\nParameters: 128, depth mean: 142.0, gate count mean: 300.0\nFitness uses validation metrics; test metrics are reported as holdout diagnostics.",
  "execution_time_mean": 812.3494380582124,
  "execution_time_std": 0.0,
  "num_valid_runs": 1,
  "num_invalid_runs": 0,
  "all_validation_errors": []
}
