Job running on a1132u20n01.mghpcc.ycrc.yale.edu under Slurm job 19430899
Activating sourced environment: /home/ch2499/project/transfer_sn/activate_eval_cluster.sh
==========Running program evaluation 1/1...==========
==========Run 1/1 completed in 2055.72 seconds==========
Correctness and error status saved to /home/ch2499/project/transfer_sn/results_haiku/gen_13/results/correct.json
Metrics saved to /home/ch2499/project/transfer_sn/results_haiku/gen_13/results/metrics.json
OK
{
  "combined_score": 0.7951782420222332,
  "public": {
    "train_accuracy_mean": 0.9378,
    "train_accuracy_std": 0.0,
    "validation_accuracy_mean": 0.8533,
    "validation_accuracy_std": 0.0,
    "test_accuracy_mean": 0.8717,
    "test_accuracy_std": 0.0,
    "generalization_gap_mean": 0.0661,
    "validation_loss_mean": 0.4554,
    "test_loss_mean": 0.4609,
    "parameter_efficiency_mean": 0.007145,
    "n_params": 122,
    "depth_mean": 93.0,
    "gate_count_mean": 300.0,
    "score_uses_test": false,
    "convergence_step_mean": null
  },
  "private": {
    "per_run_scores": [
      {
        "combined_score": 0.7951782420222332,
        "primary_accuracy": 0.8533333333333334,
        "gap_score": 0.8111111111111111,
        "loss_score": 0.6871142060741463,
        "parameter_efficiency_score": 1.0,
        "convergence_score": 0.0
      }
    ],
    "per_run_test_accuracies": [
      0.8716666666666667
    ]
  },
  "text_feedback": "Combined score: 0.7952\nValidation accuracy mean: 0.8533\nTest accuracy mean: 0.8717\nTrain-test generalization gap mean: 0.0661\nValidation L2 loss mean: 0.4554\nParameters: 122, depth mean: 93.0, gate count mean: 300.0\nFitness uses validation metrics; test metrics are reported as holdout diagnostics.\nDid not reach the convergence threshold in these runs.",
  "execution_time_mean": 2055.7220349758863,
  "execution_time_std": 0.0,
  "num_valid_runs": 1,
  "num_invalid_runs": 0,
  "all_validation_errors": []
}
