Job running on a1132u11n04.mghpcc.ycrc.yale.edu under Slurm job 23103719
Activating sourced environment: /home/ch2499/project/transfer_sn/activate_eval_cluster.sh
==========Running program evaluation 1/1...==========
==========Run 1/1 completed in 1186.43 seconds==========
Correctness and error status saved to /home/ch2499/project/transfer_sn/results_frw3_weak_r9/gen_4/results/correct.json
Metrics saved to /home/ch2499/project/transfer_sn/results_frw3_weak_r9/gen_4/results/metrics.json
OK
{
  "combined_score": 0.40962406266852003,
  "public": {
    "combined_score_raw": 0.893,
    "train_accuracy_mean": 0.9267,
    "train_accuracy_std": 0.0,
    "validation_accuracy_mean": 0.91,
    "validation_accuracy_std": 0.0,
    "test_accuracy_mean": 0.8917,
    "test_accuracy_std": 0.0,
    "generalization_gap_mean": 0.035,
    "validation_loss_mean": 0.3563,
    "test_loss_mean": 0.3835,
    "parameter_efficiency_mean": 0.027865,
    "n_params": 32,
    "depth_mean": 105.0,
    "gate_count_mean": 372.0,
    "score_uses_test": false,
    "convergence_step_mean": 180.0
  },
  "private": {
    "per_run_scores": [
      {
        "combined_score": 0.892964773132261,
        "primary_accuracy": 0.91,
        "gap_score": 0.9000000000000002,
        "loss_score": 0.7373207097706279,
        "parameter_efficiency_score": 1.0,
        "convergence_score": 0.994
      }
    ],
    "per_run_test_accuracies": [
      0.8916666666666667
    ]
  },
  "text_feedback": "Combined score: 0.4096\nScore scale: 0.0 = the seed program, 1.0 = the best solution found so far on this task. Negative means worse than the seed.\nValidation accuracy mean: 0.9100\nTest accuracy mean: 0.8917\nTrain-test generalization gap mean: 0.0350\nValidation L2 loss mean: 0.3563\nParameters: 32, depth mean: 105.0, gate count mean: 372.0\nFitness uses validation metrics; test metrics are reported as holdout diagnostics.",
  "execution_time_mean": 1186.4256482636556,
  "execution_time_std": 0.0,
  "num_valid_runs": 1,
  "num_invalid_runs": 0,
  "all_validation_errors": []
}
