Job running on a1132u22n04.mghpcc.ycrc.yale.edu under Slurm job 19606335
Activating sourced environment: /home/ch2499/project/zc_ttt/activate_eval_cluster.sh
==========Running program evaluation 1/1...==========
==========Run 1/1 completed in 2260.79 seconds==========
Correctness and error status saved to /home/ch2499/project/zc_ttt/results_gpt56sol/gen_38/results/correct.json
Metrics saved to /home/ch2499/project/zc_ttt/results_gpt56sol/gen_38/results/metrics.json
OK
{
  "combined_score": 0.5534970289922039,
  "public": {
    "train_accuracy_mean": 0.6178,
    "train_accuracy_std": 0.0,
    "validation_accuracy_mean": 0.5667,
    "validation_accuracy_std": 0.0,
    "test_accuracy_mean": 0.5433,
    "test_accuracy_std": 0.0,
    "generalization_gap_mean": 0.0744,
    "validation_loss_mean": 2.3119,
    "test_loss_mean": 2.3918,
    "parameter_efficiency_mean": 0.005327,
    "n_params": 102,
    "depth_mean": 57.0,
    "gate_count_mean": 213.0,
    "score_uses_test": false,
    "convergence_step_mean": null
  },
  "private": {
    "per_run_scores": [
      {
        "combined_score": 0.5534970289922039,
        "primary_accuracy": 0.5666666666666667,
        "gap_score": 0.7873015873015874,
        "loss_score": 0.30193786523903077,
        "parameter_efficiency_score": 0.9,
        "convergence_score": 0.0
      }
    ],
    "per_run_test_accuracies": [
      0.5433333333333333
    ]
  },
  "text_feedback": "Combined score: 0.5535\nValidation accuracy mean: 0.5667\nTest accuracy mean: 0.5433\nTrain-test generalization gap mean: 0.0744\nValidation L2 loss mean: 2.3119\nParameters: 102, depth mean: 57.0, gate count mean: 213.0\nFitness uses validation metrics; test metrics are reported as holdout diagnostics.\nDid not reach convergence threshold 0.90 in these runs.",
  "execution_time_mean": 2260.7901530419476,
  "execution_time_std": 0.0,
  "num_valid_runs": 1,
  "num_invalid_runs": 0,
  "all_validation_errors": []
}
