Job running on a1114u24n01.mghpcc.ycrc.yale.edu under Slurm job 19480882
Activating sourced environment: /home/ch2499/project/transfer_sn/activate_eval_cluster.sh
==========Running program evaluation 1/1...==========
==========Run 1/1 completed in 451.79 seconds==========
Correctness and error status saved to /home/ch2499/project/transfer_sn/results_sonnet_r2/gen_36/results/correct.json
Metrics saved to /home/ch2499/project/transfer_sn/results_sonnet_r2/gen_36/results/metrics.json
OK
{
  "combined_score": 0.8926679008193077,
  "public": {
    "train_accuracy_mean": 0.9489,
    "train_accuracy_std": 0.0,
    "validation_accuracy_mean": 0.9067,
    "validation_accuracy_std": 0.0,
    "test_accuracy_mean": 0.9133,
    "test_accuracy_std": 0.0,
    "generalization_gap_mean": 0.0356,
    "validation_loss_mean": 0.3645,
    "test_loss_mean": 0.3535,
    "parameter_efficiency_mean": 0.013431,
    "n_params": 68,
    "depth_mean": 124.0,
    "gate_count_mean": 282.0,
    "score_uses_test": false,
    "convergence_step_mean": 150.0
  },
  "private": {
    "per_run_scores": [
      {
        "combined_score": 0.8926679008193077,
        "primary_accuracy": 0.9066666666666666,
        "gap_score": 0.8984126984126983,
        "loss_score": 0.7328918255678719,
        "parameter_efficiency_score": 1.0,
        "convergence_score": 0.995
      }
    ],
    "per_run_test_accuracies": [
      0.9133333333333333
    ]
  },
  "text_feedback": "Combined score: 0.8927\nValidation accuracy mean: 0.9067\nTest accuracy mean: 0.9133\nTrain-test generalization gap mean: 0.0356\nValidation L2 loss mean: 0.3645\nParameters: 68, depth mean: 124.0, gate count mean: 282.0\nFitness uses validation metrics; test metrics are reported as holdout diagnostics.",
  "execution_time_mean": 451.7875843201764,
  "execution_time_std": 0.0,
  "num_valid_runs": 1,
  "num_invalid_runs": 0,
  "all_validation_errors": []
}
