Job running on a1130u37n02.mghpcc.ycrc.yale.edu under Slurm job 19606775
Activating sourced environment: /home/ch2499/project/zc_ttt/activate_eval_cluster.sh
==========Running program evaluation 1/1...==========
==========Run 1/1 completed in 2459.76 seconds==========
Correctness and error status saved to /home/ch2499/project/zc_ttt/results_haiku/gen_36/results/correct.json
Metrics saved to /home/ch2499/project/zc_ttt/results_haiku/gen_36/results/metrics.json
OK
{
  "combined_score": 0.5651624307351918,
  "public": {
    "train_accuracy_mean": 0.6889,
    "train_accuracy_std": 0.0,
    "validation_accuracy_mean": 0.62,
    "validation_accuracy_std": 0.0,
    "test_accuracy_mean": 0.6017,
    "test_accuracy_std": 0.0,
    "generalization_gap_mean": 0.0872,
    "validation_loss_mean": 2.158,
    "test_loss_mean": 2.2299,
    "parameter_efficiency_mean": 0.003134,
    "n_params": 192,
    "depth_mean": 69.0,
    "gate_count_mean": 333.0,
    "score_uses_test": false,
    "convergence_step_mean": null
  },
  "private": {
    "per_run_scores": [
      {
        "combined_score": 0.5651624307351918,
        "primary_accuracy": 0.62,
        "gap_score": 0.7507936507936508,
        "loss_score": 0.31665496151503525,
        "parameter_efficiency_score": 0.523125,
        "convergence_score": 0.0
      }
    ],
    "per_run_test_accuracies": [
      0.6016666666666667
    ]
  },
  "text_feedback": "Combined score: 0.5652\nValidation accuracy mean: 0.6200\nTest accuracy mean: 0.6017\nTrain-test generalization gap mean: 0.0872\nValidation L2 loss mean: 2.1580\nParameters: 192, depth mean: 69.0, gate count mean: 333.0\nFitness uses validation metrics; test metrics are reported as holdout diagnostics.\nParameter count exceeds the seed; added accuracy must justify the complexity.\nDid not reach convergence threshold 0.90 in these runs.",
  "execution_time_mean": 2459.7602167171426,
  "execution_time_std": 0.0,
  "num_valid_runs": 1,
  "num_invalid_runs": 0,
  "all_validation_errors": []
}
