Job running on a1130u24n01.mghpcc.ycrc.yale.edu under Slurm job 19618897
Activating sourced environment: /home/ch2499/project/zc_ttt/activate_eval_cluster.sh
==========Running program evaluation 1/1...==========
==========Run 1/1 completed in 8073.20 seconds==========
Correctness and error status saved to /home/ch2499/project/zc_ttt/results_sonnet/gen_50/results/correct.json
Metrics saved to /home/ch2499/project/zc_ttt/results_sonnet/gen_50/results/metrics.json
OK
{
  "combined_score": 0.5595417459174651,
  "public": {
    "train_accuracy_mean": 0.7044,
    "train_accuracy_std": 0.0,
    "validation_accuracy_mean": 0.6067,
    "validation_accuracy_std": 0.0,
    "test_accuracy_mean": 0.605,
    "test_accuracy_std": 0.0,
    "generalization_gap_mean": 0.0994,
    "validation_loss_mean": 2.1218,
    "test_loss_mean": 2.2052,
    "parameter_efficiency_mean": 0.003735,
    "n_params": 162,
    "depth_mean": 65.0,
    "gate_count_mean": 279.0,
    "score_uses_test": false,
    "convergence_step_mean": null
  },
  "private": {
    "per_run_scores": [
      {
        "combined_score": 0.5595417459174651,
        "primary_accuracy": 0.6066666666666667,
        "gap_score": 0.7158730158730158,
        "loss_score": 0.32033121616934446,
        "parameter_efficiency_score": 0.6066666666666667,
        "convergence_score": 0.0
      }
    ],
    "per_run_test_accuracies": [
      0.605
    ]
  },
  "text_feedback": "Combined score: 0.5595\nValidation accuracy mean: 0.6067\nTest accuracy mean: 0.6050\nTrain-test generalization gap mean: 0.0994\nValidation L2 loss mean: 2.1218\nParameters: 162, depth mean: 65.0, gate count mean: 279.0\nFitness uses validation metrics; test metrics are reported as holdout diagnostics.\nDid not reach convergence threshold 0.90 in these runs.",
  "execution_time_mean": 8073.201380603015,
  "execution_time_std": 0.0,
  "num_valid_runs": 1,
  "num_invalid_runs": 0,
  "all_validation_errors": []
}
