Job running on a1132u22n04.mghpcc.ycrc.yale.edu under Slurm job 19522067
Activating sourced environment: /home/ch2499/project/transfer_sn/activate_eval_cluster.sh
==========Running program evaluation 1/1...==========
==========Run 1/1 completed in 1495.48 seconds==========
Correctness and error status saved to /home/ch2499/project/transfer_sn/results_haiku_r2/gen_67/results/correct.json
Metrics saved to /home/ch2499/project/transfer_sn/results_haiku_r2/gen_67/results/metrics.json
OK
{
  "combined_score": 0.9067395675490934,
  "public": {
    "train_accuracy_mean": 0.9511,
    "train_accuracy_std": 0.0,
    "validation_accuracy_mean": 0.93,
    "validation_accuracy_std": 0.0,
    "test_accuracy_mean": 0.9117,
    "test_accuracy_std": 0.0,
    "generalization_gap_mean": 0.0394,
    "validation_loss_mean": 0.3148,
    "test_loss_mean": 0.3547,
    "parameter_efficiency_mean": 0.023991,
    "n_params": 38,
    "depth_mean": 156.0,
    "gate_count_mean": 396.0,
    "score_uses_test": false,
    "convergence_step_mean": 330.0
  },
  "private": {
    "per_run_scores": [
      {
        "combined_score": 0.9067395675490934,
        "primary_accuracy": 0.93,
        "gap_score": 0.8873015873015871,
        "loss_score": 0.7605547889516274,
        "parameter_efficiency_score": 1.0,
        "convergence_score": 0.989
      }
    ],
    "per_run_test_accuracies": [
      0.9116666666666666
    ]
  },
  "text_feedback": "Combined score: 0.9067\nValidation accuracy mean: 0.9300\nTest accuracy mean: 0.9117\nTrain-test generalization gap mean: 0.0394\nValidation L2 loss mean: 0.3148\nParameters: 38, depth mean: 156.0, gate count mean: 396.0\nFitness uses validation metrics; test metrics are reported as holdout diagnostics.",
  "execution_time_mean": 1495.481483261101,
  "execution_time_std": 0.0,
  "num_valid_runs": 1,
  "num_invalid_runs": 0,
  "all_validation_errors": []
}
