Job running on a1132u33n04.mghpcc.ycrc.yale.edu under Slurm job 19613211
Activating sourced environment: /home/ch2499/project/zc_ttt/activate_eval_cluster.sh
==========Running program evaluation 1/1...==========
==========Run 1/1 completed in 1585.84 seconds==========
Correctness and error status saved to /home/ch2499/project/zc_ttt/results_haiku/gen_60/results/correct.json
Metrics saved to /home/ch2499/project/zc_ttt/results_haiku/gen_60/results/metrics.json
OK
{
  "combined_score": 0.5692700488387761,
  "public": {
    "train_accuracy_mean": 0.7356,
    "train_accuracy_std": 0.0,
    "validation_accuracy_mean": 0.6467,
    "validation_accuracy_std": 0.0,
    "test_accuracy_mean": 0.6033,
    "test_accuracy_std": 0.0,
    "generalization_gap_mean": 0.1322,
    "validation_loss_mean": 2.211,
    "test_loss_mean": 2.277,
    "parameter_efficiency_mean": 0.003724,
    "n_params": 162,
    "depth_mean": 63.0,
    "gate_count_mean": 279.0,
    "score_uses_test": false,
    "convergence_step_mean": null
  },
  "private": {
    "per_run_scores": [
      {
        "combined_score": 0.5692700488387761,
        "primary_accuracy": 0.6466666666666666,
        "gap_score": 0.6222222222222225,
        "loss_score": 0.31142995522147054,
        "parameter_efficiency_score": 0.6466666666666666,
        "convergence_score": 0.0
      }
    ],
    "per_run_test_accuracies": [
      0.6033333333333334
    ]
  },
  "text_feedback": "Combined score: 0.5693\nValidation accuracy mean: 0.6467\nTest accuracy mean: 0.6033\nTrain-test generalization gap mean: 0.1322\nValidation L2 loss mean: 2.2110\nParameters: 162, depth mean: 63.0, gate count mean: 279.0\nFitness uses validation metrics; test metrics are reported as holdout diagnostics.\nDid not reach convergence threshold 0.90 in these runs.",
  "execution_time_mean": 1585.835835846141,
  "execution_time_std": 0.0,
  "num_valid_runs": 1,
  "num_invalid_runs": 0,
  "all_validation_errors": []
}
