Job running on a1132u24n03.mghpcc.ycrc.yale.edu under Slurm job 19613715
Activating sourced environment: /home/ch2499/project/zc_ttt/activate_eval_cluster.sh
==========Running program evaluation 1/1...==========
==========Run 1/1 completed in 1568.72 seconds==========
Correctness and error status saved to /home/ch2499/project/zc_ttt/results_gpt56sol/gen_59/results/correct.json
Metrics saved to /home/ch2499/project/zc_ttt/results_gpt56sol/gen_59/results/metrics.json
OK
{
  "combined_score": 0.5267722096063243,
  "public": {
    "train_accuracy_mean": 0.6489,
    "train_accuracy_std": 0.0,
    "validation_accuracy_mean": 0.57,
    "validation_accuracy_std": 0.0,
    "test_accuracy_mean": 0.5267,
    "test_accuracy_std": 0.0,
    "generalization_gap_mean": 0.1222,
    "validation_loss_mean": 2.2746,
    "test_loss_mean": 2.3511,
    "parameter_efficiency_mean": 0.003816,
    "n_params": 138,
    "depth_mean": 45.0,
    "gate_count_mean": 261.0,
    "score_uses_test": false,
    "convergence_step_mean": null
  },
  "private": {
    "per_run_scores": [
      {
        "combined_score": 0.5267722096063243,
        "primary_accuracy": 0.57,
        "gap_score": 0.6507936507936507,
        "loss_score": 0.30538500906171634,
        "parameter_efficiency_score": 0.6691304347826086,
        "convergence_score": 0.0
      }
    ],
    "per_run_test_accuracies": [
      0.5266666666666666
    ]
  },
  "text_feedback": "Combined score: 0.5268\nValidation accuracy mean: 0.5700\nTest accuracy mean: 0.5267\nTrain-test generalization gap mean: 0.1222\nValidation L2 loss mean: 2.2746\nParameters: 138, depth mean: 45.0, gate count mean: 261.0\nFitness uses validation metrics; test metrics are reported as holdout diagnostics.\nDid not reach convergence threshold 0.90 in these runs.",
  "execution_time_mean": 1568.7240436668508,
  "execution_time_std": 0.0,
  "num_valid_runs": 1,
  "num_invalid_runs": 0,
  "all_validation_errors": []
}
