Job running on a1132u35n03.mghpcc.ycrc.yale.edu under Slurm job 19615875
Activating sourced environment: /home/ch2499/project/zc_ttt/activate_eval_cluster.sh
==========Running program evaluation 1/1...==========
==========Run 1/1 completed in 3440.84 seconds==========
Correctness and error status saved to /home/ch2499/project/zc_ttt/results_sonnet/gen_42/results/correct.json
Metrics saved to /home/ch2499/project/zc_ttt/results_sonnet/gen_42/results/metrics.json
OK
{
  "combined_score": 0.6277118527786348,
  "public": {
    "train_accuracy_mean": 0.7444,
    "train_accuracy_std": 0.0,
    "validation_accuracy_mean": 0.7167,
    "validation_accuracy_std": 0.0,
    "test_accuracy_mean": 0.65,
    "test_accuracy_std": 0.0,
    "generalization_gap_mean": 0.0944,
    "validation_loss_mean": 2.0256,
    "test_loss_mean": 2.1652,
    "parameter_efficiency_mean": 0.004012,
    "n_params": 162,
    "depth_mean": 41.0,
    "gate_count_mean": 207.0,
    "score_uses_test": false,
    "convergence_step_mean": null
  },
  "private": {
    "per_run_scores": [
      {
        "combined_score": 0.6277118527786348,
        "primary_accuracy": 0.7166666666666667,
        "gap_score": 0.7301587301587302,
        "loss_score": 0.33051288095809406,
        "parameter_efficiency_score": 0.7166666666666667,
        "convergence_score": 0.0
      }
    ],
    "per_run_test_accuracies": [
      0.65
    ]
  },
  "text_feedback": "Combined score: 0.6277\nValidation accuracy mean: 0.7167\nTest accuracy mean: 0.6500\nTrain-test generalization gap mean: 0.0944\nValidation L2 loss mean: 2.0256\nParameters: 162, depth mean: 41.0, gate count mean: 207.0\nFitness uses validation metrics; test metrics are reported as holdout diagnostics.\nDid not reach convergence threshold 0.90 in these runs.",
  "execution_time_mean": 3440.8407286112197,
  "execution_time_std": 0.0,
  "num_valid_runs": 1,
  "num_invalid_runs": 0,
  "all_validation_errors": []
}
