Job running on a1130u37n02.mghpcc.ycrc.yale.edu under Slurm job 19593500
Activating sourced environment: /home/ch2499/project/zc_sn/activate_eval_cluster.sh
==========Running program evaluation 1/1...==========
==========Run 1/1 completed in 548.09 seconds==========
Correctness and error status saved to /home/ch2499/project/zc_sn/results_gpt56sol/gen_10/results/correct.json
Metrics saved to /home/ch2499/project/zc_sn/results_gpt56sol/gen_10/results/metrics.json
OK
{
  "combined_score": 0.8601439698016987,
  "public": {
    "train_accuracy_mean": 0.9578,
    "train_accuracy_std": 0.0,
    "validation_accuracy_mean": 0.8933,
    "validation_accuracy_std": 0.0,
    "test_accuracy_mean": 0.885,
    "test_accuracy_std": 0.0,
    "generalization_gap_mean": 0.0728,
    "validation_loss_mean": 0.4838,
    "test_loss_mean": 0.4774,
    "parameter_efficiency_mean": 0.007254,
    "n_params": 122,
    "depth_mean": 99.0,
    "gate_count_mean": 270.0,
    "score_uses_test": false,
    "convergence_step_mean": 1320.0
  },
  "private": {
    "per_run_scores": [
      {
        "combined_score": 0.8601439698016987,
        "primary_accuracy": 0.8933333333333333,
        "gap_score": 0.7920634920634922,
        "loss_score": 0.6739333436515368,
        "parameter_efficiency_score": 1.0,
        "convergence_score": 0.956
      }
    ],
    "per_run_test_accuracies": [
      0.885
    ]
  },
  "text_feedback": "Combined score: 0.8601\nValidation accuracy mean: 0.8933\nTest accuracy mean: 0.8850\nTrain-test generalization gap mean: 0.0728\nValidation L2 loss mean: 0.4838\nParameters: 122, depth mean: 99.0, gate count mean: 270.0\nFitness uses validation metrics; test metrics are reported as holdout diagnostics.",
  "execution_time_mean": 548.0944517888129,
  "execution_time_std": 0.0,
  "num_valid_runs": 1,
  "num_invalid_runs": 0,
  "all_validation_errors": []
}
