Job running on a1130u24n04.mghpcc.ycrc.yale.edu under Slurm job 19600378
Activating sourced environment: /home/ch2499/project/zc_ttt/activate_eval_cluster.sh
==========Running program evaluation 1/1...==========
==========Run 1/1 completed in 792.06 seconds==========
Correctness and error status saved to /home/ch2499/project/zc_ttt/results_gpt56sol/gen_21/results/correct.json
Metrics saved to /home/ch2499/project/zc_ttt/results_gpt56sol/gen_21/results/metrics.json
OK
{
  "combined_score": 0.5556084608170393,
  "public": {
    "train_accuracy_mean": 0.6356,
    "train_accuracy_std": 0.0,
    "validation_accuracy_mean": 0.5933,
    "validation_accuracy_std": 0.0,
    "test_accuracy_mean": 0.5183,
    "test_accuracy_std": 0.0,
    "generalization_gap_mean": 0.1172,
    "validation_loss_mean": 2.2877,
    "test_loss_mean": 2.4132,
    "parameter_efficiency_mean": 0.005759,
    "n_params": 90,
    "depth_mean": 42.0,
    "gate_count_mean": 207.0,
    "score_uses_test": false,
    "convergence_step_mean": null
  },
  "private": {
    "per_run_scores": [
      {
        "combined_score": 0.5556084608170393,
        "primary_accuracy": 0.5933333333333334,
        "gap_score": 0.665079365079365,
        "loss_score": 0.30416222555274847,
        "parameter_efficiency_score": 1.0,
        "convergence_score": 0.0
      }
    ],
    "per_run_test_accuracies": [
      0.5183333333333333
    ]
  },
  "text_feedback": "Combined score: 0.5556\nValidation accuracy mean: 0.5933\nTest accuracy mean: 0.5183\nTrain-test generalization gap mean: 0.1172\nValidation L2 loss mean: 2.2877\nParameters: 90, depth mean: 42.0, gate count mean: 207.0\nFitness uses validation metrics; test metrics are reported as holdout diagnostics.\nDid not reach convergence threshold 0.90 in these runs.",
  "execution_time_mean": 792.0614496679045,
  "execution_time_std": 0.0,
  "num_valid_runs": 1,
  "num_invalid_runs": 0,
  "all_validation_errors": []
}
