==========Running program evaluation 1/1...==========
{"batch_size": 10, "data_seed": 2027, "dataset": {"all_valid_unique_boards": {"class_counts": {"circle": 316, "cross": 626, "draw": 4536}, "total": 5478}, "overlap_train_test": 4, "overlap_train_validation": 1, "overlap_validation_test": 3, "test": {"class_counts": {"circle": 20, "cross": 20, "draw": 20}, "rows": 60, "unique_boards": 59}, "train": {"class_counts": {"circle": 20, "cross": 20, "draw": 20}, "rows": 60, "unique_boards": 59}, "validation": {"class_counts": {"circle": 15, "cross": 15, "draw": 15}, "rows": 45, "unique_boards": 44}}, "event": "start", "learning_rate": 0.03, "n_epochs": 3, "n_params": 54, "n_params_per_block": 9, "n_repeats": 2, "n_uploads": 3, "seed": 2000, "steps_per_epoch": 3}
{"batch_loss": 7.453910049680687, "epoch": 1, "event": "epoch", "global_step": 3, "test_accuracy": 0.38333333333333336, "test_loss": 6.3413014728110815, "train_accuracy": 0.26666666666666666, "train_loss": 6.689873559529542, "validation_accuracy": 0.28888888888888886, "validation_loss": 6.666115484154561}
{"batch_loss": 5.866301690422128, "epoch": 2, "event": "epoch", "global_step": 6, "test_accuracy": 0.2833333333333333, "test_loss": 4.942764795237286, "train_accuracy": 0.2833333333333333, "train_loss": 5.37519982249158, "validation_accuracy": 0.26666666666666666, "validation_loss": 5.345715038576305}
{"batch_loss": 5.006037996912759, "epoch": 3, "event": "epoch", "global_step": 9, "test_accuracy": 0.25, "test_loss": 4.054441253578197, "train_accuracy": 0.3, "train_loss": 4.334642411808803, "validation_accuracy": 0.26666666666666666, "validation_loss": 4.317631148494405}
{"convergence_epoch": null, "convergence_step": null, "convergence_threshold": 0.9, "depth": 47, "event": "final", "gate_count": 231, "generalization_gap": 0.04999999999999999, "history_tail": [{"batch_loss": 7.453910049680687, "epoch": 1, "event": "epoch", "global_step": 3, "test_accuracy": 0.38333333333333336, "test_loss": 6.3413014728110815, "train_accuracy": 0.26666666666666666, "train_loss": 6.689873559529542, "validation_accuracy": 0.28888888888888886, "validation_loss": 6.666115484154561}, {"batch_loss": 5.866301690422128, "epoch": 2, "event": "epoch", "global_step": 6, "test_accuracy": 0.2833333333333333, "test_loss": 4.942764795237286, "train_accuracy": 0.2833333333333333, "train_loss": 5.37519982249158, "validation_accuracy": 0.26666666666666666, "validation_loss": 5.345715038576305}, {"batch_loss": 5.006037996912759, "epoch": 3, "event": "epoch", "global_step": 9, "test_accuracy": 0.25, "test_loss": 4.054441253578197, "train_accuracy": 0.3, "train_loss": 4.334642411808803, "validation_accuracy": 0.26666666666666666, "validation_loss": 4.317631148494405}], "max_steps": 9, "n_params": 54, "n_params_per_block": 9, "n_qubits": 9, "n_repeats": 2, "n_uploads": 3, "operations": [["RX", [0]], ["RX", [1]], ["RX", [2]], ["RX", [3]], ["RX", [4]], ["RX", [5]], ["RX", [6]], ["RX", [7]], ["RX", [8]], ["RY", [0]], ["RY", [2]], ["RY", [4]], ["RY", [6]], ["RY", [1]], ["RY", [3]], ["RY", [5]], ["RY", [7]], ["RY", [8]], ["CRZ", [0, 1]], ["CRZ", [2, 3]], ["CRZ", [4, 5]], ["CRZ", [6, 7]], ["CRZ", [1, 2]], ["CRZ", [3, 4]], ["CRZ", [5, 6]], ["CRZ", [7, 0]], ["CRZ", [1, 8]], ["CRZ", [3, 8]], ["CRZ", [5, 8]], ["CRZ", [7, 8]], ["CZ", [0, 1]], ["CZ", [2, 3]], ["CZ", [4, 5]], ["CZ", [6, 7]], ["RY", [0]], ["RY", [2]], ["RY", [4]], ["RY", [6]], ["RY", [1]], ["RY", [3]], ["RY", [5]], ["RY", [7]], ["RY", [8]], ["RY", [0]], ["RY", [2]], ["RY", [4]], ["RY", [6]], ["RY", [1]], ["RY", [3]], ["RY", [5]], ["RY", [7]], ["RY", [8]], ["CRZ", [0, 1]], ["CRZ", [2, 3]], ["CRZ", [4, 5]], ["CRZ", [6, 7]], ["CRZ", [1, 2]], ["CRZ", [3, 4]], ["CRZ", [5, 6]], ["CRZ", [7, 0]], ["CRZ", [1, 8]], ["CRZ", [3, 8]], ["CRZ", [5, 8]], ["CRZ", [7, 8]], ["CZ", [0, 1]], ["CZ", [2, 3]], ["CZ", [4, 5]], ["CZ", [6, 7]], ["RY", [0]], ["RY", [2]], ["RY", [4]], ["RY", [6]], ["RY", [1]], ["RY", [3]], ["RY", [5]], ["RY", [7]], ["RY", [8]], ["RX", [0]], ["RX", [1]], ["RX", [2]], ["RX", [3]], ["RX", [4]], ["RX", [5]], ["RX", [6]], ["RX", [7]], ["RX", [8]], ["RY", [0]], ["RY", [2]], ["RY", [4]], ["RY", [6]], ["RY", [1]], ["RY", [3]], ["RY", [5]], ["RY", [7]], ["RY", [8]], ["CRZ", [0, 1]], ["CRZ", [2, 3]], ["CRZ", [4, 5]], ["CRZ", [6, 7]], ["CRZ", [1, 2]], ["CRZ", [3, 4]], ["CRZ", [5, 6]], ["CRZ", [7, 0]], ["CRZ", [1, 8]], ["CRZ", [3, 8]], ["CRZ", [5, 8]], ["CRZ", [7, 8]], ["CZ", [0, 1]], ["CZ", [2, 3]], ["CZ", [4, 5]], ["CZ", [6, 7]], ["RY", [0]], ["RY", [2]], ["RY", [4]], ["RY", [6]], ["RY", [1]], ["RY", [3]], ["RY", [5]], ["RY", [7]], ["RY", [8]], ["RY", [0]], ["RY", [2]], ["RY", [4]], ["RY", [6]], ["RY", [1]], ["RY", [3]], ["RY", [5]], ["RY", [7]], ["RY", [8]], ["CRZ", [0, 1]], ["CRZ", [2, 3]], ["CRZ", [4, 5]], ["CRZ", [6, 7]], ["CRZ", [1, 2]], ["CRZ", [3, 4]], ["CRZ", [5, 6]], ["CRZ", [7, 0]], ["CRZ", [1, 8]], ["CRZ", [3, 8]], ["CRZ", [5, 8]], ["CRZ", [7, 8]], ["CZ", [0, 1]], ["CZ", [2, 3]], ["CZ", [4, 5]], ["CZ", [6, 7]], ["RY", [0]], ["RY", [2]], ["RY", [4]], ["RY", [6]], ["RY", [1]], ["RY", [3]], ["RY", [5]], ["RY", [7]], ["RY", [8]], ["RX", [0]], ["RX", [1]], ["RX", [2]], ["RX", [3]], ["RX", [4]], ["RX", [5]], ["RX", [6]], ["RX", [7]], ["RX", [8]], ["RY", [0]], ["RY", [2]], ["RY", [4]], ["RY", [6]], ["RY", [1]], ["RY", [3]], ["RY", [5]], ["RY", [7]], ["RY", [8]], ["CRZ", [0, 1]], ["CRZ", [2, 3]], ["CRZ", [4, 5]], ["CRZ", [6, 7]], ["CRZ", [1, 2]], ["CRZ", [3, 4]], ["CRZ", [5, 6]], ["CRZ", [7, 0]], ["CRZ", [1, 8]], ["CRZ", [3, 8]], ["CRZ", [5, 8]], ["CRZ", [7, 8]], ["CZ", [0, 1]], ["CZ", [2, 3]], ["CZ", [4, 5]], ["CZ", [6, 7]], ["RY", [0]], ["RY", [2]], ["RY", [4]], ["RY", [6]], ["RY", [1]], ["RY", [3]], ["RY", [5]], ["RY", [7]], ["RY", [8]], ["RY", [0]], ["RY", [2]], ["RY", [4]], ["RY", [6]], ["RY", [1]], ["RY", [3]], ["RY", [5]], ["RY", [7]], ["RY", [8]], ["CRZ", [0, 1]], ["CRZ", [2, 3]], ["CRZ", [4, 5]], ["CRZ", [6, 7]], ["CRZ", [1, 2]], ["CRZ", [3, 4]], ["CRZ", [5, 6]], ["CRZ", [7, 0]], ["CRZ", [1, 8]], ["CRZ", [3, 8]], ["CRZ", [5, 8]], ["CRZ", [7, 8]], ["CZ", [0, 1]], ["CZ", [2, 3]], ["CZ", [4, 5]], ["CZ", [6, 7]], ["RY", [0]], ["RY", [2]], ["RY", [4]], ["RY", [6]], ["RY", [1]], ["RY", [3]], ["RY", [5]], ["RY", [7]], ["RY", [8]]], "parameter_efficiency": 0.004629629629629629, "spec_valid": true, "test_accuracy": 0.25, "test_loss": 4.054441253578197, "train_accuracy": 0.3, "train_loss": 4.334642411808803, "validation_accuracy": 0.26666666666666666, "validation_loss": 4.317631148494405}
==========Run 1/1 completed in 64.05 seconds==========
Correctness and error status saved to /home/chengyou1368/QuantumAnsatz/qml-ea/tic-tac-toe/results/ttt_qml_cli_20260624_162514/gen_18/results/correct.json
Metrics saved to /home/chengyou1368/QuantumAnsatz/qml-ea/tic-tac-toe/results/ttt_qml_cli_20260624_162514/gen_18/results/metrics.json
OK
{
  "combined_score": 0.3601128109046384,
  "public": {
    "train_accuracy_mean": 0.3,
    "train_accuracy_std": 0.0,
    "validation_accuracy_mean": 0.2667,
    "validation_accuracy_std": 0.0,
    "test_accuracy_mean": 0.25,
    "test_accuracy_std": 0.0,
    "generalization_gap_mean": 0.05,
    "validation_loss_mean": 4.3176,
    "test_loss_mean": 4.0544,
    "parameter_efficiency_mean": 0.00463,
    "n_params": 54,
    "depth_mean": 47.0,
    "gate_count_mean": 231.0,
    "score_uses_test": false,
    "convergence_step_mean": null
  },
  "private": {
    "per_run_scores": [
      {
        "combined_score": 0.3601128109046384,
        "primary_accuracy": 0.26666666666666666,
        "gap_score": 0.8571428571428572,
        "loss_score": 0.18805365999917703,
        "parameter_efficiency_score": 0.8,
        "convergence_score": 0.0
      }
    ],
    "per_run_test_accuracies": [
      0.25
    ]
  },
  "text_feedback": "Combined score: 0.3601\nValidation accuracy mean: 0.2667\nTest accuracy mean: 0.2500\nTrain-test generalization gap mean: 0.0500\nValidation L2 loss mean: 4.3176\nParameters: 54, depth mean: 47.0, gate count mean: 231.0\nFitness uses validation metrics; test metrics are reported as holdout diagnostics.\nAccuracy is still low; explore more expressive local entanglement or rotation diversity.\nDid not reach convergence threshold 0.90 in these runs.",
  "execution_time_mean": 64.0545255080001,
  "execution_time_std": 0.0,
  "num_valid_runs": 1,
  "num_invalid_runs": 0,
  "all_validation_errors": []
}
