Job running on a1114u30n01.mghpcc.ycrc.yale.edu under Slurm job 19593574
Activating sourced environment: /home/ch2499/project/zc_sn/activate_eval_cluster.sh
==========Running program evaluation 1/1...==========
==========Run 1/1 completed in 708.57 seconds==========
Correctness and error status saved to /home/ch2499/project/zc_sn/results_haiku/gen_10/results/correct.json
Metrics saved to /home/ch2499/project/zc_sn/results_haiku/gen_10/results/metrics.json
OK
{
  "combined_score": 0.8629440048617076,
  "public": {
    "train_accuracy_mean": 0.8822,
    "train_accuracy_std": 0.0,
    "validation_accuracy_mean": 0.8633,
    "validation_accuracy_std": 0.0,
    "test_accuracy_mean": 0.8583,
    "test_accuracy_std": 0.0,
    "generalization_gap_mean": 0.0239,
    "validation_loss_mean": 0.4459,
    "test_loss_mean": 0.4509,
    "parameter_efficiency_mean": 0.022588,
    "n_params": 38,
    "depth_mean": 96.0,
    "gate_count_mean": 288.0,
    "score_uses_test": false,
    "convergence_step_mean": 270.0
  },
  "private": {
    "per_run_scores": [
      {
        "combined_score": 0.8629440048617076,
        "primary_accuracy": 0.8633333333333333,
        "gap_score": 0.9317460317460315,
        "loss_score": 0.6916214080727603,
        "parameter_efficiency_score": 1.0,
        "convergence_score": 0.991
      }
    ],
    "per_run_test_accuracies": [
      0.8583333333333333
    ]
  },
  "text_feedback": "Combined score: 0.8629\nValidation accuracy mean: 0.8633\nTest accuracy mean: 0.8583\nTrain-test generalization gap mean: 0.0239\nValidation L2 loss mean: 0.4459\nParameters: 38, depth mean: 96.0, gate count mean: 288.0\nFitness uses validation metrics; test metrics are reported as holdout diagnostics.",
  "execution_time_mean": 708.5683365957811,
  "execution_time_std": 0.0,
  "num_valid_runs": 1,
  "num_invalid_runs": 0,
  "all_validation_errors": []
}
