Job running on a1130u35n03.mghpcc.ycrc.yale.edu under Slurm job 21118292
Activating sourced environment: /home/ch2499/project/zc_su2_v3/activate_eval_cluster.sh
==========Running program evaluation 1/1...==========
==========Run 1/1 completed in 220.66 seconds==========
Correctness and error status saved to /home/ch2499/project/zc_su2_v3/results_haiku/gen_69/results/correct.json
Metrics saved to /home/ch2499/project/zc_su2_v3/results_haiku/gen_69/results/metrics.json
OK
{
  "combined_score": 0.3029299110224408,
  "public": {
    "train_accuracy_mean": 1.0,
    "train_accuracy_std": 0.0,
    "validation_accuracy_mean": 0.6567,
    "validation_accuracy_std": 0.0,
    "test_accuracy_mean": 0.62,
    "test_accuracy_std": 0.0,
    "generalization_gap_mean": 0.38,
    "validation_loss_mean": 0.8953,
    "test_loss_mean": 0.89,
    "parameter_efficiency_mean": 0.044286,
    "validation_margin_mean": 0.1022,
    "worst_group_margin_mean": 0.0329,
    "n_params": 14,
    "n_distinct_params": 12,
    "depth_mean": 18.0,
    "gate_count_mean": 117.0,
    "score_uses_test": false,
    "convergence_step_mean": null
  },
  "private": {
    "per_run_scores": [
      {
        "combined_score": 0.3029299110224408,
        "primary_accuracy": 0.6566666666666666,
        "margin_score": 0.5164292752455212,
        "worst_group_margin": 0.03285855049104239,
        "economy_score": 0.08887016932537567,
        "n_distinct_params": 12,
        "gap_score": 0.0,
        "loss_score": 0.5276270329688112,
        "convergence_score": 0.0
      }
    ],
    "per_run_test_accuracies": [
      0.62
    ]
  },
  "text_feedback": "Combined score: 0.3029\nValidation accuracy mean: 0.6567\nTest accuracy mean: 0.6200\nValidation margin mean: 0.1022\nWorst-group validation margin: 0.0329\nTrain-test generalization gap mean: 0.3800\nValidation L2 loss mean: 0.8953\nDistinct trainable parameters: 12, depth mean: 18.0, gate count mean: 117.0\nFitness uses validation metrics; test metrics are reported as holdout diagnostics.\nLarge train-test gap; consider fewer parameters or repeated structural motifs.\nScoring rewards, in order of weight: the mean margin of the WORST validation group (samples are grouped by hidden difficulty, so robust separation on the hardest group is what counts), parameter economy (fewer distinct parameter names ALWAYS scores higher, at every count), a small train-test gap, low loss, and early convergence.\nEconomy score: 0.0889\nDid not reach the convergence threshold in these runs.",
  "execution_time_mean": 220.6560175260529,
  "execution_time_std": 0.0,
  "num_valid_runs": 1,
  "num_invalid_runs": 0,
  "all_validation_errors": []
}
