==========Running program evaluation 1/1...==========
{"batch_size": 10, "data_seed": 2027, "dataset": {"all_valid_unique_boards": {"class_counts": {"circle": 316, "cross": 626, "draw": 4536}, "total": 5478}, "overlap_train_test": 4, "overlap_train_validation": 1, "overlap_validation_test": 3, "test": {"class_counts": {"circle": 20, "cross": 20, "draw": 20}, "rows": 60, "unique_boards": 59}, "train": {"class_counts": {"circle": 20, "cross": 20, "draw": 20}, "rows": 60, "unique_boards": 59}, "validation": {"class_counts": {"circle": 15, "cross": 15, "draw": 15}, "rows": 45, "unique_boards": 44}}, "event": "start", "learning_rate": 0.03, "n_epochs": 3, "n_params": 30, "n_params_per_block": 5, "n_repeats": 2, "n_uploads": 3, "seed": 1000, "steps_per_epoch": 3}
{"batch_loss": 7.043628622959787, "epoch": 1, "event": "epoch", "global_step": 3, "test_accuracy": 0.31666666666666665, "test_loss": 6.368705384520606, "train_accuracy": 0.2833333333333333, "train_loss": 6.317192859203287, "validation_accuracy": 0.3333333333333333, "validation_loss": 6.363004739666484}
{"batch_loss": 4.510334027853589, "epoch": 2, "event": "epoch", "global_step": 6, "test_accuracy": 0.3333333333333333, "test_loss": 3.8952082658527933, "train_accuracy": 0.3333333333333333, "train_loss": 3.852722009745525, "validation_accuracy": 0.4, "validation_loss": 3.9265439032636826}
{"batch_loss": 3.0329540458953548, "epoch": 3, "event": "epoch", "global_step": 9, "test_accuracy": 0.3333333333333333, "test_loss": 2.727843482934199, "train_accuracy": 0.31666666666666665, "train_loss": 2.8392651505819475, "validation_accuracy": 0.4, "validation_loss": 2.7606103934811177}
{"convergence_epoch": null, "convergence_step": null, "convergence_threshold": 0.9, "depth": 70, "event": "final", "gate_count": 261, "generalization_gap": 0.016666666666666663, "history_tail": [{"batch_loss": 7.043628622959787, "epoch": 1, "event": "epoch", "global_step": 3, "test_accuracy": 0.31666666666666665, "test_loss": 6.368705384520606, "train_accuracy": 0.2833333333333333, "train_loss": 6.317192859203287, "validation_accuracy": 0.3333333333333333, "validation_loss": 6.363004739666484}, {"batch_loss": 4.510334027853589, "epoch": 2, "event": "epoch", "global_step": 6, "test_accuracy": 0.3333333333333333, "test_loss": 3.8952082658527933, "train_accuracy": 0.3333333333333333, "train_loss": 3.852722009745525, "validation_accuracy": 0.4, "validation_loss": 3.9265439032636826}, {"batch_loss": 3.0329540458953548, "epoch": 3, "event": "epoch", "global_step": 9, "test_accuracy": 0.3333333333333333, "test_loss": 2.727843482934199, "train_accuracy": 0.31666666666666665, "train_loss": 2.8392651505819475, "validation_accuracy": 0.4, "validation_loss": 2.7606103934811177}], "max_steps": 9, "n_params": 30, "n_params_per_block": 5, "n_qubits": 9, "n_repeats": 2, "n_uploads": 3, "operations": [["RX", [0]], ["RX", [1]], ["RX", [2]], ["RX", [3]], ["RX", [4]], ["RX", [5]], ["RX", [6]], ["RX", [7]], ["RX", [8]], ["RZ", [0]], ["RZ", [1]], ["RZ", [2]], ["RZ", [3]], ["RZ", [4]], ["RZ", [5]], ["RZ", [6]], ["RZ", [7]], ["RZ", [8]], ["RY", [0]], ["RY", [1]], ["RY", [2]], ["RY", [3]], ["RY", [4]], ["RY", [5]], ["RY", [6]], ["RY", [7]], ["RY", [8]], ["CRY", [0, 1]], ["CRY", [1, 2]], ["CRY", [2, 3]], ["CRY", [3, 4]], ["CRY", [4, 5]], ["CRY", [5, 6]], ["CRY", [6, 7]], ["CRY", [7, 0]], ["CRX", [8, 1]], ["CRX", [8, 3]], ["CRX", [8, 5]], ["CRX", [8, 7]], ["RZ", [0]], ["RZ", [1]], ["RZ", [2]], ["RZ", [3]], ["RZ", [4]], ["RZ", [5]], ["RZ", [6]], ["RZ", [7]], ["RZ", [8]], ["RZ", [0]], ["RZ", [1]], ["RZ", [2]], ["RZ", [3]], ["RZ", [4]], ["RZ", [5]], ["RZ", [6]], ["RZ", [7]], ["RZ", [8]], ["RY", [0]], ["RY", [1]], ["RY", [2]], ["RY", [3]], ["RY", [4]], ["RY", [5]], ["RY", [6]], ["RY", [7]], ["RY", [8]], ["CRY", [0, 1]], ["CRY", [1, 2]], ["CRY", [2, 3]], ["CRY", [3, 4]], ["CRY", [4, 5]], ["CRY", [5, 6]], ["CRY", [6, 7]], ["CRY", [7, 0]], ["CRX", [8, 1]], ["CRX", [8, 3]], ["CRX", [8, 5]], ["CRX", [8, 7]], ["RZ", [0]], ["RZ", [1]], ["RZ", [2]], ["RZ", [3]], ["RZ", [4]], ["RZ", [5]], ["RZ", [6]], ["RZ", [7]], ["RZ", [8]], ["RX", [0]], ["RX", [1]], ["RX", [2]], ["RX", [3]], ["RX", [4]], ["RX", [5]], ["RX", [6]], ["RX", [7]], ["RX", [8]], ["RZ", [0]], ["RZ", [1]], ["RZ", [2]], ["RZ", [3]], ["RZ", [4]], ["RZ", [5]], ["RZ", [6]], ["RZ", [7]], ["RZ", [8]], ["RY", [0]], ["RY", [1]], ["RY", [2]], ["RY", [3]], ["RY", [4]], ["RY", [5]], ["RY", [6]], ["RY", [7]], ["RY", [8]], ["CRY", [0, 1]], ["CRY", [1, 2]], ["CRY", [2, 3]], ["CRY", [3, 4]], ["CRY", [4, 5]], ["CRY", [5, 6]], ["CRY", [6, 7]], ["CRY", [7, 0]], ["CRX", [8, 1]], ["CRX", [8, 3]], ["CRX", [8, 5]], ["CRX", [8, 7]], ["RZ", [0]], ["RZ", [1]], ["RZ", [2]], ["RZ", [3]], ["RZ", [4]], ["RZ", [5]], ["RZ", [6]], ["RZ", [7]], ["RZ", [8]], ["RZ", [0]], ["RZ", [1]], ["RZ", [2]], ["RZ", [3]], ["RZ", [4]], ["RZ", [5]], ["RZ", [6]], ["RZ", [7]], ["RZ", [8]], ["RY", [0]], ["RY", [1]], ["RY", [2]], ["RY", [3]], ["RY", [4]], ["RY", [5]], ["RY", [6]], ["RY", [7]], ["RY", [8]], ["CRY", [0, 1]], ["CRY", [1, 2]], ["CRY", [2, 3]], ["CRY", [3, 4]], ["CRY", [4, 5]], ["CRY", [5, 6]], ["CRY", [6, 7]], ["CRY", [7, 0]], ["CRX", [8, 1]], ["CRX", [8, 3]], ["CRX", [8, 5]], ["CRX", [8, 7]], ["RZ", [0]], ["RZ", [1]], ["RZ", [2]], ["RZ", [3]], ["RZ", [4]], ["RZ", [5]], ["RZ", [6]], ["RZ", [7]], ["RZ", [8]], ["RX", [0]], ["RX", [1]], ["RX", [2]], ["RX", [3]], ["RX", [4]], ["RX", [5]], ["RX", [6]], ["RX", [7]], ["RX", [8]], ["RZ", [0]], ["RZ", [1]], ["RZ", [2]], ["RZ", [3]], ["RZ", [4]], ["RZ", [5]], ["RZ", [6]], ["RZ", [7]], ["RZ", [8]], ["RY", [0]], ["RY", [1]], ["RY", [2]], ["RY", [3]], ["RY", [4]], ["RY", [5]], ["RY", [6]], ["RY", [7]], ["RY", [8]], ["CRY", [0, 1]], ["CRY", [1, 2]], ["CRY", [2, 3]], ["CRY", [3, 4]], ["CRY", [4, 5]], ["CRY", [5, 6]], ["CRY", [6, 7]], ["CRY", [7, 0]], ["CRX", [8, 1]], ["CRX", [8, 3]], ["CRX", [8, 5]], ["CRX", [8, 7]], ["RZ", [0]], ["RZ", [1]], ["RZ", [2]], ["RZ", [3]], ["RZ", [4]], ["RZ", [5]], ["RZ", [6]], ["RZ", [7]], ["RZ", [8]], ["RZ", [0]], ["RZ", [1]], ["RZ", [2]], ["RZ", [3]], ["RZ", [4]], ["RZ", [5]], ["RZ", [6]], ["RZ", [7]], ["RZ", [8]], ["RY", [0]], ["RY", [1]], ["RY", [2]], ["RY", [3]], ["RY", [4]], ["RY", [5]], ["RY", [6]], ["RY", [7]], ["RY", [8]], ["CRY", [0, 1]], ["CRY", [1, 2]], ["CRY", [2, 3]], ["CRY", [3, 4]], ["CRY", [4, 5]], ["CRY", [5, 6]], ["CRY", [6, 7]], ["CRY", [7, 0]], ["CRX", [8, 1]], ["CRX", [8, 3]], ["CRX", [8, 5]], ["CRX", [8, 7]], ["RZ", [0]], ["RZ", [1]], ["RZ", [2]], ["RZ", [3]], ["RZ", [4]], ["RZ", [5]], ["RZ", [6]], ["RZ", [7]], ["RZ", [8]]], "parameter_efficiency": 0.01111111111111111, "spec_valid": true, "test_accuracy": 0.3333333333333333, "test_loss": 2.727843482934199, "train_accuracy": 0.31666666666666665, "train_loss": 2.8392651505819475, "validation_accuracy": 0.4, "validation_loss": 2.7606103934811177}
==========Run 1/1 completed in 54.24 seconds==========
Correctness and error status saved to /home/chengyou1368/QuantumAnsatz/qml-ea/tic-tac-toe/results/ttt_qml_cli_20260605_124906/gen_60/results/correct.json
Metrics saved to /home/chengyou1368/QuantumAnsatz/qml-ea/tic-tac-toe/results/ttt_qml_cli_20260605_124906/gen_60/results/metrics.json
OK
{
  "combined_score": 0.46441095131866805,
  "public": {
    "train_accuracy_mean": 0.3167,
    "train_accuracy_std": 0.0,
    "validation_accuracy_mean": 0.4,
    "validation_accuracy_std": 0.0,
    "test_accuracy_mean": 0.3333,
    "test_accuracy_std": 0.0,
    "generalization_gap_mean": 0.0167,
    "validation_loss_mean": 2.7606,
    "test_loss_mean": 2.7278,
    "parameter_efficiency_mean": 0.011111,
    "n_params": 30,
    "depth_mean": 70.0,
    "gate_count_mean": 261.0,
    "score_uses_test": false,
    "convergence_step_mean": null
  },
  "private": {
    "per_run_scores": [
      {
        "combined_score": 0.46441095131866805,
        "primary_accuracy": 0.4,
        "gap_score": 0.9523809523809524,
        "loss_score": 0.2659142786323901,
        "parameter_efficiency_score": 1.0,
        "convergence_score": 0.0
      }
    ],
    "per_run_test_accuracies": [
      0.3333333333333333
    ]
  },
  "text_feedback": "Combined score: 0.4644\nValidation accuracy mean: 0.4000\nTest accuracy mean: 0.3333\nTrain-test generalization gap mean: 0.0167\nValidation L2 loss mean: 2.7606\nParameters: 30, depth mean: 70.0, gate count mean: 261.0\nFitness uses validation metrics; test metrics are reported as holdout diagnostics.\nAccuracy is still low; explore more expressive local entanglement or rotation diversity.\nDid not reach convergence threshold 0.90 in these runs.",
  "execution_time_mean": 54.24227174799671,
  "execution_time_std": 0.0,
  "num_valid_runs": 1,
  "num_invalid_runs": 0,
  "all_validation_errors": []
}
