Job running on a1130u35n01.mghpcc.ycrc.yale.edu under Slurm job 19449167
Activating sourced environment: /home/ch2499/project/transfer_sn/activate_eval_cluster.sh
==========Running program evaluation 1/1...==========
==========Run 1/1 completed in 1104.46 seconds==========
Correctness and error status saved to /home/ch2499/project/transfer_sn/results_sonnet_r2/gen_28/results/correct.json
Metrics saved to /home/ch2499/project/transfer_sn/results_sonnet_r2/gen_28/results/metrics.json
OK
{
  "combined_score": 0.8406303927609645,
  "public": {
    "train_accuracy_mean": 0.9333,
    "train_accuracy_std": 0.0,
    "validation_accuracy_mean": 0.86,
    "validation_accuracy_std": 0.0,
    "test_accuracy_mean": 0.8517,
    "test_accuracy_std": 0.0,
    "generalization_gap_mean": 0.0817,
    "validation_loss_mean": 0.4549,
    "test_loss_mean": 0.4801,
    "parameter_efficiency_mean": 0.007742,
    "n_params": 110,
    "depth_mean": 120.0,
    "gate_count_mean": 276.0,
    "score_uses_test": false,
    "convergence_step_mean": 480.0
  },
  "private": {
    "per_run_scores": [
      {
        "combined_score": 0.8406303927609645,
        "primary_accuracy": 0.86,
        "gap_score": 0.7666666666666666,
        "loss_score": 0.6873137295175408,
        "parameter_efficiency_score": 1.0,
        "convergence_score": 0.984
      }
    ],
    "per_run_test_accuracies": [
      0.8516666666666667
    ]
  },
  "text_feedback": "Combined score: 0.8406\nValidation accuracy mean: 0.8600\nTest accuracy mean: 0.8517\nTrain-test generalization gap mean: 0.0817\nValidation L2 loss mean: 0.4549\nParameters: 110, depth mean: 120.0, gate count mean: 276.0\nFitness uses validation metrics; test metrics are reported as holdout diagnostics.",
  "execution_time_mean": 1104.456520916894,
  "execution_time_std": 0.0,
  "num_valid_runs": 1,
  "num_invalid_runs": 0,
  "all_validation_errors": []
}
