Job running on a1114u19n01.mghpcc.ycrc.yale.edu under Slurm job 19614278
Activating sourced environment: /home/ch2499/project/zc_su2/activate_eval_cluster.sh
==========Running program evaluation 1/1...==========
==========Run 1/1 completed in 230.54 seconds==========
Correctness and error status saved to /home/ch2499/project/zc_su2/results_haiku/gen_77/results/correct.json
Metrics saved to /home/ch2499/project/zc_su2/results_haiku/gen_77/results/metrics.json
OK
{
  "combined_score": 0.39443386243386247,
  "public": {
    "train_accuracy_mean": 0.4667,
    "train_accuracy_std": 0.0,
    "validation_accuracy_mean": 0.5133,
    "validation_accuracy_std": 0.0,
    "test_accuracy_mean": 0.5,
    "test_accuracy_std": 0.0,
    "generalization_gap_mean": 0.0333,
    "validation_loss_mean": 0.9989,
    "test_loss_mean": 1.0005,
    "parameter_efficiency_mean": 0.035714,
    "n_params": 14,
    "depth_mean": 108.0,
    "gate_count_mean": 234.0,
    "score_uses_test": false,
    "convergence_step_mean": null
  },
  "private": {
    "per_run_scores": [
      {
        "combined_score": 0.39443386243386247,
        "primary_accuracy": 0.5133333333333333,
        "gap_score": 0.9047619047619048,
        "loss_score": 0.5002786881388853,
        "parameter_efficiency_score": 0.1487037037037037,
        "convergence_score": 0.0
      }
    ],
    "per_run_test_accuracies": [
      0.5
    ]
  },
  "text_feedback": "Combined score: 0.3944\nValidation accuracy mean: 0.5133\nTest accuracy mean: 0.5000\nTrain-test generalization gap mean: 0.0333\nValidation L2 loss mean: 0.9989\nParameters: 14, depth mean: 108.0, gate count mean: 234.0\nFitness uses validation metrics; test metrics are reported as holdout diagnostics.\nAccuracy is near chance; explore different entanglement placement, rotation structure, or parameter sharing.\nScoring emphasizes parameter economy: match or beat the accuracy with as few trainable parameters as possible, and converge fast.\nParameter efficiency score: 0.1487\nDid not reach the convergence threshold in these runs.",
  "execution_time_mean": 230.53844496700913,
  "execution_time_std": 0.0,
  "num_valid_runs": 1,
  "num_invalid_runs": 0,
  "all_validation_errors": []
}
