Job running on a1132u37n03.mghpcc.ycrc.yale.edu under Slurm job 19611180
Activating sourced environment: /home/ch2499/project/zc_sn/activate_eval_cluster.sh
==========Running program evaluation 1/1...==========
==========Run 1/1 completed in 983.64 seconds==========
Correctness and error status saved to /home/ch2499/project/zc_sn/results_haiku/gen_59/results/correct.json
Metrics saved to /home/ch2499/project/zc_sn/results_haiku/gen_59/results/metrics.json
OK
{
  "combined_score": 0.8677876249480687,
  "public": {
    "train_accuracy_mean": 0.9311,
    "train_accuracy_std": 0.0,
    "validation_accuracy_mean": 0.8633,
    "validation_accuracy_std": 0.0,
    "test_accuracy_mean": 0.8983,
    "test_accuracy_std": 0.0,
    "generalization_gap_mean": 0.0328,
    "validation_loss_mean": 0.3946,
    "test_loss_mean": 0.3775,
    "parameter_efficiency_mean": 0.013211,
    "n_params": 68,
    "depth_mean": 160.0,
    "gate_count_mean": 360.0,
    "score_uses_test": false,
    "convergence_step_mean": 300.0
  },
  "private": {
    "per_run_scores": [
      {
        "combined_score": 0.8677876249480687,
        "primary_accuracy": 0.8633333333333333,
        "gap_score": 0.9063492063492062,
        "loss_score": 0.7170497747860665,
        "parameter_efficiency_score": 1.0,
        "convergence_score": 0.99
      }
    ],
    "per_run_test_accuracies": [
      0.8983333333333333
    ]
  },
  "text_feedback": "Combined score: 0.8678\nValidation accuracy mean: 0.8633\nTest accuracy mean: 0.8983\nTrain-test generalization gap mean: 0.0328\nValidation L2 loss mean: 0.3946\nParameters: 68, depth mean: 160.0, gate count mean: 360.0\nFitness uses validation metrics; test metrics are reported as holdout diagnostics.",
  "execution_time_mean": 983.6373964911327,
  "execution_time_std": 0.0,
  "num_valid_runs": 1,
  "num_invalid_runs": 0,
  "all_validation_errors": []
}
