Job running on a1130u09n03.mghpcc.ycrc.yale.edu under Slurm job 18785086
Activating sourced environment: /home/ch2499/project/motif_discovery/activate_eval_cluster.sh
==========Running program evaluation 1/1...==========
==========Run 1/1 completed in 1610.33 seconds==========
Correctness and error status saved to /home/ch2499/project/motif_discovery/results/gen_77/results/correct.json
Metrics saved to /home/ch2499/project/motif_discovery/results/gen_77/results/metrics.json
OK
{
  "combined_score": 0.7421429565530793,
  "public": {
    "train_accuracy_mean": 0.7978,
    "train_accuracy_std": 0.0,
    "validation_accuracy_mean": 0.8267,
    "validation_accuracy_std": 0.0,
    "test_accuracy_mean": 0.7817,
    "test_accuracy_std": 0.0,
    "generalization_gap_mean": 0.0161,
    "validation_loss_mean": 1.6816,
    "test_loss_mean": 1.7836,
    "parameter_efficiency_mean": 0.010021,
    "n_params": 78,
    "depth_mean": 118.0,
    "gate_count_mean": 333.0,
    "score_uses_test": false,
    "convergence_step_mean": null
  },
  "private": {
    "per_run_scores": [
      {
        "combined_score": 0.7421429565530793,
        "primary_accuracy": 0.8266666666666667,
        "gap_score": 0.9539682539682538,
        "loss_score": 0.37291071564486644,
        "parameter_efficiency_score": 1.0,
        "convergence_score": 0.0
      }
    ],
    "per_run_test_accuracies": [
      0.7816666666666666
    ]
  },
  "text_feedback": "Combined score: 0.7421\nValidation accuracy mean: 0.8267\nTest accuracy mean: 0.7817\nTrain-test generalization gap mean: 0.0161\nValidation L2 loss mean: 1.6816\nParameters: 78, depth mean: 118.0, gate count mean: 333.0\nFitness uses validation metrics; test metrics are reported as holdout diagnostics.\nDid not reach convergence threshold 0.90 in these runs.",
  "execution_time_mean": 1610.3253501350991,
  "execution_time_std": 0.0,
  "num_valid_runs": 1,
  "num_invalid_runs": 0,
  "all_validation_errors": []
}
