Job running on a1130u31n03.mghpcc.ycrc.yale.edu under Slurm job 19486829
Activating sourced environment: /home/ch2499/project/transfer_sn/activate_eval_cluster.sh
==========Running program evaluation 1/1...==========
==========Run 1/1 completed in 625.90 seconds==========
Correctness and error status saved to /home/ch2499/project/transfer_sn/results_gpt56sol_r2/gen_39/results/correct.json
Metrics saved to /home/ch2499/project/transfer_sn/results_gpt56sol_r2/gen_39/results/metrics.json
OK
{
  "combined_score": 0.7826273225403019,
  "public": {
    "train_accuracy_mean": 0.94,
    "train_accuracy_std": 0.0,
    "validation_accuracy_mean": 0.8467,
    "validation_accuracy_std": 0.0,
    "test_accuracy_mean": 0.8567,
    "test_accuracy_std": 0.0,
    "generalization_gap_mean": 0.0833,
    "validation_loss_mean": 0.485,
    "test_loss_mean": 0.4925,
    "parameter_efficiency_mean": 0.009961,
    "n_params": 86,
    "depth_mean": 120.0,
    "gate_count_mean": 252.0,
    "score_uses_test": false,
    "convergence_step_mean": null
  },
  "private": {
    "per_run_scores": [
      {
        "combined_score": 0.7826273225403019,
        "primary_accuracy": 0.8466666666666667,
        "gap_score": 0.7619047619047621,
        "loss_score": 0.6733884994750279,
        "parameter_efficiency_score": 1.0,
        "convergence_score": 0.0
      }
    ],
    "per_run_test_accuracies": [
      0.8566666666666667
    ]
  },
  "text_feedback": "Combined score: 0.7826\nValidation accuracy mean: 0.8467\nTest accuracy mean: 0.8567\nTrain-test generalization gap mean: 0.0833\nValidation L2 loss mean: 0.4850\nParameters: 86, depth mean: 120.0, gate count mean: 252.0\nFitness uses validation metrics; test metrics are reported as holdout diagnostics.\nDid not reach the convergence threshold in these runs.",
  "execution_time_mean": 625.9031882849522,
  "execution_time_std": 0.0,
  "num_valid_runs": 1,
  "num_invalid_runs": 0,
  "all_validation_errors": []
}
