Job running on a1114u15n01.mghpcc.ycrc.yale.edu under Slurm job 19615412
Activating sourced environment: /home/ch2499/project/zc_sn/activate_eval_cluster.sh
==========Running program evaluation 1/1...==========
==========Run 1/1 completed in 2458.99 seconds==========
Correctness and error status saved to /home/ch2499/project/zc_sn/results_sonnet/gen_73/results/correct.json
Metrics saved to /home/ch2499/project/zc_sn/results_sonnet/gen_73/results/metrics.json
OK
{
  "combined_score": 0.8621206302875974,
  "public": {
    "train_accuracy_mean": 0.92,
    "train_accuracy_std": 0.0,
    "validation_accuracy_mean": 0.8767,
    "validation_accuracy_std": 0.0,
    "test_accuracy_mean": 0.8667,
    "test_accuracy_std": 0.0,
    "generalization_gap_mean": 0.0533,
    "validation_loss_mean": 0.4314,
    "test_loss_mean": 0.4592,
    "parameter_efficiency_mean": 0.007104,
    "n_params": 122,
    "depth_mean": 304.0,
    "gate_count_mean": 660.0,
    "score_uses_test": false,
    "convergence_step_mean": 90.0
  },
  "private": {
    "per_run_scores": [
      {
        "combined_score": 0.8621206302875974,
        "primary_accuracy": 0.8766666666666667,
        "gap_score": 0.8476190476190476,
        "loss_score": 0.6986295987427137,
        "parameter_efficiency_score": 1.0,
        "convergence_score": 0.997
      }
    ],
    "per_run_test_accuracies": [
      0.8666666666666667
    ]
  },
  "text_feedback": "Combined score: 0.8621\nValidation accuracy mean: 0.8767\nTest accuracy mean: 0.8667\nTrain-test generalization gap mean: 0.0533\nValidation L2 loss mean: 0.4314\nParameters: 122, depth mean: 304.0, gate count mean: 660.0\nFitness uses validation metrics; test metrics are reported as holdout diagnostics.",
  "execution_time_mean": 2458.9930686519947,
  "execution_time_std": 0.0,
  "num_valid_runs": 1,
  "num_invalid_runs": 0,
  "all_validation_errors": []
}
