Job running on a1132u24n02.mghpcc.ycrc.yale.edu under Slurm job 19601525
Activating sourced environment: /home/ch2499/project/zc_sn/activate_eval_cluster.sh
==========Running program evaluation 1/1...==========
==========Run 1/1 completed in 975.10 seconds==========
Correctness and error status saved to /home/ch2499/project/zc_sn/results_gpt56sol/gen_34/results/correct.json
Metrics saved to /home/ch2499/project/zc_sn/results_gpt56sol/gen_34/results/metrics.json
OK
{
  "combined_score": 0.8608844699144974,
  "public": {
    "train_accuracy_mean": 0.9,
    "train_accuracy_std": 0.0,
    "validation_accuracy_mean": 0.8633,
    "validation_accuracy_std": 0.0,
    "test_accuracy_mean": 0.87,
    "test_accuracy_std": 0.0,
    "generalization_gap_mean": 0.03,
    "validation_loss_mean": 0.4567,
    "test_loss_mean": 0.4385,
    "parameter_efficiency_mean": 0.008878,
    "n_params": 98,
    "depth_mean": 160.0,
    "gate_count_mean": 468.0,
    "score_uses_test": false,
    "convergence_step_mean": 540.0
  },
  "private": {
    "per_run_scores": [
      {
        "combined_score": 0.8608844699144974,
        "primary_accuracy": 0.8633333333333333,
        "gap_score": 0.9142857142857141,
        "loss_score": 0.6864996406998239,
        "parameter_efficiency_score": 1.0,
        "convergence_score": 0.982
      }
    ],
    "per_run_test_accuracies": [
      0.87
    ]
  },
  "text_feedback": "Combined score: 0.8609\nValidation accuracy mean: 0.8633\nTest accuracy mean: 0.8700\nTrain-test generalization gap mean: 0.0300\nValidation L2 loss mean: 0.4567\nParameters: 98, depth mean: 160.0, gate count mean: 468.0\nFitness uses validation metrics; test metrics are reported as holdout diagnostics.",
  "execution_time_mean": 975.1026642317884,
  "execution_time_std": 0.0,
  "num_valid_runs": 1,
  "num_invalid_runs": 0,
  "all_validation_errors": []
}
