Job running on a1130u09n03.mghpcc.ycrc.yale.edu under Slurm job 19478513
Activating sourced environment: /home/ch2499/project/transfer_sn/activate_eval_cluster.sh
==========Running program evaluation 1/1...==========
==========Run 1/1 completed in 3387.49 seconds==========
Correctness and error status saved to /home/ch2499/project/transfer_sn/results_sonnet_r2/gen_31/results/correct.json
Metrics saved to /home/ch2499/project/transfer_sn/results_sonnet_r2/gen_31/results/metrics.json
OK
{
  "combined_score": 0.8636551068597099,
  "public": {
    "train_accuracy_mean": 0.9311,
    "train_accuracy_std": 0.0,
    "validation_accuracy_mean": 0.8933,
    "validation_accuracy_std": 0.0,
    "test_accuracy_mean": 0.8567,
    "test_accuracy_std": 0.0,
    "generalization_gap_mean": 0.0744,
    "validation_loss_mean": 0.406,
    "test_loss_mean": 0.4789,
    "parameter_efficiency_mean": 0.009961,
    "n_params": 86,
    "depth_mean": 123.0,
    "gate_count_mean": 276.0,
    "score_uses_test": false,
    "convergence_step_mean": 540.0
  },
  "private": {
    "per_run_scores": [
      {
        "combined_score": 0.8636551068597099,
        "primary_accuracy": 0.8933333333333333,
        "gap_score": 0.7873015873015874,
        "loss_score": 0.7112139399112926,
        "parameter_efficiency_score": 1.0,
        "convergence_score": 0.982
      }
    ],
    "per_run_test_accuracies": [
      0.8566666666666667
    ]
  },
  "text_feedback": "Combined score: 0.8637\nValidation accuracy mean: 0.8933\nTest accuracy mean: 0.8567\nTrain-test generalization gap mean: 0.0744\nValidation L2 loss mean: 0.4060\nParameters: 86, depth mean: 123.0, gate count mean: 276.0\nFitness uses validation metrics; test metrics are reported as holdout diagnostics.",
  "execution_time_mean": 3387.487591370009,
  "execution_time_std": 0.0,
  "num_valid_runs": 1,
  "num_invalid_runs": 0,
  "all_validation_errors": []
}
