Job running on a1132u37n03.mghpcc.ycrc.yale.edu under Slurm job 19604753
Activating sourced environment: /home/ch2499/project/zc_sn/activate_eval_cluster.sh
==========Running program evaluation 1/1...==========
==========Run 1/1 completed in 794.29 seconds==========
Correctness and error status saved to /home/ch2499/project/zc_sn/results_gpt56sol/gen_44/results/correct.json
Metrics saved to /home/ch2499/project/zc_sn/results_gpt56sol/gen_44/results/metrics.json
OK
{
  "combined_score": 0.7938633149395095,
  "public": {
    "train_accuracy_mean": 0.9244,
    "train_accuracy_std": 0.0,
    "validation_accuracy_mean": 0.8467,
    "validation_accuracy_std": 0.0,
    "test_accuracy_mean": 0.8733,
    "test_accuracy_std": 0.0,
    "generalization_gap_mean": 0.0511,
    "validation_loss_mean": 0.5001,
    "test_loss_mean": 0.4871,
    "parameter_efficiency_mean": 0.014086,
    "n_params": 62,
    "depth_mean": 99.0,
    "gate_count_mean": 270.0,
    "score_uses_test": false,
    "convergence_step_mean": null
  },
  "private": {
    "per_run_scores": [
      {
        "combined_score": 0.7938633149395095,
        "primary_accuracy": 0.8466666666666667,
        "gap_score": 0.8539682539682539,
        "loss_score": 0.6666019937766235,
        "parameter_efficiency_score": 1.0,
        "convergence_score": 0.0
      }
    ],
    "per_run_test_accuracies": [
      0.8733333333333333
    ]
  },
  "text_feedback": "Combined score: 0.7939\nValidation accuracy mean: 0.8467\nTest accuracy mean: 0.8733\nTrain-test generalization gap mean: 0.0511\nValidation L2 loss mean: 0.5001\nParameters: 62, depth mean: 99.0, gate count mean: 270.0\nFitness uses validation metrics; test metrics are reported as holdout diagnostics.\nDid not reach the convergence threshold in these runs.",
  "execution_time_mean": 794.293403097894,
  "execution_time_std": 0.0,
  "num_valid_runs": 1,
  "num_invalid_runs": 0,
  "all_validation_errors": []
}
