Job running on a1132u33n01.mghpcc.ycrc.yale.edu under Slurm job 19615270
Activating sourced environment: /home/ch2499/project/zc_sn/activate_eval_cluster.sh
==========Running program evaluation 1/1...==========
==========Run 1/1 completed in 1769.46 seconds==========
Correctness and error status saved to /home/ch2499/project/zc_sn/results_sonnet/gen_71/results/correct.json
Metrics saved to /home/ch2499/project/zc_sn/results_sonnet/gen_71/results/metrics.json
OK
{
  "combined_score": 0.8748722953106692,
  "public": {
    "train_accuracy_mean": 0.9644,
    "train_accuracy_std": 0.0,
    "validation_accuracy_mean": 0.91,
    "validation_accuracy_std": 0.0,
    "test_accuracy_mean": 0.8817,
    "test_accuracy_std": 0.0,
    "generalization_gap_mean": 0.0828,
    "validation_loss_mean": 0.3422,
    "test_loss_mean": 0.3817,
    "parameter_efficiency_mean": 0.006298,
    "n_params": 140,
    "depth_mean": 270.0,
    "gate_count_mean": 612.0,
    "score_uses_test": false,
    "convergence_step_mean": 180.0
  },
  "private": {
    "per_run_scores": [
      {
        "combined_score": 0.8748722953106692,
        "primary_accuracy": 0.91,
        "gap_score": 0.7634920634920637,
        "loss_score": 0.7450269422827688,
        "parameter_efficiency_score": 0.9490000000000001,
        "convergence_score": 0.994
      }
    ],
    "per_run_test_accuracies": [
      0.8816666666666667
    ]
  },
  "text_feedback": "Combined score: 0.8749\nValidation accuracy mean: 0.9100\nTest accuracy mean: 0.8817\nTrain-test generalization gap mean: 0.0828\nValidation L2 loss mean: 0.3422\nParameters: 140, depth mean: 270.0, gate count mean: 612.0\nFitness uses validation metrics; test metrics are reported as holdout diagnostics.",
  "execution_time_mean": 1769.4562072036788,
  "execution_time_std": 0.0,
  "num_valid_runs": 1,
  "num_invalid_runs": 0,
  "all_validation_errors": []
}
