Job running on a1130u37n02.mghpcc.ycrc.yale.edu under Slurm job 19604183
Activating sourced environment: /home/ch2499/project/zc_ttt/activate_eval_cluster.sh
==========Running program evaluation 1/1...==========
==========Run 1/1 completed in 3342.53 seconds==========
Correctness and error status saved to /home/ch2499/project/zc_ttt/results_haiku/gen_26/results/correct.json
Metrics saved to /home/ch2499/project/zc_ttt/results_haiku/gen_26/results/metrics.json
OK
{
  "combined_score": 0.5976708535176858,
  "public": {
    "train_accuracy_mean": 0.6711,
    "train_accuracy_std": 0.0,
    "validation_accuracy_mean": 0.65,
    "validation_accuracy_std": 0.0,
    "test_accuracy_mean": 0.5833,
    "test_accuracy_std": 0.0,
    "generalization_gap_mean": 0.0878,
    "validation_loss_mean": 2.1919,
    "test_loss_mean": 2.3116,
    "parameter_efficiency_mean": 0.005117,
    "n_params": 114,
    "depth_mean": 75.0,
    "gate_count_mean": 273.0,
    "score_uses_test": false,
    "convergence_step_mean": null
  },
  "private": {
    "per_run_scores": [
      {
        "combined_score": 0.5976708535176858,
        "primary_accuracy": 0.65,
        "gap_score": 0.7492063492063493,
        "loss_score": 0.31329719666204286,
        "parameter_efficiency_score": 0.9236842105263158,
        "convergence_score": 0.0
      }
    ],
    "per_run_test_accuracies": [
      0.5833333333333334
    ]
  },
  "text_feedback": "Combined score: 0.5977\nValidation accuracy mean: 0.6500\nTest accuracy mean: 0.5833\nTrain-test generalization gap mean: 0.0878\nValidation L2 loss mean: 2.1919\nParameters: 114, depth mean: 75.0, gate count mean: 273.0\nFitness uses validation metrics; test metrics are reported as holdout diagnostics.\nDid not reach convergence threshold 0.90 in these runs.",
  "execution_time_mean": 3342.527739183046,
  "execution_time_std": 0.0,
  "num_valid_runs": 1,
  "num_invalid_runs": 0,
  "all_validation_errors": []
}
