Job running on a1132u20n03.mghpcc.ycrc.yale.edu under Slurm job 19481733
Activating sourced environment: /home/ch2499/project/transfer_sn/activate_eval_cluster.sh
==========Running program evaluation 1/1...==========
==========Run 1/1 completed in 1801.54 seconds==========
Correctness and error status saved to /home/ch2499/project/transfer_sn/results_sonnet_r2/gen_38/results/correct.json
Metrics saved to /home/ch2499/project/transfer_sn/results_sonnet_r2/gen_38/results/metrics.json
OK
{
  "combined_score": 0.9028824593032558,
  "public": {
    "train_accuracy_mean": 0.9289,
    "train_accuracy_std": 0.0,
    "validation_accuracy_mean": 0.9167,
    "validation_accuracy_std": 0.0,
    "test_accuracy_mean": 0.905,
    "test_accuracy_std": 0.0,
    "generalization_gap_mean": 0.0239,
    "validation_loss_mean": 0.3351,
    "test_loss_mean": 0.3516,
    "parameter_efficiency_mean": 0.0181,
    "n_params": 50,
    "depth_mean": 120.0,
    "gate_count_mean": 276.0,
    "score_uses_test": false,
    "convergence_step_mean": 270.0
  },
  "private": {
    "per_run_scores": [
      {
        "combined_score": 0.9028824593032558,
        "primary_accuracy": 0.9166666666666666,
        "gap_score": 0.9317460317460319,
        "loss_score": 0.7489888821275259,
        "parameter_efficiency_score": 1.0,
        "convergence_score": 0.991
      }
    ],
    "per_run_test_accuracies": [
      0.905
    ]
  },
  "text_feedback": "Combined score: 0.9029\nValidation accuracy mean: 0.9167\nTest accuracy mean: 0.9050\nTrain-test generalization gap mean: 0.0239\nValidation L2 loss mean: 0.3351\nParameters: 50, depth mean: 120.0, gate count mean: 276.0\nFitness uses validation metrics; test metrics are reported as holdout diagnostics.",
  "execution_time_mean": 1801.5432696929201,
  "execution_time_std": 0.0,
  "num_valid_runs": 1,
  "num_invalid_runs": 0,
  "all_validation_errors": []
}
