Job running on a1114u27n01.mghpcc.ycrc.yale.edu under Slurm job 19503862
Activating sourced environment: /home/ch2499/project/transfer_sn/activate_eval_cluster.sh
==========Running program evaluation 1/1...==========
==========Run 1/1 completed in 1188.99 seconds==========
Correctness and error status saved to /home/ch2499/project/transfer_sn/results_haiku_r2/gen_51/results/correct.json
Metrics saved to /home/ch2499/project/transfer_sn/results_haiku_r2/gen_51/results/metrics.json
OK
{
  "combined_score": 0.9029687813049864,
  "public": {
    "train_accuracy_mean": 0.9333,
    "train_accuracy_std": 0.0,
    "validation_accuracy_mean": 0.92,
    "validation_accuracy_std": 0.0,
    "test_accuracy_mean": 0.905,
    "test_accuracy_std": 0.0,
    "generalization_gap_mean": 0.0283,
    "validation_loss_mean": 0.3318,
    "test_loss_mean": 0.3501,
    "parameter_efficiency_mean": 0.034808,
    "n_params": 26,
    "depth_mean": 162.0,
    "gate_count_mean": 276.0,
    "score_uses_test": false,
    "convergence_step_mean": 510.0
  },
  "private": {
    "per_run_scores": [
      {
        "combined_score": 0.9029687813049864,
        "primary_accuracy": 0.92,
        "gap_score": 0.9190476190476191,
        "loss_score": 0.7508553674300673,
        "parameter_efficiency_score": 1.0,
        "convergence_score": 0.983
      }
    ],
    "per_run_test_accuracies": [
      0.905
    ]
  },
  "text_feedback": "Combined score: 0.9030\nValidation accuracy mean: 0.9200\nTest accuracy mean: 0.9050\nTrain-test generalization gap mean: 0.0283\nValidation L2 loss mean: 0.3318\nParameters: 26, depth mean: 162.0, gate count mean: 276.0\nFitness uses validation metrics; test metrics are reported as holdout diagnostics.",
  "execution_time_mean": 1188.9853261450771,
  "execution_time_std": 0.0,
  "num_valid_runs": 1,
  "num_invalid_runs": 0,
  "all_validation_errors": []
}
