==========Running program evaluation 1/1...==========
{"batch_size": 10, "data_seed": 2027, "dataset": {"all_valid_unique_boards": {"class_counts": {"circle": 316, "cross": 626, "draw": 4536}, "total": 5478}, "overlap_train_test": 4, "overlap_train_validation": 1, "overlap_validation_test": 3, "test": {"class_counts": {"circle": 20, "cross": 20, "draw": 20}, "rows": 60, "unique_boards": 59}, "train": {"class_counts": {"circle": 20, "cross": 20, "draw": 20}, "rows": 60, "unique_boards": 59}, "validation": {"class_counts": {"circle": 15, "cross": 15, "draw": 15}, "rows": 45, "unique_boards": 44}}, "event": "start", "learning_rate": 0.03, "n_epochs": 3, "n_params": 54, "n_params_per_block": 9, "n_repeats": 2, "n_uploads": 3, "seed": 2000, "steps_per_epoch": 3}
{"batch_loss": 3.0666745459987856, "epoch": 1, "event": "epoch", "global_step": 3, "test_accuracy": 0.36666666666666664, "test_loss": 2.9909732003919016, "train_accuracy": 0.45, "train_loss": 2.907447037477563, "validation_accuracy": 0.2222222222222222, "validation_loss": 3.1419455038680937}
{"batch_loss": 2.9475929950669792, "epoch": 2, "event": "epoch", "global_step": 6, "test_accuracy": 0.38333333333333336, "test_loss": 3.0010471786346034, "train_accuracy": 0.43333333333333335, "train_loss": 2.8954257293239385, "validation_accuracy": 0.2222222222222222, "validation_loss": 3.1290470285157945}
{"batch_loss": 2.8873212196170535, "epoch": 3, "event": "epoch", "global_step": 9, "test_accuracy": 0.35, "test_loss": 3.0027953883608993, "train_accuracy": 0.48333333333333334, "train_loss": 2.8876627687488123, "validation_accuracy": 0.17777777777777778, "validation_loss": 3.1227892602166825}
{"convergence_epoch": null, "convergence_step": null, "convergence_threshold": 0.9, "depth": 70, "event": "final", "gate_count": 261, "generalization_gap": 0.13333333333333336, "history_tail": [{"batch_loss": 3.0666745459987856, "epoch": 1, "event": "epoch", "global_step": 3, "test_accuracy": 0.36666666666666664, "test_loss": 2.9909732003919016, "train_accuracy": 0.45, "train_loss": 2.907447037477563, "validation_accuracy": 0.2222222222222222, "validation_loss": 3.1419455038680937}, {"batch_loss": 2.9475929950669792, "epoch": 2, "event": "epoch", "global_step": 6, "test_accuracy": 0.38333333333333336, "test_loss": 3.0010471786346034, "train_accuracy": 0.43333333333333335, "train_loss": 2.8954257293239385, "validation_accuracy": 0.2222222222222222, "validation_loss": 3.1290470285157945}, {"batch_loss": 2.8873212196170535, "epoch": 3, "event": "epoch", "global_step": 9, "test_accuracy": 0.35, "test_loss": 3.0027953883608993, "train_accuracy": 0.48333333333333334, "train_loss": 2.8876627687488123, "validation_accuracy": 0.17777777777777778, "validation_loss": 3.1227892602166825}], "max_steps": 9, "n_params": 54, "n_params_per_block": 9, "n_qubits": 9, "n_repeats": 2, "n_uploads": 3, "operations": [["RX", [0]], ["RX", [1]], ["RX", [2]], ["RX", [3]], ["RX", [4]], ["RX", [5]], ["RX", [6]], ["RX", [7]], ["RX", [8]], ["RY", [0]], ["RY", [2]], ["RY", [4]], ["RY", [6]], ["RY", [1]], ["RY", [3]], ["RY", [5]], ["RY", [7]], ["RY", [8]], ["RZ", [0]], ["RZ", [2]], ["RZ", [4]], ["RZ", [6]], ["RZ", [1]], ["RZ", [3]], ["RZ", [5]], ["RZ", [7]], ["RZ", [8]], ["CNOT", [0, 1]], ["CNOT", [1, 2]], ["CNOT", [2, 3]], ["CNOT", [3, 4]], ["CNOT", [4, 5]], ["CNOT", [5, 6]], ["CNOT", [6, 7]], ["CNOT", [7, 0]], ["CNOT", [1, 8]], ["CNOT", [3, 8]], ["CNOT", [5, 8]], ["CNOT", [7, 8]], ["RZ", [0]], ["RZ", [2]], ["RZ", [4]], ["RZ", [6]], ["RZ", [1]], ["RZ", [3]], ["RZ", [5]], ["RZ", [7]], ["RZ", [8]], ["RY", [0]], ["RY", [2]], ["RY", [4]], ["RY", [6]], ["RY", [1]], ["RY", [3]], ["RY", [5]], ["RY", [7]], ["RY", [8]], ["RZ", [0]], ["RZ", [2]], ["RZ", [4]], ["RZ", [6]], ["RZ", [1]], ["RZ", [3]], ["RZ", [5]], ["RZ", [7]], ["RZ", [8]], ["CNOT", [0, 1]], ["CNOT", [1, 2]], ["CNOT", [2, 3]], ["CNOT", [3, 4]], ["CNOT", [4, 5]], ["CNOT", [5, 6]], ["CNOT", [6, 7]], ["CNOT", [7, 0]], ["CNOT", [1, 8]], ["CNOT", [3, 8]], ["CNOT", [5, 8]], ["CNOT", [7, 8]], ["RZ", [0]], ["RZ", [2]], ["RZ", [4]], ["RZ", [6]], ["RZ", [1]], ["RZ", [3]], ["RZ", [5]], ["RZ", [7]], ["RZ", [8]], ["RX", [0]], ["RX", [1]], ["RX", [2]], ["RX", [3]], ["RX", [4]], ["RX", [5]], ["RX", [6]], ["RX", [7]], ["RX", [8]], ["RY", [0]], ["RY", [2]], ["RY", [4]], ["RY", [6]], ["RY", [1]], ["RY", [3]], ["RY", [5]], ["RY", [7]], ["RY", [8]], ["RZ", [0]], ["RZ", [2]], ["RZ", [4]], ["RZ", [6]], ["RZ", [1]], ["RZ", [3]], ["RZ", [5]], ["RZ", [7]], ["RZ", [8]], ["CNOT", [0, 1]], ["CNOT", [1, 2]], ["CNOT", [2, 3]], ["CNOT", [3, 4]], ["CNOT", [4, 5]], ["CNOT", [5, 6]], ["CNOT", [6, 7]], ["CNOT", [7, 0]], ["CNOT", [1, 8]], ["CNOT", [3, 8]], ["CNOT", [5, 8]], ["CNOT", [7, 8]], ["RZ", [0]], ["RZ", [2]], ["RZ", [4]], ["RZ", [6]], ["RZ", [1]], ["RZ", [3]], ["RZ", [5]], ["RZ", [7]], ["RZ", [8]], ["RY", [0]], ["RY", [2]], ["RY", [4]], ["RY", [6]], ["RY", [1]], ["RY", [3]], ["RY", [5]], ["RY", [7]], ["RY", [8]], ["RZ", [0]], ["RZ", [2]], ["RZ", [4]], ["RZ", [6]], ["RZ", [1]], ["RZ", [3]], ["RZ", [5]], ["RZ", [7]], ["RZ", [8]], ["CNOT", [0, 1]], ["CNOT", [1, 2]], ["CNOT", [2, 3]], ["CNOT", [3, 4]], ["CNOT", [4, 5]], ["CNOT", [5, 6]], ["CNOT", [6, 7]], ["CNOT", [7, 0]], ["CNOT", [1, 8]], ["CNOT", [3, 8]], ["CNOT", [5, 8]], ["CNOT", [7, 8]], ["RZ", [0]], ["RZ", [2]], ["RZ", [4]], ["RZ", [6]], ["RZ", [1]], ["RZ", [3]], ["RZ", [5]], ["RZ", [7]], ["RZ", [8]], ["RX", [0]], ["RX", [1]], ["RX", [2]], ["RX", [3]], ["RX", [4]], ["RX", [5]], ["RX", [6]], ["RX", [7]], ["RX", [8]], ["RY", [0]], ["RY", [2]], ["RY", [4]], ["RY", [6]], ["RY", [1]], ["RY", [3]], ["RY", [5]], ["RY", [7]], ["RY", [8]], ["RZ", [0]], ["RZ", [2]], ["RZ", [4]], ["RZ", [6]], ["RZ", [1]], ["RZ", [3]], ["RZ", [5]], ["RZ", [7]], ["RZ", [8]], ["CNOT", [0, 1]], ["CNOT", [1, 2]], ["CNOT", [2, 3]], ["CNOT", [3, 4]], ["CNOT", [4, 5]], ["CNOT", [5, 6]], ["CNOT", [6, 7]], ["CNOT", [7, 0]], ["CNOT", [1, 8]], ["CNOT", [3, 8]], ["CNOT", [5, 8]], ["CNOT", [7, 8]], ["RZ", [0]], ["RZ", [2]], ["RZ", [4]], ["RZ", [6]], ["RZ", [1]], ["RZ", [3]], ["RZ", [5]], ["RZ", [7]], ["RZ", [8]], ["RY", [0]], ["RY", [2]], ["RY", [4]], ["RY", [6]], ["RY", [1]], ["RY", [3]], ["RY", [5]], ["RY", [7]], ["RY", [8]], ["RZ", [0]], ["RZ", [2]], ["RZ", [4]], ["RZ", [6]], ["RZ", [1]], ["RZ", [3]], ["RZ", [5]], ["RZ", [7]], ["RZ", [8]], ["CNOT", [0, 1]], ["CNOT", [1, 2]], ["CNOT", [2, 3]], ["CNOT", [3, 4]], ["CNOT", [4, 5]], ["CNOT", [5, 6]], ["CNOT", [6, 7]], ["CNOT", [7, 0]], ["CNOT", [1, 8]], ["CNOT", [3, 8]], ["CNOT", [5, 8]], ["CNOT", [7, 8]], ["RZ", [0]], ["RZ", [2]], ["RZ", [4]], ["RZ", [6]], ["RZ", [1]], ["RZ", [3]], ["RZ", [5]], ["RZ", [7]], ["RZ", [8]]], "parameter_efficiency": 0.006481481481481481, "spec_valid": true, "test_accuracy": 0.35, "test_loss": 3.0027953883608993, "train_accuracy": 0.48333333333333334, "train_loss": 2.8876627687488123, "validation_accuracy": 0.17777777777777778, "validation_loss": 3.1227892602166825}
==========Run 1/1 completed in 410.47 seconds==========
Correctness and error status saved to /home/chengyou1368/QuantumAnsatz/qml-ea/tic-tac-toe/results/ttt_qml_cli_20260624_162514/gen_4/results/correct.json
Metrics saved to /home/chengyou1368/QuantumAnsatz/qml-ea/tic-tac-toe/results/ttt_qml_cli_20260624_162514/gen_4/results/metrics.json
OK
{
  "combined_score": 0.2931291671751069,
  "public": {
    "train_accuracy_mean": 0.4833,
    "train_accuracy_std": 0.0,
    "validation_accuracy_mean": 0.1778,
    "validation_accuracy_std": 0.0,
    "test_accuracy_mean": 0.35,
    "test_accuracy_std": 0.0,
    "generalization_gap_mean": 0.1333,
    "validation_loss_mean": 3.1228,
    "test_loss_mean": 3.0028,
    "parameter_efficiency_mean": 0.006481,
    "n_params": 54,
    "depth_mean": 70.0,
    "gate_count_mean": 261.0,
    "score_uses_test": false,
    "convergence_step_mean": null
  },
  "private": {
    "per_run_scores": [
      {
        "combined_score": 0.2931291671751069,
        "primary_accuracy": 0.17777777777777778,
        "gap_score": 0.619047619047619,
        "loss_score": 0.24255423619383412,
        "parameter_efficiency_score": 0.5333333333333333,
        "convergence_score": 0.0
      }
    ],
    "per_run_test_accuracies": [
      0.35
    ]
  },
  "text_feedback": "Combined score: 0.2931\nValidation accuracy mean: 0.1778\nTest accuracy mean: 0.3500\nTrain-test generalization gap mean: 0.1333\nValidation L2 loss mean: 3.1228\nParameters: 54, depth mean: 70.0, gate count mean: 261.0\nFitness uses validation metrics; test metrics are reported as holdout diagnostics.\nAccuracy is still low; explore more expressive local entanglement or rotation diversity.\nDid not reach convergence threshold 0.90 in these runs.",
  "execution_time_mean": 410.4696993390007,
  "execution_time_std": 0.0,
  "num_valid_runs": 1,
  "num_invalid_runs": 0,
  "all_validation_errors": []
}
