==========Running program evaluation 1/1...==========
{"batch_size": 10, "data_seed": 2027, "dataset": {"all_valid_unique_boards": {"class_counts": {"circle": 316, "cross": 626, "draw": 4536}, "total": 5478}, "overlap_train_test": 4, "overlap_train_validation": 1, "overlap_validation_test": 3, "test": {"class_counts": {"circle": 20, "cross": 20, "draw": 20}, "rows": 60, "unique_boards": 59}, "train": {"class_counts": {"circle": 20, "cross": 20, "draw": 20}, "rows": 60, "unique_boards": 59}, "validation": {"class_counts": {"circle": 15, "cross": 15, "draw": 15}, "rows": 45, "unique_boards": 44}}, "event": "start", "learning_rate": 0.03, "n_epochs": 3, "n_params": 78, "n_params_per_block": 13, "n_repeats": 2, "n_uploads": 3, "seed": 1000, "steps_per_epoch": 3}
{"batch_loss": 6.149490249608737, "epoch": 1, "event": "epoch", "global_step": 3, "test_accuracy": 0.3, "test_loss": 5.184581937509279, "train_accuracy": 0.3333333333333333, "train_loss": 5.050335753268872, "validation_accuracy": 0.35555555555555557, "validation_loss": 5.24281027400688}
{"batch_loss": 2.967218942376192, "epoch": 2, "event": "epoch", "global_step": 6, "test_accuracy": 0.43333333333333335, "test_loss": 2.9037428907087928, "train_accuracy": 0.4166666666666667, "train_loss": 2.9703880237129123, "validation_accuracy": 0.4444444444444444, "validation_loss": 3.025619552919771}
{"batch_loss": 3.2469902458351454, "epoch": 3, "event": "epoch", "global_step": 9, "test_accuracy": 0.48333333333333334, "test_loss": 2.66154913935617, "train_accuracy": 0.4166666666666667, "train_loss": 2.8283429788545744, "validation_accuracy": 0.4888888888888889, "validation_loss": 2.6853191702715913}
{"convergence_epoch": null, "convergence_step": null, "convergence_threshold": 0.9, "depth": 132, "event": "final", "gate_count": 333, "generalization_gap": 0.06666666666666665, "history_tail": [{"batch_loss": 6.149490249608737, "epoch": 1, "event": "epoch", "global_step": 3, "test_accuracy": 0.3, "test_loss": 5.184581937509279, "train_accuracy": 0.3333333333333333, "train_loss": 5.050335753268872, "validation_accuracy": 0.35555555555555557, "validation_loss": 5.24281027400688}, {"batch_loss": 2.967218942376192, "epoch": 2, "event": "epoch", "global_step": 6, "test_accuracy": 0.43333333333333335, "test_loss": 2.9037428907087928, "train_accuracy": 0.4166666666666667, "train_loss": 2.9703880237129123, "validation_accuracy": 0.4444444444444444, "validation_loss": 3.025619552919771}, {"batch_loss": 3.2469902458351454, "epoch": 3, "event": "epoch", "global_step": 9, "test_accuracy": 0.48333333333333334, "test_loss": 2.66154913935617, "train_accuracy": 0.4166666666666667, "train_loss": 2.8283429788545744, "validation_accuracy": 0.4888888888888889, "validation_loss": 2.6853191702715913}], "max_steps": 9, "n_params": 78, "n_params_per_block": 13, "n_qubits": 9, "n_repeats": 2, "n_uploads": 3, "operations": [["RX", [0]], ["RX", [1]], ["RX", [2]], ["RX", [3]], ["RX", [4]], ["RX", [5]], ["RX", [6]], ["RX", [7]], ["RX", [8]], ["RY", [0]], ["RY", [2]], ["RY", [4]], ["RY", [6]], ["RY", [1]], ["RY", [3]], ["RY", [5]], ["RY", [7]], ["RY", [8]], ["CRY", [0, 1]], ["CRY", [2, 1]], ["CRY", [2, 3]], ["CRY", [4, 3]], ["CRY", [4, 5]], ["CRY", [6, 5]], ["CRY", [6, 7]], ["CRY", [0, 7]], ["CRY", [1, 0]], ["CRY", [1, 2]], ["CRY", [3, 2]], ["CRY", [3, 4]], ["CRY", [5, 4]], ["CRY", [5, 6]], ["CRY", [7, 6]], ["CRY", [7, 0]], ["CRY", [1, 8]], ["CRY", [3, 8]], ["CRY", [5, 8]], ["CRY", [7, 8]], ["CRY", [8, 1]], ["CRY", [8, 3]], ["CRY", [8, 5]], ["CRY", [8, 7]], ["RY", [0]], ["RY", [2]], ["RY", [4]], ["RY", [6]], ["RY", [1]], ["RY", [3]], ["RY", [5]], ["RY", [7]], ["RY", [8]], ["RX", [0]], ["RX", [2]], ["RX", [4]], ["RX", [6]], ["RX", [1]], ["RX", [3]], ["RX", [5]], ["RX", [7]], ["RX", [8]], ["RY", [0]], ["RY", [2]], ["RY", [4]], ["RY", [6]], ["RY", [1]], ["RY", [3]], ["RY", [5]], ["RY", [7]], ["RY", [8]], ["CRY", [0, 1]], ["CRY", [2, 1]], ["CRY", [2, 3]], ["CRY", [4, 3]], ["CRY", [4, 5]], ["CRY", [6, 5]], ["CRY", [6, 7]], ["CRY", [0, 7]], ["CRY", [1, 0]], ["CRY", [1, 2]], ["CRY", [3, 2]], ["CRY", [3, 4]], ["CRY", [5, 4]], ["CRY", [5, 6]], ["CRY", [7, 6]], ["CRY", [7, 0]], ["CRY", [1, 8]], ["CRY", [3, 8]], ["CRY", [5, 8]], ["CRY", [7, 8]], ["CRY", [8, 1]], ["CRY", [8, 3]], ["CRY", [8, 5]], ["CRY", [8, 7]], ["RY", [0]], ["RY", [2]], ["RY", [4]], ["RY", [6]], ["RY", [1]], ["RY", [3]], ["RY", [5]], ["RY", [7]], ["RY", [8]], ["RX", [0]], ["RX", [2]], ["RX", [4]], ["RX", [6]], ["RX", [1]], ["RX", [3]], ["RX", [5]], ["RX", [7]], ["RX", [8]], ["RX", [0]], ["RX", [1]], ["RX", [2]], ["RX", [3]], ["RX", [4]], ["RX", [5]], ["RX", [6]], ["RX", [7]], ["RX", [8]], ["RY", [0]], ["RY", [2]], ["RY", [4]], ["RY", [6]], ["RY", [1]], ["RY", [3]], ["RY", [5]], ["RY", [7]], ["RY", [8]], ["CRY", [0, 1]], ["CRY", [2, 1]], ["CRY", [2, 3]], ["CRY", [4, 3]], ["CRY", [4, 5]], ["CRY", [6, 5]], ["CRY", [6, 7]], ["CRY", [0, 7]], ["CRY", [1, 0]], ["CRY", [1, 2]], ["CRY", [3, 2]], ["CRY", [3, 4]], ["CRY", [5, 4]], ["CRY", [5, 6]], ["CRY", [7, 6]], ["CRY", [7, 0]], ["CRY", [1, 8]], ["CRY", [3, 8]], ["CRY", [5, 8]], ["CRY", [7, 8]], ["CRY", [8, 1]], ["CRY", [8, 3]], ["CRY", [8, 5]], ["CRY", [8, 7]], ["RY", [0]], ["RY", [2]], ["RY", [4]], ["RY", [6]], ["RY", [1]], ["RY", [3]], ["RY", [5]], ["RY", [7]], ["RY", [8]], ["RX", [0]], ["RX", [2]], ["RX", [4]], ["RX", [6]], ["RX", [1]], ["RX", [3]], ["RX", [5]], ["RX", [7]], ["RX", [8]], ["RY", [0]], ["RY", [2]], ["RY", [4]], ["RY", [6]], ["RY", [1]], ["RY", [3]], ["RY", [5]], ["RY", [7]], ["RY", [8]], ["CRY", [0, 1]], ["CRY", [2, 1]], ["CRY", [2, 3]], ["CRY", [4, 3]], ["CRY", [4, 5]], ["CRY", [6, 5]], ["CRY", [6, 7]], ["CRY", [0, 7]], ["CRY", [1, 0]], ["CRY", [1, 2]], ["CRY", [3, 2]], ["CRY", [3, 4]], ["CRY", [5, 4]], ["CRY", [5, 6]], ["CRY", [7, 6]], ["CRY", [7, 0]], ["CRY", [1, 8]], ["CRY", [3, 8]], ["CRY", [5, 8]], ["CRY", [7, 8]], ["CRY", [8, 1]], ["CRY", [8, 3]], ["CRY", [8, 5]], ["CRY", [8, 7]], ["RY", [0]], ["RY", [2]], ["RY", [4]], ["RY", [6]], ["RY", [1]], ["RY", [3]], ["RY", [5]], ["RY", [7]], ["RY", [8]], ["RX", [0]], ["RX", [2]], ["RX", [4]], ["RX", [6]], ["RX", [1]], ["RX", [3]], ["RX", [5]], ["RX", [7]], ["RX", [8]], ["RX", [0]], ["RX", [1]], ["RX", [2]], ["RX", [3]], ["RX", [4]], ["RX", [5]], ["RX", [6]], ["RX", [7]], ["RX", [8]], ["RY", [0]], ["RY", [2]], ["RY", [4]], ["RY", [6]], ["RY", [1]], ["RY", [3]], ["RY", [5]], ["RY", [7]], ["RY", [8]], ["CRY", [0, 1]], ["CRY", [2, 1]], ["CRY", [2, 3]], ["CRY", [4, 3]], ["CRY", [4, 5]], ["CRY", [6, 5]], ["CRY", [6, 7]], ["CRY", [0, 7]], ["CRY", [1, 0]], ["CRY", [1, 2]], ["CRY", [3, 2]], ["CRY", [3, 4]], ["CRY", [5, 4]], ["CRY", [5, 6]], ["CRY", [7, 6]], ["CRY", [7, 0]], ["CRY", [1, 8]], ["CRY", [3, 8]], ["CRY", [5, 8]], ["CRY", [7, 8]], ["CRY", [8, 1]], ["CRY", [8, 3]], ["CRY", [8, 5]], ["CRY", [8, 7]], ["RY", [0]], ["RY", [2]], ["RY", [4]], ["RY", [6]], ["RY", [1]], ["RY", [3]], ["RY", [5]], ["RY", [7]], ["RY", [8]], ["RX", [0]], ["RX", [2]], ["RX", [4]], ["RX", [6]], ["RX", [1]], ["RX", [3]], ["RX", [5]], ["RX", [7]], ["RX", [8]], ["RY", [0]], ["RY", [2]], ["RY", [4]], ["RY", [6]], ["RY", [1]], ["RY", [3]], ["RY", [5]], ["RY", [7]], ["RY", [8]], ["CRY", [0, 1]], ["CRY", [2, 1]], ["CRY", [2, 3]], ["CRY", [4, 3]], ["CRY", [4, 5]], ["CRY", [6, 5]], ["CRY", [6, 7]], ["CRY", [0, 7]], ["CRY", [1, 0]], ["CRY", [1, 2]], ["CRY", [3, 2]], ["CRY", [3, 4]], ["CRY", [5, 4]], ["CRY", [5, 6]], ["CRY", [7, 6]], ["CRY", [7, 0]], ["CRY", [1, 8]], ["CRY", [3, 8]], ["CRY", [5, 8]], ["CRY", [7, 8]], ["CRY", [8, 1]], ["CRY", [8, 3]], ["CRY", [8, 5]], ["CRY", [8, 7]], ["RY", [0]], ["RY", [2]], ["RY", [4]], ["RY", [6]], ["RY", [1]], ["RY", [3]], ["RY", [5]], ["RY", [7]], ["RY", [8]], ["RX", [0]], ["RX", [2]], ["RX", [4]], ["RX", [6]], ["RX", [1]], ["RX", [3]], ["RX", [5]], ["RX", [7]], ["RX", [8]]], "parameter_efficiency": 0.006196581196581196, "spec_valid": true, "test_accuracy": 0.48333333333333334, "test_loss": 2.66154913935617, "train_accuracy": 0.4166666666666667, "train_loss": 2.8283429788545744, "validation_accuracy": 0.4888888888888889, "validation_loss": 2.6853191702715913}
==========Run 1/1 completed in 63.56 seconds==========
Correctness and error status saved to /home/chengyou1368/QuantumAnsatz/qml-ea/tic-tac-toe/results/ttt_qml_cli_20260618_121507/gen_19/results/correct.json
Metrics saved to /home/chengyou1368/QuantumAnsatz/qml-ea/tic-tac-toe/results/ttt_qml_cli_20260618_121507/gen_19/results/metrics.json
OK
{
  "combined_score": 0.498241720292615,
  "public": {
    "train_accuracy_mean": 0.4167,
    "train_accuracy_std": 0.0,
    "validation_accuracy_mean": 0.4889,
    "validation_accuracy_std": 0.0,
    "test_accuracy_mean": 0.4833,
    "test_accuracy_std": 0.0,
    "generalization_gap_mean": 0.0667,
    "validation_loss_mean": 2.6853,
    "test_loss_mean": 2.6615,
    "parameter_efficiency_mean": 0.006197,
    "n_params": 78,
    "depth_mean": 132.0,
    "gate_count_mean": 333.0,
    "score_uses_test": false,
    "convergence_step_mean": null
  },
  "private": {
    "per_run_scores": [
      {
        "combined_score": 0.498241720292615,
        "primary_accuracy": 0.4888888888888889,
        "gap_score": 0.8095238095238095,
        "loss_score": 0.271346918352883,
        "parameter_efficiency_score": 1.0,
        "convergence_score": 0.0
      }
    ],
    "per_run_test_accuracies": [
      0.48333333333333334
    ]
  },
  "text_feedback": "Combined score: 0.4982\nValidation accuracy mean: 0.4889\nTest accuracy mean: 0.4833\nTrain-test generalization gap mean: 0.0667\nValidation L2 loss mean: 2.6853\nParameters: 78, depth mean: 132.0, gate count mean: 333.0\nFitness uses validation metrics; test metrics are reported as holdout diagnostics.\nAccuracy is still low; explore more expressive local entanglement or rotation diversity.\nDid not reach convergence threshold 0.90 in these runs.",
  "execution_time_mean": 63.56059126600303,
  "execution_time_std": 0.0,
  "num_valid_runs": 1,
  "num_invalid_runs": 0,
  "all_validation_errors": []
}
