Job running on a1130u37n01.mghpcc.ycrc.yale.edu under Slurm job 19605264
Activating sourced environment: /home/ch2499/project/zc_ttt/activate_eval_cluster.sh
==========Running program evaluation 1/1...==========
==========Run 1/1 completed in 2131.88 seconds==========
Correctness and error status saved to /home/ch2499/project/zc_ttt/results_haiku/gen_29/results/correct.json
Metrics saved to /home/ch2499/project/zc_ttt/results_haiku/gen_29/results/metrics.json
OK
{
  "combined_score": 0.5621356806614579,
  "public": {
    "train_accuracy_mean": 0.6756,
    "train_accuracy_std": 0.0,
    "validation_accuracy_mean": 0.62,
    "validation_accuracy_std": 0.0,
    "test_accuracy_mean": 0.5567,
    "test_accuracy_std": 0.0,
    "generalization_gap_mean": 0.1189,
    "validation_loss_mean": 2.1588,
    "test_loss_mean": 2.2898,
    "parameter_efficiency_mean": 0.004217,
    "n_params": 132,
    "depth_mean": 63.0,
    "gate_count_mean": 279.0,
    "score_uses_test": false,
    "convergence_step_mean": null
  },
  "private": {
    "per_run_scores": [
      {
        "combined_score": 0.5621356806614579,
        "primary_accuracy": 0.62,
        "gap_score": 0.6603174603174602,
        "loss_score": 0.3165803434188592,
        "parameter_efficiency_score": 0.7609090909090909,
        "convergence_score": 0.0
      }
    ],
    "per_run_test_accuracies": [
      0.5566666666666666
    ]
  },
  "text_feedback": "Combined score: 0.5621\nValidation accuracy mean: 0.6200\nTest accuracy mean: 0.5567\nTrain-test generalization gap mean: 0.1189\nValidation L2 loss mean: 2.1588\nParameters: 132, depth mean: 63.0, gate count mean: 279.0\nFitness uses validation metrics; test metrics are reported as holdout diagnostics.\nDid not reach convergence threshold 0.90 in these runs.",
  "execution_time_mean": 2131.881550659891,
  "execution_time_std": 0.0,
  "num_valid_runs": 1,
  "num_invalid_runs": 0,
  "all_validation_errors": []
}
