Job running on a1130u22n03.mghpcc.ycrc.yale.edu under Slurm job 19605257
Activating sourced environment: /home/ch2499/project/zc_ttt/activate_eval_cluster.sh
==========Running program evaluation 1/1...==========
==========Run 1/1 completed in 2919.56 seconds==========
Correctness and error status saved to /home/ch2499/project/zc_ttt/results_sonnet/gen_19/results/correct.json
Metrics saved to /home/ch2499/project/zc_ttt/results_sonnet/gen_19/results/metrics.json
OK
{
  "combined_score": 0.5622420668791488,
  "public": {
    "train_accuracy_mean": 0.7822,
    "train_accuracy_std": 0.0,
    "validation_accuracy_mean": 0.6733,
    "validation_accuracy_std": 0.0,
    "test_accuracy_mean": 0.6,
    "test_accuracy_std": 0.0,
    "generalization_gap_mean": 0.1822,
    "validation_loss_mean": 2.0793,
    "test_loss_mean": 2.1974,
    "parameter_efficiency_mean": 0.002941,
    "n_params": 204,
    "depth_mean": 63.0,
    "gate_count_mean": 279.0,
    "score_uses_test": false,
    "convergence_step_mean": null
  },
  "private": {
    "per_run_scores": [
      {
        "combined_score": 0.5622420668791488,
        "primary_accuracy": 0.6733333333333333,
        "gap_score": 0.4793650793650791,
        "loss_score": 0.32475414645233924,
        "parameter_efficiency_score": 0.5347058823529411,
        "convergence_score": 0.0
      }
    ],
    "per_run_test_accuracies": [
      0.6
    ]
  },
  "text_feedback": "Combined score: 0.5622\nValidation accuracy mean: 0.6733\nTest accuracy mean: 0.6000\nTrain-test generalization gap mean: 0.1822\nValidation L2 loss mean: 2.0793\nParameters: 204, depth mean: 63.0, gate count mean: 279.0\nFitness uses validation metrics; test metrics are reported as holdout diagnostics.\nLarge train-test gap; prefer fewer parameters or parameter sharing across gates.\nParameter count exceeds the seed; added accuracy must justify the complexity.\nDid not reach convergence threshold 0.90 in these runs.",
  "execution_time_mean": 2919.564016749151,
  "execution_time_std": 0.0,
  "num_valid_runs": 1,
  "num_invalid_runs": 0,
  "all_validation_errors": []
}
