Job running on a1130u31n04.mghpcc.ycrc.yale.edu under Slurm job 19601108
Activating sourced environment: /home/ch2499/project/zc_sn/activate_eval_cluster.sh
==========Running program evaluation 1/1...==========
==========Run 1/1 completed in 941.71 seconds==========
Correctness and error status saved to /home/ch2499/project/zc_sn/results_sonnet/gen_29/results/correct.json
Metrics saved to /home/ch2499/project/zc_sn/results_sonnet/gen_29/results/metrics.json
OK
{
  "combined_score": 0.8536243134821159,
  "public": {
    "train_accuracy_mean": 0.9867,
    "train_accuracy_std": 0.0,
    "validation_accuracy_mean": 0.8933,
    "validation_accuracy_std": 0.0,
    "test_accuracy_mean": 0.895,
    "test_accuracy_std": 0.0,
    "generalization_gap_mean": 0.0917,
    "validation_loss_mean": 0.3842,
    "test_loss_mean": 0.3945,
    "parameter_efficiency_mean": 0.005457,
    "n_params": 164,
    "depth_mean": 142.0,
    "gate_count_mean": 324.0,
    "score_uses_test": false,
    "convergence_step_mean": 330.0
  },
  "private": {
    "per_run_scores": [
      {
        "combined_score": 0.8536243134821159,
        "primary_accuracy": 0.8933333333333333,
        "gap_score": 0.7380952380952381,
        "loss_score": 0.7224164452814696,
        "parameter_efficiency_score": 0.7952845528455286,
        "convergence_score": 0.989
      }
    ],
    "per_run_test_accuracies": [
      0.895
    ]
  },
  "text_feedback": "Combined score: 0.8536\nValidation accuracy mean: 0.8933\nTest accuracy mean: 0.8950\nTrain-test generalization gap mean: 0.0917\nValidation L2 loss mean: 0.3842\nParameters: 164, depth mean: 142.0, gate count mean: 324.0\nFitness uses validation metrics; test metrics are reported as holdout diagnostics.\nParameter count exceeds the seed; added accuracy must justify the complexity.",
  "execution_time_mean": 941.712992452085,
  "execution_time_std": 0.0,
  "num_valid_runs": 1,
  "num_invalid_runs": 0,
  "all_validation_errors": []
}
