Job running on a1130u22n01.mghpcc.ycrc.yale.edu under Slurm job 19613912
Activating sourced environment: /home/ch2499/project/zc_ttt/activate_eval_cluster.sh
==========Running program evaluation 1/1...==========
==========Run 1/1 completed in 3037.18 seconds==========
Correctness and error status saved to /home/ch2499/project/zc_ttt/results_haiku/gen_62/results/correct.json
Metrics saved to /home/ch2499/project/zc_ttt/results_haiku/gen_62/results/metrics.json
OK
{
  "combined_score": 0.5506392872174383,
  "public": {
    "train_accuracy_mean": 0.7022,
    "train_accuracy_std": 0.0,
    "validation_accuracy_mean": 0.62,
    "validation_accuracy_std": 0.0,
    "test_accuracy_mean": 0.5767,
    "test_accuracy_std": 0.0,
    "generalization_gap_mean": 0.1256,
    "validation_loss_mean": 2.2379,
    "test_loss_mean": 2.3332,
    "parameter_efficiency_mean": 0.003204,
    "n_params": 180,
    "depth_mean": 63.0,
    "gate_count_mean": 279.0,
    "score_uses_test": false,
    "convergence_step_mean": null
  },
  "private": {
    "per_run_scores": [
      {
        "combined_score": 0.5506392872174383,
        "primary_accuracy": 0.62,
        "gap_score": 0.6412698412698413,
        "loss_score": 0.30884392536493177,
        "parameter_efficiency_score": 0.5579999999999999,
        "convergence_score": 0.0
      }
    ],
    "per_run_test_accuracies": [
      0.5766666666666667
    ]
  },
  "text_feedback": "Combined score: 0.5506\nValidation accuracy mean: 0.6200\nTest accuracy mean: 0.5767\nTrain-test generalization gap mean: 0.1256\nValidation L2 loss mean: 2.2379\nParameters: 180, depth mean: 63.0, gate count mean: 279.0\nFitness uses validation metrics; test metrics are reported as holdout diagnostics.\nParameter count exceeds the seed; added accuracy must justify the complexity.\nDid not reach convergence threshold 0.90 in these runs.",
  "execution_time_mean": 3037.176302233711,
  "execution_time_std": 0.0,
  "num_valid_runs": 1,
  "num_invalid_runs": 0,
  "all_validation_errors": []
}
