Job running on a1130u33n01.mghpcc.ycrc.yale.edu under Slurm job 19486181
Activating sourced environment: /home/ch2499/project/transfer_sn/activate_eval_cluster.sh
==========Running program evaluation 1/1...==========
==========Run 1/1 completed in 839.27 seconds==========
Correctness and error status saved to /home/ch2499/project/transfer_sn/results_gpt56sol_r2/gen_38/results/correct.json
Metrics saved to /home/ch2499/project/transfer_sn/results_gpt56sol_r2/gen_38/results/metrics.json
OK
{
  "combined_score": 0.9372070663248465,
  "public": {
    "train_accuracy_mean": 0.96,
    "train_accuracy_std": 0.0,
    "validation_accuracy_mean": 0.95,
    "validation_accuracy_std": 0.0,
    "test_accuracy_mean": 0.965,
    "test_accuracy_std": 0.0,
    "generalization_gap_mean": 0.005,
    "validation_loss_mean": 0.2626,
    "test_loss_mean": 0.2464,
    "parameter_efficiency_mean": 0.04825,
    "n_params": 20,
    "depth_mean": 135.0,
    "gate_count_mean": 396.0,
    "score_uses_test": false,
    "convergence_step_mean": 270.0
  },
  "private": {
    "per_run_scores": [
      {
        "combined_score": 0.9372070663248465,
        "primary_accuracy": 0.95,
        "gap_score": 0.9857142857142857,
        "loss_score": 0.791999489784691,
        "parameter_efficiency_score": 1.0,
        "convergence_score": 0.991
      }
    ],
    "per_run_test_accuracies": [
      0.965
    ]
  },
  "text_feedback": "Combined score: 0.9372\nValidation accuracy mean: 0.9500\nTest accuracy mean: 0.9650\nTrain-test generalization gap mean: 0.0050\nValidation L2 loss mean: 0.2626\nParameters: 20, depth mean: 135.0, gate count mean: 396.0\nFitness uses validation metrics; test metrics are reported as holdout diagnostics.",
  "execution_time_mean": 839.2683448502794,
  "execution_time_std": 0.0,
  "num_valid_runs": 1,
  "num_invalid_runs": 0,
  "all_validation_errors": []
}
