Job running on a1132u24n04.mghpcc.ycrc.yale.edu under Slurm job 19607313
Activating sourced environment: /home/ch2499/project/zc_ttt/activate_eval_cluster.sh
==========Running program evaluation 1/1...==========
==========Run 1/1 completed in 3312.96 seconds==========
Correctness and error status saved to /home/ch2499/project/zc_ttt/results_sonnet/gen_24/results/correct.json
Metrics saved to /home/ch2499/project/zc_ttt/results_sonnet/gen_24/results/metrics.json
OK
{
  "combined_score": 0.5758994429490942,
  "public": {
    "train_accuracy_mean": 0.7089,
    "train_accuracy_std": 0.0,
    "validation_accuracy_mean": 0.6667,
    "validation_accuracy_std": 0.0,
    "test_accuracy_mean": 0.5817,
    "test_accuracy_std": 0.0,
    "generalization_gap_mean": 0.1272,
    "validation_loss_mean": 2.0657,
    "test_loss_mean": 2.2667,
    "parameter_efficiency_mean": 0.002938,
    "n_params": 198,
    "depth_mean": 41.0,
    "gate_count_mean": 225.0,
    "score_uses_test": false,
    "convergence_step_mean": null
  },
  "private": {
    "per_run_scores": [
      {
        "combined_score": 0.5758994429490942,
        "primary_accuracy": 0.6666666666666666,
        "gap_score": 0.6365079365079365,
        "loss_score": 0.3261886865196955,
        "parameter_efficiency_score": 0.5454545454545454,
        "convergence_score": 0.0
      }
    ],
    "per_run_test_accuracies": [
      0.5816666666666667
    ]
  },
  "text_feedback": "Combined score: 0.5759\nValidation accuracy mean: 0.6667\nTest accuracy mean: 0.5817\nTrain-test generalization gap mean: 0.1272\nValidation L2 loss mean: 2.0657\nParameters: 198, depth mean: 41.0, gate count mean: 225.0\nFitness uses validation metrics; test metrics are reported as holdout diagnostics.\nParameter count exceeds the seed; added accuracy must justify the complexity.\nDid not reach convergence threshold 0.90 in these runs.",
  "execution_time_mean": 3312.955913818907,
  "execution_time_std": 0.0,
  "num_valid_runs": 1,
  "num_invalid_runs": 0,
  "all_validation_errors": []
}
