Job running on a1132u31n01.mghpcc.ycrc.yale.edu under Slurm job 19604973
Activating sourced environment: /home/ch2499/project/zc_ttt/activate_eval_cluster.sh
==========Running program evaluation 1/1...==========
==========Run 1/1 completed in 863.14 seconds==========
Correctness and error status saved to /home/ch2499/project/zc_ttt/results_gpt56sol/gen_30/results/correct.json
Metrics saved to /home/ch2499/project/zc_ttt/results_gpt56sol/gen_30/results/metrics.json
OK
{
  "combined_score": 0.5704249680459932,
  "public": {
    "train_accuracy_mean": 0.6089,
    "train_accuracy_std": 0.0,
    "validation_accuracy_mean": 0.6067,
    "validation_accuracy_std": 0.0,
    "test_accuracy_mean": 0.55,
    "test_accuracy_std": 0.0,
    "generalization_gap_mean": 0.0589,
    "validation_loss_mean": 2.2728,
    "test_loss_mean": 2.3396,
    "parameter_efficiency_mean": 0.003986,
    "n_params": 138,
    "depth_mean": 47.0,
    "gate_count_mean": 261.0,
    "score_uses_test": false,
    "convergence_step_mean": null
  },
  "private": {
    "per_run_scores": [
      {
        "combined_score": 0.5704249680459932,
        "primary_accuracy": 0.6066666666666667,
        "gap_score": 0.8317460317460318,
        "loss_score": 0.30554763606461516,
        "parameter_efficiency_score": 0.7121739130434783,
        "convergence_score": 0.0
      }
    ],
    "per_run_test_accuracies": [
      0.55
    ]
  },
  "text_feedback": "Combined score: 0.5704\nValidation accuracy mean: 0.6067\nTest accuracy mean: 0.5500\nTrain-test generalization gap mean: 0.0589\nValidation L2 loss mean: 2.2728\nParameters: 138, depth mean: 47.0, gate count mean: 261.0\nFitness uses validation metrics; test metrics are reported as holdout diagnostics.\nDid not reach convergence threshold 0.90 in these runs.",
  "execution_time_mean": 863.136437124107,
  "execution_time_std": 0.0,
  "num_valid_runs": 1,
  "num_invalid_runs": 0,
  "all_validation_errors": []
}
