Job running on a1130u35n01.mghpcc.ycrc.yale.edu under Slurm job 22557508
Activating sourced environment: /home/ch2499/project/transfer_sn_null/activate_eval_cluster.sh
==========Running program evaluation 1/1...==========
==========Run 1/1 completed in 920.06 seconds==========
Correctness and error status saved to /home/ch2499/project/transfer_sn_null/results_null_weak_r1/gen_12/results/correct.json
Metrics saved to /home/ch2499/project/transfer_sn_null/results_null_weak_r1/gen_12/results/metrics.json
OK
{
  "combined_score": 1.436228549009528,
  "public": {
    "combined_score_raw": 0.9892,
    "train_accuracy_mean": 1.0,
    "train_accuracy_std": 0.0,
    "validation_accuracy_mean": 0.9967,
    "validation_accuracy_std": 0.0,
    "test_accuracy_mean": 0.9967,
    "test_accuracy_std": 0.0,
    "generalization_gap_mean": 0.0033,
    "validation_loss_mean": 0.0232,
    "test_loss_mean": 0.0216,
    "parameter_efficiency_mean": 0.006308,
    "n_params": 158,
    "depth_mean": 136.0,
    "gate_count_mean": 288.0,
    "score_uses_test": false,
    "convergence_step_mean": 210.0
  },
  "private": {
    "per_run_scores": [
      {
        "combined_score": 0.9892011399784615,
        "primary_accuracy": 0.9966666666666667,
        "gap_score": 0.9904761904761906,
        "loss_score": 0.9773190324463236,
        "parameter_efficiency_score": 0.9209704641350211,
        "convergence_score": 0.993
      }
    ],
    "per_run_test_accuracies": [
      0.9966666666666667
    ]
  },
  "text_feedback": "Combined score: 1.4362\nScore scale: 0.0 = the seed program, 1.0 = the best solution found so far on this task. Negative means worse than the seed.\nValidation accuracy mean: 0.9967\nTest accuracy mean: 0.9967\nTrain-test generalization gap mean: 0.0033\nValidation L2 loss mean: 0.0232\nParameters: 158, depth mean: 136.0, gate count mean: 288.0\nFitness uses validation metrics; test metrics are reported as holdout diagnostics.\nParameter count exceeds the seed; added accuracy must justify the complexity.",
  "execution_time_mean": 920.057811325416,
  "execution_time_std": 0.0,
  "num_valid_runs": 1,
  "num_invalid_runs": 0,
  "all_validation_errors": []
}
