Job running on a1132u22n01.mghpcc.ycrc.yale.edu under Slurm job 19616279
Activating sourced environment: /home/ch2499/project/zc_ttt/activate_eval_cluster.sh
==========Running program evaluation 1/1...==========
==========Run 1/1 completed in 1538.37 seconds==========
Correctness and error status saved to /home/ch2499/project/zc_ttt/results_haiku/gen_76/results/correct.json
Metrics saved to /home/ch2499/project/zc_ttt/results_haiku/gen_76/results/metrics.json
OK
{
  "combined_score": 0.5673010812009729,
  "public": {
    "train_accuracy_mean": 0.6333,
    "train_accuracy_std": 0.0,
    "validation_accuracy_mean": 0.6033,
    "validation_accuracy_std": 0.0,
    "test_accuracy_mean": 0.5483,
    "test_accuracy_std": 0.0,
    "generalization_gap_mean": 0.085,
    "validation_loss_mean": 2.2707,
    "test_loss_mean": 2.3817,
    "parameter_efficiency_mean": 0.00481,
    "n_params": 114,
    "depth_mean": 63.0,
    "gate_count_mean": 279.0,
    "score_uses_test": false,
    "convergence_step_mean": null
  },
  "private": {
    "per_run_scores": [
      {
        "combined_score": 0.5673010812009729,
        "primary_accuracy": 0.6033333333333334,
        "gap_score": 0.7571428571428572,
        "loss_score": 0.3057415438460843,
        "parameter_efficiency_score": 0.8573684210526317,
        "convergence_score": 0.0
      }
    ],
    "per_run_test_accuracies": [
      0.5483333333333333
    ]
  },
  "text_feedback": "Combined score: 0.5673\nValidation accuracy mean: 0.6033\nTest accuracy mean: 0.5483\nTrain-test generalization gap mean: 0.0850\nValidation L2 loss mean: 2.2707\nParameters: 114, depth mean: 63.0, gate count mean: 279.0\nFitness uses validation metrics; test metrics are reported as holdout diagnostics.\nDid not reach convergence threshold 0.90 in these runs.",
  "execution_time_mean": 1538.3681231490336,
  "execution_time_std": 0.0,
  "num_valid_runs": 1,
  "num_invalid_runs": 0,
  "all_validation_errors": []
}
