Job running on a1130u24n01.mghpcc.ycrc.yale.edu under Slurm job 19609995
Activating sourced environment: /home/ch2499/project/zc_sn/activate_eval_cluster.sh
==========Running program evaluation 1/1...==========
==========Run 1/1 completed in 2658.87 seconds==========
Correctness and error status saved to /home/ch2499/project/zc_sn/results_haiku/gen_54/results/correct.json
Metrics saved to /home/ch2499/project/zc_sn/results_haiku/gen_54/results/metrics.json
OK
{
  "combined_score": 0.9035350772689796,
  "public": {
    "train_accuracy_mean": 0.9244,
    "train_accuracy_std": 0.0,
    "validation_accuracy_mean": 0.92,
    "validation_accuracy_std": 0.0,
    "test_accuracy_mean": 0.8983,
    "test_accuracy_std": 0.0,
    "generalization_gap_mean": 0.0261,
    "validation_loss_mean": 0.3294,
    "test_loss_mean": 0.4085,
    "parameter_efficiency_mean": 0.02364,
    "n_params": 38,
    "depth_mean": 117.0,
    "gate_count_mean": 312.0,
    "score_uses_test": false,
    "convergence_step_mean": 330.0
  },
  "private": {
    "per_run_scores": [
      {
        "combined_score": 0.9035350772689796,
        "primary_accuracy": 0.92,
        "gap_score": 0.9253968253968254,
        "loss_score": 0.7522073934334085,
        "parameter_efficiency_score": 1.0,
        "convergence_score": 0.989
      }
    ],
    "per_run_test_accuracies": [
      0.8983333333333333
    ]
  },
  "text_feedback": "Combined score: 0.9035\nValidation accuracy mean: 0.9200\nTest accuracy mean: 0.8983\nTrain-test generalization gap mean: 0.0261\nValidation L2 loss mean: 0.3294\nParameters: 38, depth mean: 117.0, gate count mean: 312.0\nFitness uses validation metrics; test metrics are reported as holdout diagnostics.",
  "execution_time_mean": 2658.8666401458904,
  "execution_time_std": 0.0,
  "num_valid_runs": 1,
  "num_invalid_runs": 0,
  "all_validation_errors": []
}
