Job running on a1132u37n03.mghpcc.ycrc.yale.edu under Slurm job 19614103
Activating sourced environment: /home/ch2499/project/zc_sn/activate_eval_cluster.sh
==========Running program evaluation 1/1...==========
==========Run 1/1 completed in 1445.21 seconds==========
Correctness and error status saved to /home/ch2499/project/zc_sn/results_haiku/gen_67/results/correct.json
Metrics saved to /home/ch2499/project/zc_sn/results_haiku/gen_67/results/metrics.json
OK
{
  "combined_score": 0.8590310977003899,
  "public": {
    "train_accuracy_mean": 0.8756,
    "train_accuracy_std": 0.0,
    "validation_accuracy_mean": 0.8567,
    "validation_accuracy_std": 0.0,
    "test_accuracy_mean": 0.8483,
    "test_accuracy_std": 0.0,
    "generalization_gap_mean": 0.0272,
    "validation_loss_mean": 0.419,
    "test_loss_mean": 0.4437,
    "parameter_efficiency_mean": 0.009864,
    "n_params": 86,
    "depth_mean": 154.0,
    "gate_count_mean": 312.0,
    "score_uses_test": false,
    "convergence_step_mean": 540.0
  },
  "private": {
    "per_run_scores": [
      {
        "combined_score": 0.8590310977003899,
        "primary_accuracy": 0.8566666666666667,
        "gap_score": 0.9222222222222224,
        "loss_score": 0.7047258365211172,
        "parameter_efficiency_score": 1.0,
        "convergence_score": 0.982
      }
    ],
    "per_run_test_accuracies": [
      0.8483333333333334
    ]
  },
  "text_feedback": "Combined score: 0.8590\nValidation accuracy mean: 0.8567\nTest accuracy mean: 0.8483\nTrain-test generalization gap mean: 0.0272\nValidation L2 loss mean: 0.4190\nParameters: 86, depth mean: 154.0, gate count mean: 312.0\nFitness uses validation metrics; test metrics are reported as holdout diagnostics.",
  "execution_time_mean": 1445.2078178790398,
  "execution_time_std": 0.0,
  "num_valid_runs": 1,
  "num_invalid_runs": 0,
  "all_validation_errors": []
}
