Job running on a1114u28n01.mghpcc.ycrc.yale.edu under Slurm job 23103711
Activating sourced environment: /home/ch2499/project/transfer_sn/activate_eval_cluster.sh
==========Running program evaluation 1/1...==========
==========Run 1/1 completed in 780.28 seconds==========
Correctness and error status saved to /home/ch2499/project/transfer_sn/results_frw3_weak_r4/gen_6/results/correct.json
Metrics saved to /home/ch2499/project/transfer_sn/results_frw3_weak_r4/gen_6/results/metrics.json
OK
{
  "combined_score": -0.08725924785695861,
  "public": {
    "combined_score_raw": 0.8464,
    "train_accuracy_mean": 0.9644,
    "train_accuracy_std": 0.0,
    "validation_accuracy_mean": 0.8867,
    "validation_accuracy_std": 0.0,
    "test_accuracy_mean": 0.86,
    "test_accuracy_std": 0.0,
    "generalization_gap_mean": 0.1044,
    "validation_loss_mean": 0.466,
    "test_loss_mean": 0.4825,
    "parameter_efficiency_mean": 0.007818,
    "n_params": 110,
    "depth_mean": 99.0,
    "gate_count_mean": 348.0,
    "score_uses_test": false,
    "convergence_step_mean": 570.0
  },
  "private": {
    "per_run_scores": [
      {
        "combined_score": 0.8463857398358872,
        "primary_accuracy": 0.8866666666666667,
        "gap_score": 0.7015873015873015,
        "loss_score": 0.6821324454667603,
        "parameter_efficiency_score": 1.0,
        "convergence_score": 0.981
      }
    ],
    "per_run_test_accuracies": [
      0.86
    ]
  },
  "text_feedback": "Combined score: -0.0873\nScore scale: 0.0 = the seed program, 1.0 = the best solution found so far on this task. Negative means worse than the seed.\nValidation accuracy mean: 0.8867\nTest accuracy mean: 0.8600\nTrain-test generalization gap mean: 0.1044\nValidation L2 loss mean: 0.4660\nParameters: 110, depth mean: 99.0, gate count mean: 348.0\nFitness uses validation metrics; test metrics are reported as holdout diagnostics.",
  "execution_time_mean": 780.2762592060026,
  "execution_time_std": 0.0,
  "num_valid_runs": 1,
  "num_invalid_runs": 0,
  "all_validation_errors": []
}
