==========Running program evaluation 1/1...==========
{"batch_size": 10, "data_seed": 2027, "dataset": {"all_valid_unique_boards": {"class_counts": {"circle": 316, "cross": 626, "draw": 4536}, "total": 5478}, "overlap_train_test": 4, "overlap_train_validation": 1, "overlap_validation_test": 3, "test": {"class_counts": {"circle": 20, "cross": 20, "draw": 20}, "rows": 60, "unique_boards": 59}, "train": {"class_counts": {"circle": 20, "cross": 20, "draw": 20}, "rows": 60, "unique_boards": 59}, "validation": {"class_counts": {"circle": 15, "cross": 15, "draw": 15}, "rows": 45, "unique_boards": 44}}, "event": "start", "learning_rate": 0.03, "n_epochs": 3, "n_params": 84, "n_params_per_block": 14, "n_repeats": 2, "n_uploads": 3, "seed": 2000, "steps_per_epoch": 3}
{"batch_loss": 7.1910789504725185, "epoch": 1, "event": "epoch", "global_step": 3, "test_accuracy": 0.6, "test_loss": 5.750017761922376, "train_accuracy": 0.36666666666666664, "train_loss": 6.038986803698829, "validation_accuracy": 0.4666666666666667, "validation_loss": 5.888108211172252}
{"batch_loss": 4.159584557683461, "epoch": 2, "event": "epoch", "global_step": 6, "test_accuracy": 0.5166666666666667, "test_loss": 3.376396231067605, "train_accuracy": 0.38333333333333336, "train_loss": 3.728432319077767, "validation_accuracy": 0.4666666666666667, "validation_loss": 3.34496974669144}
{"batch_loss": 3.8847433452799285, "epoch": 3, "event": "epoch", "global_step": 9, "test_accuracy": 0.5, "test_loss": 2.792701899962981, "train_accuracy": 0.4, "train_loss": 3.1557516159511847, "validation_accuracy": 0.4666666666666667, "validation_loss": 2.7682281874141066}
{"convergence_epoch": null, "convergence_step": null, "convergence_threshold": 0.9, "depth": 76, "event": "final", "gate_count": 315, "generalization_gap": 0.09999999999999998, "history_tail": [{"batch_loss": 7.1910789504725185, "epoch": 1, "event": "epoch", "global_step": 3, "test_accuracy": 0.6, "test_loss": 5.750017761922376, "train_accuracy": 0.36666666666666664, "train_loss": 6.038986803698829, "validation_accuracy": 0.4666666666666667, "validation_loss": 5.888108211172252}, {"batch_loss": 4.159584557683461, "epoch": 2, "event": "epoch", "global_step": 6, "test_accuracy": 0.5166666666666667, "test_loss": 3.376396231067605, "train_accuracy": 0.38333333333333336, "train_loss": 3.728432319077767, "validation_accuracy": 0.4666666666666667, "validation_loss": 3.34496974669144}, {"batch_loss": 3.8847433452799285, "epoch": 3, "event": "epoch", "global_step": 9, "test_accuracy": 0.5, "test_loss": 2.792701899962981, "train_accuracy": 0.4, "train_loss": 3.1557516159511847, "validation_accuracy": 0.4666666666666667, "validation_loss": 2.7682281874141066}], "max_steps": 9, "n_params": 84, "n_params_per_block": 14, "n_qubits": 9, "n_repeats": 2, "n_uploads": 3, "operations": [["RX", [0]], ["RX", [1]], ["RX", [2]], ["RX", [3]], ["RX", [4]], ["RX", [5]], ["RX", [6]], ["RX", [7]], ["RX", [8]], ["RY", [0]], ["RY", [4]], ["RY", [2]], ["RY", [6]], ["RY", [1]], ["RY", [5]], ["RY", [3]], ["RY", [7]], ["RY", [8]], ["RZ", [0]], ["RZ", [2]], ["RZ", [4]], ["RZ", [6]], ["RZ", [1]], ["RZ", [3]], ["RZ", [5]], ["RZ", [7]], ["RZ", [8]], ["CRZ", [0, 1]], ["CRZ", [1, 2]], ["CRZ", [2, 3]], ["CRZ", [3, 4]], ["CRZ", [4, 5]], ["CRZ", [5, 6]], ["CRZ", [6, 7]], ["CRZ", [7, 0]], ["CRZ", [1, 8]], ["CRZ", [3, 8]], ["CRZ", [5, 8]], ["CRZ", [7, 8]], ["RY", [0]], ["RY", [1]], ["RY", [2]], ["RY", [3]], ["RY", [4]], ["RY", [5]], ["RY", [6]], ["RY", [7]], ["RY", [8]], ["RZ", [0]], ["RZ", [1]], ["RZ", [2]], ["RZ", [3]], ["RZ", [4]], ["RZ", [5]], ["RZ", [6]], ["RZ", [7]], ["RZ", [8]], ["RY", [0]], ["RY", [4]], ["RY", [2]], ["RY", [6]], ["RY", [1]], ["RY", [5]], ["RY", [3]], ["RY", [7]], ["RY", [8]], ["RZ", [0]], ["RZ", [2]], ["RZ", [4]], ["RZ", [6]], ["RZ", [1]], ["RZ", [3]], ["RZ", [5]], ["RZ", [7]], ["RZ", [8]], ["CRZ", [0, 1]], ["CRZ", [1, 2]], ["CRZ", [2, 3]], ["CRZ", [3, 4]], ["CRZ", [4, 5]], ["CRZ", [5, 6]], ["CRZ", [6, 7]], ["CRZ", [7, 0]], ["CRZ", [1, 8]], ["CRZ", [3, 8]], ["CRZ", [5, 8]], ["CRZ", [7, 8]], ["RY", [0]], ["RY", [1]], ["RY", [2]], ["RY", [3]], ["RY", [4]], ["RY", [5]], ["RY", [6]], ["RY", [7]], ["RY", [8]], ["RZ", [0]], ["RZ", [1]], ["RZ", [2]], ["RZ", [3]], ["RZ", [4]], ["RZ", [5]], ["RZ", [6]], ["RZ", [7]], ["RZ", [8]], ["RX", [0]], ["RX", [1]], ["RX", [2]], ["RX", [3]], ["RX", [4]], ["RX", [5]], ["RX", [6]], ["RX", [7]], ["RX", [8]], ["RY", [0]], ["RY", [4]], ["RY", [2]], ["RY", [6]], ["RY", [1]], ["RY", [5]], ["RY", [3]], ["RY", [7]], ["RY", [8]], ["RZ", [0]], ["RZ", [2]], ["RZ", [4]], ["RZ", [6]], ["RZ", [1]], ["RZ", [3]], ["RZ", [5]], ["RZ", [7]], ["RZ", [8]], ["CRZ", [0, 1]], ["CRZ", [1, 2]], ["CRZ", [2, 3]], ["CRZ", [3, 4]], ["CRZ", [4, 5]], ["CRZ", [5, 6]], ["CRZ", [6, 7]], ["CRZ", [7, 0]], ["CRZ", [1, 8]], ["CRZ", [3, 8]], ["CRZ", [5, 8]], ["CRZ", [7, 8]], ["RY", [0]], ["RY", [1]], ["RY", [2]], ["RY", [3]], ["RY", [4]], ["RY", [5]], ["RY", [6]], ["RY", [7]], ["RY", [8]], ["RZ", [0]], ["RZ", [1]], ["RZ", [2]], ["RZ", [3]], ["RZ", [4]], ["RZ", [5]], ["RZ", [6]], ["RZ", [7]], ["RZ", [8]], ["RY", [0]], ["RY", [4]], ["RY", [2]], ["RY", [6]], ["RY", [1]], ["RY", [5]], ["RY", [3]], ["RY", [7]], ["RY", [8]], ["RZ", [0]], ["RZ", [2]], ["RZ", [4]], ["RZ", [6]], ["RZ", [1]], ["RZ", [3]], ["RZ", [5]], ["RZ", [7]], ["RZ", [8]], ["CRZ", [0, 1]], ["CRZ", [1, 2]], ["CRZ", [2, 3]], ["CRZ", [3, 4]], ["CRZ", [4, 5]], ["CRZ", [5, 6]], ["CRZ", [6, 7]], ["CRZ", [7, 0]], ["CRZ", [1, 8]], ["CRZ", [3, 8]], ["CRZ", [5, 8]], ["CRZ", [7, 8]], ["RY", [0]], ["RY", [1]], ["RY", [2]], ["RY", [3]], ["RY", [4]], ["RY", [5]], ["RY", [6]], ["RY", [7]], ["RY", [8]], ["RZ", [0]], ["RZ", [1]], ["RZ", [2]], ["RZ", [3]], ["RZ", [4]], ["RZ", [5]], ["RZ", [6]], ["RZ", [7]], ["RZ", [8]], ["RX", [0]], ["RX", [1]], ["RX", [2]], ["RX", [3]], ["RX", [4]], ["RX", [5]], ["RX", [6]], ["RX", [7]], ["RX", [8]], ["RY", [0]], ["RY", [4]], ["RY", [2]], ["RY", [6]], ["RY", [1]], ["RY", [5]], ["RY", [3]], ["RY", [7]], ["RY", [8]], ["RZ", [0]], ["RZ", [2]], ["RZ", [4]], ["RZ", [6]], ["RZ", [1]], ["RZ", [3]], ["RZ", [5]], ["RZ", [7]], ["RZ", [8]], ["CRZ", [0, 1]], ["CRZ", [1, 2]], ["CRZ", [2, 3]], ["CRZ", [3, 4]], ["CRZ", [4, 5]], ["CRZ", [5, 6]], ["CRZ", [6, 7]], ["CRZ", [7, 0]], ["CRZ", [1, 8]], ["CRZ", [3, 8]], ["CRZ", [5, 8]], ["CRZ", [7, 8]], ["RY", [0]], ["RY", [1]], ["RY", [2]], ["RY", [3]], ["RY", [4]], ["RY", [5]], ["RY", [6]], ["RY", [7]], ["RY", [8]], ["RZ", [0]], ["RZ", [1]], ["RZ", [2]], ["RZ", [3]], ["RZ", [4]], ["RZ", [5]], ["RZ", [6]], ["RZ", [7]], ["RZ", [8]], ["RY", [0]], ["RY", [4]], ["RY", [2]], ["RY", [6]], ["RY", [1]], ["RY", [5]], ["RY", [3]], ["RY", [7]], ["RY", [8]], ["RZ", [0]], ["RZ", [2]], ["RZ", [4]], ["RZ", [6]], ["RZ", [1]], ["RZ", [3]], ["RZ", [5]], ["RZ", [7]], ["RZ", [8]], ["CRZ", [0, 1]], ["CRZ", [1, 2]], ["CRZ", [2, 3]], ["CRZ", [3, 4]], ["CRZ", [4, 5]], ["CRZ", [5, 6]], ["CRZ", [6, 7]], ["CRZ", [7, 0]], ["CRZ", [1, 8]], ["CRZ", [3, 8]], ["CRZ", [5, 8]], ["CRZ", [7, 8]], ["RY", [0]], ["RY", [1]], ["RY", [2]], ["RY", [3]], ["RY", [4]], ["RY", [5]], ["RY", [6]], ["RY", [7]], ["RY", [8]], ["RZ", [0]], ["RZ", [1]], ["RZ", [2]], ["RZ", [3]], ["RZ", [4]], ["RZ", [5]], ["RZ", [6]], ["RZ", [7]], ["RZ", [8]]], "parameter_efficiency": 0.005952380952380952, "spec_valid": true, "test_accuracy": 0.5, "test_loss": 2.792701899962981, "train_accuracy": 0.4, "train_loss": 3.1557516159511847, "validation_accuracy": 0.4666666666666667, "validation_loss": 2.7682281874141066}
==========Run 1/1 completed in 37.36 seconds==========
Correctness and error status saved to /home/chengyou1368/QuantumAnsatz/qml-ea/tic-tac-toe/results/ttt_qml_cli_20260624_162514/gen_8/results/correct.json
Metrics saved to /home/chengyou1368/QuantumAnsatz/qml-ea/tic-tac-toe/results/ttt_qml_cli_20260624_162514/gen_8/results/metrics.json
OK
{
  "combined_score": 0.4652826970197699,
  "public": {
    "train_accuracy_mean": 0.4,
    "train_accuracy_std": 0.0,
    "validation_accuracy_mean": 0.4667,
    "validation_accuracy_std": 0.0,
    "test_accuracy_mean": 0.5,
    "test_accuracy_std": 0.0,
    "generalization_gap_mean": 0.1,
    "validation_loss_mean": 2.7682,
    "test_loss_mean": 2.7927,
    "parameter_efficiency_mean": 0.005952,
    "n_params": 84,
    "depth_mean": 76.0,
    "gate_count_mean": 315.0,
    "score_uses_test": false,
    "convergence_step_mean": null
  },
  "private": {
    "per_run_scores": [
      {
        "combined_score": 0.4652826970197699,
        "primary_accuracy": 0.4666666666666667,
        "gap_score": 0.7142857142857144,
        "loss_score": 0.2653767102905294,
        "parameter_efficiency_score": 0.8999999999999999,
        "convergence_score": 0.0
      }
    ],
    "per_run_test_accuracies": [
      0.5
    ]
  },
  "text_feedback": "Combined score: 0.4653\nValidation accuracy mean: 0.4667\nTest accuracy mean: 0.5000\nTrain-test generalization gap mean: 0.1000\nValidation L2 loss mean: 2.7682\nParameters: 84, depth mean: 76.0, gate count mean: 315.0\nFitness uses validation metrics; test metrics are reported as holdout diagnostics.\nAccuracy is still low; explore more expressive local entanglement or rotation diversity.\nDid not reach convergence threshold 0.90 in these runs.",
  "execution_time_mean": 37.357587287000115,
  "execution_time_std": 0.0,
  "num_valid_runs": 1,
  "num_invalid_runs": 0,
  "all_validation_errors": []
}
