Job running on a1130u24n04.mghpcc.ycrc.yale.edu under Slurm job 19596321
Activating sourced environment: /home/ch2499/project/zc_sn/activate_eval_cluster.sh
==========Running program evaluation 1/1...==========
==========Run 1/1 completed in 785.78 seconds==========
Correctness and error status saved to /home/ch2499/project/zc_sn/results_gpt56sol/gen_16/results/correct.json
Metrics saved to /home/ch2499/project/zc_sn/results_gpt56sol/gen_16/results/metrics.json
OK
{
  "combined_score": 0.841961202101703,
  "public": {
    "train_accuracy_mean": 0.9156,
    "train_accuracy_std": 0.0,
    "validation_accuracy_mean": 0.85,
    "validation_accuracy_std": 0.0,
    "test_accuracy_mean": 0.8517,
    "test_accuracy_std": 0.0,
    "generalization_gap_mean": 0.0639,
    "validation_loss_mean": 0.4551,
    "test_loss_mean": 0.4935,
    "parameter_efficiency_mean": 0.010646,
    "n_params": 80,
    "depth_mean": 126.0,
    "gate_count_mean": 324.0,
    "score_uses_test": false,
    "convergence_step_mean": 180.0
  },
  "private": {
    "per_run_scores": [
      {
        "combined_score": 0.841961202101703,
        "primary_accuracy": 0.85,
        "gap_score": 0.8174603174603174,
        "loss_score": 0.6872439928473318,
        "parameter_efficiency_score": 1.0,
        "convergence_score": 0.994
      }
    ],
    "per_run_test_accuracies": [
      0.8516666666666667
    ]
  },
  "text_feedback": "Combined score: 0.8420\nValidation accuracy mean: 0.8500\nTest accuracy mean: 0.8517\nTrain-test generalization gap mean: 0.0639\nValidation L2 loss mean: 0.4551\nParameters: 80, depth mean: 126.0, gate count mean: 324.0\nFitness uses validation metrics; test metrics are reported as holdout diagnostics.",
  "execution_time_mean": 785.7817139797844,
  "execution_time_std": 0.0,
  "num_valid_runs": 1,
  "num_invalid_runs": 0,
  "all_validation_errors": []
}
