Job running on a1132u37n04.mghpcc.ycrc.yale.edu under Slurm job 19607893
Activating sourced environment: /home/ch2499/project/zc_sn/activate_eval_cluster.sh
==========Running program evaluation 1/1...==========
==========Run 1/1 completed in 625.19 seconds==========
Correctness and error status saved to /home/ch2499/project/zc_sn/results_gpt56sol/gen_69/results/correct.json
Metrics saved to /home/ch2499/project/zc_sn/results_gpt56sol/gen_69/results/metrics.json
OK
{
  "combined_score": 0.815868115991928,
  "public": {
    "train_accuracy_mean": 0.9533,
    "train_accuracy_std": 0.0,
    "validation_accuracy_mean": 0.89,
    "validation_accuracy_std": 0.0,
    "test_accuracy_mean": 0.8933,
    "test_accuracy_std": 0.0,
    "generalization_gap_mean": 0.06,
    "validation_loss_mean": 0.4815,
    "test_loss_mean": 0.4728,
    "parameter_efficiency_mean": 0.007322,
    "n_params": 122,
    "depth_mean": 108.0,
    "gate_count_mean": 294.0,
    "score_uses_test": false,
    "convergence_step_mean": null
  },
  "private": {
    "per_run_scores": [
      {
        "combined_score": 0.815868115991928,
        "primary_accuracy": 0.89,
        "gap_score": 0.8285714285714284,
        "loss_score": 0.6749937891525363,
        "parameter_efficiency_score": 1.0,
        "convergence_score": 0.0
      }
    ],
    "per_run_test_accuracies": [
      0.8933333333333333
    ]
  },
  "text_feedback": "Combined score: 0.8159\nValidation accuracy mean: 0.8900\nTest accuracy mean: 0.8933\nTrain-test generalization gap mean: 0.0600\nValidation L2 loss mean: 0.4815\nParameters: 122, depth mean: 108.0, gate count mean: 294.0\nFitness uses validation metrics; test metrics are reported as holdout diagnostics.\nDid not reach the convergence threshold in these runs.",
  "execution_time_mean": 625.1856394517235,
  "execution_time_std": 0.0,
  "num_valid_runs": 1,
  "num_invalid_runs": 0,
  "all_validation_errors": []
}
