==========Running program evaluation 1/1...==========
{"batch_size": 10, "data_seed": 2027, "dataset": {"all_valid_unique_boards": {"class_counts": {"circle": 316, "cross": 626, "draw": 4536}, "total": 5478}, "overlap_train_test": 4, "overlap_train_validation": 1, "overlap_validation_test": 3, "test": {"class_counts": {"circle": 20, "cross": 20, "draw": 20}, "rows": 60, "unique_boards": 59}, "train": {"class_counts": {"circle": 20, "cross": 20, "draw": 20}, "rows": 60, "unique_boards": 59}, "validation": {"class_counts": {"circle": 15, "cross": 15, "draw": 15}, "rows": 45, "unique_boards": 44}}, "event": "start", "learning_rate": 0.03, "n_epochs": 3, "n_params": 54, "n_params_per_block": 9, "n_repeats": 2, "n_uploads": 3, "seed": 2000, "steps_per_epoch": 3}
{"batch_loss": 6.450032363368841, "epoch": 1, "event": "epoch", "global_step": 3, "test_accuracy": 0.5, "test_loss": 4.948882617308746, "train_accuracy": 0.4, "train_loss": 5.289867322137568, "validation_accuracy": 0.5111111111111111, "validation_loss": 4.978887286359528}
{"batch_loss": 3.9388706462859018, "epoch": 2, "event": "epoch", "global_step": 6, "test_accuracy": 0.5333333333333333, "test_loss": 3.460948763029137, "train_accuracy": 0.4166666666666667, "train_loss": 3.9538443830690024, "validation_accuracy": 0.4888888888888889, "validation_loss": 3.58979757587205}
{"batch_loss": 4.4574016641620355, "epoch": 3, "event": "epoch", "global_step": 9, "test_accuracy": 0.5333333333333333, "test_loss": 2.9066315158607945, "train_accuracy": 0.4166666666666667, "train_loss": 3.2816696871103495, "validation_accuracy": 0.4666666666666667, "validation_loss": 2.9960208944117483}
{"convergence_epoch": null, "convergence_step": null, "convergence_threshold": 0.9, "depth": 53, "event": "final", "gate_count": 315, "generalization_gap": 0.11666666666666664, "history_tail": [{"batch_loss": 6.450032363368841, "epoch": 1, "event": "epoch", "global_step": 3, "test_accuracy": 0.5, "test_loss": 4.948882617308746, "train_accuracy": 0.4, "train_loss": 5.289867322137568, "validation_accuracy": 0.5111111111111111, "validation_loss": 4.978887286359528}, {"batch_loss": 3.9388706462859018, "epoch": 2, "event": "epoch", "global_step": 6, "test_accuracy": 0.5333333333333333, "test_loss": 3.460948763029137, "train_accuracy": 0.4166666666666667, "train_loss": 3.9538443830690024, "validation_accuracy": 0.4888888888888889, "validation_loss": 3.58979757587205}, {"batch_loss": 4.4574016641620355, "epoch": 3, "event": "epoch", "global_step": 9, "test_accuracy": 0.5333333333333333, "test_loss": 2.9066315158607945, "train_accuracy": 0.4166666666666667, "train_loss": 3.2816696871103495, "validation_accuracy": 0.4666666666666667, "validation_loss": 2.9960208944117483}], "max_steps": 9, "n_params": 54, "n_params_per_block": 9, "n_qubits": 9, "n_repeats": 2, "n_uploads": 3, "operations": [["RX", [0]], ["RX", [1]], ["RX", [2]], ["RX", [3]], ["RX", [4]], ["RX", [5]], ["RX", [6]], ["RX", [7]], ["RX", [8]], ["RY", [0]], ["RY", [2]], ["RY", [4]], ["RY", [6]], ["RY", [1]], ["RY", [3]], ["RY", [5]], ["RY", [7]], ["RY", [8]], ["RZ", [0]], ["RZ", [1]], ["RZ", [2]], ["RZ", [3]], ["RZ", [4]], ["RZ", [5]], ["RZ", [6]], ["RZ", [7]], ["RZ", [8]], ["CZ", [0, 1]], ["CZ", [2, 3]], ["CZ", [4, 5]], ["CZ", [6, 7]], ["CRX", [1, 2]], ["CRX", [3, 4]], ["CRX", [5, 6]], ["CRX", [7, 0]], ["CRX", [1, 8]], ["CRX", [3, 8]], ["CRX", [5, 8]], ["CRX", [7, 8]], ["RX", [0]], ["RX", [1]], ["RX", [2]], ["RX", [3]], ["RX", [4]], ["RX", [5]], ["RX", [6]], ["RX", [7]], ["RX", [8]], ["RY", [0]], ["RY", [1]], ["RY", [2]], ["RY", [3]], ["RY", [4]], ["RY", [5]], ["RY", [6]], ["RY", [7]], ["RY", [8]], ["RY", [0]], ["RY", [2]], ["RY", [4]], ["RY", [6]], ["RY", [1]], ["RY", [3]], ["RY", [5]], ["RY", [7]], ["RY", [8]], ["RZ", [0]], ["RZ", [1]], ["RZ", [2]], ["RZ", [3]], ["RZ", [4]], ["RZ", [5]], ["RZ", [6]], ["RZ", [7]], ["RZ", [8]], ["CZ", [0, 1]], ["CZ", [2, 3]], ["CZ", [4, 5]], ["CZ", [6, 7]], ["CRX", [1, 2]], ["CRX", [3, 4]], ["CRX", [5, 6]], ["CRX", [7, 0]], ["CRX", [1, 8]], ["CRX", [3, 8]], ["CRX", [5, 8]], ["CRX", [7, 8]], ["RX", [0]], ["RX", [1]], ["RX", [2]], ["RX", [3]], ["RX", [4]], ["RX", [5]], ["RX", [6]], ["RX", [7]], ["RX", [8]], ["RY", [0]], ["RY", [1]], ["RY", [2]], ["RY", [3]], ["RY", [4]], ["RY", [5]], ["RY", [6]], ["RY", [7]], ["RY", [8]], ["RX", [0]], ["RX", [1]], ["RX", [2]], ["RX", [3]], ["RX", [4]], ["RX", [5]], ["RX", [6]], ["RX", [7]], ["RX", [8]], ["RY", [0]], ["RY", [2]], ["RY", [4]], ["RY", [6]], ["RY", [1]], ["RY", [3]], ["RY", [5]], ["RY", [7]], ["RY", [8]], ["RZ", [0]], ["RZ", [1]], ["RZ", [2]], ["RZ", [3]], ["RZ", [4]], ["RZ", [5]], ["RZ", [6]], ["RZ", [7]], ["RZ", [8]], ["CZ", [0, 1]], ["CZ", [2, 3]], ["CZ", [4, 5]], ["CZ", [6, 7]], ["CRX", [1, 2]], ["CRX", [3, 4]], ["CRX", [5, 6]], ["CRX", [7, 0]], ["CRX", [1, 8]], ["CRX", [3, 8]], ["CRX", [5, 8]], ["CRX", [7, 8]], ["RX", [0]], ["RX", [1]], ["RX", [2]], ["RX", [3]], ["RX", [4]], ["RX", [5]], ["RX", [6]], ["RX", [7]], ["RX", [8]], ["RY", [0]], ["RY", [1]], ["RY", [2]], ["RY", [3]], ["RY", [4]], ["RY", [5]], ["RY", [6]], ["RY", [7]], ["RY", [8]], ["RY", [0]], ["RY", [2]], ["RY", [4]], ["RY", [6]], ["RY", [1]], ["RY", [3]], ["RY", [5]], ["RY", [7]], ["RY", [8]], ["RZ", [0]], ["RZ", [1]], ["RZ", [2]], ["RZ", [3]], ["RZ", [4]], ["RZ", [5]], ["RZ", [6]], ["RZ", [7]], ["RZ", [8]], ["CZ", [0, 1]], ["CZ", [2, 3]], ["CZ", [4, 5]], ["CZ", [6, 7]], ["CRX", [1, 2]], ["CRX", [3, 4]], ["CRX", [5, 6]], ["CRX", [7, 0]], ["CRX", [1, 8]], ["CRX", [3, 8]], ["CRX", [5, 8]], ["CRX", [7, 8]], ["RX", [0]], ["RX", [1]], ["RX", [2]], ["RX", [3]], ["RX", [4]], ["RX", [5]], ["RX", [6]], ["RX", [7]], ["RX", [8]], ["RY", [0]], ["RY", [1]], ["RY", [2]], ["RY", [3]], ["RY", [4]], ["RY", [5]], ["RY", [6]], ["RY", [7]], ["RY", [8]], ["RX", [0]], ["RX", [1]], ["RX", [2]], ["RX", [3]], ["RX", [4]], ["RX", [5]], ["RX", [6]], ["RX", [7]], ["RX", [8]], ["RY", [0]], ["RY", [2]], ["RY", [4]], ["RY", [6]], ["RY", [1]], ["RY", [3]], ["RY", [5]], ["RY", [7]], ["RY", [8]], ["RZ", [0]], ["RZ", [1]], ["RZ", [2]], ["RZ", [3]], ["RZ", [4]], ["RZ", [5]], ["RZ", [6]], ["RZ", [7]], ["RZ", [8]], ["CZ", [0, 1]], ["CZ", [2, 3]], ["CZ", [4, 5]], ["CZ", [6, 7]], ["CRX", [1, 2]], ["CRX", [3, 4]], ["CRX", [5, 6]], ["CRX", [7, 0]], ["CRX", [1, 8]], ["CRX", [3, 8]], ["CRX", [5, 8]], ["CRX", [7, 8]], ["RX", [0]], ["RX", [1]], ["RX", [2]], ["RX", [3]], ["RX", [4]], ["RX", [5]], ["RX", [6]], ["RX", [7]], ["RX", [8]], ["RY", [0]], ["RY", [1]], ["RY", [2]], ["RY", [3]], ["RY", [4]], ["RY", [5]], ["RY", [6]], ["RY", [7]], ["RY", [8]], ["RY", [0]], ["RY", [2]], ["RY", [4]], ["RY", [6]], ["RY", [1]], ["RY", [3]], ["RY", [5]], ["RY", [7]], ["RY", [8]], ["RZ", [0]], ["RZ", [1]], ["RZ", [2]], ["RZ", [3]], ["RZ", [4]], ["RZ", [5]], ["RZ", [6]], ["RZ", [7]], ["RZ", [8]], ["CZ", [0, 1]], ["CZ", [2, 3]], ["CZ", [4, 5]], ["CZ", [6, 7]], ["CRX", [1, 2]], ["CRX", [3, 4]], ["CRX", [5, 6]], ["CRX", [7, 0]], ["CRX", [1, 8]], ["CRX", [3, 8]], ["CRX", [5, 8]], ["CRX", [7, 8]], ["RX", [0]], ["RX", [1]], ["RX", [2]], ["RX", [3]], ["RX", [4]], ["RX", [5]], ["RX", [6]], ["RX", [7]], ["RX", [8]], ["RY", [0]], ["RY", [1]], ["RY", [2]], ["RY", [3]], ["RY", [4]], ["RY", [5]], ["RY", [6]], ["RY", [7]], ["RY", [8]]], "parameter_efficiency": 0.009876543209876543, "spec_valid": true, "test_accuracy": 0.5333333333333333, "test_loss": 2.9066315158607945, "train_accuracy": 0.4166666666666667, "train_loss": 3.2816696871103495, "validation_accuracy": 0.4666666666666667, "validation_loss": 2.9960208944117483}
==========Run 1/1 completed in 93.79 seconds==========
Correctness and error status saved to /home/chengyou1368/QuantumAnsatz/qml-ea/tic-tac-toe/results/ttt_qml_cli_20260624_162514/gen_13/results/correct.json
Metrics saved to /home/chengyou1368/QuantumAnsatz/qml-ea/tic-tac-toe/results/ttt_qml_cli_20260624_162514/gen_13/results/metrics.json
OK
{
  "combined_score": 0.462537341261095,
  "public": {
    "train_accuracy_mean": 0.4167,
    "train_accuracy_std": 0.0,
    "validation_accuracy_mean": 0.4667,
    "validation_accuracy_std": 0.0,
    "test_accuracy_mean": 0.5333,
    "test_accuracy_std": 0.0,
    "generalization_gap_mean": 0.1167,
    "validation_loss_mean": 2.996,
    "test_loss_mean": 2.9066,
    "parameter_efficiency_mean": 0.009877,
    "n_params": 54,
    "depth_mean": 53.0,
    "gate_count_mean": 315.0,
    "score_uses_test": false,
    "convergence_step_mean": null
  },
  "private": {
    "per_run_scores": [
      {
        "combined_score": 0.462537341261095,
        "primary_accuracy": 0.4666666666666667,
        "gap_score": 0.6666666666666667,
        "loss_score": 0.25024894174063356,
        "parameter_efficiency_score": 1.0,
        "convergence_score": 0.0
      }
    ],
    "per_run_test_accuracies": [
      0.5333333333333333
    ]
  },
  "text_feedback": "Combined score: 0.4625\nValidation accuracy mean: 0.4667\nTest accuracy mean: 0.5333\nTrain-test generalization gap mean: 0.1167\nValidation L2 loss mean: 2.9960\nParameters: 54, depth mean: 53.0, gate count mean: 315.0\nFitness uses validation metrics; test metrics are reported as holdout diagnostics.\nAccuracy is still low; explore more expressive local entanglement or rotation diversity.\nDid not reach convergence threshold 0.90 in these runs.",
  "execution_time_mean": 93.79322276600033,
  "execution_time_std": 0.0,
  "num_valid_runs": 1,
  "num_invalid_runs": 0,
  "all_validation_errors": []
}
