Job running on a1114u20n01.mghpcc.ycrc.yale.edu under Slurm job 19447184
Activating sourced environment: /home/ch2499/project/transfer_sn/activate_eval_cluster.sh
==========Running program evaluation 1/1...==========
==========Run 1/1 completed in 1271.63 seconds==========
Correctness and error status saved to /home/ch2499/project/transfer_sn/results_haiku_r2/gen_19/results/correct.json
Metrics saved to /home/ch2499/project/transfer_sn/results_haiku_r2/gen_19/results/metrics.json
OK
{
  "combined_score": 0.8804965159070275,
  "public": {
    "train_accuracy_mean": 0.9422,
    "train_accuracy_std": 0.0,
    "validation_accuracy_mean": 0.89,
    "validation_accuracy_std": 0.0,
    "test_accuracy_mean": 0.9033,
    "test_accuracy_std": 0.0,
    "generalization_gap_mean": 0.0389,
    "validation_loss_mean": 0.3839,
    "test_loss_mean": 0.39,
    "parameter_efficiency_mean": 0.02053,
    "n_params": 44,
    "depth_mean": 132.0,
    "gate_count_mean": 330.0,
    "score_uses_test": false,
    "convergence_step_mean": 270.0
  },
  "private": {
    "per_run_scores": [
      {
        "combined_score": 0.8804965159070275,
        "primary_accuracy": 0.89,
        "gap_score": 0.888888888888889,
        "loss_score": 0.7226064023431463,
        "parameter_efficiency_score": 1.0,
        "convergence_score": 0.991
      }
    ],
    "per_run_test_accuracies": [
      0.9033333333333333
    ]
  },
  "text_feedback": "Combined score: 0.8805\nValidation accuracy mean: 0.8900\nTest accuracy mean: 0.9033\nTrain-test generalization gap mean: 0.0389\nValidation L2 loss mean: 0.3839\nParameters: 44, depth mean: 132.0, gate count mean: 330.0\nFitness uses validation metrics; test metrics are reported as holdout diagnostics.",
  "execution_time_mean": 1271.6340019019844,
  "execution_time_std": 0.0,
  "num_valid_runs": 1,
  "num_invalid_runs": 0,
  "all_validation_errors": []
}
