Job running on a1130u37n01.mghpcc.ycrc.yale.edu under Slurm job 19605262
Activating sourced environment: /home/ch2499/project/zc_su2/activate_eval_cluster.sh
==========Running program evaluation 1/1...==========
==========Run 1/1 completed in 295.14 seconds==========
Correctness and error status saved to /home/ch2499/project/zc_su2/results_gpt56sol/gen_79/results/correct.json
Metrics saved to /home/ch2499/project/zc_su2/results_gpt56sol/gen_79/results/metrics.json
OK
{
  "combined_score": 0.630026455026455,
  "public": {
    "train_accuracy_mean": 0.8533,
    "train_accuracy_std": 0.0,
    "validation_accuracy_mean": 0.8667,
    "validation_accuracy_std": 0.0,
    "test_accuracy_mean": 0.8433,
    "test_accuracy_std": 0.0,
    "generalization_gap_mean": 0.01,
    "validation_loss_mean": 0.633,
    "test_loss_mean": 0.678,
    "parameter_efficiency_mean": 0.105417,
    "n_params": 8,
    "depth_mean": 18.0,
    "gate_count_mean": 72.0,
    "score_uses_test": false,
    "convergence_step_mean": null
  },
  "private": {
    "per_run_scores": [
      {
        "combined_score": 0.630026455026455,
        "primary_accuracy": 0.8666666666666667,
        "gap_score": 0.9714285714285714,
        "loss_score": 0.6123745784058486,
        "parameter_efficiency_score": 0.4393518518518518,
        "convergence_score": 0.0
      }
    ],
    "per_run_test_accuracies": [
      0.8433333333333334
    ]
  },
  "text_feedback": "Combined score: 0.6300\nValidation accuracy mean: 0.8667\nTest accuracy mean: 0.8433\nTrain-test generalization gap mean: 0.0100\nValidation L2 loss mean: 0.6330\nParameters: 8, depth mean: 18.0, gate count mean: 72.0\nFitness uses validation metrics; test metrics are reported as holdout diagnostics.\nScoring emphasizes parameter economy: match or beat the accuracy with as few trainable parameters as possible, and converge fast.\nParameter efficiency score: 0.4394\nDid not reach the convergence threshold in these runs.",
  "execution_time_mean": 295.1416966849938,
  "execution_time_std": 0.0,
  "num_valid_runs": 1,
  "num_invalid_runs": 0,
  "all_validation_errors": []
}
