Job running on a1130u22n02.mghpcc.ycrc.yale.edu under Slurm job 19606839
Activating sourced environment: /home/ch2499/project/zc_ttt/activate_eval_cluster.sh
==========Running program evaluation 1/1...==========
==========Run 1/1 completed in 2301.66 seconds==========
Correctness and error status saved to /home/ch2499/project/zc_ttt/results_haiku/gen_37/results/correct.json
Metrics saved to /home/ch2499/project/zc_ttt/results_haiku/gen_37/results/metrics.json
OK
{
  "combined_score": 0.5525509622377209,
  "public": {
    "train_accuracy_mean": 0.7089,
    "train_accuracy_std": 0.0,
    "validation_accuracy_mean": 0.61,
    "validation_accuracy_std": 0.0,
    "test_accuracy_mean": 0.5967,
    "test_accuracy_std": 0.0,
    "generalization_gap_mean": 0.1122,
    "validation_loss_mean": 2.1708,
    "test_loss_mean": 2.2228,
    "parameter_efficiency_mean": 0.003315,
    "n_params": 180,
    "depth_mean": 69.0,
    "gate_count_mean": 333.0,
    "score_uses_test": false,
    "convergence_step_mean": null
  },
  "private": {
    "per_run_scores": [
      {
        "combined_score": 0.5525509622377209,
        "primary_accuracy": 0.61,
        "gap_score": 0.6793650793650794,
        "loss_score": 0.3153820762938011,
        "parameter_efficiency_score": 0.5489999999999999,
        "convergence_score": 0.0
      }
    ],
    "per_run_test_accuracies": [
      0.5966666666666667
    ]
  },
  "text_feedback": "Combined score: 0.5526\nValidation accuracy mean: 0.6100\nTest accuracy mean: 0.5967\nTrain-test generalization gap mean: 0.1122\nValidation L2 loss mean: 2.1708\nParameters: 180, depth mean: 69.0, gate count mean: 333.0\nFitness uses validation metrics; test metrics are reported as holdout diagnostics.\nParameter count exceeds the seed; added accuracy must justify the complexity.\nDid not reach convergence threshold 0.90 in these runs.",
  "execution_time_mean": 2301.661720694974,
  "execution_time_std": 0.0,
  "num_valid_runs": 1,
  "num_invalid_runs": 0,
  "all_validation_errors": []
}
