Job running on a1132u24n04.mghpcc.ycrc.yale.edu under Slurm job 19608593
Activating sourced environment: /home/ch2499/project/zc_ttt/activate_eval_cluster.sh
==========Running program evaluation 1/1...==========
==========Run 1/1 completed in 1787.92 seconds==========
Correctness and error status saved to /home/ch2499/project/zc_ttt/results_haiku/gen_45/results/correct.json
Metrics saved to /home/ch2499/project/zc_ttt/results_haiku/gen_45/results/metrics.json
OK
{
  "combined_score": 0.5777676813471871,
  "public": {
    "train_accuracy_mean": 0.6489,
    "train_accuracy_std": 0.0,
    "validation_accuracy_mean": 0.6067,
    "validation_accuracy_std": 0.0,
    "test_accuracy_mean": 0.5883,
    "test_accuracy_std": 0.0,
    "generalization_gap_mean": 0.0606,
    "validation_loss_mean": 2.226,
    "test_loss_mean": 2.2415,
    "parameter_efficiency_mean": 0.004669,
    "n_params": 126,
    "depth_mean": 81.0,
    "gate_count_mean": 297.0,
    "score_uses_test": false,
    "convergence_step_mean": null
  },
  "private": {
    "per_run_scores": [
      {
        "combined_score": 0.5777676813471871,
        "primary_accuracy": 0.6066666666666667,
        "gap_score": 0.8269841269841272,
        "loss_score": 0.3099856005156391,
        "parameter_efficiency_score": 0.78,
        "convergence_score": 0.0
      }
    ],
    "per_run_test_accuracies": [
      0.5883333333333334
    ]
  },
  "text_feedback": "Combined score: 0.5778\nValidation accuracy mean: 0.6067\nTest accuracy mean: 0.5883\nTrain-test generalization gap mean: 0.0606\nValidation L2 loss mean: 2.2260\nParameters: 126, depth mean: 81.0, gate count mean: 297.0\nFitness uses validation metrics; test metrics are reported as holdout diagnostics.\nDid not reach convergence threshold 0.90 in these runs.",
  "execution_time_mean": 1787.9188481648453,
  "execution_time_std": 0.0,
  "num_valid_runs": 1,
  "num_invalid_runs": 0,
  "all_validation_errors": []
}
