Job running on a1132u24n03.mghpcc.ycrc.yale.edu under Slurm job 19609804
Activating sourced environment: /home/ch2499/project/zc_sn/activate_eval_cluster.sh
==========Running program evaluation 1/1...==========
==========Run 1/1 completed in 2556.83 seconds==========
Correctness and error status saved to /home/ch2499/project/zc_sn/results_sonnet/gen_62/results/correct.json
Metrics saved to /home/ch2499/project/zc_sn/results_sonnet/gen_62/results/metrics.json
OK
{
  "combined_score": 0.878626316884021,
  "public": {
    "train_accuracy_mean": 0.9711,
    "train_accuracy_std": 0.0,
    "validation_accuracy_mean": 0.91,
    "validation_accuracy_std": 0.0,
    "test_accuracy_mean": 0.9,
    "test_accuracy_std": 0.0,
    "generalization_gap_mean": 0.0711,
    "validation_loss_mean": 0.3916,
    "test_loss_mean": 0.4235,
    "parameter_efficiency_mean": 0.007031,
    "n_params": 128,
    "depth_mean": 378.0,
    "gate_count_mean": 876.0,
    "score_uses_test": false,
    "convergence_step_mean": 480.0
  },
  "private": {
    "per_run_scores": [
      {
        "combined_score": 0.878626316884021,
        "primary_accuracy": 0.91,
        "gap_score": 0.7968253968253968,
        "loss_score": 0.7186093083273358,
        "parameter_efficiency_score": 1.0,
        "convergence_score": 0.984
      }
    ],
    "per_run_test_accuracies": [
      0.9
    ]
  },
  "text_feedback": "Combined score: 0.8786\nValidation accuracy mean: 0.9100\nTest accuracy mean: 0.9000\nTrain-test generalization gap mean: 0.0711\nValidation L2 loss mean: 0.3916\nParameters: 128, depth mean: 378.0, gate count mean: 876.0\nFitness uses validation metrics; test metrics are reported as holdout diagnostics.",
  "execution_time_mean": 2556.8261871319264,
  "execution_time_std": 0.0,
  "num_valid_runs": 1,
  "num_invalid_runs": 0,
  "all_validation_errors": []
}
