Job running on a1114u30n01.mghpcc.ycrc.yale.edu under Slurm job 23103814
Activating sourced environment: /home/ch2499/project/transfer_sn/activate_eval_cluster.sh
==========Running program evaluation 1/1...==========
==========Run 1/1 completed in 700.82 seconds==========
Correctness and error status saved to /home/ch2499/project/transfer_sn/results_frw3_mid_r9/gen_6/results/correct.json
Metrics saved to /home/ch2499/project/transfer_sn/results_frw3_mid_r9/gen_6/results/metrics.json
OK
{
  "combined_score": 0.1764274550197297,
  "public": {
    "combined_score_raw": 0.8711,
    "train_accuracy_mean": 0.9022,
    "train_accuracy_std": 0.0,
    "validation_accuracy_mean": 0.8733,
    "validation_accuracy_std": 0.0,
    "test_accuracy_mean": 0.875,
    "test_accuracy_std": 0.0,
    "generalization_gap_mean": 0.0272,
    "validation_loss_mean": 0.4067,
    "test_loss_mean": 0.3981,
    "parameter_efficiency_mean": 0.033654,
    "n_params": 26,
    "depth_mean": 99.0,
    "gate_count_mean": 348.0,
    "score_uses_test": false,
    "convergence_step_mean": 450.0
  },
  "private": {
    "per_run_scores": [
      {
        "combined_score": 0.8711043638124405,
        "primary_accuracy": 0.8733333333333333,
        "gap_score": 0.922222222222222,
        "loss_score": 0.7108809439347885,
        "parameter_efficiency_score": 1.0,
        "convergence_score": 0.985
      }
    ],
    "per_run_test_accuracies": [
      0.875
    ]
  },
  "text_feedback": "Combined score: 0.1764\nScore scale: 0.0 = the seed program, 1.0 = the best solution found so far on this task. Negative means worse than the seed.\nValidation accuracy mean: 0.8733\nTest accuracy mean: 0.8750\nTrain-test generalization gap mean: 0.0272\nValidation L2 loss mean: 0.4067\nParameters: 26, depth mean: 99.0, gate count mean: 348.0\nFitness uses validation metrics; test metrics are reported as holdout diagnostics.",
  "execution_time_mean": 700.8200922785327,
  "execution_time_std": 0.0,
  "num_valid_runs": 1,
  "num_invalid_runs": 0,
  "all_validation_errors": []
}
