Job running on a1130u18n03.mghpcc.ycrc.yale.edu under Slurm job 19616678
Activating sourced environment: /home/ch2499/project/zc_ttt/activate_eval_cluster.sh
==========Running program evaluation 1/1...==========
==========Run 1/1 completed in 3686.08 seconds==========
Correctness and error status saved to /home/ch2499/project/zc_ttt/results_sonnet/gen_44/results/correct.json
Metrics saved to /home/ch2499/project/zc_ttt/results_sonnet/gen_44/results/metrics.json
OK
{
  "combined_score": 0.5858525084765552,
  "public": {
    "train_accuracy_mean": 0.7444,
    "train_accuracy_std": 0.0,
    "validation_accuracy_mean": 0.6567,
    "validation_accuracy_std": 0.0,
    "test_accuracy_mean": 0.625,
    "test_accuracy_std": 0.0,
    "generalization_gap_mean": 0.1194,
    "validation_loss_mean": 2.0734,
    "test_loss_mean": 2.2122,
    "parameter_efficiency_mean": 0.004167,
    "n_params": 150,
    "depth_mean": 41.0,
    "gate_count_mean": 207.0,
    "score_uses_test": false,
    "convergence_step_mean": null
  },
  "private": {
    "per_run_scores": [
      {
        "combined_score": 0.5858525084765552,
        "primary_accuracy": 0.6566666666666666,
        "gap_score": 0.6587301587301586,
        "loss_score": 0.3253680459283576,
        "parameter_efficiency_score": 0.7091999999999999,
        "convergence_score": 0.0
      }
    ],
    "per_run_test_accuracies": [
      0.625
    ]
  },
  "text_feedback": "Combined score: 0.5859\nValidation accuracy mean: 0.6567\nTest accuracy mean: 0.6250\nTrain-test generalization gap mean: 0.1194\nValidation L2 loss mean: 2.0734\nParameters: 150, depth mean: 41.0, gate count mean: 207.0\nFitness uses validation metrics; test metrics are reported as holdout diagnostics.\nDid not reach convergence threshold 0.90 in these runs.",
  "execution_time_mean": 3686.079414055217,
  "execution_time_std": 0.0,
  "num_valid_runs": 1,
  "num_invalid_runs": 0,
  "all_validation_errors": []
}
