Job running on a1114u17n01.mghpcc.ycrc.yale.edu under Slurm job 19429297
Activating sourced environment: /home/ch2499/project/transfer_sn/activate_eval_cluster.sh
==========Running program evaluation 1/1...==========
==========Run 1/1 completed in 521.70 seconds==========
Correctness and error status saved to /home/ch2499/project/transfer_sn/results_haiku/gen_9/results/correct.json
Metrics saved to /home/ch2499/project/transfer_sn/results_haiku/gen_9/results/metrics.json
OK
{
  "combined_score": 0.8501792169444776,
  "public": {
    "train_accuracy_mean": 0.9244,
    "train_accuracy_std": 0.0,
    "validation_accuracy_mean": 0.8833,
    "validation_accuracy_std": 0.0,
    "test_accuracy_mean": 0.8367,
    "test_accuracy_std": 0.0,
    "generalization_gap_mean": 0.0878,
    "validation_loss_mean": 0.4404,
    "test_loss_mean": 0.5165,
    "parameter_efficiency_mean": 0.011306,
    "n_params": 74,
    "depth_mean": 87.0,
    "gate_count_mean": 276.0,
    "score_uses_test": false,
    "convergence_step_mean": 270.0
  },
  "private": {
    "per_run_scores": [
      {
        "combined_score": 0.8501792169444776,
        "primary_accuracy": 0.8833333333333333,
        "gap_score": 0.7492063492063493,
        "loss_score": 0.6942476896827607,
        "parameter_efficiency_score": 1.0,
        "convergence_score": 0.991
      }
    ],
    "per_run_test_accuracies": [
      0.8366666666666667
    ]
  },
  "text_feedback": "Combined score: 0.8502\nValidation accuracy mean: 0.8833\nTest accuracy mean: 0.8367\nTrain-test generalization gap mean: 0.0878\nValidation L2 loss mean: 0.4404\nParameters: 74, depth mean: 87.0, gate count mean: 276.0\nFitness uses validation metrics; test metrics are reported as holdout diagnostics.",
  "execution_time_mean": 521.7049579430022,
  "execution_time_std": 0.0,
  "num_valid_runs": 1,
  "num_invalid_runs": 0,
  "all_validation_errors": []
}
