Job running on a1130u33n03.mghpcc.ycrc.yale.edu under Slurm job 19487266
Activating sourced environment: /home/ch2499/project/transfer_sn/activate_eval_cluster.sh
==========Running program evaluation 1/1...==========
==========Run 1/1 completed in 1406.81 seconds==========
Correctness and error status saved to /home/ch2499/project/transfer_sn/results_haiku_r2/gen_39/results/correct.json
Metrics saved to /home/ch2499/project/transfer_sn/results_haiku_r2/gen_39/results/metrics.json
OK
{
  "combined_score": 0.9001785721780086,
  "public": {
    "train_accuracy_mean": 0.9556,
    "train_accuracy_std": 0.0,
    "validation_accuracy_mean": 0.92,
    "validation_accuracy_std": 0.0,
    "test_accuracy_mean": 0.9183,
    "test_accuracy_std": 0.0,
    "generalization_gap_mean": 0.0372,
    "validation_loss_mean": 0.3535,
    "test_loss_mean": 0.3496,
    "parameter_efficiency_mean": 0.028698,
    "n_params": 32,
    "depth_mean": 150.0,
    "gate_count_mean": 348.0,
    "score_uses_test": false,
    "convergence_step_mean": 150.0
  },
  "private": {
    "per_run_scores": [
      {
        "combined_score": 0.9001785721780086,
        "primary_accuracy": 0.92,
        "gap_score": 0.8936507936507935,
        "loss_score": 0.7388359838322266,
        "parameter_efficiency_score": 1.0,
        "convergence_score": 0.995
      }
    ],
    "per_run_test_accuracies": [
      0.9183333333333333
    ]
  },
  "text_feedback": "Combined score: 0.9002\nValidation accuracy mean: 0.9200\nTest accuracy mean: 0.9183\nTrain-test generalization gap mean: 0.0372\nValidation L2 loss mean: 0.3535\nParameters: 32, depth mean: 150.0, gate count mean: 348.0\nFitness uses validation metrics; test metrics are reported as holdout diagnostics.",
  "execution_time_mean": 1406.8055812520906,
  "execution_time_std": 0.0,
  "num_valid_runs": 1,
  "num_invalid_runs": 0,
  "all_validation_errors": []
}
