Job running on a1132u35n04.mghpcc.ycrc.yale.edu under Slurm job 19441647
Activating sourced environment: /home/ch2499/project/transfer_sn/activate_eval_cluster.sh
==========Running program evaluation 1/1...==========
==========Run 1/1 completed in 1468.45 seconds==========
Correctness and error status saved to /home/ch2499/project/transfer_sn/results_sonnet_r2/gen_13/results/correct.json
Metrics saved to /home/ch2499/project/transfer_sn/results_sonnet_r2/gen_13/results/metrics.json
OK
{
  "combined_score": 0.7884070064641057,
  "public": {
    "train_accuracy_mean": 0.94,
    "train_accuracy_std": 0.0,
    "validation_accuracy_mean": 0.8833,
    "validation_accuracy_std": 0.0,
    "test_accuracy_mean": 0.8733,
    "test_accuracy_std": 0.0,
    "generalization_gap_mean": 0.0667,
    "validation_loss_mean": 0.4745,
    "test_loss_mean": 0.4882,
    "parameter_efficiency_mean": 0.004006,
    "n_params": 218,
    "depth_mean": 142.0,
    "gate_count_mean": 324.0,
    "score_uses_test": false,
    "convergence_step_mean": null
  },
  "private": {
    "per_run_scores": [
      {
        "combined_score": 0.7884070064641057,
        "primary_accuracy": 0.8833333333333333,
        "gap_score": 0.8095238095238095,
        "loss_score": 0.678215051103358,
        "parameter_efficiency_score": 0.5915902140672783,
        "convergence_score": 0.0
      }
    ],
    "per_run_test_accuracies": [
      0.8733333333333333
    ]
  },
  "text_feedback": "Combined score: 0.7884\nValidation accuracy mean: 0.8833\nTest accuracy mean: 0.8733\nTrain-test generalization gap mean: 0.0667\nValidation L2 loss mean: 0.4745\nParameters: 218, depth mean: 142.0, gate count mean: 324.0\nFitness uses validation metrics; test metrics are reported as holdout diagnostics.\nParameter count exceeds the seed; added accuracy must justify the complexity.\nDid not reach the convergence threshold in these runs.",
  "execution_time_mean": 1468.4505111738108,
  "execution_time_std": 0.0,
  "num_valid_runs": 1,
  "num_invalid_runs": 0,
  "all_validation_errors": []
}
