Job running on a1132u37n01.mghpcc.ycrc.yale.edu under Slurm job 19628822
Activating sourced environment: /home/ch2499/project/zc_ttt/activate_eval_cluster.sh
==========Running program evaluation 1/1...==========
==========Run 1/1 completed in 1878.02 seconds==========
Correctness and error status saved to /home/ch2499/project/zc_ttt/results_sonnet/gen_78/results/correct.json
Metrics saved to /home/ch2499/project/zc_ttt/results_sonnet/gen_78/results/metrics.json
OK
{
  "combined_score": 0.5837117068302001,
  "public": {
    "train_accuracy_mean": 0.7133,
    "train_accuracy_std": 0.0,
    "validation_accuracy_mean": 0.6533,
    "validation_accuracy_std": 0.0,
    "test_accuracy_mean": 0.6083,
    "test_accuracy_std": 0.0,
    "generalization_gap_mean": 0.105,
    "validation_loss_mean": 2.0481,
    "test_loss_mean": 2.1303,
    "parameter_efficiency_mean": 0.003621,
    "n_params": 168,
    "depth_mean": 57.0,
    "gate_count_mean": 213.0,
    "score_uses_test": false,
    "convergence_step_mean": null
  },
  "private": {
    "per_run_scores": [
      {
        "combined_score": 0.5837117068302001,
        "primary_accuracy": 0.6533333333333333,
        "gap_score": 0.6999999999999997,
        "loss_score": 0.32807804553466785,
        "parameter_efficiency_score": 0.63,
        "convergence_score": 0.0
      }
    ],
    "per_run_test_accuracies": [
      0.6083333333333333
    ]
  },
  "text_feedback": "Combined score: 0.5837\nValidation accuracy mean: 0.6533\nTest accuracy mean: 0.6083\nTrain-test generalization gap mean: 0.1050\nValidation L2 loss mean: 2.0481\nParameters: 168, depth mean: 57.0, gate count mean: 213.0\nFitness uses validation metrics; test metrics are reported as holdout diagnostics.\nParameter count exceeds the seed; added accuracy must justify the complexity.\nDid not reach convergence threshold 0.90 in these runs.",
  "execution_time_mean": 1878.0165202110074,
  "execution_time_std": 0.0,
  "num_valid_runs": 1,
  "num_invalid_runs": 0,
  "all_validation_errors": []
}
