==========Running program evaluation 1/1...==========
{"batch_size": 10, "data_seed": 2027, "dataset": {"all_valid_unique_boards": {"class_counts": {"circle": 316, "cross": 626, "draw": 4536}, "total": 5478}, "overlap_train_test": 4, "overlap_train_validation": 1, "overlap_validation_test": 3, "test": {"class_counts": {"circle": 20, "cross": 20, "draw": 20}, "rows": 60, "unique_boards": 59}, "train": {"class_counts": {"circle": 20, "cross": 20, "draw": 20}, "rows": 60, "unique_boards": 59}, "validation": {"class_counts": {"circle": 15, "cross": 15, "draw": 15}, "rows": 45, "unique_boards": 44}}, "event": "start", "learning_rate": 0.03, "n_epochs": 3, "n_params": 84, "n_params_per_block": 14, "n_repeats": 2, "n_uploads": 3, "seed": 1000, "steps_per_epoch": 3}
{"batch_loss": 6.086567430139117, "epoch": 1, "event": "epoch", "global_step": 3, "test_accuracy": 0.3333333333333333, "test_loss": 4.757579670613841, "train_accuracy": 0.38333333333333336, "train_loss": 4.843225715457408, "validation_accuracy": 0.4888888888888889, "validation_loss": 4.7393506613472045}
{"batch_loss": 3.719930945099447, "epoch": 2, "event": "epoch", "global_step": 6, "test_accuracy": 0.45, "test_loss": 2.8990087400035285, "train_accuracy": 0.4, "train_loss": 2.9808249024176154, "validation_accuracy": 0.35555555555555557, "validation_loss": 2.9373012528543216}
{"batch_loss": 2.796730904683459, "epoch": 3, "event": "epoch", "global_step": 9, "test_accuracy": 0.25, "test_loss": 2.8680682261444463, "train_accuracy": 0.23333333333333334, "train_loss": 2.791227920513669, "validation_accuracy": 0.28888888888888886, "validation_loss": 2.879011343446299}
{"convergence_epoch": null, "convergence_step": null, "convergence_threshold": 0.9, "depth": 84, "event": "final", "gate_count": 285, "generalization_gap": 0.016666666666666663, "history_tail": [{"batch_loss": 6.086567430139117, "epoch": 1, "event": "epoch", "global_step": 3, "test_accuracy": 0.3333333333333333, "test_loss": 4.757579670613841, "train_accuracy": 0.38333333333333336, "train_loss": 4.843225715457408, "validation_accuracy": 0.4888888888888889, "validation_loss": 4.7393506613472045}, {"batch_loss": 3.719930945099447, "epoch": 2, "event": "epoch", "global_step": 6, "test_accuracy": 0.45, "test_loss": 2.8990087400035285, "train_accuracy": 0.4, "train_loss": 2.9808249024176154, "validation_accuracy": 0.35555555555555557, "validation_loss": 2.9373012528543216}, {"batch_loss": 2.796730904683459, "epoch": 3, "event": "epoch", "global_step": 9, "test_accuracy": 0.25, "test_loss": 2.8680682261444463, "train_accuracy": 0.23333333333333334, "train_loss": 2.791227920513669, "validation_accuracy": 0.28888888888888886, "validation_loss": 2.879011343446299}], "max_steps": 9, "n_params": 84, "n_params_per_block": 14, "n_qubits": 9, "n_repeats": 2, "n_uploads": 3, "operations": [["RX", [0]], ["RX", [1]], ["RX", [2]], ["RX", [3]], ["RX", [4]], ["RX", [5]], ["RX", [6]], ["RX", [7]], ["RX", [8]], ["RY", [0]], ["RY", [2]], ["RY", [4]], ["RY", [6]], ["RY", [1]], ["RY", [3]], ["RY", [5]], ["RY", [7]], ["RY", [8]], ["CRY", [0, 1]], ["CRY", [2, 1]], ["CRY", [2, 3]], ["CRY", [4, 3]], ["CRY", [4, 5]], ["CRY", [6, 5]], ["CRY", [6, 7]], ["CRY", [0, 7]], ["CRY", [1, 8]], ["CRY", [5, 8]], ["CRY", [3, 8]], ["CRY", [7, 8]], ["CRY", [8, 1]], ["CRY", [8, 5]], ["CRY", [8, 3]], ["CRY", [8, 7]], ["RY", [0]], ["RY", [2]], ["RY", [4]], ["RY", [6]], ["RY", [1]], ["RY", [3]], ["RY", [5]], ["RY", [7]], ["RY", [8]], ["RX", [0]], ["RX", [2]], ["RX", [4]], ["RX", [6]], ["RX", [1]], ["RX", [3]], ["RX", [5]], ["RX", [7]], ["RX", [8]], ["RY", [0]], ["RY", [2]], ["RY", [4]], ["RY", [6]], ["RY", [1]], ["RY", [3]], ["RY", [5]], ["RY", [7]], ["RY", [8]], ["CRY", [0, 1]], ["CRY", [2, 1]], ["CRY", [2, 3]], ["CRY", [4, 3]], ["CRY", [4, 5]], ["CRY", [6, 5]], ["CRY", [6, 7]], ["CRY", [0, 7]], ["CRY", [1, 8]], ["CRY", [5, 8]], ["CRY", [3, 8]], ["CRY", [7, 8]], ["CRY", [8, 1]], ["CRY", [8, 5]], ["CRY", [8, 3]], ["CRY", [8, 7]], ["RY", [0]], ["RY", [2]], ["RY", [4]], ["RY", [6]], ["RY", [1]], ["RY", [3]], ["RY", [5]], ["RY", [7]], ["RY", [8]], ["RX", [0]], ["RX", [2]], ["RX", [4]], ["RX", [6]], ["RX", [1]], ["RX", [3]], ["RX", [5]], ["RX", [7]], ["RX", [8]], ["RX", [0]], ["RX", [1]], ["RX", [2]], ["RX", [3]], ["RX", [4]], ["RX", [5]], ["RX", [6]], ["RX", [7]], ["RX", [8]], ["RY", [0]], ["RY", [2]], ["RY", [4]], ["RY", [6]], ["RY", [1]], ["RY", [3]], ["RY", [5]], ["RY", [7]], ["RY", [8]], ["CRY", [0, 1]], ["CRY", [2, 1]], ["CRY", [2, 3]], ["CRY", [4, 3]], ["CRY", [4, 5]], ["CRY", [6, 5]], ["CRY", [6, 7]], ["CRY", [0, 7]], ["CRY", [1, 8]], ["CRY", [5, 8]], ["CRY", [3, 8]], ["CRY", [7, 8]], ["CRY", [8, 1]], ["CRY", [8, 5]], ["CRY", [8, 3]], ["CRY", [8, 7]], ["RY", [0]], ["RY", [2]], ["RY", [4]], ["RY", [6]], ["RY", [1]], ["RY", [3]], ["RY", [5]], ["RY", [7]], ["RY", [8]], ["RX", [0]], ["RX", [2]], ["RX", [4]], ["RX", [6]], ["RX", [1]], ["RX", [3]], ["RX", [5]], ["RX", [7]], ["RX", [8]], ["RY", [0]], ["RY", [2]], ["RY", [4]], ["RY", [6]], ["RY", [1]], ["RY", [3]], ["RY", [5]], ["RY", [7]], ["RY", [8]], ["CRY", [0, 1]], ["CRY", [2, 1]], ["CRY", [2, 3]], ["CRY", [4, 3]], ["CRY", [4, 5]], ["CRY", [6, 5]], ["CRY", [6, 7]], ["CRY", [0, 7]], ["CRY", [1, 8]], ["CRY", [5, 8]], ["CRY", [3, 8]], ["CRY", [7, 8]], ["CRY", [8, 1]], ["CRY", [8, 5]], ["CRY", [8, 3]], ["CRY", [8, 7]], ["RY", [0]], ["RY", [2]], ["RY", [4]], ["RY", [6]], ["RY", [1]], ["RY", [3]], ["RY", [5]], ["RY", [7]], ["RY", [8]], ["RX", [0]], ["RX", [2]], ["RX", [4]], ["RX", [6]], ["RX", [1]], ["RX", [3]], ["RX", [5]], ["RX", [7]], ["RX", [8]], ["RX", [0]], ["RX", [1]], ["RX", [2]], ["RX", [3]], ["RX", [4]], ["RX", [5]], ["RX", [6]], ["RX", [7]], ["RX", [8]], ["RY", [0]], ["RY", [2]], ["RY", [4]], ["RY", [6]], ["RY", [1]], ["RY", [3]], ["RY", [5]], ["RY", [7]], ["RY", [8]], ["CRY", [0, 1]], ["CRY", [2, 1]], ["CRY", [2, 3]], ["CRY", [4, 3]], ["CRY", [4, 5]], ["CRY", [6, 5]], ["CRY", [6, 7]], ["CRY", [0, 7]], ["CRY", [1, 8]], ["CRY", [5, 8]], ["CRY", [3, 8]], ["CRY", [7, 8]], ["CRY", [8, 1]], ["CRY", [8, 5]], ["CRY", [8, 3]], ["CRY", [8, 7]], ["RY", [0]], ["RY", [2]], ["RY", [4]], ["RY", [6]], ["RY", [1]], ["RY", [3]], ["RY", [5]], ["RY", [7]], ["RY", [8]], ["RX", [0]], ["RX", [2]], ["RX", [4]], ["RX", [6]], ["RX", [1]], ["RX", [3]], ["RX", [5]], ["RX", [7]], ["RX", [8]], ["RY", [0]], ["RY", [2]], ["RY", [4]], ["RY", [6]], ["RY", [1]], ["RY", [3]], ["RY", [5]], ["RY", [7]], ["RY", [8]], ["CRY", [0, 1]], ["CRY", [2, 1]], ["CRY", [2, 3]], ["CRY", [4, 3]], ["CRY", [4, 5]], ["CRY", [6, 5]], ["CRY", [6, 7]], ["CRY", [0, 7]], ["CRY", [1, 8]], ["CRY", [5, 8]], ["CRY", [3, 8]], ["CRY", [7, 8]], ["CRY", [8, 1]], ["CRY", [8, 5]], ["CRY", [8, 3]], ["CRY", [8, 7]], ["RY", [0]], ["RY", [2]], ["RY", [4]], ["RY", [6]], ["RY", [1]], ["RY", [3]], ["RY", [5]], ["RY", [7]], ["RY", [8]], ["RX", [0]], ["RX", [2]], ["RX", [4]], ["RX", [6]], ["RX", [1]], ["RX", [3]], ["RX", [5]], ["RX", [7]], ["RX", [8]]], "parameter_efficiency": 0.002976190476190476, "spec_valid": true, "test_accuracy": 0.25, "test_loss": 2.8680682261444463, "train_accuracy": 0.23333333333333334, "train_loss": 2.791227920513669, "validation_accuracy": 0.28888888888888886, "validation_loss": 2.879011343446299}
==========Run 1/1 completed in 64.26 seconds==========
Correctness and error status saved to /home/chengyou1368/QuantumAnsatz/qml-ea/tic-tac-toe/results/ttt_qml_cli_20260618_121507/gen_17/results/correct.json
Metrics saved to /home/chengyou1368/QuantumAnsatz/qml-ea/tic-tac-toe/results/ttt_qml_cli_20260618_121507/gen_17/results/metrics.json
OK
{
  "combined_score": 0.3771617106570374,
  "public": {
    "train_accuracy_mean": 0.2333,
    "train_accuracy_std": 0.0,
    "validation_accuracy_mean": 0.2889,
    "validation_accuracy_std": 0.0,
    "test_accuracy_mean": 0.25,
    "test_accuracy_std": 0.0,
    "generalization_gap_mean": 0.0167,
    "validation_loss_mean": 2.879,
    "test_loss_mean": 2.8681,
    "parameter_efficiency_mean": 0.002976,
    "n_params": 84,
    "depth_mean": 84.0,
    "gate_count_mean": 285.0,
    "score_uses_test": false,
    "convergence_step_mean": null
  },
  "private": {
    "per_run_scores": [
      {
        "combined_score": 0.3771617106570374,
        "primary_accuracy": 0.28888888888888886,
        "gap_score": 0.9523809523809524,
        "loss_score": 0.25779764776649305,
        "parameter_efficiency_score": 0.5571428571428572,
        "convergence_score": 0.0
      }
    ],
    "per_run_test_accuracies": [
      0.25
    ]
  },
  "text_feedback": "Combined score: 0.3772\nValidation accuracy mean: 0.2889\nTest accuracy mean: 0.2500\nTrain-test generalization gap mean: 0.0167\nValidation L2 loss mean: 2.8790\nParameters: 84, depth mean: 84.0, gate count mean: 285.0\nFitness uses validation metrics; test metrics are reported as holdout diagnostics.\nAccuracy is still low; explore more expressive local entanglement or rotation diversity.\nDid not reach convergence threshold 0.90 in these runs.",
  "execution_time_mean": 64.25840458700259,
  "execution_time_std": 0.0,
  "num_valid_runs": 1,
  "num_invalid_runs": 0,
  "all_validation_errors": []
}
