Job running on a1130u20n03.mghpcc.ycrc.yale.edu under Slurm job 23103736
Activating sourced environment: /home/ch2499/project/transfer_sn/activate_eval_cluster.sh
==========Running program evaluation 1/1...==========
==========Run 1/1 completed in 899.90 seconds==========
Correctness and error status saved to /home/ch2499/project/transfer_sn/results_frw3_mid_r3/gen_6/results/correct.json
Metrics saved to /home/ch2499/project/transfer_sn/results_frw3_mid_r3/gen_6/results/metrics.json
OK
{
  "combined_score": 0.3178607190310279,
  "public": {
    "combined_score_raw": 0.8844,
    "train_accuracy_mean": 0.9467,
    "train_accuracy_std": 0.0,
    "validation_accuracy_mean": 0.9067,
    "validation_accuracy_std": 0.0,
    "test_accuracy_mean": 0.895,
    "test_accuracy_std": 0.0,
    "generalization_gap_mean": 0.0517,
    "validation_loss_mean": 0.3799,
    "test_loss_mean": 0.3694,
    "parameter_efficiency_mean": 0.012095,
    "n_params": 74,
    "depth_mean": 105.0,
    "gate_count_mean": 396.0,
    "score_uses_test": false,
    "convergence_step_mean": 120.0
  },
  "private": {
    "per_run_scores": [
      {
        "combined_score": 0.8843626572065779,
        "primary_accuracy": 0.9066666666666666,
        "gap_score": 0.8523809523809525,
        "loss_score": 0.7247034289962334,
        "parameter_efficiency_score": 1.0,
        "convergence_score": 0.996
      }
    ],
    "per_run_test_accuracies": [
      0.895
    ]
  },
  "text_feedback": "Combined score: 0.3179\nScore scale: 0.0 = the seed program, 1.0 = the best solution found so far on this task. Negative means worse than the seed.\nValidation accuracy mean: 0.9067\nTest accuracy mean: 0.8950\nTrain-test generalization gap mean: 0.0517\nValidation L2 loss mean: 0.3799\nParameters: 74, depth mean: 105.0, gate count mean: 396.0\nFitness uses validation metrics; test metrics are reported as holdout diagnostics.",
  "execution_time_mean": 899.9001834569499,
  "execution_time_std": 0.0,
  "num_valid_runs": 1,
  "num_invalid_runs": 0,
  "all_validation_errors": []
}
