Job running on a1130u22n02.mghpcc.ycrc.yale.edu under Slurm job 19616450
Activating sourced environment: /home/ch2499/project/zc_ttt/activate_eval_cluster.sh
==========Running program evaluation 1/1...==========
==========Run 1/1 completed in 2568.75 seconds==========
Correctness and error status saved to /home/ch2499/project/zc_ttt/results_gpt56sol/gen_72/results/correct.json
Metrics saved to /home/ch2499/project/zc_ttt/results_gpt56sol/gen_72/results/metrics.json
OK
{
  "combined_score": 0.5294993556727774,
  "public": {
    "train_accuracy_mean": 0.6378,
    "train_accuracy_std": 0.0,
    "validation_accuracy_mean": 0.5733,
    "validation_accuracy_std": 0.0,
    "test_accuracy_mean": 0.5367,
    "test_accuracy_std": 0.0,
    "generalization_gap_mean": 0.1011,
    "validation_loss_mean": 2.2197,
    "test_loss_mean": 2.3518,
    "parameter_efficiency_mean": 0.002981,
    "n_params": 180,
    "depth_mean": 51.0,
    "gate_count_mean": 315.0,
    "score_uses_test": false,
    "convergence_step_mean": null
  },
  "private": {
    "per_run_scores": [
      {
        "combined_score": 0.5294993556727774,
        "primary_accuracy": 0.5733333333333334,
        "gap_score": 0.711111111111111,
        "loss_score": 0.310588297077775,
        "parameter_efficiency_score": 0.516,
        "convergence_score": 0.0
      }
    ],
    "per_run_test_accuracies": [
      0.5366666666666666
    ]
  },
  "text_feedback": "Combined score: 0.5295\nValidation accuracy mean: 0.5733\nTest accuracy mean: 0.5367\nTrain-test generalization gap mean: 0.1011\nValidation L2 loss mean: 2.2197\nParameters: 180, depth mean: 51.0, gate count mean: 315.0\nFitness uses validation metrics; test metrics are reported as holdout diagnostics.\nParameter count exceeds the seed; added accuracy must justify the complexity.\nDid not reach convergence threshold 0.90 in these runs.",
  "execution_time_mean": 2568.746319817845,
  "execution_time_std": 0.0,
  "num_valid_runs": 1,
  "num_invalid_runs": 0,
  "all_validation_errors": []
}
