Job running on a1130u24n01.mghpcc.ycrc.yale.edu under Slurm job 19604855
Activating sourced environment: /home/ch2499/project/zc_ttt/activate_eval_cluster.sh
==========Running program evaluation 1/1...==========
==========Run 1/1 completed in 1747.84 seconds==========
Correctness and error status saved to /home/ch2499/project/zc_ttt/results_sonnet/gen_16/results/correct.json
Metrics saved to /home/ch2499/project/zc_ttt/results_sonnet/gen_16/results/metrics.json
OK
{
  "combined_score": 0.5472252357357964,
  "public": {
    "train_accuracy_mean": 0.6689,
    "train_accuracy_std": 0.0,
    "validation_accuracy_mean": 0.6033,
    "validation_accuracy_std": 0.0,
    "test_accuracy_mean": 0.5517,
    "test_accuracy_std": 0.0,
    "generalization_gap_mean": 0.1172,
    "validation_loss_mean": 2.1525,
    "test_loss_mean": 2.2342,
    "parameter_efficiency_mean": 0.003536,
    "n_params": 156,
    "depth_mean": 51.0,
    "gate_count_mean": 213.0,
    "score_uses_test": false,
    "convergence_step_mean": null
  },
  "private": {
    "per_run_scores": [
      {
        "combined_score": 0.5472252357357964,
        "primary_accuracy": 0.6033333333333334,
        "gap_score": 0.665079365079365,
        "loss_score": 0.3172056822760861,
        "parameter_efficiency_score": 0.6265384615384616,
        "convergence_score": 0.0
      }
    ],
    "per_run_test_accuracies": [
      0.5516666666666666
    ]
  },
  "text_feedback": "Combined score: 0.5472\nValidation accuracy mean: 0.6033\nTest accuracy mean: 0.5517\nTrain-test generalization gap mean: 0.1172\nValidation L2 loss mean: 2.1525\nParameters: 156, depth mean: 51.0, gate count mean: 213.0\nFitness uses validation metrics; test metrics are reported as holdout diagnostics.\nDid not reach convergence threshold 0.90 in these runs.",
  "execution_time_mean": 1747.83614099212,
  "execution_time_std": 0.0,
  "num_valid_runs": 1,
  "num_invalid_runs": 0,
  "all_validation_errors": []
}
