Job running on a1130u22n01.mghpcc.ycrc.yale.edu under Slurm job 19426941
Activating sourced environment: /home/ch2499/project/transfer_sn/activate_eval_cluster.sh
==========Running program evaluation 1/1...==========
==========Run 1/1 completed in 1333.06 seconds==========
Correctness and error status saved to /home/ch2499/project/transfer_sn/results_haiku/gen_3/results/correct.json
Metrics saved to /home/ch2499/project/transfer_sn/results_haiku/gen_3/results/metrics.json
OK
{
  "combined_score": 0.7794416905169401,
  "public": {
    "train_accuracy_mean": 0.9511,
    "train_accuracy_std": 0.0,
    "validation_accuracy_mean": 0.8567,
    "validation_accuracy_std": 0.0,
    "test_accuracy_mean": 0.8633,
    "test_accuracy_std": 0.0,
    "generalization_gap_mean": 0.0878,
    "validation_loss_mean": 0.516,
    "test_loss_mean": 0.4774,
    "parameter_efficiency_mean": 0.006167,
    "n_params": 140,
    "depth_mean": 81.0,
    "gate_count_mean": 222.0,
    "score_uses_test": false,
    "convergence_step_mean": null
  },
  "private": {
    "per_run_scores": [
      {
        "combined_score": 0.7794416905169401,
        "primary_accuracy": 0.8566666666666667,
        "gap_score": 0.749206349206349,
        "loss_score": 0.6596483071499706,
        "parameter_efficiency_score": 0.8933809523809524,
        "convergence_score": 0.0
      }
    ],
    "per_run_test_accuracies": [
      0.8633333333333333
    ]
  },
  "text_feedback": "Combined score: 0.7794\nValidation accuracy mean: 0.8567\nTest accuracy mean: 0.8633\nTrain-test generalization gap mean: 0.0878\nValidation L2 loss mean: 0.5160\nParameters: 140, depth mean: 81.0, gate count mean: 222.0\nFitness uses validation metrics; test metrics are reported as holdout diagnostics.\nDid not reach the convergence threshold in these runs.",
  "execution_time_mean": 1333.059113479685,
  "execution_time_std": 0.0,
  "num_valid_runs": 1,
  "num_invalid_runs": 0,
  "all_validation_errors": []
}
