Job running on a1130u31n01.mghpcc.ycrc.yale.edu under Slurm job 19436416
Activating sourced environment: /home/ch2499/project/transfer_sn/activate_eval_cluster.sh
==========Running program evaluation 1/1...==========
==========Run 1/1 completed in 2152.57 seconds==========
Correctness and error status saved to /home/ch2499/project/transfer_sn/results_haiku_r2/gen_1/results/correct.json
Metrics saved to /home/ch2499/project/transfer_sn/results_haiku_r2/gen_1/results/metrics.json
OK
{
  "combined_score": 0.84128518910836,
  "public": {
    "train_accuracy_mean": 0.9533,
    "train_accuracy_std": 0.0,
    "validation_accuracy_mean": 0.89,
    "validation_accuracy_std": 0.0,
    "test_accuracy_mean": 0.8517,
    "test_accuracy_std": 0.0,
    "generalization_gap_mean": 0.1017,
    "validation_loss_mean": 0.4177,
    "test_loss_mean": 0.497,
    "parameter_efficiency_mean": 0.005193,
    "n_params": 164,
    "depth_mean": 99.0,
    "gate_count_mean": 246.0,
    "score_uses_test": false,
    "convergence_step_mean": 540.0
  },
  "private": {
    "per_run_scores": [
      {
        "combined_score": 0.84128518910836,
        "primary_accuracy": 0.89,
        "gap_score": 0.7095238095238094,
        "loss_score": 0.705382871252791,
        "parameter_efficiency_score": 0.7923170731707317,
        "convergence_score": 0.982
      }
    ],
    "per_run_test_accuracies": [
      0.8516666666666667
    ]
  },
  "text_feedback": "Combined score: 0.8413\nValidation accuracy mean: 0.8900\nTest accuracy mean: 0.8517\nTrain-test generalization gap mean: 0.1017\nValidation L2 loss mean: 0.4177\nParameters: 164, depth mean: 99.0, gate count mean: 246.0\nFitness uses validation metrics; test metrics are reported as holdout diagnostics.\nParameter count exceeds the seed; added accuracy must justify the complexity.",
  "execution_time_mean": 2152.5738785471767,
  "execution_time_std": 0.0,
  "num_valid_runs": 1,
  "num_invalid_runs": 0,
  "all_validation_errors": []
}
