Job running on a1130u37n02.mghpcc.ycrc.yale.edu under Slurm job 19616116
Activating sourced environment: /home/ch2499/project/zc_sn/activate_eval_cluster.sh
==========Running program evaluation 1/1...==========
==========Run 1/1 completed in 1747.74 seconds==========
Correctness and error status saved to /home/ch2499/project/zc_sn/results_haiku/gen_76/results/correct.json
Metrics saved to /home/ch2499/project/zc_sn/results_haiku/gen_76/results/metrics.json
OK
{
  "combined_score": 0.8758485424404664,
  "public": {
    "train_accuracy_mean": 0.8911,
    "train_accuracy_std": 0.0,
    "validation_accuracy_mean": 0.9033,
    "validation_accuracy_std": 0.0,
    "test_accuracy_mean": 0.845,
    "test_accuracy_std": 0.0,
    "generalization_gap_mean": 0.0461,
    "validation_loss_mean": 0.4268,
    "test_loss_mean": 0.4782,
    "parameter_efficiency_mean": 0.015089,
    "n_params": 56,
    "depth_mean": 160.0,
    "gate_count_mean": 360.0,
    "score_uses_test": false,
    "convergence_step_mean": 180.0
  },
  "private": {
    "per_run_scores": [
      {
        "combined_score": 0.8758485424404664,
        "primary_accuracy": 0.9033333333333333,
        "gap_score": 0.8682539682539683,
        "loss_score": 0.7008844628306222,
        "parameter_efficiency_score": 1.0,
        "convergence_score": 0.994
      }
    ],
    "per_run_test_accuracies": [
      0.845
    ]
  },
  "text_feedback": "Combined score: 0.8758\nValidation accuracy mean: 0.9033\nTest accuracy mean: 0.8450\nTrain-test generalization gap mean: 0.0461\nValidation L2 loss mean: 0.4268\nParameters: 56, depth mean: 160.0, gate count mean: 360.0\nFitness uses validation metrics; test metrics are reported as holdout diagnostics.",
  "execution_time_mean": 1747.7422606972978,
  "execution_time_std": 0.0,
  "num_valid_runs": 1,
  "num_invalid_runs": 0,
  "all_validation_errors": []
}
