Job running on a1130u31n01.mghpcc.ycrc.yale.edu under Slurm job 19596326
Activating sourced environment: /home/ch2499/project/zc_ttt/activate_eval_cluster.sh
==========Running program evaluation 1/1...==========
==========Run 1/1 completed in 1897.91 seconds==========
Correctness and error status saved to /home/ch2499/project/zc_ttt/results_gpt56sol/gen_14/results/correct.json
Metrics saved to /home/ch2499/project/zc_ttt/results_gpt56sol/gen_14/results/metrics.json
OK
{
  "combined_score": 0.5521890307798151,
  "public": {
    "train_accuracy_mean": 0.6467,
    "train_accuracy_std": 0.0,
    "validation_accuracy_mean": 0.5933,
    "validation_accuracy_std": 0.0,
    "test_accuracy_mean": 0.55,
    "test_accuracy_std": 0.0,
    "generalization_gap_mean": 0.0967,
    "validation_loss_mean": 2.2697,
    "test_loss_mean": 2.3522,
    "parameter_efficiency_mean": 0.004167,
    "n_params": 132,
    "depth_mean": 41.0,
    "gate_count_mean": 207.0,
    "score_uses_test": false,
    "convergence_step_mean": null
  },
  "private": {
    "per_run_scores": [
      {
        "combined_score": 0.5521890307798151,
        "primary_accuracy": 0.5933333333333334,
        "gap_score": 0.7238095238095241,
        "loss_score": 0.30583451977308124,
        "parameter_efficiency_score": 0.7281818181818183,
        "convergence_score": 0.0
      }
    ],
    "per_run_test_accuracies": [
      0.55
    ]
  },
  "text_feedback": "Combined score: 0.5522\nValidation accuracy mean: 0.5933\nTest accuracy mean: 0.5500\nTrain-test generalization gap mean: 0.0967\nValidation L2 loss mean: 2.2697\nParameters: 132, depth mean: 41.0, gate count mean: 207.0\nFitness uses validation metrics; test metrics are reported as holdout diagnostics.\nDid not reach convergence threshold 0.90 in these runs.",
  "execution_time_mean": 1897.9060917273164,
  "execution_time_std": 0.0,
  "num_valid_runs": 1,
  "num_invalid_runs": 0,
  "all_validation_errors": []
}
