Job running on a1130u24n03.mghpcc.ycrc.yale.edu under Slurm job 19603847
Activating sourced environment: /home/ch2499/project/zc_sn/activate_eval_cluster.sh
==========Running program evaluation 1/1...==========
==========Run 1/1 completed in 1152.04 seconds==========
Correctness and error status saved to /home/ch2499/project/zc_sn/results_gpt56sol/gen_39/results/correct.json
Metrics saved to /home/ch2499/project/zc_sn/results_gpt56sol/gen_39/results/metrics.json
OK
{
  "combined_score": 0.866801454067232,
  "public": {
    "train_accuracy_mean": 0.8689,
    "train_accuracy_std": 0.0,
    "validation_accuracy_mean": 0.8733,
    "validation_accuracy_std": 0.0,
    "test_accuracy_mean": 0.85,
    "test_accuracy_std": 0.0,
    "generalization_gap_mean": 0.0189,
    "validation_loss_mean": 0.4686,
    "test_loss_mean": 0.4815,
    "parameter_efficiency_mean": 0.008673,
    "n_params": 98,
    "depth_mean": 132.0,
    "gate_count_mean": 408.0,
    "score_uses_test": false,
    "convergence_step_mean": 480.0
  },
  "private": {
    "per_run_scores": [
      {
        "combined_score": 0.866801454067232,
        "primary_accuracy": 0.8733333333333333,
        "gap_score": 0.9460317460317459,
        "loss_score": 0.6809409107127632,
        "parameter_efficiency_score": 1.0,
        "convergence_score": 0.984
      }
    ],
    "per_run_test_accuracies": [
      0.85
    ]
  },
  "text_feedback": "Combined score: 0.8668\nValidation accuracy mean: 0.8733\nTest accuracy mean: 0.8500\nTrain-test generalization gap mean: 0.0189\nValidation L2 loss mean: 0.4686\nParameters: 98, depth mean: 132.0, gate count mean: 408.0\nFitness uses validation metrics; test metrics are reported as holdout diagnostics.",
  "execution_time_mean": 1152.0400487338193,
  "execution_time_std": 0.0,
  "num_valid_runs": 1,
  "num_invalid_runs": 0,
  "all_validation_errors": []
}
