Job running on a1114u28n01.mghpcc.ycrc.yale.edu under Slurm job 19615812
Activating sourced environment: /home/ch2499/project/zc_sn/activate_eval_cluster.sh
==========Running program evaluation 1/1...==========
==========Run 1/1 completed in 832.75 seconds==========
Correctness and error status saved to /home/ch2499/project/zc_sn/results_haiku/gen_75/results/correct.json
Metrics saved to /home/ch2499/project/zc_sn/results_haiku/gen_75/results/metrics.json
OK
{
  "combined_score": 0.8996865484819087,
  "public": {
    "train_accuracy_mean": 0.9511,
    "train_accuracy_std": 0.0,
    "validation_accuracy_mean": 0.92,
    "validation_accuracy_std": 0.0,
    "test_accuracy_mean": 0.9133,
    "test_accuracy_std": 0.0,
    "generalization_gap_mean": 0.0378,
    "validation_loss_mean": 0.3518,
    "test_loss_mean": 0.3516,
    "parameter_efficiency_mean": 0.014731,
    "n_params": 62,
    "depth_mean": 154.0,
    "gate_count_mean": 312.0,
    "score_uses_test": false,
    "convergence_step_mean": 120.0
  },
  "private": {
    "per_run_scores": [
      {
        "combined_score": 0.8996865484819087,
        "primary_accuracy": 0.92,
        "gap_score": 0.892063492063492,
        "loss_score": 0.7397727570751583,
        "parameter_efficiency_score": 1.0,
        "convergence_score": 0.996
      }
    ],
    "per_run_test_accuracies": [
      0.9133333333333333
    ]
  },
  "text_feedback": "Combined score: 0.8997\nValidation accuracy mean: 0.9200\nTest accuracy mean: 0.9133\nTrain-test generalization gap mean: 0.0378\nValidation L2 loss mean: 0.3518\nParameters: 62, depth mean: 154.0, gate count mean: 312.0\nFitness uses validation metrics; test metrics are reported as holdout diagnostics.",
  "execution_time_mean": 832.7476298492402,
  "execution_time_std": 0.0,
  "num_valid_runs": 1,
  "num_invalid_runs": 0,
  "all_validation_errors": []
}
