==========Running program evaluation 1/1...==========
{"batch_size": 10, "data_seed": 2027, "dataset": {"all_valid_unique_boards": {"class_counts": {"circle": 316, "cross": 626, "draw": 4536}, "total": 5478}, "overlap_train_test": 4, "overlap_train_validation": 1, "overlap_validation_test": 3, "test": {"class_counts": {"circle": 20, "cross": 20, "draw": 20}, "rows": 60, "unique_boards": 59}, "train": {"class_counts": {"circle": 20, "cross": 20, "draw": 20}, "rows": 60, "unique_boards": 59}, "validation": {"class_counts": {"circle": 15, "cross": 15, "draw": 15}, "rows": 45, "unique_boards": 44}}, "event": "start", "learning_rate": 0.03, "n_epochs": 3, "n_params": 66, "n_params_per_block": 11, "n_repeats": 2, "n_uploads": 3, "seed": 1000, "steps_per_epoch": 3}
{"batch_loss": 7.063592995560245, "epoch": 1, "event": "epoch", "global_step": 3, "test_accuracy": 0.35, "test_loss": 6.1267541390353495, "train_accuracy": 0.35, "train_loss": 6.142208343980108, "validation_accuracy": 0.4444444444444444, "validation_loss": 5.930096163884203}
{"batch_loss": 4.913007279642894, "epoch": 2, "event": "epoch", "global_step": 6, "test_accuracy": 0.36666666666666664, "test_loss": 4.167011625060289, "train_accuracy": 0.38333333333333336, "train_loss": 4.209172035567362, "validation_accuracy": 0.4444444444444444, "validation_loss": 3.8097782137517293}
{"batch_loss": 3.6908025714468202, "epoch": 3, "event": "epoch", "global_step": 9, "test_accuracy": 0.3333333333333333, "test_loss": 3.4211175873598076, "train_accuracy": 0.36666666666666664, "train_loss": 3.467716707488024, "validation_accuracy": 0.4444444444444444, "validation_loss": 3.080340911112523}
{"convergence_epoch": null, "convergence_step": null, "convergence_threshold": 0.9, "depth": 70, "event": "final", "gate_count": 261, "generalization_gap": 0.033333333333333326, "history_tail": [{"batch_loss": 7.063592995560245, "epoch": 1, "event": "epoch", "global_step": 3, "test_accuracy": 0.35, "test_loss": 6.1267541390353495, "train_accuracy": 0.35, "train_loss": 6.142208343980108, "validation_accuracy": 0.4444444444444444, "validation_loss": 5.930096163884203}, {"batch_loss": 4.913007279642894, "epoch": 2, "event": "epoch", "global_step": 6, "test_accuracy": 0.36666666666666664, "test_loss": 4.167011625060289, "train_accuracy": 0.38333333333333336, "train_loss": 4.209172035567362, "validation_accuracy": 0.4444444444444444, "validation_loss": 3.8097782137517293}, {"batch_loss": 3.6908025714468202, "epoch": 3, "event": "epoch", "global_step": 9, "test_accuracy": 0.3333333333333333, "test_loss": 3.4211175873598076, "train_accuracy": 0.36666666666666664, "train_loss": 3.467716707488024, "validation_accuracy": 0.4444444444444444, "validation_loss": 3.080340911112523}], "max_steps": 9, "n_params": 66, "n_params_per_block": 11, "n_qubits": 9, "n_repeats": 2, "n_uploads": 3, "operations": [["RX", [0]], ["RX", [1]], ["RX", [2]], ["RX", [3]], ["RX", [4]], ["RX", [5]], ["RX", [6]], ["RX", [7]], ["RX", [8]], ["RZ", [0]], ["RZ", [2]], ["RZ", [4]], ["RZ", [6]], ["RZ", [1]], ["RZ", [3]], ["RZ", [5]], ["RZ", [7]], ["RZ", [8]], ["RY", [0]], ["RY", [2]], ["RY", [4]], ["RY", [6]], ["RY", [1]], ["RY", [3]], ["RY", [5]], ["RY", [7]], ["RY", [8]], ["CRX", [0, 1]], ["CRX", [1, 2]], ["CRX", [2, 3]], ["CRX", [3, 4]], ["CRX", [4, 5]], ["CRX", [5, 6]], ["CRX", [6, 7]], ["CRX", [7, 0]], ["CRZ", [8, 1]], ["CRZ", [8, 3]], ["CRZ", [8, 5]], ["CRZ", [8, 7]], ["RZ", [0]], ["RZ", [2]], ["RZ", [4]], ["RZ", [6]], ["RZ", [1]], ["RZ", [3]], ["RZ", [5]], ["RZ", [7]], ["RZ", [8]], ["RZ", [0]], ["RZ", [2]], ["RZ", [4]], ["RZ", [6]], ["RZ", [1]], ["RZ", [3]], ["RZ", [5]], ["RZ", [7]], ["RZ", [8]], ["RY", [0]], ["RY", [2]], ["RY", [4]], ["RY", [6]], ["RY", [1]], ["RY", [3]], ["RY", [5]], ["RY", [7]], ["RY", [8]], ["CRX", [0, 1]], ["CRX", [1, 2]], ["CRX", [2, 3]], ["CRX", [3, 4]], ["CRX", [4, 5]], ["CRX", [5, 6]], ["CRX", [6, 7]], ["CRX", [7, 0]], ["CRZ", [8, 1]], ["CRZ", [8, 3]], ["CRZ", [8, 5]], ["CRZ", [8, 7]], ["RZ", [0]], ["RZ", [2]], ["RZ", [4]], ["RZ", [6]], ["RZ", [1]], ["RZ", [3]], ["RZ", [5]], ["RZ", [7]], ["RZ", [8]], ["RX", [0]], ["RX", [1]], ["RX", [2]], ["RX", [3]], ["RX", [4]], ["RX", [5]], ["RX", [6]], ["RX", [7]], ["RX", [8]], ["RZ", [0]], ["RZ", [2]], ["RZ", [4]], ["RZ", [6]], ["RZ", [1]], ["RZ", [3]], ["RZ", [5]], ["RZ", [7]], ["RZ", [8]], ["RY", [0]], ["RY", [2]], ["RY", [4]], ["RY", [6]], ["RY", [1]], ["RY", [3]], ["RY", [5]], ["RY", [7]], ["RY", [8]], ["CRX", [0, 1]], ["CRX", [1, 2]], ["CRX", [2, 3]], ["CRX", [3, 4]], ["CRX", [4, 5]], ["CRX", [5, 6]], ["CRX", [6, 7]], ["CRX", [7, 0]], ["CRZ", [8, 1]], ["CRZ", [8, 3]], ["CRZ", [8, 5]], ["CRZ", [8, 7]], ["RZ", [0]], ["RZ", [2]], ["RZ", [4]], ["RZ", [6]], ["RZ", [1]], ["RZ", [3]], ["RZ", [5]], ["RZ", [7]], ["RZ", [8]], ["RZ", [0]], ["RZ", [2]], ["RZ", [4]], ["RZ", [6]], ["RZ", [1]], ["RZ", [3]], ["RZ", [5]], ["RZ", [7]], ["RZ", [8]], ["RY", [0]], ["RY", [2]], ["RY", [4]], ["RY", [6]], ["RY", [1]], ["RY", [3]], ["RY", [5]], ["RY", [7]], ["RY", [8]], ["CRX", [0, 1]], ["CRX", [1, 2]], ["CRX", [2, 3]], ["CRX", [3, 4]], ["CRX", [4, 5]], ["CRX", [5, 6]], ["CRX", [6, 7]], ["CRX", [7, 0]], ["CRZ", [8, 1]], ["CRZ", [8, 3]], ["CRZ", [8, 5]], ["CRZ", [8, 7]], ["RZ", [0]], ["RZ", [2]], ["RZ", [4]], ["RZ", [6]], ["RZ", [1]], ["RZ", [3]], ["RZ", [5]], ["RZ", [7]], ["RZ", [8]], ["RX", [0]], ["RX", [1]], ["RX", [2]], ["RX", [3]], ["RX", [4]], ["RX", [5]], ["RX", [6]], ["RX", [7]], ["RX", [8]], ["RZ", [0]], ["RZ", [2]], ["RZ", [4]], ["RZ", [6]], ["RZ", [1]], ["RZ", [3]], ["RZ", [5]], ["RZ", [7]], ["RZ", [8]], ["RY", [0]], ["RY", [2]], ["RY", [4]], ["RY", [6]], ["RY", [1]], ["RY", [3]], ["RY", [5]], ["RY", [7]], ["RY", [8]], ["CRX", [0, 1]], ["CRX", [1, 2]], ["CRX", [2, 3]], ["CRX", [3, 4]], ["CRX", [4, 5]], ["CRX", [5, 6]], ["CRX", [6, 7]], ["CRX", [7, 0]], ["CRZ", [8, 1]], ["CRZ", [8, 3]], ["CRZ", [8, 5]], ["CRZ", [8, 7]], ["RZ", [0]], ["RZ", [2]], ["RZ", [4]], ["RZ", [6]], ["RZ", [1]], ["RZ", [3]], ["RZ", [5]], ["RZ", [7]], ["RZ", [8]], ["RZ", [0]], ["RZ", [2]], ["RZ", [4]], ["RZ", [6]], ["RZ", [1]], ["RZ", [3]], ["RZ", [5]], ["RZ", [7]], ["RZ", [8]], ["RY", [0]], ["RY", [2]], ["RY", [4]], ["RY", [6]], ["RY", [1]], ["RY", [3]], ["RY", [5]], ["RY", [7]], ["RY", [8]], ["CRX", [0, 1]], ["CRX", [1, 2]], ["CRX", [2, 3]], ["CRX", [3, 4]], ["CRX", [4, 5]], ["CRX", [5, 6]], ["CRX", [6, 7]], ["CRX", [7, 0]], ["CRZ", [8, 1]], ["CRZ", [8, 3]], ["CRZ", [8, 5]], ["CRZ", [8, 7]], ["RZ", [0]], ["RZ", [2]], ["RZ", [4]], ["RZ", [6]], ["RZ", [1]], ["RZ", [3]], ["RZ", [5]], ["RZ", [7]], ["RZ", [8]]], "parameter_efficiency": 0.00505050505050505, "spec_valid": true, "test_accuracy": 0.3333333333333333, "test_loss": 3.4211175873598076, "train_accuracy": 0.36666666666666664, "train_loss": 3.467716707488024, "validation_accuracy": 0.4444444444444444, "validation_loss": 3.080340911112523}
==========Run 1/1 completed in 55.11 seconds==========
Correctness and error status saved to /home/chengyou1368/QuantumAnsatz/qml-ea/tic-tac-toe/results/ttt_qml_cli_20260605_124906/gen_99/results/correct.json
Metrics saved to /home/chengyou1368/QuantumAnsatz/qml-ea/tic-tac-toe/results/ttt_qml_cli_20260605_124906/gen_99/results/metrics.json
OK
{
  "combined_score": 0.48136480880670046,
  "public": {
    "train_accuracy_mean": 0.3667,
    "train_accuracy_std": 0.0,
    "validation_accuracy_mean": 0.4444,
    "validation_accuracy_std": 0.0,
    "test_accuracy_mean": 0.3333,
    "test_accuracy_std": 0.0,
    "generalization_gap_mean": 0.0333,
    "validation_loss_mean": 3.0803,
    "test_loss_mean": 3.4211,
    "parameter_efficiency_mean": 0.005051,
    "n_params": 66,
    "depth_mean": 70.0,
    "gate_count_mean": 261.0,
    "score_uses_test": false,
    "convergence_step_mean": null
  },
  "private": {
    "per_run_scores": [
      {
        "combined_score": 0.48136480880670046,
        "primary_accuracy": 0.4444444444444444,
        "gap_score": 0.9047619047619048,
        "loss_score": 0.24507756135683909,
        "parameter_efficiency_score": 1.0,
        "convergence_score": 0.0
      }
    ],
    "per_run_test_accuracies": [
      0.3333333333333333
    ]
  },
  "text_feedback": "Combined score: 0.4814\nValidation accuracy mean: 0.4444\nTest accuracy mean: 0.3333\nTrain-test generalization gap mean: 0.0333\nValidation L2 loss mean: 3.0803\nParameters: 66, depth mean: 70.0, gate count mean: 261.0\nFitness uses validation metrics; test metrics are reported as holdout diagnostics.\nAccuracy is still low; explore more expressive local entanglement or rotation diversity.\nDid not reach convergence threshold 0.90 in these runs.",
  "execution_time_mean": 55.11358851099794,
  "execution_time_std": 0.0,
  "num_valid_runs": 1,
  "num_invalid_runs": 0,
  "all_validation_errors": []
}
