==========Running program evaluation 1/1...==========
{"batch_size": 10, "data_seed": 2027, "dataset": {"all_valid_unique_boards": {"class_counts": {"circle": 316, "cross": 626, "draw": 4536}, "total": 5478}, "overlap_train_test": 4, "overlap_train_validation": 1, "overlap_validation_test": 3, "test": {"class_counts": {"circle": 20, "cross": 20, "draw": 20}, "rows": 60, "unique_boards": 59}, "train": {"class_counts": {"circle": 20, "cross": 20, "draw": 20}, "rows": 60, "unique_boards": 59}, "validation": {"class_counts": {"circle": 15, "cross": 15, "draw": 15}, "rows": 45, "unique_boards": 44}}, "event": "start", "learning_rate": 0.03, "n_epochs": 3, "n_params": 72, "n_params_per_block": 12, "n_repeats": 2, "n_uploads": 3, "seed": 2000, "steps_per_epoch": 3}
{"batch_loss": 6.850053598682567, "epoch": 1, "event": "epoch", "global_step": 3, "test_accuracy": 0.4666666666666667, "test_loss": 6.078643611303635, "train_accuracy": 0.4666666666666667, "train_loss": 6.0841480947336475, "validation_accuracy": 0.5555555555555556, "validation_loss": 6.040925853313126}
{"batch_loss": 4.450726701274787, "epoch": 2, "event": "epoch", "global_step": 6, "test_accuracy": 0.43333333333333335, "test_loss": 4.133940839357851, "train_accuracy": 0.48333333333333334, "train_loss": 4.103342801632305, "validation_accuracy": 0.4888888888888889, "validation_loss": 4.007395129493061}
{"batch_loss": 3.0068226785542924, "epoch": 3, "event": "epoch", "global_step": 9, "test_accuracy": 0.48333333333333334, "test_loss": 3.285098942601039, "train_accuracy": 0.4666666666666667, "train_loss": 3.2245946469232623, "validation_accuracy": 0.5555555555555556, "validation_loss": 3.1003946848849826}
{"convergence_epoch": null, "convergence_step": null, "convergence_threshold": 0.9, "depth": 40, "event": "final", "gate_count": 279, "generalization_gap": 0.016666666666666663, "history_tail": [{"batch_loss": 6.850053598682567, "epoch": 1, "event": "epoch", "global_step": 3, "test_accuracy": 0.4666666666666667, "test_loss": 6.078643611303635, "train_accuracy": 0.4666666666666667, "train_loss": 6.0841480947336475, "validation_accuracy": 0.5555555555555556, "validation_loss": 6.040925853313126}, {"batch_loss": 4.450726701274787, "epoch": 2, "event": "epoch", "global_step": 6, "test_accuracy": 0.43333333333333335, "test_loss": 4.133940839357851, "train_accuracy": 0.48333333333333334, "train_loss": 4.103342801632305, "validation_accuracy": 0.4888888888888889, "validation_loss": 4.007395129493061}, {"batch_loss": 3.0068226785542924, "epoch": 3, "event": "epoch", "global_step": 9, "test_accuracy": 0.48333333333333334, "test_loss": 3.285098942601039, "train_accuracy": 0.4666666666666667, "train_loss": 3.2245946469232623, "validation_accuracy": 0.5555555555555556, "validation_loss": 3.1003946848849826}], "max_steps": 9, "n_params": 72, "n_params_per_block": 12, "n_qubits": 9, "n_repeats": 2, "n_uploads": 3, "operations": [["RX", [0]], ["RX", [1]], ["RX", [2]], ["RX", [3]], ["RX", [4]], ["RX", [5]], ["RX", [6]], ["RX", [7]], ["RX", [8]], ["RY", [0]], ["RY", [2]], ["RY", [4]], ["RY", [6]], ["RY", [1]], ["RY", [3]], ["RY", [5]], ["RY", [7]], ["RY", [8]], ["RZ", [0]], ["RZ", [2]], ["RZ", [4]], ["RZ", [6]], ["RZ", [1]], ["RZ", [3]], ["RZ", [5]], ["RZ", [7]], ["RZ", [8]], ["CZ", [0, 1]], ["CZ", [2, 3]], ["CZ", [4, 5]], ["CZ", [6, 7]], ["CZ", [1, 8]], ["CZ", [5, 8]], ["RX", [0]], ["RX", [2]], ["RX", [4]], ["RX", [6]], ["RX", [1]], ["RX", [3]], ["RX", [5]], ["RX", [7]], ["RX", [8]], ["RY", [0]], ["RY", [2]], ["RY", [4]], ["RY", [6]], ["RY", [1]], ["RY", [3]], ["RY", [5]], ["RY", [7]], ["RY", [8]], ["RY", [0]], ["RY", [2]], ["RY", [4]], ["RY", [6]], ["RY", [1]], ["RY", [3]], ["RY", [5]], ["RY", [7]], ["RY", [8]], ["RZ", [0]], ["RZ", [2]], ["RZ", [4]], ["RZ", [6]], ["RZ", [1]], ["RZ", [3]], ["RZ", [5]], ["RZ", [7]], ["RZ", [8]], ["CZ", [0, 1]], ["CZ", [2, 3]], ["CZ", [4, 5]], ["CZ", [6, 7]], ["CZ", [1, 8]], ["CZ", [5, 8]], ["RX", [0]], ["RX", [2]], ["RX", [4]], ["RX", [6]], ["RX", [1]], ["RX", [3]], ["RX", [5]], ["RX", [7]], ["RX", [8]], ["RY", [0]], ["RY", [2]], ["RY", [4]], ["RY", [6]], ["RY", [1]], ["RY", [3]], ["RY", [5]], ["RY", [7]], ["RY", [8]], ["RX", [0]], ["RX", [1]], ["RX", [2]], ["RX", [3]], ["RX", [4]], ["RX", [5]], ["RX", [6]], ["RX", [7]], ["RX", [8]], ["RY", [0]], ["RY", [2]], ["RY", [4]], ["RY", [6]], ["RY", [1]], ["RY", [3]], ["RY", [5]], ["RY", [7]], ["RY", [8]], ["RZ", [0]], ["RZ", [2]], ["RZ", [4]], ["RZ", [6]], ["RZ", [1]], ["RZ", [3]], ["RZ", [5]], ["RZ", [7]], ["RZ", [8]], ["CZ", [0, 1]], ["CZ", [2, 3]], ["CZ", [4, 5]], ["CZ", [6, 7]], ["CZ", [1, 8]], ["CZ", [5, 8]], ["RX", [0]], ["RX", [2]], ["RX", [4]], ["RX", [6]], ["RX", [1]], ["RX", [3]], ["RX", [5]], ["RX", [7]], ["RX", [8]], ["RY", [0]], ["RY", [2]], ["RY", [4]], ["RY", [6]], ["RY", [1]], ["RY", [3]], ["RY", [5]], ["RY", [7]], ["RY", [8]], ["RY", [0]], ["RY", [2]], ["RY", [4]], ["RY", [6]], ["RY", [1]], ["RY", [3]], ["RY", [5]], ["RY", [7]], ["RY", [8]], ["RZ", [0]], ["RZ", [2]], ["RZ", [4]], ["RZ", [6]], ["RZ", [1]], ["RZ", [3]], ["RZ", [5]], ["RZ", [7]], ["RZ", [8]], ["CZ", [0, 1]], ["CZ", [2, 3]], ["CZ", [4, 5]], ["CZ", [6, 7]], ["CZ", [1, 8]], ["CZ", [5, 8]], ["RX", [0]], ["RX", [2]], ["RX", [4]], ["RX", [6]], ["RX", [1]], ["RX", [3]], ["RX", [5]], ["RX", [7]], ["RX", [8]], ["RY", [0]], ["RY", [2]], ["RY", [4]], ["RY", [6]], ["RY", [1]], ["RY", [3]], ["RY", [5]], ["RY", [7]], ["RY", [8]], ["RX", [0]], ["RX", [1]], ["RX", [2]], ["RX", [3]], ["RX", [4]], ["RX", [5]], ["RX", [6]], ["RX", [7]], ["RX", [8]], ["RY", [0]], ["RY", [2]], ["RY", [4]], ["RY", [6]], ["RY", [1]], ["RY", [3]], ["RY", [5]], ["RY", [7]], ["RY", [8]], ["RZ", [0]], ["RZ", [2]], ["RZ", [4]], ["RZ", [6]], ["RZ", [1]], ["RZ", [3]], ["RZ", [5]], ["RZ", [7]], ["RZ", [8]], ["CZ", [0, 1]], ["CZ", [2, 3]], ["CZ", [4, 5]], ["CZ", [6, 7]], ["CZ", [1, 8]], ["CZ", [5, 8]], ["RX", [0]], ["RX", [2]], ["RX", [4]], ["RX", [6]], ["RX", [1]], ["RX", [3]], ["RX", [5]], ["RX", [7]], ["RX", [8]], ["RY", [0]], ["RY", [2]], ["RY", [4]], ["RY", [6]], ["RY", [1]], ["RY", [3]], ["RY", [5]], ["RY", [7]], ["RY", [8]], ["RY", [0]], ["RY", [2]], ["RY", [4]], ["RY", [6]], ["RY", [1]], ["RY", [3]], ["RY", [5]], ["RY", [7]], ["RY", [8]], ["RZ", [0]], ["RZ", [2]], ["RZ", [4]], ["RZ", [6]], ["RZ", [1]], ["RZ", [3]], ["RZ", [5]], ["RZ", [7]], ["RZ", [8]], ["CZ", [0, 1]], ["CZ", [2, 3]], ["CZ", [4, 5]], ["CZ", [6, 7]], ["CZ", [1, 8]], ["CZ", [5, 8]], ["RX", [0]], ["RX", [2]], ["RX", [4]], ["RX", [6]], ["RX", [1]], ["RX", [3]], ["RX", [5]], ["RX", [7]], ["RX", [8]], ["RY", [0]], ["RY", [2]], ["RY", [4]], ["RY", [6]], ["RY", [1]], ["RY", [3]], ["RY", [5]], ["RY", [7]], ["RY", [8]]], "parameter_efficiency": 0.006712962962962963, "spec_valid": true, "test_accuracy": 0.48333333333333334, "test_loss": 3.285098942601039, "train_accuracy": 0.4666666666666667, "train_loss": 3.2245946469232623, "validation_accuracy": 0.5555555555555556, "validation_loss": 3.1003946848849826}
==========Run 1/1 completed in 93.59 seconds==========
Correctness and error status saved to /home/chengyou1368/QuantumAnsatz/qml-ea/tic-tac-toe/results/ttt_qml_cli_20260624_162514/gen_39/results/correct.json
Metrics saved to /home/chengyou1368/QuantumAnsatz/qml-ea/tic-tac-toe/results/ttt_qml_cli_20260624_162514/gen_39/results/metrics.json
OK
{
  "combined_score": 0.5538834316184126,
  "public": {
    "train_accuracy_mean": 0.4667,
    "train_accuracy_std": 0.0,
    "validation_accuracy_mean": 0.5556,
    "validation_accuracy_std": 0.0,
    "test_accuracy_mean": 0.4833,
    "test_accuracy_std": 0.0,
    "generalization_gap_mean": 0.0167,
    "validation_loss_mean": 3.1004,
    "test_loss_mean": 3.2851,
    "parameter_efficiency_mean": 0.006713,
    "n_params": 72,
    "depth_mean": 40.0,
    "gate_count_mean": 279.0,
    "score_uses_test": false,
    "convergence_step_mean": null
  },
  "private": {
    "per_run_scores": [
      {
        "combined_score": 0.5538834316184126,
        "primary_accuracy": 0.5555555555555556,
        "gap_score": 0.9523809523809524,
        "loss_score": 0.24387896211216809,
        "parameter_efficiency_score": 1.0,
        "convergence_score": 0.0
      }
    ],
    "per_run_test_accuracies": [
      0.48333333333333334
    ]
  },
  "text_feedback": "Combined score: 0.5539\nValidation accuracy mean: 0.5556\nTest accuracy mean: 0.4833\nTrain-test generalization gap mean: 0.0167\nValidation L2 loss mean: 3.1004\nParameters: 72, depth mean: 40.0, gate count mean: 279.0\nFitness uses validation metrics; test metrics are reported as holdout diagnostics.\nDid not reach convergence threshold 0.90 in these runs.",
  "execution_time_mean": 93.59297801200046,
  "execution_time_std": 0.0,
  "num_valid_runs": 1,
  "num_invalid_runs": 0,
  "all_validation_errors": []
}
