Job running on a1130u24n03.mghpcc.ycrc.yale.edu under Slurm job 19604174
Activating sourced environment: /home/ch2499/project/zc_ttt/activate_eval_cluster.sh
==========Running program evaluation 1/1...==========
==========Run 1/1 completed in 1217.82 seconds==========
Correctness and error status saved to /home/ch2499/project/zc_ttt/results_gpt56sol/gen_27/results/correct.json
Metrics saved to /home/ch2499/project/zc_ttt/results_gpt56sol/gen_27/results/metrics.json
OK
{
  "combined_score": 0.5437590106823209,
  "public": {
    "train_accuracy_mean": 0.5889,
    "train_accuracy_std": 0.0,
    "validation_accuracy_mean": 0.56,
    "validation_accuracy_std": 0.0,
    "test_accuracy_mean": 0.5,
    "test_accuracy_std": 0.0,
    "generalization_gap_mean": 0.0889,
    "validation_loss_mean": 2.2812,
    "test_loss_mean": 2.4228,
    "parameter_efficiency_mean": 0.005208,
    "n_params": 96,
    "depth_mean": 42.0,
    "gate_count_mean": 207.0,
    "score_uses_test": false,
    "convergence_step_mean": null
  },
  "private": {
    "per_run_scores": [
      {
        "combined_score": 0.5437590106823209,
        "primary_accuracy": 0.56,
        "gap_score": 0.746031746031746,
        "loss_score": 0.3047690659244668,
        "parameter_efficiency_score": 0.9450000000000002,
        "convergence_score": 0.0
      }
    ],
    "per_run_test_accuracies": [
      0.5
    ]
  },
  "text_feedback": "Combined score: 0.5438\nValidation accuracy mean: 0.5600\nTest accuracy mean: 0.5000\nTrain-test generalization gap mean: 0.0889\nValidation L2 loss mean: 2.2812\nParameters: 96, depth mean: 42.0, gate count mean: 207.0\nFitness uses validation metrics; test metrics are reported as holdout diagnostics.\nDid not reach convergence threshold 0.90 in these runs.",
  "execution_time_mean": 1217.8150753201917,
  "execution_time_std": 0.0,
  "num_valid_runs": 1,
  "num_invalid_runs": 0,
  "all_validation_errors": []
}
