Job running on a1114u29n01.mghpcc.ycrc.yale.edu under Slurm job 19430007
Activating sourced environment: /home/ch2499/project/transfer_sn/activate_eval_cluster.sh
==========Running program evaluation 1/1...==========
==========Run 1/1 completed in 578.48 seconds==========
Correctness and error status saved to /home/ch2499/project/transfer_sn/results_sonnet/gen_11/results/correct.json
Metrics saved to /home/ch2499/project/transfer_sn/results_sonnet/gen_11/results/metrics.json
OK
{
  "combined_score": 0.7761479585122227,
  "public": {
    "train_accuracy_mean": 0.9289,
    "train_accuracy_std": 0.0,
    "validation_accuracy_mean": 0.86,
    "validation_accuracy_std": 0.0,
    "test_accuracy_mean": 0.835,
    "test_accuracy_std": 0.0,
    "generalization_gap_mean": 0.0939,
    "validation_loss_mean": 0.4456,
    "test_loss_mean": 0.5391,
    "parameter_efficiency_mean": 0.005285,
    "n_params": 158,
    "depth_mean": 120.0,
    "gate_count_mean": 276.0,
    "score_uses_test": false,
    "convergence_step_mean": null
  },
  "private": {
    "per_run_scores": [
      {
        "combined_score": 0.7761479585122227,
        "primary_accuracy": 0.86,
        "gap_score": 0.7317460317460316,
        "loss_score": 0.6917532509749283,
        "parameter_efficiency_score": 0.7946835443037975,
        "convergence_score": 0.0
      }
    ],
    "per_run_test_accuracies": [
      0.835
    ]
  },
  "text_feedback": "Combined score: 0.7761\nValidation accuracy mean: 0.8600\nTest accuracy mean: 0.8350\nTrain-test generalization gap mean: 0.0939\nValidation L2 loss mean: 0.4456\nParameters: 158, depth mean: 120.0, gate count mean: 276.0\nFitness uses validation metrics; test metrics are reported as holdout diagnostics.\nParameter count exceeds the seed; added accuracy must justify the complexity.\nDid not reach the convergence threshold in these runs.",
  "execution_time_mean": 578.4805897378828,
  "execution_time_std": 0.0,
  "num_valid_runs": 1,
  "num_invalid_runs": 0,
  "all_validation_errors": []
}
