Job running on a1132u37n03.mghpcc.ycrc.yale.edu under Slurm job 19614979
Activating sourced environment: /home/ch2499/project/zc_sn/activate_eval_cluster.sh
==========Running program evaluation 1/1...==========
==========Run 1/1 completed in 1502.70 seconds==========
Correctness and error status saved to /home/ch2499/project/zc_sn/results_haiku/gen_71/results/correct.json
Metrics saved to /home/ch2499/project/zc_sn/results_haiku/gen_71/results/metrics.json
OK
{
  "combined_score": 0.8948923316189704,
  "public": {
    "train_accuracy_mean": 0.9467,
    "train_accuracy_std": 0.0,
    "validation_accuracy_mean": 0.9167,
    "validation_accuracy_std": 0.0,
    "test_accuracy_mean": 0.9067,
    "test_accuracy_std": 0.0,
    "generalization_gap_mean": 0.04,
    "validation_loss_mean": 0.3688,
    "test_loss_mean": 0.3839,
    "parameter_efficiency_mean": 0.014624,
    "n_params": 62,
    "depth_mean": 172.0,
    "gate_count_mean": 402.0,
    "score_uses_test": false,
    "convergence_step_mean": 330.0
  },
  "private": {
    "per_run_scores": [
      {
        "combined_score": 0.8948923316189704,
        "primary_accuracy": 0.9166666666666666,
        "gap_score": 0.8857142857142856,
        "loss_score": 0.730567925078851,
        "parameter_efficiency_score": 1.0,
        "convergence_score": 0.989
      }
    ],
    "per_run_test_accuracies": [
      0.9066666666666666
    ]
  },
  "text_feedback": "Combined score: 0.8949\nValidation accuracy mean: 0.9167\nTest accuracy mean: 0.9067\nTrain-test generalization gap mean: 0.0400\nValidation L2 loss mean: 0.3688\nParameters: 62, depth mean: 172.0, gate count mean: 402.0\nFitness uses validation metrics; test metrics are reported as holdout diagnostics.",
  "execution_time_mean": 1502.7047611498274,
  "execution_time_std": 0.0,
  "num_valid_runs": 1,
  "num_invalid_runs": 0,
  "all_validation_errors": []
}
