==========Running program evaluation 1/1...==========
{"batch_size": 10, "data_seed": 2027, "dataset": {"all_valid_unique_boards": {"class_counts": {"circle": 316, "cross": 626, "draw": 4536}, "total": 5478}, "overlap_train_test": 4, "overlap_train_validation": 1, "overlap_validation_test": 3, "test": {"class_counts": {"circle": 20, "cross": 20, "draw": 20}, "rows": 60, "unique_boards": 59}, "train": {"class_counts": {"circle": 20, "cross": 20, "draw": 20}, "rows": 60, "unique_boards": 59}, "validation": {"class_counts": {"circle": 15, "cross": 15, "draw": 15}, "rows": 45, "unique_boards": 44}}, "event": "start", "learning_rate": 0.03, "n_epochs": 3, "n_params": 72, "n_params_per_block": 12, "n_repeats": 2, "n_uploads": 3, "seed": 1000, "steps_per_epoch": 3}
{"batch_loss": 6.489706075940967, "epoch": 1, "event": "epoch", "global_step": 3, "test_accuracy": 0.21666666666666667, "test_loss": 5.373171083827129, "train_accuracy": 0.2833333333333333, "train_loss": 5.247405071786319, "validation_accuracy": 0.26666666666666666, "validation_loss": 5.286246705831785}
{"batch_loss": 3.3305722584775097, "epoch": 2, "event": "epoch", "global_step": 6, "test_accuracy": 0.31666666666666665, "test_loss": 3.031684780902832, "train_accuracy": 0.3, "train_loss": 3.007879215424879, "validation_accuracy": 0.3333333333333333, "validation_loss": 3.027580744500678}
{"batch_loss": 2.876448196037849, "epoch": 3, "event": "epoch", "global_step": 9, "test_accuracy": 0.15, "test_loss": 2.997983134891759, "train_accuracy": 0.23333333333333334, "train_loss": 2.979253126739333, "validation_accuracy": 0.2222222222222222, "validation_loss": 3.0105065313867234}
{"convergence_epoch": null, "convergence_step": null, "convergence_threshold": 0.9, "depth": 84, "event": "final", "gate_count": 285, "generalization_gap": 0.08333333333333334, "history_tail": [{"batch_loss": 6.489706075940967, "epoch": 1, "event": "epoch", "global_step": 3, "test_accuracy": 0.21666666666666667, "test_loss": 5.373171083827129, "train_accuracy": 0.2833333333333333, "train_loss": 5.247405071786319, "validation_accuracy": 0.26666666666666666, "validation_loss": 5.286246705831785}, {"batch_loss": 3.3305722584775097, "epoch": 2, "event": "epoch", "global_step": 6, "test_accuracy": 0.31666666666666665, "test_loss": 3.031684780902832, "train_accuracy": 0.3, "train_loss": 3.007879215424879, "validation_accuracy": 0.3333333333333333, "validation_loss": 3.027580744500678}, {"batch_loss": 2.876448196037849, "epoch": 3, "event": "epoch", "global_step": 9, "test_accuracy": 0.15, "test_loss": 2.997983134891759, "train_accuracy": 0.23333333333333334, "train_loss": 2.979253126739333, "validation_accuracy": 0.2222222222222222, "validation_loss": 3.0105065313867234}], "max_steps": 9, "n_params": 72, "n_params_per_block": 12, "n_qubits": 9, "n_repeats": 2, "n_uploads": 3, "operations": [["RX", [0]], ["RX", [1]], ["RX", [2]], ["RX", [3]], ["RX", [4]], ["RX", [5]], ["RX", [6]], ["RX", [7]], ["RX", [8]], ["RY", [0]], ["RY", [2]], ["RY", [4]], ["RY", [6]], ["RY", [1]], ["RY", [3]], ["RY", [5]], ["RY", [7]], ["RY", [8]], ["RX", [0]], ["RX", [2]], ["RX", [4]], ["RX", [6]], ["RX", [1]], ["RX", [3]], ["RX", [5]], ["RX", [7]], ["RX", [8]], ["CRY", [0, 1]], ["CRY", [2, 1]], ["CRY", [2, 3]], ["CRY", [4, 3]], ["CRY", [4, 5]], ["CRY", [6, 5]], ["CRY", [6, 7]], ["CRY", [0, 7]], ["CRY", [1, 8]], ["CRY", [3, 8]], ["CRY", [5, 8]], ["CRY", [7, 8]], ["CRY", [8, 1]], ["CRY", [8, 3]], ["CRY", [8, 5]], ["CRY", [8, 7]], ["RY", [0]], ["RY", [2]], ["RY", [4]], ["RY", [6]], ["RY", [1]], ["RY", [3]], ["RY", [5]], ["RY", [7]], ["RY", [8]], ["RY", [0]], ["RY", [2]], ["RY", [4]], ["RY", [6]], ["RY", [1]], ["RY", [3]], ["RY", [5]], ["RY", [7]], ["RY", [8]], ["RX", [0]], ["RX", [2]], ["RX", [4]], ["RX", [6]], ["RX", [1]], ["RX", [3]], ["RX", [5]], ["RX", [7]], ["RX", [8]], ["CRY", [0, 1]], ["CRY", [2, 1]], ["CRY", [2, 3]], ["CRY", [4, 3]], ["CRY", [4, 5]], ["CRY", [6, 5]], ["CRY", [6, 7]], ["CRY", [0, 7]], ["CRY", [1, 8]], ["CRY", [3, 8]], ["CRY", [5, 8]], ["CRY", [7, 8]], ["CRY", [8, 1]], ["CRY", [8, 3]], ["CRY", [8, 5]], ["CRY", [8, 7]], ["RY", [0]], ["RY", [2]], ["RY", [4]], ["RY", [6]], ["RY", [1]], ["RY", [3]], ["RY", [5]], ["RY", [7]], ["RY", [8]], ["RX", [0]], ["RX", [1]], ["RX", [2]], ["RX", [3]], ["RX", [4]], ["RX", [5]], ["RX", [6]], ["RX", [7]], ["RX", [8]], ["RY", [0]], ["RY", [2]], ["RY", [4]], ["RY", [6]], ["RY", [1]], ["RY", [3]], ["RY", [5]], ["RY", [7]], ["RY", [8]], ["RX", [0]], ["RX", [2]], ["RX", [4]], ["RX", [6]], ["RX", [1]], ["RX", [3]], ["RX", [5]], ["RX", [7]], ["RX", [8]], ["CRY", [0, 1]], ["CRY", [2, 1]], ["CRY", [2, 3]], ["CRY", [4, 3]], ["CRY", [4, 5]], ["CRY", [6, 5]], ["CRY", [6, 7]], ["CRY", [0, 7]], ["CRY", [1, 8]], ["CRY", [3, 8]], ["CRY", [5, 8]], ["CRY", [7, 8]], ["CRY", [8, 1]], ["CRY", [8, 3]], ["CRY", [8, 5]], ["CRY", [8, 7]], ["RY", [0]], ["RY", [2]], ["RY", [4]], ["RY", [6]], ["RY", [1]], ["RY", [3]], ["RY", [5]], ["RY", [7]], ["RY", [8]], ["RY", [0]], ["RY", [2]], ["RY", [4]], ["RY", [6]], ["RY", [1]], ["RY", [3]], ["RY", [5]], ["RY", [7]], ["RY", [8]], ["RX", [0]], ["RX", [2]], ["RX", [4]], ["RX", [6]], ["RX", [1]], ["RX", [3]], ["RX", [5]], ["RX", [7]], ["RX", [8]], ["CRY", [0, 1]], ["CRY", [2, 1]], ["CRY", [2, 3]], ["CRY", [4, 3]], ["CRY", [4, 5]], ["CRY", [6, 5]], ["CRY", [6, 7]], ["CRY", [0, 7]], ["CRY", [1, 8]], ["CRY", [3, 8]], ["CRY", [5, 8]], ["CRY", [7, 8]], ["CRY", [8, 1]], ["CRY", [8, 3]], ["CRY", [8, 5]], ["CRY", [8, 7]], ["RY", [0]], ["RY", [2]], ["RY", [4]], ["RY", [6]], ["RY", [1]], ["RY", [3]], ["RY", [5]], ["RY", [7]], ["RY", [8]], ["RX", [0]], ["RX", [1]], ["RX", [2]], ["RX", [3]], ["RX", [4]], ["RX", [5]], ["RX", [6]], ["RX", [7]], ["RX", [8]], ["RY", [0]], ["RY", [2]], ["RY", [4]], ["RY", [6]], ["RY", [1]], ["RY", [3]], ["RY", [5]], ["RY", [7]], ["RY", [8]], ["RX", [0]], ["RX", [2]], ["RX", [4]], ["RX", [6]], ["RX", [1]], ["RX", [3]], ["RX", [5]], ["RX", [7]], ["RX", [8]], ["CRY", [0, 1]], ["CRY", [2, 1]], ["CRY", [2, 3]], ["CRY", [4, 3]], ["CRY", [4, 5]], ["CRY", [6, 5]], ["CRY", [6, 7]], ["CRY", [0, 7]], ["CRY", [1, 8]], ["CRY", [3, 8]], ["CRY", [5, 8]], ["CRY", [7, 8]], ["CRY", [8, 1]], ["CRY", [8, 3]], ["CRY", [8, 5]], ["CRY", [8, 7]], ["RY", [0]], ["RY", [2]], ["RY", [4]], ["RY", [6]], ["RY", [1]], ["RY", [3]], ["RY", [5]], ["RY", [7]], ["RY", [8]], ["RY", [0]], ["RY", [2]], ["RY", [4]], ["RY", [6]], ["RY", [1]], ["RY", [3]], ["RY", [5]], ["RY", [7]], ["RY", [8]], ["RX", [0]], ["RX", [2]], ["RX", [4]], ["RX", [6]], ["RX", [1]], ["RX", [3]], ["RX", [5]], ["RX", [7]], ["RX", [8]], ["CRY", [0, 1]], ["CRY", [2, 1]], ["CRY", [2, 3]], ["CRY", [4, 3]], ["CRY", [4, 5]], ["CRY", [6, 5]], ["CRY", [6, 7]], ["CRY", [0, 7]], ["CRY", [1, 8]], ["CRY", [3, 8]], ["CRY", [5, 8]], ["CRY", [7, 8]], ["CRY", [8, 1]], ["CRY", [8, 3]], ["CRY", [8, 5]], ["CRY", [8, 7]], ["RY", [0]], ["RY", [2]], ["RY", [4]], ["RY", [6]], ["RY", [1]], ["RY", [3]], ["RY", [5]], ["RY", [7]], ["RY", [8]]], "parameter_efficiency": 0.0020833333333333333, "spec_valid": true, "test_accuracy": 0.15, "test_loss": 2.997983134891759, "train_accuracy": 0.23333333333333334, "train_loss": 2.979253126739333, "validation_accuracy": 0.2222222222222222, "validation_loss": 3.0105065313867234}
==========Run 1/1 completed in 50.06 seconds==========
Correctness and error status saved to /home/chengyou1368/QuantumAnsatz/qml-ea/tic-tac-toe/results/ttt_qml_cli_20260618_121507/gen_20/results/correct.json
Metrics saved to /home/chengyou1368/QuantumAnsatz/qml-ea/tic-tac-toe/results/ttt_qml_cli_20260618_121507/gen_20/results/metrics.json
OK
{
  "combined_score": 0.31113191804063023,
  "public": {
    "train_accuracy_mean": 0.2333,
    "train_accuracy_std": 0.0,
    "validation_accuracy_mean": 0.2222,
    "validation_accuracy_std": 0.0,
    "test_accuracy_mean": 0.15,
    "test_accuracy_std": 0.0,
    "generalization_gap_mean": 0.0833,
    "validation_loss_mean": 3.0105,
    "test_loss_mean": 2.998,
    "parameter_efficiency_mean": 0.002083,
    "n_params": 72,
    "depth_mean": 84.0,
    "gate_count_mean": 285.0,
    "score_uses_test": false,
    "convergence_step_mean": null
  },
  "private": {
    "per_run_scores": [
      {
        "combined_score": 0.31113191804063023,
        "primary_accuracy": 0.2222222222222222,
        "gap_score": 0.7619047619047619,
        "loss_score": 0.24934506206980975,
        "parameter_efficiency_score": 0.5,
        "convergence_score": 0.0
      }
    ],
    "per_run_test_accuracies": [
      0.15
    ]
  },
  "text_feedback": "Combined score: 0.3111\nValidation accuracy mean: 0.2222\nTest accuracy mean: 0.1500\nTrain-test generalization gap mean: 0.0833\nValidation L2 loss mean: 3.0105\nParameters: 72, depth mean: 84.0, gate count mean: 285.0\nFitness uses validation metrics; test metrics are reported as holdout diagnostics.\nAccuracy is still low; explore more expressive local entanglement or rotation diversity.\nDid not reach convergence threshold 0.90 in these runs.",
  "execution_time_mean": 50.06429497299905,
  "execution_time_std": 0.0,
  "num_valid_runs": 1,
  "num_invalid_runs": 0,
  "all_validation_errors": []
}
