Job running on a1132u22n04.mghpcc.ycrc.yale.edu under Slurm job 19593019
Activating sourced environment: /home/ch2499/project/zc_ttt/activate_eval_cluster.sh
==========Running program evaluation 1/1...==========
==========Run 1/1 completed in 2599.52 seconds==========
Correctness and error status saved to /home/ch2499/project/zc_ttt/results_gpt56sol/gen_10/results/correct.json
Metrics saved to /home/ch2499/project/zc_ttt/results_gpt56sol/gen_10/results/metrics.json
OK
{
  "combined_score": 0.5653400698866151,
  "public": {
    "train_accuracy_mean": 0.6578,
    "train_accuracy_std": 0.0,
    "validation_accuracy_mean": 0.6133,
    "validation_accuracy_std": 0.0,
    "test_accuracy_mean": 0.5617,
    "test_accuracy_std": 0.0,
    "generalization_gap_mean": 0.0961,
    "validation_loss_mean": 2.2293,
    "test_loss_mean": 2.3271,
    "parameter_efficiency_mean": 0.004255,
    "n_params": 132,
    "depth_mean": 47.0,
    "gate_count_mean": 261.0,
    "score_uses_test": false,
    "convergence_step_mean": null
  },
  "private": {
    "per_run_scores": [
      {
        "combined_score": 0.5653400698866151,
        "primary_accuracy": 0.6133333333333333,
        "gap_score": 0.7253968253968253,
        "loss_score": 0.30966491997522216,
        "parameter_efficiency_score": 0.7527272727272726,
        "convergence_score": 0.0
      }
    ],
    "per_run_test_accuracies": [
      0.5616666666666666
    ]
  },
  "text_feedback": "Combined score: 0.5653\nValidation accuracy mean: 0.6133\nTest accuracy mean: 0.5617\nTrain-test generalization gap mean: 0.0961\nValidation L2 loss mean: 2.2293\nParameters: 132, depth mean: 47.0, gate count mean: 261.0\nFitness uses validation metrics; test metrics are reported as holdout diagnostics.\nDid not reach convergence threshold 0.90 in these runs.",
  "execution_time_mean": 2599.520479661878,
  "execution_time_std": 0.0,
  "num_valid_runs": 1,
  "num_invalid_runs": 0,
  "all_validation_errors": []
}
