==========Running program evaluation 1/1...==========
{"batch_size": 10, "data_seed": 2027, "dataset": {"all_valid_unique_boards": {"class_counts": {"circle": 316, "cross": 626, "draw": 4536}, "total": 5478}, "overlap_train_test": 4, "overlap_train_validation": 1, "overlap_validation_test": 3, "test": {"class_counts": {"circle": 20, "cross": 20, "draw": 20}, "rows": 60, "unique_boards": 59}, "train": {"class_counts": {"circle": 20, "cross": 20, "draw": 20}, "rows": 60, "unique_boards": 59}, "validation": {"class_counts": {"circle": 15, "cross": 15, "draw": 15}, "rows": 45, "unique_boards": 44}}, "event": "start", "learning_rate": 0.03, "n_epochs": 3, "n_params": 54, "n_params_per_block": 9, "n_repeats": 2, "n_uploads": 3, "seed": 2000, "steps_per_epoch": 3}
{"batch_loss": 6.742478816285694, "epoch": 1, "event": "epoch", "global_step": 3, "test_accuracy": 0.6166666666666667, "test_loss": 5.431311179467975, "train_accuracy": 0.36666666666666664, "train_loss": 5.668719534891225, "validation_accuracy": 0.5333333333333333, "validation_loss": 5.432817944397878}
{"batch_loss": 4.422225430407084, "epoch": 2, "event": "epoch", "global_step": 6, "test_accuracy": 0.5833333333333334, "test_loss": 3.4937611125939805, "train_accuracy": 0.4166666666666667, "train_loss": 3.84130698805158, "validation_accuracy": 0.5111111111111111, "validation_loss": 3.59532927468157}
{"batch_loss": 3.660855841479863, "epoch": 3, "event": "epoch", "global_step": 9, "test_accuracy": 0.55, "test_loss": 2.9485009224577485, "train_accuracy": 0.4166666666666667, "train_loss": 3.1646763385595147, "validation_accuracy": 0.4444444444444444, "validation_loss": 3.0541857151415543}
{"convergence_epoch": null, "convergence_step": null, "convergence_threshold": 0.9, "depth": 64, "event": "final", "gate_count": 327, "generalization_gap": 0.13333333333333336, "history_tail": [{"batch_loss": 6.742478816285694, "epoch": 1, "event": "epoch", "global_step": 3, "test_accuracy": 0.6166666666666667, "test_loss": 5.431311179467975, "train_accuracy": 0.36666666666666664, "train_loss": 5.668719534891225, "validation_accuracy": 0.5333333333333333, "validation_loss": 5.432817944397878}, {"batch_loss": 4.422225430407084, "epoch": 2, "event": "epoch", "global_step": 6, "test_accuracy": 0.5833333333333334, "test_loss": 3.4937611125939805, "train_accuracy": 0.4166666666666667, "train_loss": 3.84130698805158, "validation_accuracy": 0.5111111111111111, "validation_loss": 3.59532927468157}, {"batch_loss": 3.660855841479863, "epoch": 3, "event": "epoch", "global_step": 9, "test_accuracy": 0.55, "test_loss": 2.9485009224577485, "train_accuracy": 0.4166666666666667, "train_loss": 3.1646763385595147, "validation_accuracy": 0.4444444444444444, "validation_loss": 3.0541857151415543}], "max_steps": 9, "n_params": 54, "n_params_per_block": 9, "n_qubits": 9, "n_repeats": 2, "n_uploads": 3, "operations": [["RX", [0]], ["RX", [1]], ["RX", [2]], ["RX", [3]], ["RX", [4]], ["RX", [5]], ["RX", [6]], ["RX", [7]], ["RX", [8]], ["RY", [0]], ["RY", [2]], ["RY", [4]], ["RY", [6]], ["RY", [1]], ["RY", [3]], ["RY", [5]], ["RY", [7]], ["RY", [8]], ["RZ", [0]], ["RZ", [1]], ["RZ", [2]], ["RZ", [3]], ["RZ", [4]], ["RZ", [5]], ["RZ", [6]], ["RZ", [7]], ["RZ", [8]], ["CZ", [0, 1]], ["CZ", [2, 3]], ["CZ", [4, 5]], ["CZ", [6, 7]], ["CZ", [3, 8]], ["CZ", [7, 8]], ["CRX", [1, 2]], ["CRX", [3, 4]], ["CRX", [5, 6]], ["CRX", [7, 0]], ["CRX", [1, 8]], ["CRX", [3, 8]], ["CRX", [5, 8]], ["CRX", [7, 8]], ["RX", [0]], ["RX", [1]], ["RX", [2]], ["RX", [3]], ["RX", [4]], ["RX", [5]], ["RX", [6]], ["RX", [7]], ["RX", [8]], ["RY", [0]], ["RY", [1]], ["RY", [2]], ["RY", [3]], ["RY", [4]], ["RY", [5]], ["RY", [6]], ["RY", [7]], ["RY", [8]], ["RY", [0]], ["RY", [2]], ["RY", [4]], ["RY", [6]], ["RY", [1]], ["RY", [3]], ["RY", [5]], ["RY", [7]], ["RY", [8]], ["RZ", [0]], ["RZ", [1]], ["RZ", [2]], ["RZ", [3]], ["RZ", [4]], ["RZ", [5]], ["RZ", [6]], ["RZ", [7]], ["RZ", [8]], ["CZ", [0, 1]], ["CZ", [2, 3]], ["CZ", [4, 5]], ["CZ", [6, 7]], ["CZ", [3, 8]], ["CZ", [7, 8]], ["CRX", [1, 2]], ["CRX", [3, 4]], ["CRX", [5, 6]], ["CRX", [7, 0]], ["CRX", [1, 8]], ["CRX", [3, 8]], ["CRX", [5, 8]], ["CRX", [7, 8]], ["RX", [0]], ["RX", [1]], ["RX", [2]], ["RX", [3]], ["RX", [4]], ["RX", [5]], ["RX", [6]], ["RX", [7]], ["RX", [8]], ["RY", [0]], ["RY", [1]], ["RY", [2]], ["RY", [3]], ["RY", [4]], ["RY", [5]], ["RY", [6]], ["RY", [7]], ["RY", [8]], ["RX", [0]], ["RX", [1]], ["RX", [2]], ["RX", [3]], ["RX", [4]], ["RX", [5]], ["RX", [6]], ["RX", [7]], ["RX", [8]], ["RY", [0]], ["RY", [2]], ["RY", [4]], ["RY", [6]], ["RY", [1]], ["RY", [3]], ["RY", [5]], ["RY", [7]], ["RY", [8]], ["RZ", [0]], ["RZ", [1]], ["RZ", [2]], ["RZ", [3]], ["RZ", [4]], ["RZ", [5]], ["RZ", [6]], ["RZ", [7]], ["RZ", [8]], ["CZ", [0, 1]], ["CZ", [2, 3]], ["CZ", [4, 5]], ["CZ", [6, 7]], ["CZ", [3, 8]], ["CZ", [7, 8]], ["CRX", [1, 2]], ["CRX", [3, 4]], ["CRX", [5, 6]], ["CRX", [7, 0]], ["CRX", [1, 8]], ["CRX", [3, 8]], ["CRX", [5, 8]], ["CRX", [7, 8]], ["RX", [0]], ["RX", [1]], ["RX", [2]], ["RX", [3]], ["RX", [4]], ["RX", [5]], ["RX", [6]], ["RX", [7]], ["RX", [8]], ["RY", [0]], ["RY", [1]], ["RY", [2]], ["RY", [3]], ["RY", [4]], ["RY", [5]], ["RY", [6]], ["RY", [7]], ["RY", [8]], ["RY", [0]], ["RY", [2]], ["RY", [4]], ["RY", [6]], ["RY", [1]], ["RY", [3]], ["RY", [5]], ["RY", [7]], ["RY", [8]], ["RZ", [0]], ["RZ", [1]], ["RZ", [2]], ["RZ", [3]], ["RZ", [4]], ["RZ", [5]], ["RZ", [6]], ["RZ", [7]], ["RZ", [8]], ["CZ", [0, 1]], ["CZ", [2, 3]], ["CZ", [4, 5]], ["CZ", [6, 7]], ["CZ", [3, 8]], ["CZ", [7, 8]], ["CRX", [1, 2]], ["CRX", [3, 4]], ["CRX", [5, 6]], ["CRX", [7, 0]], ["CRX", [1, 8]], ["CRX", [3, 8]], ["CRX", [5, 8]], ["CRX", [7, 8]], ["RX", [0]], ["RX", [1]], ["RX", [2]], ["RX", [3]], ["RX", [4]], ["RX", [5]], ["RX", [6]], ["RX", [7]], ["RX", [8]], ["RY", [0]], ["RY", [1]], ["RY", [2]], ["RY", [3]], ["RY", [4]], ["RY", [5]], ["RY", [6]], ["RY", [7]], ["RY", [8]], ["RX", [0]], ["RX", [1]], ["RX", [2]], ["RX", [3]], ["RX", [4]], ["RX", [5]], ["RX", [6]], ["RX", [7]], ["RX", [8]], ["RY", [0]], ["RY", [2]], ["RY", [4]], ["RY", [6]], ["RY", [1]], ["RY", [3]], ["RY", [5]], ["RY", [7]], ["RY", [8]], ["RZ", [0]], ["RZ", [1]], ["RZ", [2]], ["RZ", [3]], ["RZ", [4]], ["RZ", [5]], ["RZ", [6]], ["RZ", [7]], ["RZ", [8]], ["CZ", [0, 1]], ["CZ", [2, 3]], ["CZ", [4, 5]], ["CZ", [6, 7]], ["CZ", [3, 8]], ["CZ", [7, 8]], ["CRX", [1, 2]], ["CRX", [3, 4]], ["CRX", [5, 6]], ["CRX", [7, 0]], ["CRX", [1, 8]], ["CRX", [3, 8]], ["CRX", [5, 8]], ["CRX", [7, 8]], ["RX", [0]], ["RX", [1]], ["RX", [2]], ["RX", [3]], ["RX", [4]], ["RX", [5]], ["RX", [6]], ["RX", [7]], ["RX", [8]], ["RY", [0]], ["RY", [1]], ["RY", [2]], ["RY", [3]], ["RY", [4]], ["RY", [5]], ["RY", [6]], ["RY", [7]], ["RY", [8]], ["RY", [0]], ["RY", [2]], ["RY", [4]], ["RY", [6]], ["RY", [1]], ["RY", [3]], ["RY", [5]], ["RY", [7]], ["RY", [8]], ["RZ", [0]], ["RZ", [1]], ["RZ", [2]], ["RZ", [3]], ["RZ", [4]], ["RZ", [5]], ["RZ", [6]], ["RZ", [7]], ["RZ", [8]], ["CZ", [0, 1]], ["CZ", [2, 3]], ["CZ", [4, 5]], ["CZ", [6, 7]], ["CZ", [3, 8]], ["CZ", [7, 8]], ["CRX", [1, 2]], ["CRX", [3, 4]], ["CRX", [5, 6]], ["CRX", [7, 0]], ["CRX", [1, 8]], ["CRX", [3, 8]], ["CRX", [5, 8]], ["CRX", [7, 8]], ["RX", [0]], ["RX", [1]], ["RX", [2]], ["RX", [3]], ["RX", [4]], ["RX", [5]], ["RX", [6]], ["RX", [7]], ["RX", [8]], ["RY", [0]], ["RY", [1]], ["RY", [2]], ["RY", [3]], ["RY", [4]], ["RY", [5]], ["RY", [6]], ["RY", [7]], ["RY", [8]]], "parameter_efficiency": 0.010185185185185186, "spec_valid": true, "test_accuracy": 0.55, "test_loss": 2.9485009224577485, "train_accuracy": 0.4166666666666667, "train_loss": 3.1646763385595147, "validation_accuracy": 0.4444444444444444, "validation_loss": 3.0541857151415543}
==========Run 1/1 completed in 135.05 seconds==========
Correctness and error status saved to /home/chengyou1368/QuantumAnsatz/qml-ea/tic-tac-toe/results/ttt_qml_cli_20260624_162514/gen_49/results/correct.json
Metrics saved to /home/chengyou1368/QuantumAnsatz/qml-ea/tic-tac-toe/results/ttt_qml_cli_20260624_162514/gen_49/results/metrics.json
OK
{
  "combined_score": 0.4437448301581964,
  "public": {
    "train_accuracy_mean": 0.4167,
    "train_accuracy_std": 0.0,
    "validation_accuracy_mean": 0.4444,
    "validation_accuracy_std": 0.0,
    "test_accuracy_mean": 0.55,
    "test_accuracy_std": 0.0,
    "generalization_gap_mean": 0.1333,
    "validation_loss_mean": 3.0542,
    "test_loss_mean": 2.9485,
    "parameter_efficiency_mean": 0.010185,
    "n_params": 54,
    "depth_mean": 64.0,
    "gate_count_mean": 327.0,
    "score_uses_test": false,
    "convergence_step_mean": null
  },
  "private": {
    "per_run_scores": [
      {
        "combined_score": 0.4437448301581964,
        "primary_accuracy": 0.4444444444444444,
        "gap_score": 0.619047619047619,
        "loss_score": 0.24665865608109774,
        "parameter_efficiency_score": 1.0,
        "convergence_score": 0.0
      }
    ],
    "per_run_test_accuracies": [
      0.55
    ]
  },
  "text_feedback": "Combined score: 0.4437\nValidation accuracy mean: 0.4444\nTest accuracy mean: 0.5500\nTrain-test generalization gap mean: 0.1333\nValidation L2 loss mean: 3.0542\nParameters: 54, depth mean: 64.0, gate count mean: 327.0\nFitness uses validation metrics; test metrics are reported as holdout diagnostics.\nAccuracy is still low; explore more expressive local entanglement or rotation diversity.\nDid not reach convergence threshold 0.90 in these runs.",
  "execution_time_mean": 135.04570785800024,
  "execution_time_std": 0.0,
  "num_valid_runs": 1,
  "num_invalid_runs": 0,
  "all_validation_errors": []
}
