Job running on a1130u31n04.mghpcc.ycrc.yale.edu under Slurm job 19614516
Activating sourced environment: /home/ch2499/project/zc_ttt/activate_eval_cluster.sh
==========Running program evaluation 1/1...==========
==========Run 1/1 completed in 1106.07 seconds==========
Correctness and error status saved to /home/ch2499/project/zc_ttt/results_haiku/gen_65/results/correct.json
Metrics saved to /home/ch2499/project/zc_ttt/results_haiku/gen_65/results/metrics.json
OK
{
  "combined_score": 0.5575987163548314,
  "public": {
    "train_accuracy_mean": 0.6689,
    "train_accuracy_std": 0.0,
    "validation_accuracy_mean": 0.6167,
    "validation_accuracy_std": 0.0,
    "test_accuracy_mean": 0.5517,
    "test_accuracy_std": 0.0,
    "generalization_gap_mean": 0.1172,
    "validation_loss_mean": 2.2314,
    "test_loss_mean": 2.3198,
    "parameter_efficiency_mean": 0.003998,
    "n_params": 138,
    "depth_mean": 69.0,
    "gate_count_mean": 327.0,
    "score_uses_test": false,
    "convergence_step_mean": null
  },
  "private": {
    "per_run_scores": [
      {
        "combined_score": 0.5575987163548314,
        "primary_accuracy": 0.6166666666666667,
        "gap_score": 0.665079365079365,
        "loss_score": 0.3094595813119419,
        "parameter_efficiency_score": 0.7239130434782609,
        "convergence_score": 0.0
      }
    ],
    "per_run_test_accuracies": [
      0.5516666666666666
    ]
  },
  "text_feedback": "Combined score: 0.5576\nValidation accuracy mean: 0.6167\nTest accuracy mean: 0.5517\nTrain-test generalization gap mean: 0.1172\nValidation L2 loss mean: 2.2314\nParameters: 138, depth mean: 69.0, gate count mean: 327.0\nFitness uses validation metrics; test metrics are reported as holdout diagnostics.\nDid not reach convergence threshold 0.90 in these runs.",
  "execution_time_mean": 1106.070493478328,
  "execution_time_std": 0.0,
  "num_valid_runs": 1,
  "num_invalid_runs": 0,
  "all_validation_errors": []
}
