Job running on a1130u37n02.mghpcc.ycrc.yale.edu under Slurm job 19596149
Activating sourced environment: /home/ch2499/project/zc_su2/activate_eval_cluster.sh
==========Running program evaluation 1/1...==========
==========Run 1/1 completed in 1036.84 seconds==========
Correctness and error status saved to /home/ch2499/project/zc_su2/results_sonnet/gen_7/results/correct.json
Metrics saved to /home/ch2499/project/zc_su2/results_sonnet/gen_7/results/metrics.json
OK
{
  "combined_score": 0.6622931623931624,
  "public": {
    "train_accuracy_mean": 1.0,
    "train_accuracy_std": 0.0,
    "validation_accuracy_mean": 1.0,
    "validation_accuracy_std": 0.0,
    "test_accuracy_mean": 1.0,
    "test_accuracy_std": 0.0,
    "generalization_gap_mean": 0.0,
    "validation_loss_mean": 0.0186,
    "test_loss_mean": 0.0171,
    "parameter_efficiency_mean": 0.038462,
    "n_params": 26,
    "depth_mean": 29.0,
    "gate_count_mean": 138.0,
    "score_uses_test": false,
    "convergence_step_mean": 30.0
  },
  "private": {
    "per_run_scores": [
      {
        "combined_score": 0.6622931623931624,
        "primary_accuracy": 1.0,
        "gap_score": 1.0,
        "loss_score": 0.9817841238500196,
        "parameter_efficiency_score": 0.15598290598290598,
        "convergence_score": 0.999
      }
    ],
    "per_run_test_accuracies": [
      1.0
    ]
  },
  "text_feedback": "Combined score: 0.6623\nValidation accuracy mean: 1.0000\nTest accuracy mean: 1.0000\nTrain-test generalization gap mean: 0.0000\nValidation L2 loss mean: 0.0186\nParameters: 26, depth mean: 29.0, gate count mean: 138.0\nFitness uses validation metrics; test metrics are reported as holdout diagnostics.\nScoring emphasizes parameter economy: match or beat the accuracy with as few trainable parameters as possible, and converge fast.\nParameter efficiency score: 0.156",
  "execution_time_mean": 1036.8424135330133,
  "execution_time_std": 0.0,
  "num_valid_runs": 1,
  "num_invalid_runs": 0,
  "all_validation_errors": []
}
