Job running on a1130u37n02.mghpcc.ycrc.yale.edu under Slurm job 19597988
Activating sourced environment: /home/ch2499/project/zc_ttt/activate_eval_cluster.sh
==========Running program evaluation 1/1...==========
==========Run 1/1 completed in 1222.27 seconds==========
Correctness and error status saved to /home/ch2499/project/zc_ttt/results_haiku/gen_10/results/correct.json
Metrics saved to /home/ch2499/project/zc_ttt/results_haiku/gen_10/results/metrics.json
OK
{
  "combined_score": 0.5634777320449118,
  "public": {
    "train_accuracy_mean": 0.6489,
    "train_accuracy_std": 0.0,
    "validation_accuracy_mean": 0.6,
    "validation_accuracy_std": 0.0,
    "test_accuracy_mean": 0.565,
    "test_accuracy_std": 0.0,
    "generalization_gap_mean": 0.0839,
    "validation_loss_mean": 2.263,
    "test_loss_mean": 2.3513,
    "parameter_efficiency_mean": 0.004484,
    "n_params": 126,
    "depth_mean": 63.0,
    "gate_count_mean": 273.0,
    "score_uses_test": false,
    "convergence_step_mean": null
  },
  "private": {
    "per_run_scores": [
      {
        "combined_score": 0.5634777320449118,
        "primary_accuracy": 0.6,
        "gap_score": 0.7603174603174603,
        "loss_score": 0.3064653035798358,
        "parameter_efficiency_score": 0.7714285714285715,
        "convergence_score": 0.0
      }
    ],
    "per_run_test_accuracies": [
      0.565
    ]
  },
  "text_feedback": "Combined score: 0.5635\nValidation accuracy mean: 0.6000\nTest accuracy mean: 0.5650\nTrain-test generalization gap mean: 0.0839\nValidation L2 loss mean: 2.2630\nParameters: 126, depth mean: 63.0, gate count mean: 273.0\nFitness uses validation metrics; test metrics are reported as holdout diagnostics.\nDid not reach convergence threshold 0.90 in these runs.",
  "execution_time_mean": 1222.2695170110092,
  "execution_time_std": 0.0,
  "num_valid_runs": 1,
  "num_invalid_runs": 0,
  "all_validation_errors": []
}
