Job running on a1114u29n01.mghpcc.ycrc.yale.edu under Slurm job 19606783
Activating sourced environment: /home/ch2499/project/zc_sn/activate_eval_cluster.sh
==========Running program evaluation 1/1...==========
==========Run 1/1 completed in 1073.10 seconds==========
Correctness and error status saved to /home/ch2499/project/zc_sn/results_haiku/gen_42/results/correct.json
Metrics saved to /home/ch2499/project/zc_sn/results_haiku/gen_42/results/metrics.json
OK
{
  "combined_score": 0.8988457206921373,
  "public": {
    "train_accuracy_mean": 0.9333,
    "train_accuracy_std": 0.0,
    "validation_accuracy_mean": 0.9167,
    "validation_accuracy_std": 0.0,
    "test_accuracy_mean": 0.9067,
    "test_accuracy_std": 0.0,
    "generalization_gap_mean": 0.0267,
    "validation_loss_mean": 0.3698,
    "test_loss_mean": 0.3883,
    "parameter_efficiency_mean": 0.013333,
    "n_params": 68,
    "depth_mean": 160.0,
    "gate_count_mean": 360.0,
    "score_uses_test": false,
    "convergence_step_mean": 540.0
  },
  "private": {
    "per_run_scores": [
      {
        "combined_score": 0.8988457206921373,
        "primary_accuracy": 0.9166666666666666,
        "gap_score": 0.9238095238095236,
        "loss_score": 0.7300508363602798,
        "parameter_efficiency_score": 1.0,
        "convergence_score": 0.982
      }
    ],
    "per_run_test_accuracies": [
      0.9066666666666666
    ]
  },
  "text_feedback": "Combined score: 0.8988\nValidation accuracy mean: 0.9167\nTest accuracy mean: 0.9067\nTrain-test generalization gap mean: 0.0267\nValidation L2 loss mean: 0.3698\nParameters: 68, depth mean: 160.0, gate count mean: 360.0\nFitness uses validation metrics; test metrics are reported as holdout diagnostics.",
  "execution_time_mean": 1073.0963887160178,
  "execution_time_std": 0.0,
  "num_valid_runs": 1,
  "num_invalid_runs": 0,
  "all_validation_errors": []
}
