Job running on a1114u28n01.mghpcc.ycrc.yale.edu under Slurm job 23103789
Activating sourced environment: /home/ch2499/project/transfer_sn/activate_eval_cluster.sh
==========Running program evaluation 1/1...==========
==========Run 1/1 completed in 897.44 seconds==========
Correctness and error status saved to /home/ch2499/project/transfer_sn/results_frw3_mid_r5/gen_4/results/correct.json
Metrics saved to /home/ch2499/project/transfer_sn/results_frw3_mid_r5/gen_4/results/metrics.json
OK
{
  "combined_score": 0.34312402852828366,
  "public": {
    "combined_score_raw": 0.8867,
    "train_accuracy_mean": 0.9,
    "train_accuracy_std": 0.0,
    "validation_accuracy_mean": 0.89,
    "validation_accuracy_std": 0.0,
    "test_accuracy_mean": 0.8883,
    "test_accuracy_std": 0.0,
    "generalization_gap_mean": 0.0117,
    "validation_loss_mean": 0.3995,
    "test_loss_mean": 0.3855,
    "parameter_efficiency_mean": 0.017767,
    "n_params": 50,
    "depth_mean": 99.0,
    "gate_count_mean": 348.0,
    "score_uses_test": false,
    "convergence_step_mean": 270.0
  },
  "private": {
    "per_run_scores": [
      {
        "combined_score": 0.8867309004325474,
        "primary_accuracy": 0.89,
        "gap_score": 0.9666666666666666,
        "loss_score": 0.7145393362169826,
        "parameter_efficiency_score": 1.0,
        "convergence_score": 0.991
      }
    ],
    "per_run_test_accuracies": [
      0.8883333333333333
    ]
  },
  "text_feedback": "Combined score: 0.3431\nScore scale: 0.0 = the seed program, 1.0 = the best solution found so far on this task. Negative means worse than the seed.\nValidation accuracy mean: 0.8900\nTest accuracy mean: 0.8883\nTrain-test generalization gap mean: 0.0117\nValidation L2 loss mean: 0.3995\nParameters: 50, depth mean: 99.0, gate count mean: 348.0\nFitness uses validation metrics; test metrics are reported as holdout diagnostics.",
  "execution_time_mean": 897.4401702980394,
  "execution_time_std": 0.0,
  "num_valid_runs": 1,
  "num_invalid_runs": 0,
  "all_validation_errors": []
}
