==========Running program evaluation 1/1...==========
{"batch_size": 10, "data_seed": 2027, "dataset": {"all_valid_unique_boards": {"class_counts": {"circle": 316, "cross": 626, "draw": 4536}, "total": 5478}, "overlap_train_test": 4, "overlap_train_validation": 1, "overlap_validation_test": 3, "test": {"class_counts": {"circle": 20, "cross": 20, "draw": 20}, "rows": 60, "unique_boards": 59}, "train": {"class_counts": {"circle": 20, "cross": 20, "draw": 20}, "rows": 60, "unique_boards": 59}, "validation": {"class_counts": {"circle": 15, "cross": 15, "draw": 15}, "rows": 45, "unique_boards": 44}}, "event": "start", "learning_rate": 0.03, "n_epochs": 3, "n_params": 60, "n_params_per_block": 10, "n_repeats": 2, "n_uploads": 3, "seed": 2000, "steps_per_epoch": 3}
{"batch_loss": 6.573727780311252, "epoch": 1, "event": "epoch", "global_step": 3, "test_accuracy": 0.4166666666666667, "test_loss": 5.371802377713025, "train_accuracy": 0.35, "train_loss": 5.454374300889506, "validation_accuracy": 0.4444444444444444, "validation_loss": 5.153114008009094}
{"batch_loss": 3.3421637764212866, "epoch": 2, "event": "epoch", "global_step": 6, "test_accuracy": 0.43333333333333335, "test_loss": 2.8334283633359516, "train_accuracy": 0.31666666666666665, "train_loss": 3.05935185549699, "validation_accuracy": 0.5111111111111111, "validation_loss": 2.657386437198076}
{"batch_loss": 3.1818335575171433, "epoch": 3, "event": "epoch", "global_step": 9, "test_accuracy": 0.5, "test_loss": 2.598160738267212, "train_accuracy": 0.38333333333333336, "train_loss": 2.790081725830217, "validation_accuracy": 0.5333333333333333, "validation_loss": 2.485221104797613}
{"convergence_epoch": null, "convergence_step": null, "convergence_threshold": 0.9, "depth": 52, "event": "final", "gate_count": 291, "generalization_gap": 0.11666666666666664, "history_tail": [{"batch_loss": 6.573727780311252, "epoch": 1, "event": "epoch", "global_step": 3, "test_accuracy": 0.4166666666666667, "test_loss": 5.371802377713025, "train_accuracy": 0.35, "train_loss": 5.454374300889506, "validation_accuracy": 0.4444444444444444, "validation_loss": 5.153114008009094}, {"batch_loss": 3.3421637764212866, "epoch": 2, "event": "epoch", "global_step": 6, "test_accuracy": 0.43333333333333335, "test_loss": 2.8334283633359516, "train_accuracy": 0.31666666666666665, "train_loss": 3.05935185549699, "validation_accuracy": 0.5111111111111111, "validation_loss": 2.657386437198076}, {"batch_loss": 3.1818335575171433, "epoch": 3, "event": "epoch", "global_step": 9, "test_accuracy": 0.5, "test_loss": 2.598160738267212, "train_accuracy": 0.38333333333333336, "train_loss": 2.790081725830217, "validation_accuracy": 0.5333333333333333, "validation_loss": 2.485221104797613}], "max_steps": 9, "n_params": 60, "n_params_per_block": 10, "n_qubits": 9, "n_repeats": 2, "n_uploads": 3, "operations": [["RX", [0]], ["RX", [1]], ["RX", [2]], ["RX", [3]], ["RX", [4]], ["RX", [5]], ["RX", [6]], ["RX", [7]], ["RX", [8]], ["RY", [0]], ["RY", [2]], ["RY", [4]], ["RY", [6]], ["RY", [1]], ["RY", [3]], ["RY", [5]], ["RY", [7]], ["RY", [8]], ["RZ", [0]], ["RZ", [1]], ["RZ", [2]], ["RZ", [3]], ["RZ", [4]], ["RZ", [5]], ["RZ", [6]], ["RZ", [7]], ["RZ", [8]], ["CRX", [0, 1]], ["CRX", [2, 3]], ["CRX", [4, 5]], ["CRX", [6, 7]], ["CRZ", [1, 8]], ["CRZ", [3, 8]], ["CRZ", [5, 8]], ["CRZ", [7, 8]], ["RX", [0]], ["RX", [1]], ["RX", [2]], ["RX", [3]], ["RX", [4]], ["RX", [5]], ["RX", [6]], ["RX", [7]], ["RX", [8]], ["RY", [0]], ["RY", [1]], ["RY", [2]], ["RY", [3]], ["RY", [4]], ["RY", [5]], ["RY", [6]], ["RY", [7]], ["RY", [8]], ["RY", [0]], ["RY", [2]], ["RY", [4]], ["RY", [6]], ["RY", [1]], ["RY", [3]], ["RY", [5]], ["RY", [7]], ["RY", [8]], ["RZ", [0]], ["RZ", [1]], ["RZ", [2]], ["RZ", [3]], ["RZ", [4]], ["RZ", [5]], ["RZ", [6]], ["RZ", [7]], ["RZ", [8]], ["CRX", [0, 1]], ["CRX", [2, 3]], ["CRX", [4, 5]], ["CRX", [6, 7]], ["CRZ", [1, 8]], ["CRZ", [3, 8]], ["CRZ", [5, 8]], ["CRZ", [7, 8]], ["RX", [0]], ["RX", [1]], ["RX", [2]], ["RX", [3]], ["RX", [4]], ["RX", [5]], ["RX", [6]], ["RX", [7]], ["RX", [8]], ["RY", [0]], ["RY", [1]], ["RY", [2]], ["RY", [3]], ["RY", [4]], ["RY", [5]], ["RY", [6]], ["RY", [7]], ["RY", [8]], ["RX", [0]], ["RX", [1]], ["RX", [2]], ["RX", [3]], ["RX", [4]], ["RX", [5]], ["RX", [6]], ["RX", [7]], ["RX", [8]], ["RY", [0]], ["RY", [2]], ["RY", [4]], ["RY", [6]], ["RY", [1]], ["RY", [3]], ["RY", [5]], ["RY", [7]], ["RY", [8]], ["RZ", [0]], ["RZ", [1]], ["RZ", [2]], ["RZ", [3]], ["RZ", [4]], ["RZ", [5]], ["RZ", [6]], ["RZ", [7]], ["RZ", [8]], ["CRX", [0, 1]], ["CRX", [2, 3]], ["CRX", [4, 5]], ["CRX", [6, 7]], ["CRZ", [1, 8]], ["CRZ", [3, 8]], ["CRZ", [5, 8]], ["CRZ", [7, 8]], ["RX", [0]], ["RX", [1]], ["RX", [2]], ["RX", [3]], ["RX", [4]], ["RX", [5]], ["RX", [6]], ["RX", [7]], ["RX", [8]], ["RY", [0]], ["RY", [1]], ["RY", [2]], ["RY", [3]], ["RY", [4]], ["RY", [5]], ["RY", [6]], ["RY", [7]], ["RY", [8]], ["RY", [0]], ["RY", [2]], ["RY", [4]], ["RY", [6]], ["RY", [1]], ["RY", [3]], ["RY", [5]], ["RY", [7]], ["RY", [8]], ["RZ", [0]], ["RZ", [1]], ["RZ", [2]], ["RZ", [3]], ["RZ", [4]], ["RZ", [5]], ["RZ", [6]], ["RZ", [7]], ["RZ", [8]], ["CRX", [0, 1]], ["CRX", [2, 3]], ["CRX", [4, 5]], ["CRX", [6, 7]], ["CRZ", [1, 8]], ["CRZ", [3, 8]], ["CRZ", [5, 8]], ["CRZ", [7, 8]], ["RX", [0]], ["RX", [1]], ["RX", [2]], ["RX", [3]], ["RX", [4]], ["RX", [5]], ["RX", [6]], ["RX", [7]], ["RX", [8]], ["RY", [0]], ["RY", [1]], ["RY", [2]], ["RY", [3]], ["RY", [4]], ["RY", [5]], ["RY", [6]], ["RY", [7]], ["RY", [8]], ["RX", [0]], ["RX", [1]], ["RX", [2]], ["RX", [3]], ["RX", [4]], ["RX", [5]], ["RX", [6]], ["RX", [7]], ["RX", [8]], ["RY", [0]], ["RY", [2]], ["RY", [4]], ["RY", [6]], ["RY", [1]], ["RY", [3]], ["RY", [5]], ["RY", [7]], ["RY", [8]], ["RZ", [0]], ["RZ", [1]], ["RZ", [2]], ["RZ", [3]], ["RZ", [4]], ["RZ", [5]], ["RZ", [6]], ["RZ", [7]], ["RZ", [8]], ["CRX", [0, 1]], ["CRX", [2, 3]], ["CRX", [4, 5]], ["CRX", [6, 7]], ["CRZ", [1, 8]], ["CRZ", [3, 8]], ["CRZ", [5, 8]], ["CRZ", [7, 8]], ["RX", [0]], ["RX", [1]], ["RX", [2]], ["RX", [3]], ["RX", [4]], ["RX", [5]], ["RX", [6]], ["RX", [7]], ["RX", [8]], ["RY", [0]], ["RY", [1]], ["RY", [2]], ["RY", [3]], ["RY", [4]], ["RY", [5]], ["RY", [6]], ["RY", [7]], ["RY", [8]], ["RY", [0]], ["RY", [2]], ["RY", [4]], ["RY", [6]], ["RY", [1]], ["RY", [3]], ["RY", [5]], ["RY", [7]], ["RY", [8]], ["RZ", [0]], ["RZ", [1]], ["RZ", [2]], ["RZ", [3]], ["RZ", [4]], ["RZ", [5]], ["RZ", [6]], ["RZ", [7]], ["RZ", [8]], ["CRX", [0, 1]], ["CRX", [2, 3]], ["CRX", [4, 5]], ["CRX", [6, 7]], ["CRZ", [1, 8]], ["CRZ", [3, 8]], ["CRZ", [5, 8]], ["CRZ", [7, 8]], ["RX", [0]], ["RX", [1]], ["RX", [2]], ["RX", [3]], ["RX", [4]], ["RX", [5]], ["RX", [6]], ["RX", [7]], ["RX", [8]], ["RY", [0]], ["RY", [1]], ["RY", [2]], ["RY", [3]], ["RY", [4]], ["RY", [5]], ["RY", [6]], ["RY", [7]], ["RY", [8]]], "parameter_efficiency": 0.008333333333333333, "spec_valid": true, "test_accuracy": 0.5, "test_loss": 2.598160738267212, "train_accuracy": 0.38333333333333336, "train_loss": 2.790081725830217, "validation_accuracy": 0.5333333333333333, "validation_loss": 2.485221104797613}
==========Run 1/1 completed in 51.23 seconds==========
Correctness and error status saved to /home/chengyou1368/QuantumAnsatz/qml-ea/tic-tac-toe/results/ttt_qml_cli_20260624_162514/gen_23/results/correct.json
Metrics saved to /home/chengyou1368/QuantumAnsatz/qml-ea/tic-tac-toe/results/ttt_qml_cli_20260624_162514/gen_23/results/metrics.json
OK
{
  "combined_score": 0.4980388762978384,
  "public": {
    "train_accuracy_mean": 0.3833,
    "train_accuracy_std": 0.0,
    "validation_accuracy_mean": 0.5333,
    "validation_accuracy_std": 0.0,
    "test_accuracy_mean": 0.5,
    "test_accuracy_std": 0.0,
    "generalization_gap_mean": 0.1167,
    "validation_loss_mean": 2.4852,
    "test_loss_mean": 2.5982,
    "parameter_efficiency_mean": 0.008333,
    "n_params": 60,
    "depth_mean": 52.0,
    "gate_count_mean": 291.0,
    "score_uses_test": false,
    "convergence_step_mean": null
  },
  "private": {
    "per_run_scores": [
      {
        "combined_score": 0.4980388762978384,
        "primary_accuracy": 0.5333333333333333,
        "gap_score": 0.6666666666666667,
        "loss_score": 0.28692584198558907,
        "parameter_efficiency_score": 1.0,
        "convergence_score": 0.0
      }
    ],
    "per_run_test_accuracies": [
      0.5
    ]
  },
  "text_feedback": "Combined score: 0.4980\nValidation accuracy mean: 0.5333\nTest accuracy mean: 0.5000\nTrain-test generalization gap mean: 0.1167\nValidation L2 loss mean: 2.4852\nParameters: 60, depth mean: 52.0, gate count mean: 291.0\nFitness uses validation metrics; test metrics are reported as holdout diagnostics.\nAccuracy is still low; explore more expressive local entanglement or rotation diversity.\nDid not reach convergence threshold 0.90 in these runs.",
  "execution_time_mean": 51.230168709999816,
  "execution_time_std": 0.0,
  "num_valid_runs": 1,
  "num_invalid_runs": 0,
  "all_validation_errors": []
}
