Job running on a1114u16n01.mghpcc.ycrc.yale.edu under Slurm job 19614340
Activating sourced environment: /home/ch2499/project/zc_ttt/activate_eval_cluster.sh
==========Running program evaluation 1/1...==========
==========Run 1/1 completed in 3049.18 seconds==========
Correctness and error status saved to /home/ch2499/project/zc_ttt/results_sonnet/gen_37/results/correct.json
Metrics saved to /home/ch2499/project/zc_ttt/results_sonnet/gen_37/results/metrics.json
OK
{
  "combined_score": 0.5811623590705169,
  "public": {
    "train_accuracy_mean": 0.7556,
    "train_accuracy_std": 0.0,
    "validation_accuracy_mean": 0.66,
    "validation_accuracy_std": 0.0,
    "test_accuracy_mean": 0.6233,
    "test_accuracy_std": 0.0,
    "generalization_gap_mean": 0.1322,
    "validation_loss_mean": 2.0442,
    "test_loss_mean": 2.1485,
    "parameter_efficiency_mean": 0.003848,
    "n_params": 162,
    "depth_mean": 52.0,
    "gate_count_mean": 207.0,
    "score_uses_test": false,
    "convergence_step_mean": null
  },
  "private": {
    "per_run_scores": [
      {
        "combined_score": 0.5811623590705169,
        "primary_accuracy": 0.66,
        "gap_score": 0.6222222222222221,
        "loss_score": 0.32848980121085375,
        "parameter_efficiency_score": 0.66,
        "convergence_score": 0.0
      }
    ],
    "per_run_test_accuracies": [
      0.6233333333333333
    ]
  },
  "text_feedback": "Combined score: 0.5812\nValidation accuracy mean: 0.6600\nTest accuracy mean: 0.6233\nTrain-test generalization gap mean: 0.1322\nValidation L2 loss mean: 2.0442\nParameters: 162, depth mean: 52.0, gate count mean: 207.0\nFitness uses validation metrics; test metrics are reported as holdout diagnostics.\nDid not reach convergence threshold 0.90 in these runs.",
  "execution_time_mean": 3049.1800207250053,
  "execution_time_std": 0.0,
  "num_valid_runs": 1,
  "num_invalid_runs": 0,
  "all_validation_errors": []
}
