==========Running program evaluation 1/1...==========
{"batch_size": 10, "data_seed": 2027, "dataset": {"all_valid_unique_boards": {"class_counts": {"circle": 316, "cross": 626, "draw": 4536}, "total": 5478}, "overlap_train_test": 4, "overlap_train_validation": 1, "overlap_validation_test": 3, "test": {"class_counts": {"circle": 20, "cross": 20, "draw": 20}, "rows": 60, "unique_boards": 59}, "train": {"class_counts": {"circle": 20, "cross": 20, "draw": 20}, "rows": 60, "unique_boards": 59}, "validation": {"class_counts": {"circle": 15, "cross": 15, "draw": 15}, "rows": 45, "unique_boards": 44}}, "event": "start", "learning_rate": 0.03, "n_epochs": 3, "n_params": 78, "n_params_per_block": 13, "n_repeats": 2, "n_uploads": 3, "seed": 2000, "steps_per_epoch": 3}
{"batch_loss": 5.693302706712783, "epoch": 1, "event": "epoch", "global_step": 3, "test_accuracy": 0.43333333333333335, "test_loss": 5.2260492785130905, "train_accuracy": 0.35, "train_loss": 5.367010819103336, "validation_accuracy": 0.4666666666666667, "validation_loss": 4.870238917805681}
{"batch_loss": 3.296050137818379, "epoch": 2, "event": "epoch", "global_step": 6, "test_accuracy": 0.38333333333333336, "test_loss": 3.4665682812454883, "train_accuracy": 0.3333333333333333, "train_loss": 3.6969562343311733, "validation_accuracy": 0.37777777777777777, "validation_loss": 3.313690824220975}
{"batch_loss": 3.25814581144787, "epoch": 3, "event": "epoch", "global_step": 9, "test_accuracy": 0.3333333333333333, "test_loss": 2.875546750042105, "train_accuracy": 0.2833333333333333, "train_loss": 3.0739427319107455, "validation_accuracy": 0.3111111111111111, "validation_loss": 2.8730717438507636}
{"convergence_epoch": null, "convergence_step": null, "convergence_threshold": 0.9, "depth": 82, "event": "final", "gate_count": 369, "generalization_gap": 0.04999999999999999, "history_tail": [{"batch_loss": 5.693302706712783, "epoch": 1, "event": "epoch", "global_step": 3, "test_accuracy": 0.43333333333333335, "test_loss": 5.2260492785130905, "train_accuracy": 0.35, "train_loss": 5.367010819103336, "validation_accuracy": 0.4666666666666667, "validation_loss": 4.870238917805681}, {"batch_loss": 3.296050137818379, "epoch": 2, "event": "epoch", "global_step": 6, "test_accuracy": 0.38333333333333336, "test_loss": 3.4665682812454883, "train_accuracy": 0.3333333333333333, "train_loss": 3.6969562343311733, "validation_accuracy": 0.37777777777777777, "validation_loss": 3.313690824220975}, {"batch_loss": 3.25814581144787, "epoch": 3, "event": "epoch", "global_step": 9, "test_accuracy": 0.3333333333333333, "test_loss": 2.875546750042105, "train_accuracy": 0.2833333333333333, "train_loss": 3.0739427319107455, "validation_accuracy": 0.3111111111111111, "validation_loss": 2.8730717438507636}], "max_steps": 9, "n_params": 78, "n_params_per_block": 13, "n_qubits": 9, "n_repeats": 2, "n_uploads": 3, "operations": [["RX", [0]], ["RX", [1]], ["RX", [2]], ["RX", [3]], ["RX", [4]], ["RX", [5]], ["RX", [6]], ["RX", [7]], ["RX", [8]], ["RY", [0]], ["RY", [2]], ["RY", [4]], ["RY", [6]], ["RY", [1]], ["RY", [3]], ["RY", [5]], ["RY", [7]], ["RY", [8]], ["RZ", [0]], ["RZ", [2]], ["RZ", [4]], ["RZ", [6]], ["RZ", [1]], ["RZ", [3]], ["RZ", [5]], ["RZ", [7]], ["RZ", [8]], ["CZ", [0, 1]], ["CZ", [1, 2]], ["CZ", [2, 3]], ["CZ", [3, 4]], ["CZ", [4, 5]], ["CZ", [5, 6]], ["CZ", [6, 7]], ["CZ", [7, 0]], ["CRZ", [1, 8]], ["CRZ", [3, 8]], ["CRZ", [5, 8]], ["CRZ", [7, 8]], ["RZ", [0]], ["RZ", [1]], ["RZ", [2]], ["RZ", [3]], ["RZ", [4]], ["RZ", [5]], ["RZ", [6]], ["RZ", [7]], ["RZ", [8]], ["RX", [0]], ["RX", [1]], ["RX", [2]], ["RX", [3]], ["RX", [4]], ["RX", [5]], ["RX", [6]], ["RX", [7]], ["RX", [8]], ["RY", [0]], ["RY", [1]], ["RY", [2]], ["RY", [3]], ["RY", [4]], ["RY", [5]], ["RY", [6]], ["RY", [7]], ["RY", [8]], ["RY", [0]], ["RY", [2]], ["RY", [4]], ["RY", [6]], ["RY", [1]], ["RY", [3]], ["RY", [5]], ["RY", [7]], ["RY", [8]], ["RZ", [0]], ["RZ", [2]], ["RZ", [4]], ["RZ", [6]], ["RZ", [1]], ["RZ", [3]], ["RZ", [5]], ["RZ", [7]], ["RZ", [8]], ["CZ", [0, 1]], ["CZ", [1, 2]], ["CZ", [2, 3]], ["CZ", [3, 4]], ["CZ", [4, 5]], ["CZ", [5, 6]], ["CZ", [6, 7]], ["CZ", [7, 0]], ["CRZ", [1, 8]], ["CRZ", [3, 8]], ["CRZ", [5, 8]], ["CRZ", [7, 8]], ["RZ", [0]], ["RZ", [1]], ["RZ", [2]], ["RZ", [3]], ["RZ", [4]], ["RZ", [5]], ["RZ", [6]], ["RZ", [7]], ["RZ", [8]], ["RX", [0]], ["RX", [1]], ["RX", [2]], ["RX", [3]], ["RX", [4]], ["RX", [5]], ["RX", [6]], ["RX", [7]], ["RX", [8]], ["RY", [0]], ["RY", [1]], ["RY", [2]], ["RY", [3]], ["RY", [4]], ["RY", [5]], ["RY", [6]], ["RY", [7]], ["RY", [8]], ["RX", [0]], ["RX", [1]], ["RX", [2]], ["RX", [3]], ["RX", [4]], ["RX", [5]], ["RX", [6]], ["RX", [7]], ["RX", [8]], ["RY", [0]], ["RY", [2]], ["RY", [4]], ["RY", [6]], ["RY", [1]], ["RY", [3]], ["RY", [5]], ["RY", [7]], ["RY", [8]], ["RZ", [0]], ["RZ", [2]], ["RZ", [4]], ["RZ", [6]], ["RZ", [1]], ["RZ", [3]], ["RZ", [5]], ["RZ", [7]], ["RZ", [8]], ["CZ", [0, 1]], ["CZ", [1, 2]], ["CZ", [2, 3]], ["CZ", [3, 4]], ["CZ", [4, 5]], ["CZ", [5, 6]], ["CZ", [6, 7]], ["CZ", [7, 0]], ["CRZ", [1, 8]], ["CRZ", [3, 8]], ["CRZ", [5, 8]], ["CRZ", [7, 8]], ["RZ", [0]], ["RZ", [1]], ["RZ", [2]], ["RZ", [3]], ["RZ", [4]], ["RZ", [5]], ["RZ", [6]], ["RZ", [7]], ["RZ", [8]], ["RX", [0]], ["RX", [1]], ["RX", [2]], ["RX", [3]], ["RX", [4]], ["RX", [5]], ["RX", [6]], ["RX", [7]], ["RX", [8]], ["RY", [0]], ["RY", [1]], ["RY", [2]], ["RY", [3]], ["RY", [4]], ["RY", [5]], ["RY", [6]], ["RY", [7]], ["RY", [8]], ["RY", [0]], ["RY", [2]], ["RY", [4]], ["RY", [6]], ["RY", [1]], ["RY", [3]], ["RY", [5]], ["RY", [7]], ["RY", [8]], ["RZ", [0]], ["RZ", [2]], ["RZ", [4]], ["RZ", [6]], ["RZ", [1]], ["RZ", [3]], ["RZ", [5]], ["RZ", [7]], ["RZ", [8]], ["CZ", [0, 1]], ["CZ", [1, 2]], ["CZ", [2, 3]], ["CZ", [3, 4]], ["CZ", [4, 5]], ["CZ", [5, 6]], ["CZ", [6, 7]], ["CZ", [7, 0]], ["CRZ", [1, 8]], ["CRZ", [3, 8]], ["CRZ", [5, 8]], ["CRZ", [7, 8]], ["RZ", [0]], ["RZ", [1]], ["RZ", [2]], ["RZ", [3]], ["RZ", [4]], ["RZ", [5]], ["RZ", [6]], ["RZ", [7]], ["RZ", [8]], ["RX", [0]], ["RX", [1]], ["RX", [2]], ["RX", [3]], ["RX", [4]], ["RX", [5]], ["RX", [6]], ["RX", [7]], ["RX", [8]], ["RY", [0]], ["RY", [1]], ["RY", [2]], ["RY", [3]], ["RY", [4]], ["RY", [5]], ["RY", [6]], ["RY", [7]], ["RY", [8]], ["RX", [0]], ["RX", [1]], ["RX", [2]], ["RX", [3]], ["RX", [4]], ["RX", [5]], ["RX", [6]], ["RX", [7]], ["RX", [8]], ["RY", [0]], ["RY", [2]], ["RY", [4]], ["RY", [6]], ["RY", [1]], ["RY", [3]], ["RY", [5]], ["RY", [7]], ["RY", [8]], ["RZ", [0]], ["RZ", [2]], ["RZ", [4]], ["RZ", [6]], ["RZ", [1]], ["RZ", [3]], ["RZ", [5]], ["RZ", [7]], ["RZ", [8]], ["CZ", [0, 1]], ["CZ", [1, 2]], ["CZ", [2, 3]], ["CZ", [3, 4]], ["CZ", [4, 5]], ["CZ", [5, 6]], ["CZ", [6, 7]], ["CZ", [7, 0]], ["CRZ", [1, 8]], ["CRZ", [3, 8]], ["CRZ", [5, 8]], ["CRZ", [7, 8]], ["RZ", [0]], ["RZ", [1]], ["RZ", [2]], ["RZ", [3]], ["RZ", [4]], ["RZ", [5]], ["RZ", [6]], ["RZ", [7]], ["RZ", [8]], ["RX", [0]], ["RX", [1]], ["RX", [2]], ["RX", [3]], ["RX", [4]], ["RX", [5]], ["RX", [6]], ["RX", [7]], ["RX", [8]], ["RY", [0]], ["RY", [1]], ["RY", [2]], ["RY", [3]], ["RY", [4]], ["RY", [5]], ["RY", [6]], ["RY", [7]], ["RY", [8]], ["RY", [0]], ["RY", [2]], ["RY", [4]], ["RY", [6]], ["RY", [1]], ["RY", [3]], ["RY", [5]], ["RY", [7]], ["RY", [8]], ["RZ", [0]], ["RZ", [2]], ["RZ", [4]], ["RZ", [6]], ["RZ", [1]], ["RZ", [3]], ["RZ", [5]], ["RZ", [7]], ["RZ", [8]], ["CZ", [0, 1]], ["CZ", [1, 2]], ["CZ", [2, 3]], ["CZ", [3, 4]], ["CZ", [4, 5]], ["CZ", [5, 6]], ["CZ", [6, 7]], ["CZ", [7, 0]], ["CRZ", [1, 8]], ["CRZ", [3, 8]], ["CRZ", [5, 8]], ["CRZ", [7, 8]], ["RZ", [0]], ["RZ", [1]], ["RZ", [2]], ["RZ", [3]], ["RZ", [4]], ["RZ", [5]], ["RZ", [6]], ["RZ", [7]], ["RZ", [8]], ["RX", [0]], ["RX", [1]], ["RX", [2]], ["RX", [3]], ["RX", [4]], ["RX", [5]], ["RX", [6]], ["RX", [7]], ["RX", [8]], ["RY", [0]], ["RY", [1]], ["RY", [2]], ["RY", [3]], ["RY", [4]], ["RY", [5]], ["RY", [6]], ["RY", [7]], ["RY", [8]]], "parameter_efficiency": 0.004273504273504273, "spec_valid": true, "test_accuracy": 0.3333333333333333, "test_loss": 2.875546750042105, "train_accuracy": 0.2833333333333333, "train_loss": 3.0739427319107455, "validation_accuracy": 0.3111111111111111, "validation_loss": 2.8730717438507636}
==========Run 1/1 completed in 43.71 seconds==========
Correctness and error status saved to /home/chengyou1368/QuantumAnsatz/qml-ea/tic-tac-toe/results/ttt_qml_cli_20260624_162514/gen_24/results/correct.json
Metrics saved to /home/chengyou1368/QuantumAnsatz/qml-ea/tic-tac-toe/results/ttt_qml_cli_20260624_162514/gen_24/results/metrics.json
OK
{
  "combined_score": 0.38349695927382604,
  "public": {
    "train_accuracy_mean": 0.2833,
    "train_accuracy_std": 0.0,
    "validation_accuracy_mean": 0.3111,
    "validation_accuracy_std": 0.0,
    "test_accuracy_mean": 0.3333,
    "test_accuracy_std": 0.0,
    "generalization_gap_mean": 0.05,
    "validation_loss_mean": 2.8731,
    "test_loss_mean": 2.8755,
    "parameter_efficiency_mean": 0.004274,
    "n_params": 78,
    "depth_mean": 82.0,
    "gate_count_mean": 369.0,
    "score_uses_test": false,
    "convergence_step_mean": null
  },
  "private": {
    "per_run_scores": [
      {
        "combined_score": 0.38349695927382604,
        "primary_accuracy": 0.3111111111111111,
        "gap_score": 0.8571428571428572,
        "loss_score": 0.2581929967054418,
        "parameter_efficiency_score": 0.6461538461538462,
        "convergence_score": 0.0
      }
    ],
    "per_run_test_accuracies": [
      0.3333333333333333
    ]
  },
  "text_feedback": "Combined score: 0.3835\nValidation accuracy mean: 0.3111\nTest accuracy mean: 0.3333\nTrain-test generalization gap mean: 0.0500\nValidation L2 loss mean: 2.8731\nParameters: 78, depth mean: 82.0, gate count mean: 369.0\nFitness uses validation metrics; test metrics are reported as holdout diagnostics.\nAccuracy is still low; explore more expressive local entanglement or rotation diversity.\nDid not reach convergence threshold 0.90 in these runs.",
  "execution_time_mean": 43.71247694399972,
  "execution_time_std": 0.0,
  "num_valid_runs": 1,
  "num_invalid_runs": 0,
  "all_validation_errors": []
}
