Job running on a1114u30n01.mghpcc.ycrc.yale.edu under Slurm job 23103919
Activating sourced environment: /home/ch2499/project/transfer_sn/activate_eval_cluster.sh
==========Running program evaluation 1/1...==========
==========Run 1/1 completed in 1317.75 seconds==========
Correctness and error status saved to /home/ch2499/project/transfer_sn/results_frw3_frontier_r4/gen_6/results/correct.json
Metrics saved to /home/ch2499/project/transfer_sn/results_frw3_frontier_r4/gen_6/results/metrics.json
OK
{
  "combined_score": 0.32502792587218055,
  "public": {
    "combined_score_raw": 0.885,
    "train_accuracy_mean": 0.9089,
    "train_accuracy_std": 0.0,
    "validation_accuracy_mean": 0.8767,
    "validation_accuracy_std": 0.0,
    "test_accuracy_mean": 0.9033,
    "test_accuracy_std": 0.0,
    "generalization_gap_mean": 0.0056,
    "validation_loss_mean": 0.3838,
    "test_loss_mean": 0.3466,
    "parameter_efficiency_mean": 0.034744,
    "n_params": 26,
    "depth_mean": 99.0,
    "gate_count_mean": 348.0,
    "score_uses_test": false,
    "convergence_step_mean": 120.0
  },
  "private": {
    "per_run_scores": [
      {
        "combined_score": 0.8850345283663136,
        "primary_accuracy": 0.8766666666666667,
        "gap_score": 0.9841269841269842,
        "loss_score": 0.7226217235002909,
        "parameter_efficiency_score": 1.0,
        "convergence_score": 0.996
      }
    ],
    "per_run_test_accuracies": [
      0.9033333333333333
    ]
  },
  "text_feedback": "Combined score: 0.3250\nScore scale: 0.0 = the seed program, 1.0 = the best solution found so far on this task. Negative means worse than the seed.\nValidation accuracy mean: 0.8767\nTest accuracy mean: 0.9033\nTrain-test generalization gap mean: 0.0056\nValidation L2 loss mean: 0.3838\nParameters: 26, depth mean: 99.0, gate count mean: 348.0\nFitness uses validation metrics; test metrics are reported as holdout diagnostics.",
  "execution_time_mean": 1317.7529954751953,
  "execution_time_std": 0.0,
  "num_valid_runs": 1,
  "num_invalid_runs": 0,
  "all_validation_errors": []
}
