Job running on a1114u30n01.mghpcc.ycrc.yale.edu under Slurm job 23103717
Activating sourced environment: /home/ch2499/project/transfer_sn/activate_eval_cluster.sh
==========Running program evaluation 1/1...==========
==========Run 1/1 completed in 2201.43 seconds==========
Correctness and error status saved to /home/ch2499/project/transfer_sn/results_frw3_weak_r2/gen_6/results/correct.json
Metrics saved to /home/ch2499/project/transfer_sn/results_frw3_weak_r2/gen_6/results/metrics.json
OK
{
  "combined_score": 0.4591402759104234,
  "public": {
    "combined_score_raw": 0.8976,
    "train_accuracy_mean": 0.9444,
    "train_accuracy_std": 0.0,
    "validation_accuracy_mean": 0.92,
    "validation_accuracy_std": 0.0,
    "test_accuracy_mean": 0.9017,
    "test_accuracy_std": 0.0,
    "generalization_gap_mean": 0.0428,
    "validation_loss_mean": 0.3435,
    "test_loss_mean": 0.383,
    "parameter_efficiency_mean": 0.012185,
    "n_params": 74,
    "depth_mean": 129.0,
    "gate_count_mean": 516.0,
    "score_uses_test": false,
    "convergence_step_mean": 90.0
  },
  "private": {
    "per_run_scores": [
      {
        "combined_score": 0.8976065417255064,
        "primary_accuracy": 0.92,
        "gap_score": 0.8777777777777777,
        "loss_score": 0.7443028707626349,
        "parameter_efficiency_score": 1.0,
        "convergence_score": 0.997
      }
    ],
    "per_run_test_accuracies": [
      0.9016666666666666
    ]
  },
  "text_feedback": "Combined score: 0.4591\nScore scale: 0.0 = the seed program, 1.0 = the best solution found so far on this task. Negative means worse than the seed.\nValidation accuracy mean: 0.9200\nTest accuracy mean: 0.9017\nTrain-test generalization gap mean: 0.0428\nValidation L2 loss mean: 0.3435\nParameters: 74, depth mean: 129.0, gate count mean: 516.0\nFitness uses validation metrics; test metrics are reported as holdout diagnostics.",
  "execution_time_mean": 2201.4325528917834,
  "execution_time_std": 0.0,
  "num_valid_runs": 1,
  "num_invalid_runs": 0,
  "all_validation_errors": []
}
