Job running on a1132u37n04.mghpcc.ycrc.yale.edu under Slurm job 19593012
Activating sourced environment: /home/ch2499/project/zc_sn/activate_eval_cluster.sh
==========Running program evaluation 1/1...==========
==========Run 1/1 completed in 508.45 seconds==========
Correctness and error status saved to /home/ch2499/project/zc_sn/results_gpt56sol/gen_6/results/correct.json
Metrics saved to /home/ch2499/project/zc_sn/results_gpt56sol/gen_6/results/metrics.json
OK
{
  "combined_score": 0.8670622776636756,
  "public": {
    "train_accuracy_mean": 0.9422,
    "train_accuracy_std": 0.0,
    "validation_accuracy_mean": 0.8867,
    "validation_accuracy_std": 0.0,
    "test_accuracy_mean": 0.8917,
    "test_accuracy_std": 0.0,
    "generalization_gap_mean": 0.0506,
    "validation_loss_mean": 0.4717,
    "test_loss_mean": 0.4379,
    "parameter_efficiency_mean": 0.008106,
    "n_params": 110,
    "depth_mean": 99.0,
    "gate_count_mean": 270.0,
    "score_uses_test": false,
    "convergence_step_mean": 450.0
  },
  "private": {
    "per_run_scores": [
      {
        "combined_score": 0.8670622776636756,
        "primary_accuracy": 0.8866666666666667,
        "gap_score": 0.8555555555555558,
        "loss_score": 0.6794892584985772,
        "parameter_efficiency_score": 1.0,
        "convergence_score": 0.985
      }
    ],
    "per_run_test_accuracies": [
      0.8916666666666667
    ]
  },
  "text_feedback": "Combined score: 0.8671\nValidation accuracy mean: 0.8867\nTest accuracy mean: 0.8917\nTrain-test generalization gap mean: 0.0506\nValidation L2 loss mean: 0.4717\nParameters: 110, depth mean: 99.0, gate count mean: 270.0\nFitness uses validation metrics; test metrics are reported as holdout diagnostics.",
  "execution_time_mean": 508.45265981182456,
  "execution_time_std": 0.0,
  "num_valid_runs": 1,
  "num_invalid_runs": 0,
  "all_validation_errors": []
}
