Job running on a1132u22n04.mghpcc.ycrc.yale.edu under Slurm job 19608489
Activating sourced environment: /home/ch2499/project/zc_sn/activate_eval_cluster.sh
==========Running program evaluation 1/1...==========
==========Run 1/1 completed in 1692.10 seconds==========
Correctness and error status saved to /home/ch2499/project/zc_sn/results_haiku/gen_52/results/correct.json
Metrics saved to /home/ch2499/project/zc_sn/results_haiku/gen_52/results/metrics.json
OK
{
  "combined_score": 0.8986853756952479,
  "public": {
    "train_accuracy_mean": 0.9444,
    "train_accuracy_std": 0.0,
    "validation_accuracy_mean": 0.9167,
    "validation_accuracy_std": 0.0,
    "test_accuracy_mean": 0.9133,
    "test_accuracy_std": 0.0,
    "generalization_gap_mean": 0.0311,
    "validation_loss_mean": 0.3675,
    "test_loss_mean": 0.362,
    "parameter_efficiency_mean": 0.018267,
    "n_params": 50,
    "depth_mean": 160.0,
    "gate_count_mean": 360.0,
    "score_uses_test": false,
    "convergence_step_mean": 270.0
  },
  "private": {
    "per_run_scores": [
      {
        "combined_score": 0.8986853756952479,
        "primary_accuracy": 0.9166666666666666,
        "gap_score": 0.9111111111111112,
        "loss_score": 0.7312728750053556,
        "parameter_efficiency_score": 1.0,
        "convergence_score": 0.991
      }
    ],
    "per_run_test_accuracies": [
      0.9133333333333333
    ]
  },
  "text_feedback": "Combined score: 0.8987\nValidation accuracy mean: 0.9167\nTest accuracy mean: 0.9133\nTrain-test generalization gap mean: 0.0311\nValidation L2 loss mean: 0.3675\nParameters: 50, depth mean: 160.0, gate count mean: 360.0\nFitness uses validation metrics; test metrics are reported as holdout diagnostics.",
  "execution_time_mean": 1692.1014145328663,
  "execution_time_std": 0.0,
  "num_valid_runs": 1,
  "num_invalid_runs": 0,
  "all_validation_errors": []
}
