Job running on a1132u37n01.mghpcc.ycrc.yale.edu under Slurm job 19625371
Activating sourced environment: /home/ch2499/project/zc_ttt/activate_eval_cluster.sh
==========Running program evaluation 1/1...==========
==========Run 1/1 completed in 3355.12 seconds==========
Correctness and error status saved to /home/ch2499/project/zc_ttt/results_sonnet/gen_63/results/correct.json
Metrics saved to /home/ch2499/project/zc_ttt/results_sonnet/gen_63/results/metrics.json
OK
{
  "combined_score": 0.5840368819809623,
  "public": {
    "train_accuracy_mean": 0.7578,
    "train_accuracy_std": 0.0,
    "validation_accuracy_mean": 0.6767,
    "validation_accuracy_std": 0.0,
    "test_accuracy_mean": 0.6133,
    "test_accuracy_std": 0.0,
    "generalization_gap_mean": 0.1444,
    "validation_loss_mean": 2.1252,
    "test_loss_mean": 2.2382,
    "parameter_efficiency_mean": 0.003786,
    "n_params": 162,
    "depth_mean": 57.0,
    "gate_count_mean": 219.0,
    "score_uses_test": false,
    "convergence_step_mean": null
  },
  "private": {
    "per_run_scores": [
      {
        "combined_score": 0.5840368819809623,
        "primary_accuracy": 0.6766666666666666,
        "gap_score": 0.5873015873015872,
        "loss_score": 0.3199813296085311,
        "parameter_efficiency_score": 0.6766666666666666,
        "convergence_score": 0.0
      }
    ],
    "per_run_test_accuracies": [
      0.6133333333333333
    ]
  },
  "text_feedback": "Combined score: 0.5840\nValidation accuracy mean: 0.6767\nTest accuracy mean: 0.6133\nTrain-test generalization gap mean: 0.1444\nValidation L2 loss mean: 2.1252\nParameters: 162, depth mean: 57.0, gate count mean: 219.0\nFitness uses validation metrics; test metrics are reported as holdout diagnostics.\nDid not reach convergence threshold 0.90 in these runs.",
  "execution_time_mean": 3355.1218586768955,
  "execution_time_std": 0.0,
  "num_valid_runs": 1,
  "num_invalid_runs": 0,
  "all_validation_errors": []
}
