Job running on a1130u18n01.mghpcc.ycrc.yale.edu under Slurm job 20036708
Activating sourced environment: /home/ch2499/project/zc_su2_v2/activate_eval_cluster.sh
==========Running program evaluation 1/1...==========
==========Run 1/1 completed in 234.07 seconds==========
Correctness and error status saved to /home/ch2499/project/zc_su2_v2/results_haiku/gen_34/results/correct.json
Metrics saved to /home/ch2499/project/zc_su2_v2/results_haiku/gen_34/results/metrics.json
OK
{
  "combined_score": 0.642935764182843,
  "public": {
    "train_accuracy_mean": 1.0,
    "train_accuracy_std": 0.0,
    "validation_accuracy_mean": 0.9767,
    "validation_accuracy_std": 0.0,
    "test_accuracy_mean": 0.9917,
    "test_accuracy_std": 0.0,
    "generalization_gap_mean": 0.0083,
    "validation_loss_mean": 0.1906,
    "test_loss_mean": 0.1894,
    "parameter_efficiency_mean": 0.099167,
    "validation_margin_mean": 0.7244,
    "worst_group_margin_mean": 0.3525,
    "n_params": 10,
    "n_distinct_params": 8,
    "depth_mean": 29.0,
    "gate_count_mean": 120.0,
    "score_uses_test": false,
    "convergence_step_mean": 60.0
  },
  "private": {
    "per_run_scores": [
      {
        "combined_score": 0.642935764182843,
        "primary_accuracy": 0.9766666666666667,
        "margin_score": 0.6762683010754575,
        "worst_group_margin": 0.3525366021509152,
        "economy_score": 0.2574465382263598,
        "n_distinct_params": 8,
        "gap_score": 0.9534126984126985,
        "loss_score": 0.8399042362046568,
        "convergence_score": 0.6012339267124467
      }
    ],
    "per_run_test_accuracies": [
      0.9916666666666667
    ]
  },
  "text_feedback": "Combined score: 0.6429\nValidation accuracy mean: 0.9767\nTest accuracy mean: 0.9917\nValidation margin mean: 0.7244\nWorst-group validation margin: 0.3525\nTrain-test generalization gap mean: 0.0083\nValidation L2 loss mean: 0.1906\nDistinct trainable parameters: 8, depth mean: 29.0, gate count mean: 120.0\nFitness uses validation metrics; test metrics are reported as holdout diagnostics.\nScoring rewards, in order of weight: the mean margin of the WORST validation group (samples are grouped by hidden difficulty, so robust separation on the hardest group is what counts), parameter economy (fewer distinct parameter names ALWAYS scores higher, at every count), a small train-test gap, low loss, and early convergence.\nEconomy score: 0.2574",
  "execution_time_mean": 234.07384182559326,
  "execution_time_std": 0.0,
  "num_valid_runs": 1,
  "num_invalid_runs": 0,
  "all_validation_errors": []
}
