Job running on a1114u28n01.mghpcc.ycrc.yale.edu under Slurm job 23104145
Activating sourced environment: /home/ch2499/project/transfer_sn/activate_eval_cluster.sh
==========Running program evaluation 1/1...==========
==========Run 1/1 completed in 1357.25 seconds==========
Correctness and error status saved to /home/ch2499/project/transfer_sn/results_frw3_mid_r8/gen_7/results/correct.json
Metrics saved to /home/ch2499/project/transfer_sn/results_frw3_mid_r8/gen_7/results/metrics.json
OK
{
  "combined_score": 0.5494120180119298,
  "public": {
    "combined_score_raw": 0.9061,
    "train_accuracy_mean": 0.9156,
    "train_accuracy_std": 0.0,
    "validation_accuracy_mean": 0.91,
    "validation_accuracy_std": 0.0,
    "test_accuracy_mean": 0.9067,
    "test_accuracy_std": 0.0,
    "generalization_gap_mean": 0.0089,
    "validation_loss_mean": 0.3167,
    "test_loss_mean": 0.3527,
    "parameter_efficiency_mean": 0.034872,
    "n_params": 26,
    "depth_mean": 105.0,
    "gate_count_mean": 372.0,
    "score_uses_test": false,
    "convergence_step_mean": 360.0
  },
  "private": {
    "per_run_scores": [
      {
        "combined_score": 0.9060688313456206,
        "primary_accuracy": 0.91,
        "gap_score": 0.9746031746031745,
        "loss_score": 0.759485330663925,
        "parameter_efficiency_score": 1.0,
        "convergence_score": 0.988
      }
    ],
    "per_run_test_accuracies": [
      0.9066666666666666
    ]
  },
  "text_feedback": "Combined score: 0.5494\nScore scale: 0.0 = the seed program, 1.0 = the best solution found so far on this task. Negative means worse than the seed.\nValidation accuracy mean: 0.9100\nTest accuracy mean: 0.9067\nTrain-test generalization gap mean: 0.0089\nValidation L2 loss mean: 0.3167\nParameters: 26, depth mean: 105.0, gate count mean: 372.0\nFitness uses validation metrics; test metrics are reported as holdout diagnostics.",
  "execution_time_mean": 1357.252092856972,
  "execution_time_std": 0.0,
  "num_valid_runs": 1,
  "num_invalid_runs": 0,
  "all_validation_errors": []
}
