Job running on a1132u22n04.mghpcc.ycrc.yale.edu under Slurm job 19614295
Activating sourced environment: /home/ch2499/project/zc_ttt/activate_eval_cluster.sh
==========Running program evaluation 1/1...==========
==========Run 1/1 completed in 1437.65 seconds==========
Correctness and error status saved to /home/ch2499/project/zc_ttt/results_haiku/gen_63/results/correct.json
Metrics saved to /home/ch2499/project/zc_ttt/results_haiku/gen_63/results/metrics.json
OK
{
  "combined_score": 0.5761378029656878,
  "public": {
    "train_accuracy_mean": 0.68,
    "train_accuracy_std": 0.0,
    "validation_accuracy_mean": 0.62,
    "validation_accuracy_std": 0.0,
    "test_accuracy_mean": 0.5817,
    "test_accuracy_std": 0.0,
    "generalization_gap_mean": 0.0983,
    "validation_loss_mean": 2.2448,
    "test_loss_mean": 2.3624,
    "parameter_efficiency_mean": 0.005102,
    "n_params": 114,
    "depth_mean": 57.0,
    "gate_count_mean": 225.0,
    "score_uses_test": false,
    "convergence_step_mean": null
  },
  "private": {
    "per_run_scores": [
      {
        "combined_score": 0.5761378029656878,
        "primary_accuracy": 0.62,
        "gap_score": 0.7190476190476189,
        "loss_score": 0.3081868568639848,
        "parameter_efficiency_score": 0.8810526315789473,
        "convergence_score": 0.0
      }
    ],
    "per_run_test_accuracies": [
      0.5816666666666667
    ]
  },
  "text_feedback": "Combined score: 0.5761\nValidation accuracy mean: 0.6200\nTest accuracy mean: 0.5817\nTrain-test generalization gap mean: 0.0983\nValidation L2 loss mean: 2.2448\nParameters: 114, depth mean: 57.0, gate count mean: 225.0\nFitness uses validation metrics; test metrics are reported as holdout diagnostics.\nDid not reach convergence threshold 0.90 in these runs.",
  "execution_time_mean": 1437.6460920609534,
  "execution_time_std": 0.0,
  "num_valid_runs": 1,
  "num_invalid_runs": 0,
  "all_validation_errors": []
}
