Job running on a1130u18n03.mghpcc.ycrc.yale.edu under Slurm job 19619072
Activating sourced environment: /home/ch2499/project/zc_ttt/activate_eval_cluster.sh
==========Running program evaluation 1/1...==========
==========Run 1/1 completed in 4194.51 seconds==========
Correctness and error status saved to /home/ch2499/project/zc_ttt/results_sonnet/gen_51/results/correct.json
Metrics saved to /home/ch2499/project/zc_ttt/results_sonnet/gen_51/results/metrics.json
OK
{
  "combined_score": 0.5946522574094175,
  "public": {
    "train_accuracy_mean": 0.7311,
    "train_accuracy_std": 0.0,
    "validation_accuracy_mean": 0.66,
    "validation_accuracy_std": 0.0,
    "test_accuracy_mean": 0.6383,
    "test_accuracy_std": 0.0,
    "generalization_gap_mean": 0.0928,
    "validation_loss_mean": 2.0314,
    "test_loss_mean": 2.1509,
    "parameter_efficiency_mean": 0.0038,
    "n_params": 168,
    "depth_mean": 63.0,
    "gate_count_mean": 219.0,
    "score_uses_test": false,
    "convergence_step_mean": null
  },
  "private": {
    "per_run_scores": [
      {
        "combined_score": 0.5946522574094175,
        "primary_accuracy": 0.66,
        "gap_score": 0.7349206349206348,
        "loss_score": 0.32987748325855115,
        "parameter_efficiency_score": 0.6364285714285715,
        "convergence_score": 0.0
      }
    ],
    "per_run_test_accuracies": [
      0.6383333333333333
    ]
  },
  "text_feedback": "Combined score: 0.5947\nValidation accuracy mean: 0.6600\nTest accuracy mean: 0.6383\nTrain-test generalization gap mean: 0.0928\nValidation L2 loss mean: 2.0314\nParameters: 168, depth mean: 63.0, gate count mean: 219.0\nFitness uses validation metrics; test metrics are reported as holdout diagnostics.\nParameter count exceeds the seed; added accuracy must justify the complexity.\nDid not reach convergence threshold 0.90 in these runs.",
  "execution_time_mean": 4194.51113842288,
  "execution_time_std": 0.0,
  "num_valid_runs": 1,
  "num_invalid_runs": 0,
  "all_validation_errors": []
}
