==========Running program evaluation 1/1...==========
{"batch_size": 10, "data_seed": 2027, "dataset": {"all_valid_unique_boards": {"class_counts": {"circle": 316, "cross": 626, "draw": 4536}, "total": 5478}, "overlap_train_test": 4, "overlap_train_validation": 1, "overlap_validation_test": 3, "test": {"class_counts": {"circle": 20, "cross": 20, "draw": 20}, "rows": 60, "unique_boards": 59}, "train": {"class_counts": {"circle": 20, "cross": 20, "draw": 20}, "rows": 60, "unique_boards": 59}, "validation": {"class_counts": {"circle": 15, "cross": 15, "draw": 15}, "rows": 45, "unique_boards": 44}}, "event": "start", "learning_rate": 0.03, "n_epochs": 3, "n_params": 228, "n_params_per_block": 38, "n_repeats": 2, "n_uploads": 3, "seed": 1000, "steps_per_epoch": 3}
{"batch_loss": 5.249886753557429, "epoch": 1, "event": "epoch", "global_step": 3, "test_accuracy": 0.3333333333333333, "test_loss": 4.016018308921952, "train_accuracy": 0.3333333333333333, "train_loss": 4.029228223172441, "validation_accuracy": 0.3333333333333333, "validation_loss": 4.014742138167064}
{"batch_loss": 3.170784963733578, "epoch": 2, "event": "epoch", "global_step": 6, "test_accuracy": 0.45, "test_loss": 2.7814907216875473, "train_accuracy": 0.4, "train_loss": 2.7930176021280158, "validation_accuracy": 0.5333333333333333, "validation_loss": 2.721247469755355}
{"batch_loss": 2.7980880088806206, "epoch": 3, "event": "epoch", "global_step": 9, "test_accuracy": 0.4166666666666667, "test_loss": 2.7435332437246407, "train_accuracy": 0.31666666666666665, "train_loss": 2.7626063083793384, "validation_accuracy": 0.37777777777777777, "validation_loss": 2.7292389376093626}
{"convergence_epoch": null, "convergence_step": null, "convergence_threshold": 0.9, "depth": 136, "event": "final", "gate_count": 495, "generalization_gap": 0.10000000000000003, "history_tail": [{"batch_loss": 5.249886753557429, "epoch": 1, "event": "epoch", "global_step": 3, "test_accuracy": 0.3333333333333333, "test_loss": 4.016018308921952, "train_accuracy": 0.3333333333333333, "train_loss": 4.029228223172441, "validation_accuracy": 0.3333333333333333, "validation_loss": 4.014742138167064}, {"batch_loss": 3.170784963733578, "epoch": 2, "event": "epoch", "global_step": 6, "test_accuracy": 0.45, "test_loss": 2.7814907216875473, "train_accuracy": 0.4, "train_loss": 2.7930176021280158, "validation_accuracy": 0.5333333333333333, "validation_loss": 2.721247469755355}, {"batch_loss": 2.7980880088806206, "epoch": 3, "event": "epoch", "global_step": 9, "test_accuracy": 0.4166666666666667, "test_loss": 2.7435332437246407, "train_accuracy": 0.31666666666666665, "train_loss": 2.7626063083793384, "validation_accuracy": 0.37777777777777777, "validation_loss": 2.7292389376093626}], "max_steps": 9, "n_params": 228, "n_params_per_block": 38, "n_qubits": 9, "n_repeats": 2, "n_uploads": 3, "operations": [["RX", [0]], ["RX", [1]], ["RX", [2]], ["RX", [3]], ["RX", [4]], ["RX", [5]], ["RX", [6]], ["RX", [7]], ["RX", [8]], ["RX", [0]], ["RX", [1]], ["RX", [2]], ["RX", [3]], ["RX", [4]], ["RX", [5]], ["RX", [6]], ["RX", [7]], ["RX", [8]], ["RZ", [0]], ["RZ", [1]], ["RZ", [2]], ["RZ", [3]], ["RZ", [4]], ["RZ", [5]], ["RZ", [6]], ["RZ", [7]], ["RZ", [8]], ["RY", [0]], ["RY", [1]], ["RY", [2]], ["RY", [3]], ["RY", [4]], ["RY", [5]], ["RY", [6]], ["RY", [7]], ["RY", [8]], ["CNOT", [0, 1]], ["CNOT", [2, 1]], ["CNOT", [2, 3]], ["CNOT", [4, 3]], ["CNOT", [4, 5]], ["CNOT", [6, 5]], ["CNOT", [6, 7]], ["CNOT", [0, 7]], ["CNOT", [1, 8]], ["CNOT", [5, 8]], ["CNOT", [3, 8]], ["CNOT", [7, 8]], ["CRY", [1, 0]], ["CRY", [1, 2]], ["CRY", [3, 2]], ["CRY", [3, 4]], ["CRY", [5, 4]], ["CRY", [5, 6]], ["CRY", [7, 6]], ["CRY", [7, 0]], ["CRY", [8, 1]], ["CRY", [8, 3]], ["CRY", [8, 5]], ["CRY", [8, 7]], ["RZ", [0]], ["RZ", [2]], ["RZ", [4]], ["RZ", [6]], ["RZ", [1]], ["RZ", [3]], ["RZ", [5]], ["RZ", [7]], ["RZ", [8]], ["RY", [0]], ["RY", [2]], ["RY", [4]], ["RY", [6]], ["RY", [1]], ["RY", [3]], ["RY", [5]], ["RY", [7]], ["RY", [8]], ["RX", [0]], ["RX", [2]], ["RX", [4]], ["RX", [6]], ["RX", [1]], ["RX", [3]], ["RX", [5]], ["RX", [7]], ["RX", [8]], ["RX", [0]], ["RX", [1]], ["RX", [2]], ["RX", [3]], ["RX", [4]], ["RX", [5]], ["RX", [6]], ["RX", [7]], ["RX", [8]], ["RZ", [0]], ["RZ", [1]], ["RZ", [2]], ["RZ", [3]], ["RZ", [4]], ["RZ", [5]], ["RZ", [6]], ["RZ", [7]], ["RZ", [8]], ["RY", [0]], ["RY", [1]], ["RY", [2]], ["RY", [3]], ["RY", [4]], ["RY", [5]], ["RY", [6]], ["RY", [7]], ["RY", [8]], ["CNOT", [0, 1]], ["CNOT", [2, 1]], ["CNOT", [2, 3]], ["CNOT", [4, 3]], ["CNOT", [4, 5]], ["CNOT", [6, 5]], ["CNOT", [6, 7]], ["CNOT", [0, 7]], ["CNOT", [1, 8]], ["CNOT", [5, 8]], ["CNOT", [3, 8]], ["CNOT", [7, 8]], ["CRY", [1, 0]], ["CRY", [1, 2]], ["CRY", [3, 2]], ["CRY", [3, 4]], ["CRY", [5, 4]], ["CRY", [5, 6]], ["CRY", [7, 6]], ["CRY", [7, 0]], ["CRY", [8, 1]], ["CRY", [8, 3]], ["CRY", [8, 5]], ["CRY", [8, 7]], ["RZ", [0]], ["RZ", [2]], ["RZ", [4]], ["RZ", [6]], ["RZ", [1]], ["RZ", [3]], ["RZ", [5]], ["RZ", [7]], ["RZ", [8]], ["RY", [0]], ["RY", [2]], ["RY", [4]], ["RY", [6]], ["RY", [1]], ["RY", [3]], ["RY", [5]], ["RY", [7]], ["RY", [8]], ["RX", [0]], ["RX", [2]], ["RX", [4]], ["RX", [6]], ["RX", [1]], ["RX", [3]], ["RX", [5]], ["RX", [7]], ["RX", [8]], ["RX", [0]], ["RX", [1]], ["RX", [2]], ["RX", [3]], ["RX", [4]], ["RX", [5]], ["RX", [6]], ["RX", [7]], ["RX", [8]], ["RX", [0]], ["RX", [1]], ["RX", [2]], ["RX", [3]], ["RX", [4]], ["RX", [5]], ["RX", [6]], ["RX", [7]], ["RX", [8]], ["RZ", [0]], ["RZ", [1]], ["RZ", [2]], ["RZ", [3]], ["RZ", [4]], ["RZ", [5]], ["RZ", [6]], ["RZ", [7]], ["RZ", [8]], ["RY", [0]], ["RY", [1]], ["RY", [2]], ["RY", [3]], ["RY", [4]], ["RY", [5]], ["RY", [6]], ["RY", [7]], ["RY", [8]], ["CNOT", [0, 1]], ["CNOT", [2, 1]], ["CNOT", [2, 3]], ["CNOT", [4, 3]], ["CNOT", [4, 5]], ["CNOT", [6, 5]], ["CNOT", [6, 7]], ["CNOT", [0, 7]], ["CNOT", [1, 8]], ["CNOT", [5, 8]], ["CNOT", [3, 8]], ["CNOT", [7, 8]], ["CRY", [1, 0]], ["CRY", [1, 2]], ["CRY", [3, 2]], ["CRY", [3, 4]], ["CRY", [5, 4]], ["CRY", [5, 6]], ["CRY", [7, 6]], ["CRY", [7, 0]], ["CRY", [8, 1]], ["CRY", [8, 3]], ["CRY", [8, 5]], ["CRY", [8, 7]], ["RZ", [0]], ["RZ", [2]], ["RZ", [4]], ["RZ", [6]], ["RZ", [1]], ["RZ", [3]], ["RZ", [5]], ["RZ", [7]], ["RZ", [8]], ["RY", [0]], ["RY", [2]], ["RY", [4]], ["RY", [6]], ["RY", [1]], ["RY", [3]], ["RY", [5]], ["RY", [7]], ["RY", [8]], ["RX", [0]], ["RX", [2]], ["RX", [4]], ["RX", [6]], ["RX", [1]], ["RX", [3]], ["RX", [5]], ["RX", [7]], ["RX", [8]], ["RX", [0]], ["RX", [1]], ["RX", [2]], ["RX", [3]], ["RX", [4]], ["RX", [5]], ["RX", [6]], ["RX", [7]], ["RX", [8]], ["RZ", [0]], ["RZ", [1]], ["RZ", [2]], ["RZ", [3]], ["RZ", [4]], ["RZ", [5]], ["RZ", [6]], ["RZ", [7]], ["RZ", [8]], ["RY", [0]], ["RY", [1]], ["RY", [2]], ["RY", [3]], ["RY", [4]], ["RY", [5]], ["RY", [6]], ["RY", [7]], ["RY", [8]], ["CNOT", [0, 1]], ["CNOT", [2, 1]], ["CNOT", [2, 3]], ["CNOT", [4, 3]], ["CNOT", [4, 5]], ["CNOT", [6, 5]], ["CNOT", [6, 7]], ["CNOT", [0, 7]], ["CNOT", [1, 8]], ["CNOT", [5, 8]], ["CNOT", [3, 8]], ["CNOT", [7, 8]], ["CRY", [1, 0]], ["CRY", [1, 2]], ["CRY", [3, 2]], ["CRY", [3, 4]], ["CRY", [5, 4]], ["CRY", [5, 6]], ["CRY", [7, 6]], ["CRY", [7, 0]], ["CRY", [8, 1]], ["CRY", [8, 3]], ["CRY", [8, 5]], ["CRY", [8, 7]], ["RZ", [0]], ["RZ", [2]], ["RZ", [4]], ["RZ", [6]], ["RZ", [1]], ["RZ", [3]], ["RZ", [5]], ["RZ", [7]], ["RZ", [8]], ["RY", [0]], ["RY", [2]], ["RY", [4]], ["RY", [6]], ["RY", [1]], ["RY", [3]], ["RY", [5]], ["RY", [7]], ["RY", [8]], ["RX", [0]], ["RX", [2]], ["RX", [4]], ["RX", [6]], ["RX", [1]], ["RX", [3]], ["RX", [5]], ["RX", [7]], ["RX", [8]], ["RX", [0]], ["RX", [1]], ["RX", [2]], ["RX", [3]], ["RX", [4]], ["RX", [5]], ["RX", [6]], ["RX", [7]], ["RX", [8]], ["RX", [0]], ["RX", [1]], ["RX", [2]], ["RX", [3]], ["RX", [4]], ["RX", [5]], ["RX", [6]], ["RX", [7]], ["RX", [8]], ["RZ", [0]], ["RZ", [1]], ["RZ", [2]], ["RZ", [3]], ["RZ", [4]], ["RZ", [5]], ["RZ", [6]], ["RZ", [7]], ["RZ", [8]], ["RY", [0]], ["RY", [1]], ["RY", [2]], ["RY", [3]], ["RY", [4]], ["RY", [5]], ["RY", [6]], ["RY", [7]], ["RY", [8]], ["CNOT", [0, 1]], ["CNOT", [2, 1]], ["CNOT", [2, 3]], ["CNOT", [4, 3]], ["CNOT", [4, 5]], ["CNOT", [6, 5]], ["CNOT", [6, 7]], ["CNOT", [0, 7]], ["CNOT", [1, 8]], ["CNOT", [5, 8]], ["CNOT", [3, 8]], ["CNOT", [7, 8]], ["CRY", [1, 0]], ["CRY", [1, 2]], ["CRY", [3, 2]], ["CRY", [3, 4]], ["CRY", [5, 4]], ["CRY", [5, 6]], ["CRY", [7, 6]], ["CRY", [7, 0]], ["CRY", [8, 1]], ["CRY", [8, 3]], ["CRY", [8, 5]], ["CRY", [8, 7]], ["RZ", [0]], ["RZ", [2]], ["RZ", [4]], ["RZ", [6]], ["RZ", [1]], ["RZ", [3]], ["RZ", [5]], ["RZ", [7]], ["RZ", [8]], ["RY", [0]], ["RY", [2]], ["RY", [4]], ["RY", [6]], ["RY", [1]], ["RY", [3]], ["RY", [5]], ["RY", [7]], ["RY", [8]], ["RX", [0]], ["RX", [2]], ["RX", [4]], ["RX", [6]], ["RX", [1]], ["RX", [3]], ["RX", [5]], ["RX", [7]], ["RX", [8]], ["RX", [0]], ["RX", [1]], ["RX", [2]], ["RX", [3]], ["RX", [4]], ["RX", [5]], ["RX", [6]], ["RX", [7]], ["RX", [8]], ["RZ", [0]], ["RZ", [1]], ["RZ", [2]], ["RZ", [3]], ["RZ", [4]], ["RZ", [5]], ["RZ", [6]], ["RZ", [7]], ["RZ", [8]], ["RY", [0]], ["RY", [1]], ["RY", [2]], ["RY", [3]], ["RY", [4]], ["RY", [5]], ["RY", [6]], ["RY", [7]], ["RY", [8]], ["CNOT", [0, 1]], ["CNOT", [2, 1]], ["CNOT", [2, 3]], ["CNOT", [4, 3]], ["CNOT", [4, 5]], ["CNOT", [6, 5]], ["CNOT", [6, 7]], ["CNOT", [0, 7]], ["CNOT", [1, 8]], ["CNOT", [5, 8]], ["CNOT", [3, 8]], ["CNOT", [7, 8]], ["CRY", [1, 0]], ["CRY", [1, 2]], ["CRY", [3, 2]], ["CRY", [3, 4]], ["CRY", [5, 4]], ["CRY", [5, 6]], ["CRY", [7, 6]], ["CRY", [7, 0]], ["CRY", [8, 1]], ["CRY", [8, 3]], ["CRY", [8, 5]], ["CRY", [8, 7]], ["RZ", [0]], ["RZ", [2]], ["RZ", [4]], ["RZ", [6]], ["RZ", [1]], ["RZ", [3]], ["RZ", [5]], ["RZ", [7]], ["RZ", [8]], ["RY", [0]], ["RY", [2]], ["RY", [4]], ["RY", [6]], ["RY", [1]], ["RY", [3]], ["RY", [5]], ["RY", [7]], ["RY", [8]], ["RX", [0]], ["RX", [2]], ["RX", [4]], ["RX", [6]], ["RX", [1]], ["RX", [3]], ["RX", [5]], ["RX", [7]], ["RX", [8]]], "parameter_efficiency": 0.0018274853801169592, "spec_valid": true, "test_accuracy": 0.4166666666666667, "test_loss": 2.7435332437246407, "train_accuracy": 0.31666666666666665, "train_loss": 2.7626063083793384, "validation_accuracy": 0.37777777777777777, "validation_loss": 2.7292389376093626}
==========Run 1/1 completed in 80.85 seconds==========
Correctness and error status saved to /home/chengyou1368/QuantumAnsatz/qml-ea/tic-tac-toe/results/ttt_qml_cli_20260618_121507/gen_4/results/correct.json
Metrics saved to /home/chengyou1368/QuantumAnsatz/qml-ea/tic-tac-toe/results/ttt_qml_cli_20260618_121507/gen_4/results/metrics.json
OK
{
  "combined_score": 0.38134214950483775,
  "public": {
    "train_accuracy_mean": 0.3167,
    "train_accuracy_std": 0.0,
    "validation_accuracy_mean": 0.3778,
    "validation_accuracy_std": 0.0,
    "test_accuracy_mean": 0.4167,
    "test_accuracy_std": 0.0,
    "generalization_gap_mean": 0.1,
    "validation_loss_mean": 2.7292,
    "test_loss_mean": 2.7435,
    "parameter_efficiency_mean": 0.001827,
    "n_params": 228,
    "depth_mean": 136.0,
    "gate_count_mean": 495.0,
    "score_uses_test": false,
    "convergence_step_mean": null
  },
  "private": {
    "per_run_scores": [
      {
        "combined_score": 0.38134214950483775,
        "primary_accuracy": 0.37777777777777777,
        "gap_score": 0.7142857142857142,
        "loss_score": 0.2681512278323073,
        "parameter_efficiency_score": 0.26842105263157895,
        "convergence_score": 0.0
      }
    ],
    "per_run_test_accuracies": [
      0.4166666666666667
    ]
  },
  "text_feedback": "Combined score: 0.3813\nValidation accuracy mean: 0.3778\nTest accuracy mean: 0.4167\nTrain-test generalization gap mean: 0.1000\nValidation L2 loss mean: 2.7292\nParameters: 228, depth mean: 136.0, gate count mean: 495.0\nFitness uses validation metrics; test metrics are reported as holdout diagnostics.\nAccuracy is still low; explore more expressive local entanglement or rotation diversity.\nParameter count exceeds the Pauli-2 seed; added accuracy must justify the complexity.\nDid not reach convergence threshold 0.90 in these runs.",
  "execution_time_mean": 80.85062363800171,
  "execution_time_std": 0.0,
  "num_valid_runs": 1,
  "num_invalid_runs": 0,
  "all_validation_errors": []
}
