Job running on a1132u22n01.mghpcc.ycrc.yale.edu under Slurm job 19454542
Activating sourced environment: /home/ch2499/project/transfer_sn/activate_eval_cluster.sh
==========Running program evaluation 1/1...==========
==========Run 1/1 completed in 2446.30 seconds==========
Correctness and error status saved to /home/ch2499/project/transfer_sn/results_haiku_r2/gen_22/results/correct.json
Metrics saved to /home/ch2499/project/transfer_sn/results_haiku_r2/gen_22/results/metrics.json
OK
{
  "combined_score": 0.9103143379669065,
  "public": {
    "train_accuracy_mean": 0.94,
    "train_accuracy_std": 0.0,
    "validation_accuracy_mean": 0.9167,
    "validation_accuracy_std": 0.0,
    "test_accuracy_mean": 0.9283,
    "test_accuracy_std": 0.0,
    "generalization_gap_mean": 0.0117,
    "validation_loss_mean": 0.3224,
    "test_loss_mean": 0.3414,
    "parameter_efficiency_mean": 0.035705,
    "n_params": 26,
    "depth_mean": 150.0,
    "gate_count_mean": 348.0,
    "score_uses_test": false,
    "convergence_step_mean": 270.0
  },
  "private": {
    "per_run_scores": [
      {
        "combined_score": 0.9103143379669065,
        "primary_accuracy": 0.9166666666666666,
        "gap_score": 0.9666666666666669,
        "loss_score": 0.7562066975571541,
        "parameter_efficiency_score": 1.0,
        "convergence_score": 0.991
      }
    ],
    "per_run_test_accuracies": [
      0.9283333333333333
    ]
  },
  "text_feedback": "Combined score: 0.9103\nValidation accuracy mean: 0.9167\nTest accuracy mean: 0.9283\nTrain-test generalization gap mean: 0.0117\nValidation L2 loss mean: 0.3224\nParameters: 26, depth mean: 150.0, gate count mean: 348.0\nFitness uses validation metrics; test metrics are reported as holdout diagnostics.",
  "execution_time_mean": 2446.301217865199,
  "execution_time_std": 0.0,
  "num_valid_runs": 1,
  "num_invalid_runs": 0,
  "all_validation_errors": []
}
