Job running on a1130u31n01.mghpcc.ycrc.yale.edu under Slurm job 19608116
Activating sourced environment: /home/ch2499/project/zc_ttt/activate_eval_cluster.sh
==========Running program evaluation 1/1...==========
==========Run 1/1 completed in 3941.09 seconds==========
Correctness and error status saved to /home/ch2499/project/zc_ttt/results_sonnet/gen_27/results/correct.json
Metrics saved to /home/ch2499/project/zc_ttt/results_sonnet/gen_27/results/metrics.json
OK
{
  "combined_score": 0.5758419173918823,
  "public": {
    "train_accuracy_mean": 0.7267,
    "train_accuracy_std": 0.0,
    "validation_accuracy_mean": 0.66,
    "validation_accuracy_std": 0.0,
    "test_accuracy_mean": 0.6,
    "test_accuracy_std": 0.0,
    "generalization_gap_mean": 0.1267,
    "validation_loss_mean": 2.0231,
    "test_loss_mean": 2.1557,
    "parameter_efficiency_mean": 0.003125,
    "n_params": 192,
    "depth_mean": 45.0,
    "gate_count_mean": 237.0,
    "score_uses_test": false,
    "convergence_step_mean": null
  },
  "private": {
    "per_run_scores": [
      {
        "combined_score": 0.5758419173918823,
        "primary_accuracy": 0.66,
        "gap_score": 0.6380952380952379,
        "loss_score": 0.3307814334061993,
        "parameter_efficiency_score": 0.556875,
        "convergence_score": 0.0
      }
    ],
    "per_run_test_accuracies": [
      0.6
    ]
  },
  "text_feedback": "Combined score: 0.5758\nValidation accuracy mean: 0.6600\nTest accuracy mean: 0.6000\nTrain-test generalization gap mean: 0.1267\nValidation L2 loss mean: 2.0231\nParameters: 192, depth mean: 45.0, gate count mean: 237.0\nFitness uses validation metrics; test metrics are reported as holdout diagnostics.\nParameter count exceeds the seed; added accuracy must justify the complexity.\nDid not reach convergence threshold 0.90 in these runs.",
  "execution_time_mean": 3941.0909581170417,
  "execution_time_std": 0.0,
  "num_valid_runs": 1,
  "num_invalid_runs": 0,
  "all_validation_errors": []
}
