Job running on a1130u22n03.mghpcc.ycrc.yale.edu under Slurm job 22547574
Activating sourced environment: /home/ch2499/project/transfer_sn_null/activate_eval_cluster.sh
==========Running program evaluation 1/1...==========
==========Run 1/1 completed in 2317.73 seconds==========
Correctness and error status saved to /home/ch2499/project/transfer_sn_null/results_null_frontier_r2/gen_8/results/correct.json
Metrics saved to /home/ch2499/project/transfer_sn_null/results_null_frontier_r2/gen_8/results/metrics.json
OK
{
  "combined_score": 1.4276396168673904,
  "public": {
    "combined_score_raw": 0.9884,
    "train_accuracy_mean": 1.0,
    "train_accuracy_std": 0.0,
    "validation_accuracy_mean": 1.0,
    "validation_accuracy_std": 0.0,
    "test_accuracy_mean": 0.9967,
    "test_accuracy_std": 0.0,
    "generalization_gap_mean": 0.0033,
    "validation_loss_mean": 0.0701,
    "test_loss_mean": 0.0655,
    "parameter_efficiency_mean": 0.006826,
    "n_params": 146,
    "depth_mean": 93.0,
    "gate_count_mean": 300.0,
    "score_uses_test": false,
    "convergence_step_mean": 210.0
  },
  "private": {
    "per_run_scores": [
      {
        "combined_score": 0.9883959928790231,
        "primary_accuracy": 1.0,
        "gap_score": 0.9904761904761906,
        "loss_score": 0.9344970953839636,
        "parameter_efficiency_score": 1.0,
        "convergence_score": 0.993
      }
    ],
    "per_run_test_accuracies": [
      0.9966666666666667
    ]
  },
  "text_feedback": "Combined score: 1.4276\nScore scale: 0.0 = the seed program, 1.0 = the best solution found so far on this task. Negative means worse than the seed.\nValidation accuracy mean: 1.0000\nTest accuracy mean: 0.9967\nTrain-test generalization gap mean: 0.0033\nValidation L2 loss mean: 0.0701\nParameters: 146, depth mean: 93.0, gate count mean: 300.0\nFitness uses validation metrics; test metrics are reported as holdout diagnostics.",
  "execution_time_mean": 2317.734282616526,
  "execution_time_std": 0.0,
  "num_valid_runs": 1,
  "num_invalid_runs": 0,
  "all_validation_errors": []
}
