Job running on a1130u37n03.mghpcc.ycrc.yale.edu under Slurm job 19439074
Activating sourced environment: /home/ch2499/project/transfer_sn/activate_eval_cluster.sh
==========Running program evaluation 1/1...==========
==========Run 1/1 completed in 1245.12 seconds==========
Correctness and error status saved to /home/ch2499/project/transfer_sn/results_gpt56sol_r2/gen_1/results/correct.json
Metrics saved to /home/ch2499/project/transfer_sn/results_gpt56sol_r2/gen_1/results/metrics.json
OK
{
  "combined_score": 0.7828265303786329,
  "public": {
    "train_accuracy_mean": 0.9444,
    "train_accuracy_std": 0.0,
    "validation_accuracy_mean": 0.8733,
    "validation_accuracy_std": 0.0,
    "test_accuracy_mean": 0.8433,
    "test_accuracy_std": 0.0,
    "generalization_gap_mean": 0.1011,
    "validation_loss_mean": 0.4796,
    "test_loss_mean": 0.5036,
    "parameter_efficiency_mean": 0.005776,
    "n_params": 146,
    "depth_mean": 120.0,
    "gate_count_mean": 276.0,
    "score_uses_test": false,
    "convergence_step_mean": null
  },
  "private": {
    "per_run_scores": [
      {
        "combined_score": 0.7828265303786329,
        "primary_accuracy": 0.8733333333333333,
        "gap_score": 0.7111111111111112,
        "loss_score": 0.6758805728945904,
        "parameter_efficiency_score": 0.8733333333333333,
        "convergence_score": 0.0
      }
    ],
    "per_run_test_accuracies": [
      0.8433333333333334
    ]
  },
  "text_feedback": "Combined score: 0.7828\nValidation accuracy mean: 0.8733\nTest accuracy mean: 0.8433\nTrain-test generalization gap mean: 0.1011\nValidation L2 loss mean: 0.4796\nParameters: 146, depth mean: 120.0, gate count mean: 276.0\nFitness uses validation metrics; test metrics are reported as holdout diagnostics.\nDid not reach the convergence threshold in these runs.",
  "execution_time_mean": 1245.1178992171772,
  "execution_time_std": 0.0,
  "num_valid_runs": 1,
  "num_invalid_runs": 0,
  "all_validation_errors": []
}
