Job running on a1130u20n03.mghpcc.ycrc.yale.edu under Slurm job 23104172
Activating sourced environment: /home/ch2499/project/transfer_sn/activate_eval_cluster.sh
==========Running program evaluation 1/1...==========
==========Run 1/1 completed in 1408.92 seconds==========
Correctness and error status saved to /home/ch2499/project/transfer_sn/results_frw3_frontier_r4/gen_4/results/correct.json
Metrics saved to /home/ch2499/project/transfer_sn/results_frw3_frontier_r4/gen_4/results/metrics.json
OK
{
  "combined_score": 0.5510920134042512,
  "public": {
    "combined_score_raw": 0.9062,
    "train_accuracy_mean": 0.9489,
    "train_accuracy_std": 0.0,
    "validation_accuracy_mean": 0.9267,
    "validation_accuracy_std": 0.0,
    "test_accuracy_mean": 0.92,
    "test_accuracy_std": 0.0,
    "generalization_gap_mean": 0.0289,
    "validation_loss_mean": 0.3564,
    "test_loss_mean": 0.3633,
    "parameter_efficiency_mean": 0.0184,
    "n_params": 50,
    "depth_mean": 99.0,
    "gate_count_mean": 348.0,
    "score_uses_test": false,
    "convergence_step_mean": 120.0
  },
  "private": {
    "per_run_scores": [
      {
        "combined_score": 0.9062263181431424,
        "primary_accuracy": 0.9266666666666666,
        "gap_score": 0.9174603174603175,
        "loss_score": 0.7372336553458166,
        "parameter_efficiency_score": 1.0,
        "convergence_score": 0.996
      }
    ],
    "per_run_test_accuracies": [
      0.92
    ]
  },
  "text_feedback": "Combined score: 0.5511\nScore scale: 0.0 = the seed program, 1.0 = the best solution found so far on this task. Negative means worse than the seed.\nValidation accuracy mean: 0.9267\nTest accuracy mean: 0.9200\nTrain-test generalization gap mean: 0.0289\nValidation L2 loss mean: 0.3564\nParameters: 50, depth mean: 99.0, gate count mean: 348.0\nFitness uses validation metrics; test metrics are reported as holdout diagnostics.",
  "execution_time_mean": 1408.919545638375,
  "execution_time_std": 0.0,
  "num_valid_runs": 1,
  "num_invalid_runs": 0,
  "all_validation_errors": []
}
