Job running on a1130u20n04.mghpcc.ycrc.yale.edu under Slurm job 19628633
Activating sourced environment: /home/ch2499/project/zc_ttt/activate_eval_cluster.sh
==========Running program evaluation 1/1...==========
==========Run 1/1 completed in 3067.62 seconds==========
Correctness and error status saved to /home/ch2499/project/zc_ttt/results_sonnet/gen_76/results/correct.json
Metrics saved to /home/ch2499/project/zc_ttt/results_sonnet/gen_76/results/metrics.json
OK
{
  "combined_score": 0.5754180313536456,
  "public": {
    "train_accuracy_mean": 0.7311,
    "train_accuracy_std": 0.0,
    "validation_accuracy_mean": 0.6533,
    "validation_accuracy_std": 0.0,
    "test_accuracy_mean": 0.6033,
    "test_accuracy_std": 0.0,
    "generalization_gap_mean": 0.1278,
    "validation_loss_mean": 2.0673,
    "test_loss_mean": 2.1441,
    "parameter_efficiency_mean": 0.003591,
    "n_params": 168,
    "depth_mean": 57.0,
    "gate_count_mean": 219.0,
    "score_uses_test": false,
    "convergence_step_mean": null
  },
  "private": {
    "per_run_scores": [
      {
        "combined_score": 0.5754180313536456,
        "primary_accuracy": 0.6533333333333333,
        "gap_score": 0.6349206349206349,
        "loss_score": 0.3260143889184837,
        "parameter_efficiency_score": 0.63,
        "convergence_score": 0.0
      }
    ],
    "per_run_test_accuracies": [
      0.6033333333333334
    ]
  },
  "text_feedback": "Combined score: 0.5754\nValidation accuracy mean: 0.6533\nTest accuracy mean: 0.6033\nTrain-test generalization gap mean: 0.1278\nValidation L2 loss mean: 2.0673\nParameters: 168, depth mean: 57.0, gate count mean: 219.0\nFitness uses validation metrics; test metrics are reported as holdout diagnostics.\nParameter count exceeds the seed; added accuracy must justify the complexity.\nDid not reach convergence threshold 0.90 in these runs.",
  "execution_time_mean": 3067.6210553087294,
  "execution_time_std": 0.0,
  "num_valid_runs": 1,
  "num_invalid_runs": 0,
  "all_validation_errors": []
}
