Job running on a1132u24n04.mghpcc.ycrc.yale.edu under Slurm job 19607250
Activating sourced environment: /home/ch2499/project/zc_ttt/activate_eval_cluster.sh
==========Running program evaluation 1/1...==========
==========Run 1/1 completed in 4707.99 seconds==========
Correctness and error status saved to /home/ch2499/project/zc_ttt/results_sonnet/gen_23/results/correct.json
Metrics saved to /home/ch2499/project/zc_ttt/results_sonnet/gen_23/results/metrics.json
OK
{
  "combined_score": 0.585576347896565,
  "public": {
    "train_accuracy_mean": 0.7556,
    "train_accuracy_std": 0.0,
    "validation_accuracy_mean": 0.6533,
    "validation_accuracy_std": 0.0,
    "test_accuracy_mean": 0.6417,
    "test_accuracy_std": 0.0,
    "generalization_gap_mean": 0.1139,
    "validation_loss_mean": 2.1094,
    "test_loss_mean": 2.1747,
    "parameter_efficiency_mean": 0.004113,
    "n_params": 156,
    "depth_mean": 41.0,
    "gate_count_mean": 207.0,
    "score_uses_test": false,
    "convergence_step_mean": null
  },
  "private": {
    "per_run_scores": [
      {
        "combined_score": 0.585576347896565,
        "primary_accuracy": 0.6533333333333333,
        "gap_score": 0.6746031746031748,
        "loss_score": 0.3216038170719309,
        "parameter_efficiency_score": 0.6784615384615384,
        "convergence_score": 0.0
      }
    ],
    "per_run_test_accuracies": [
      0.6416666666666667
    ]
  },
  "text_feedback": "Combined score: 0.5856\nValidation accuracy mean: 0.6533\nTest accuracy mean: 0.6417\nTrain-test generalization gap mean: 0.1139\nValidation L2 loss mean: 2.1094\nParameters: 156, depth mean: 41.0, gate count mean: 207.0\nFitness uses validation metrics; test metrics are reported as holdout diagnostics.\nDid not reach convergence threshold 0.90 in these runs.",
  "execution_time_mean": 4707.987118269317,
  "execution_time_std": 0.0,
  "num_valid_runs": 1,
  "num_invalid_runs": 0,
  "all_validation_errors": []
}
