Job running on a1132u22n02.mghpcc.ycrc.yale.edu under Slurm job 19606982
Activating sourced environment: /home/ch2499/project/zc_sn/activate_eval_cluster.sh
==========Running program evaluation 1/1...==========
==========Run 1/1 completed in 2606.26 seconds==========
Correctness and error status saved to /home/ch2499/project/zc_sn/results_sonnet/gen_52/results/correct.json
Metrics saved to /home/ch2499/project/zc_sn/results_sonnet/gen_52/results/metrics.json
OK
{
  "combined_score": 0.8713018134117777,
  "public": {
    "train_accuracy_mean": 0.9467,
    "train_accuracy_std": 0.0,
    "validation_accuracy_mean": 0.8933,
    "validation_accuracy_std": 0.0,
    "test_accuracy_mean": 0.8767,
    "test_accuracy_std": 0.0,
    "generalization_gap_mean": 0.07,
    "validation_loss_mean": 0.353,
    "test_loss_mean": 0.3874,
    "parameter_efficiency_mean": 0.007186,
    "n_params": 122,
    "depth_mean": 232.0,
    "gate_count_mean": 516.0,
    "score_uses_test": false,
    "convergence_step_mean": 540.0
  },
  "private": {
    "per_run_scores": [
      {
        "combined_score": 0.8713018134117777,
        "primary_accuracy": 0.8933333333333333,
        "gap_score": 0.8000000000000002,
        "loss_score": 0.739123200522962,
        "parameter_efficiency_score": 1.0,
        "convergence_score": 0.982
      }
    ],
    "per_run_test_accuracies": [
      0.8766666666666667
    ]
  },
  "text_feedback": "Combined score: 0.8713\nValidation accuracy mean: 0.8933\nTest accuracy mean: 0.8767\nTrain-test generalization gap mean: 0.0700\nValidation L2 loss mean: 0.3530\nParameters: 122, depth mean: 232.0, gate count mean: 516.0\nFitness uses validation metrics; test metrics are reported as holdout diagnostics.",
  "execution_time_mean": 2606.2558166980743,
  "execution_time_std": 0.0,
  "num_valid_runs": 1,
  "num_invalid_runs": 0,
  "all_validation_errors": []
}
