Job running on a1114u24n01.mghpcc.ycrc.yale.edu under Slurm job 19593657
Activating sourced environment: /home/ch2499/project/zc_sn/activate_eval_cluster.sh
==========Running program evaluation 1/1...==========
==========Run 1/1 completed in 426.97 seconds==========
Correctness and error status saved to /home/ch2499/project/zc_sn/results_gpt56sol/gen_12/results/correct.json
Metrics saved to /home/ch2499/project/zc_sn/results_gpt56sol/gen_12/results/metrics.json
OK
{
  "combined_score": 0.8620254782644367,
  "public": {
    "train_accuracy_mean": 0.8667,
    "train_accuracy_std": 0.0,
    "validation_accuracy_mean": 0.86,
    "validation_accuracy_std": 0.0,
    "test_accuracy_mean": 0.8517,
    "test_accuracy_std": 0.0,
    "generalization_gap_mean": 0.015,
    "validation_loss_mean": 0.4629,
    "test_loss_mean": 0.4976,
    "parameter_efficiency_mean": 0.00869,
    "n_params": 98,
    "depth_mean": 154.0,
    "gate_count_mean": 420.0,
    "score_uses_test": false,
    "convergence_step_mean": 450.0
  },
  "private": {
    "per_run_scores": [
      {
        "combined_score": 0.8620254782644367,
        "primary_accuracy": 0.86,
        "gap_score": 0.9571428571428571,
        "loss_score": 0.6835825535089428,
        "parameter_efficiency_score": 1.0,
        "convergence_score": 0.985
      }
    ],
    "per_run_test_accuracies": [
      0.8516666666666667
    ]
  },
  "text_feedback": "Combined score: 0.8620\nValidation accuracy mean: 0.8600\nTest accuracy mean: 0.8517\nTrain-test generalization gap mean: 0.0150\nValidation L2 loss mean: 0.4629\nParameters: 98, depth mean: 154.0, gate count mean: 420.0\nFitness uses validation metrics; test metrics are reported as holdout diagnostics.",
  "execution_time_mean": 426.96806767303497,
  "execution_time_std": 0.0,
  "num_valid_runs": 1,
  "num_invalid_runs": 0,
  "all_validation_errors": []
}
