Job running on a1114u27n01.mghpcc.ycrc.yale.edu under Slurm job 23104719
Activating sourced environment: /home/ch2499/project/transfer_sn/activate_eval_cluster.sh
==========Running program evaluation 1/1...==========
==========Run 1/1 completed in 624.15 seconds==========
Correctness and error status saved to /home/ch2499/project/transfer_sn/results_frw3_frontier_r1/gen_7/results/correct.json
Metrics saved to /home/ch2499/project/transfer_sn/results_frw3_frontier_r1/gen_7/results/metrics.json
OK
{
  "combined_score": 0.40013861513609744,
  "public": {
    "combined_score_raw": 0.8921,
    "train_accuracy_mean": 0.9622,
    "train_accuracy_std": 0.0,
    "validation_accuracy_mean": 0.92,
    "validation_accuracy_std": 0.0,
    "test_accuracy_mean": 0.915,
    "test_accuracy_std": 0.0,
    "generalization_gap_mean": 0.0472,
    "validation_loss_mean": 0.4079,
    "test_loss_mean": 0.4059,
    "parameter_efficiency_mean": 0.014758,
    "n_params": 62,
    "depth_mean": 93.0,
    "gate_count_mean": 300.0,
    "score_uses_test": false,
    "convergence_step_mean": 270.0
  },
  "private": {
    "per_run_scores": [
      {
        "combined_score": 0.8920755845298576,
        "primary_accuracy": 0.92,
        "gap_score": 0.8650793650793652,
        "loss_score": 0.7102763836382033,
        "parameter_efficiency_score": 1.0,
        "convergence_score": 0.991
      }
    ],
    "per_run_test_accuracies": [
      0.915
    ]
  },
  "text_feedback": "Combined score: 0.4001\nScore scale: 0.0 = the seed program, 1.0 = the best solution found so far on this task. Negative means worse than the seed.\nValidation accuracy mean: 0.9200\nTest accuracy mean: 0.9150\nTrain-test generalization gap mean: 0.0472\nValidation L2 loss mean: 0.4079\nParameters: 62, depth mean: 93.0, gate count mean: 300.0\nFitness uses validation metrics; test metrics are reported as holdout diagnostics.",
  "execution_time_mean": 624.1507852189243,
  "execution_time_std": 0.0,
  "num_valid_runs": 1,
  "num_invalid_runs": 0,
  "all_validation_errors": []
}
