Job running on a1130u37n01.mghpcc.ycrc.yale.edu under Slurm job 19615941
Activating sourced environment: /home/ch2499/project/zc_ttt/activate_eval_cluster.sh
==========Running program evaluation 1/1...==========
==========Run 1/1 completed in 1245.46 seconds==========
Correctness and error status saved to /home/ch2499/project/zc_ttt/results_gpt56sol/gen_71/results/correct.json
Metrics saved to /home/ch2499/project/zc_ttt/results_gpt56sol/gen_71/results/metrics.json
OK
{
  "combined_score": 0.5333355882935348,
  "public": {
    "train_accuracy_mean": 0.6022,
    "train_accuracy_std": 0.0,
    "validation_accuracy_mean": 0.5733,
    "validation_accuracy_std": 0.0,
    "test_accuracy_mean": 0.52,
    "test_accuracy_std": 0.0,
    "generalization_gap_mean": 0.0822,
    "validation_loss_mean": 2.2691,
    "test_loss_mean": 2.3886,
    "parameter_efficiency_mean": 0.002889,
    "n_params": 180,
    "depth_mean": 51.0,
    "gate_count_mean": 315.0,
    "score_uses_test": false,
    "convergence_step_mean": null
  },
  "private": {
    "per_run_scores": [
      {
        "combined_score": 0.5333355882935348,
        "primary_accuracy": 0.5733333333333334,
        "gap_score": 0.7650793650793651,
        "loss_score": 0.30589863095160724,
        "parameter_efficiency_score": 0.516,
        "convergence_score": 0.0
      }
    ],
    "per_run_test_accuracies": [
      0.52
    ]
  },
  "text_feedback": "Combined score: 0.5333\nValidation accuracy mean: 0.5733\nTest accuracy mean: 0.5200\nTrain-test generalization gap mean: 0.0822\nValidation L2 loss mean: 2.2691\nParameters: 180, depth mean: 51.0, gate count mean: 315.0\nFitness uses validation metrics; test metrics are reported as holdout diagnostics.\nParameter count exceeds the seed; added accuracy must justify the complexity.\nDid not reach convergence threshold 0.90 in these runs.",
  "execution_time_mean": 1245.4563988801092,
  "execution_time_std": 0.0,
  "num_valid_runs": 1,
  "num_invalid_runs": 0,
  "all_validation_errors": []
}
