Job running on a1132u33n03.mghpcc.ycrc.yale.edu under Slurm job 19482469
Activating sourced environment: /home/ch2499/project/transfer_sn/activate_eval_cluster.sh
==========Running program evaluation 1/1...==========
==========Run 1/1 completed in 1670.41 seconds==========
Correctness and error status saved to /home/ch2499/project/transfer_sn/results_sonnet_r2/gen_39/results/correct.json
Metrics saved to /home/ch2499/project/transfer_sn/results_sonnet_r2/gen_39/results/metrics.json
OK
{
  "combined_score": 0.8995541460277063,
  "public": {
    "train_accuracy_mean": 0.9489,
    "train_accuracy_std": 0.0,
    "validation_accuracy_mean": 0.9233,
    "validation_accuracy_std": 0.0,
    "test_accuracy_mean": 0.91,
    "test_accuracy_std": 0.0,
    "generalization_gap_mean": 0.0389,
    "validation_loss_mean": 0.3653,
    "test_loss_mean": 0.3868,
    "parameter_efficiency_mean": 0.013382,
    "n_params": 68,
    "depth_mean": 124.0,
    "gate_count_mean": 282.0,
    "score_uses_test": false,
    "convergence_step_mean": 120.0
  },
  "private": {
    "per_run_scores": [
      {
        "combined_score": 0.8995541460277063,
        "primary_accuracy": 0.9233333333333333,
        "gap_score": 0.888888888888889,
        "loss_score": 0.7324350475921162,
        "parameter_efficiency_score": 1.0,
        "convergence_score": 0.996
      }
    ],
    "per_run_test_accuracies": [
      0.91
    ]
  },
  "text_feedback": "Combined score: 0.8996\nValidation accuracy mean: 0.9233\nTest accuracy mean: 0.9100\nTrain-test generalization gap mean: 0.0389\nValidation L2 loss mean: 0.3653\nParameters: 68, depth mean: 124.0, gate count mean: 282.0\nFitness uses validation metrics; test metrics are reported as holdout diagnostics.",
  "execution_time_mean": 1670.4092041091062,
  "execution_time_std": 0.0,
  "num_valid_runs": 1,
  "num_invalid_runs": 0,
  "all_validation_errors": []
}
