Job running on a1132u22n03.mghpcc.ycrc.yale.edu under Slurm job 19609349
Activating sourced environment: /home/ch2499/project/zc_sn/activate_eval_cluster.sh
==========Running program evaluation 1/1...==========
==========Run 1/1 completed in 1935.58 seconds==========
Correctness and error status saved to /home/ch2499/project/zc_sn/results_sonnet/gen_61/results/correct.json
Metrics saved to /home/ch2499/project/zc_sn/results_sonnet/gen_61/results/metrics.json
OK
{
  "combined_score": 0.8852538622637581,
  "public": {
    "train_accuracy_mean": 0.9622,
    "train_accuracy_std": 0.0,
    "validation_accuracy_mean": 0.9133,
    "validation_accuracy_std": 0.0,
    "test_accuracy_mean": 0.8983,
    "test_accuracy_std": 0.0,
    "generalization_gap_mean": 0.0639,
    "validation_loss_mean": 0.3601,
    "test_loss_mean": 0.4225,
    "parameter_efficiency_mean": 0.006704,
    "n_params": 134,
    "depth_mean": 270.0,
    "gate_count_mean": 612.0,
    "score_uses_test": false,
    "convergence_step_mean": 180.0
  },
  "private": {
    "per_run_scores": [
      {
        "combined_score": 0.8852538622637581,
        "primary_accuracy": 0.9133333333333333,
        "gap_score": 0.8174603174603174,
        "loss_score": 0.7352647123356602,
        "parameter_efficiency_score": 0.9951243781094528,
        "convergence_score": 0.994
      }
    ],
    "per_run_test_accuracies": [
      0.8983333333333333
    ]
  },
  "text_feedback": "Combined score: 0.8853\nValidation accuracy mean: 0.9133\nTest accuracy mean: 0.8983\nTrain-test generalization gap mean: 0.0639\nValidation L2 loss mean: 0.3601\nParameters: 134, depth mean: 270.0, gate count mean: 612.0\nFitness uses validation metrics; test metrics are reported as holdout diagnostics.",
  "execution_time_mean": 1935.5849430277012,
  "execution_time_std": 0.0,
  "num_valid_runs": 1,
  "num_invalid_runs": 0,
  "all_validation_errors": []
}
