Job running on a1130u24n04.mghpcc.ycrc.yale.edu under Slurm job 19605147
Activating sourced environment: /home/ch2499/project/zc_sn/activate_eval_cluster.sh
==========Running program evaluation 1/1...==========
==========Run 1/1 completed in 1293.21 seconds==========
Correctness and error status saved to /home/ch2499/project/zc_sn/results_sonnet/gen_44/results/correct.json
Metrics saved to /home/ch2499/project/zc_sn/results_sonnet/gen_44/results/metrics.json
OK
{
  "combined_score": 0.8853094559150996,
  "public": {
    "train_accuracy_mean": 0.9556,
    "train_accuracy_std": 0.0,
    "validation_accuracy_mean": 0.92,
    "validation_accuracy_std": 0.0,
    "test_accuracy_mean": 0.89,
    "test_accuracy_std": 0.0,
    "generalization_gap_mean": 0.0656,
    "validation_loss_mean": 0.3876,
    "test_loss_mean": 0.467,
    "parameter_efficiency_mean": 0.007295,
    "n_params": 122,
    "depth_mean": 220.0,
    "gate_count_mean": 468.0,
    "score_uses_test": false,
    "convergence_step_mean": 150.0
  },
  "private": {
    "per_run_scores": [
      {
        "combined_score": 0.8853094559150996,
        "primary_accuracy": 0.92,
        "gap_score": 0.8126984126984126,
        "loss_score": 0.7206609230318806,
        "parameter_efficiency_score": 1.0,
        "convergence_score": 0.995
      }
    ],
    "per_run_test_accuracies": [
      0.89
    ]
  },
  "text_feedback": "Combined score: 0.8853\nValidation accuracy mean: 0.9200\nTest accuracy mean: 0.8900\nTrain-test generalization gap mean: 0.0656\nValidation L2 loss mean: 0.3876\nParameters: 122, depth mean: 220.0, gate count mean: 468.0\nFitness uses validation metrics; test metrics are reported as holdout diagnostics.",
  "execution_time_mean": 1293.213310169056,
  "execution_time_std": 0.0,
  "num_valid_runs": 1,
  "num_invalid_runs": 0,
  "all_validation_errors": []
}
