Job running on a1132u22n04.mghpcc.ycrc.yale.edu under Slurm job 19615172
Activating sourced environment: /home/ch2499/project/zc_ttt/activate_eval_cluster.sh
==========Running program evaluation 1/1...==========
==========Run 1/1 completed in 1391.72 seconds==========
Correctness and error status saved to /home/ch2499/project/zc_ttt/results_haiku/gen_67/results/correct.json
Metrics saved to /home/ch2499/project/zc_ttt/results_haiku/gen_67/results/metrics.json
OK
{
  "combined_score": 0.5657559206907861,
  "public": {
    "train_accuracy_mean": 0.6711,
    "train_accuracy_std": 0.0,
    "validation_accuracy_mean": 0.5967,
    "validation_accuracy_std": 0.0,
    "test_accuracy_mean": 0.5817,
    "test_accuracy_std": 0.0,
    "generalization_gap_mean": 0.0894,
    "validation_loss_mean": 2.2432,
    "test_loss_mean": 2.3068,
    "parameter_efficiency_mean": 0.005102,
    "n_params": 114,
    "depth_mean": 57.0,
    "gate_count_mean": 225.0,
    "score_uses_test": false,
    "convergence_step_mean": null
  },
  "private": {
    "per_run_scores": [
      {
        "combined_score": 0.5657559206907861,
        "primary_accuracy": 0.5966666666666667,
        "gap_score": 0.7444444444444445,
        "loss_score": 0.3083338182504646,
        "parameter_efficiency_score": 0.8478947368421053,
        "convergence_score": 0.0
      }
    ],
    "per_run_test_accuracies": [
      0.5816666666666667
    ]
  },
  "text_feedback": "Combined score: 0.5658\nValidation accuracy mean: 0.5967\nTest accuracy mean: 0.5817\nTrain-test generalization gap mean: 0.0894\nValidation L2 loss mean: 2.2432\nParameters: 114, depth mean: 57.0, gate count mean: 225.0\nFitness uses validation metrics; test metrics are reported as holdout diagnostics.\nDid not reach convergence threshold 0.90 in these runs.",
  "execution_time_mean": 1391.7160352929495,
  "execution_time_std": 0.0,
  "num_valid_runs": 1,
  "num_invalid_runs": 0,
  "all_validation_errors": []
}
