Job running on a1132u33n03.mghpcc.ycrc.yale.edu under Slurm job 19483167
Activating sourced environment: /home/ch2499/project/transfer_sn/activate_eval_cluster.sh
==========Running program evaluation 1/1...==========
==========Run 1/1 completed in 744.09 seconds==========
Correctness and error status saved to /home/ch2499/project/transfer_sn/results_gpt56sol_r2/gen_30/results/correct.json
Metrics saved to /home/ch2499/project/transfer_sn/results_gpt56sol_r2/gen_30/results/metrics.json
OK
{
  "combined_score": 0.8638045896883515,
  "public": {
    "train_accuracy_mean": 0.9333,
    "train_accuracy_std": 0.0,
    "validation_accuracy_mean": 0.9,
    "validation_accuracy_std": 0.0,
    "test_accuracy_mean": 0.8733,
    "test_accuracy_std": 0.0,
    "generalization_gap_mean": 0.06,
    "validation_loss_mean": 0.4658,
    "test_loss_mean": 0.4593,
    "parameter_efficiency_mean": 0.005982,
    "n_params": 146,
    "depth_mean": 90.0,
    "gate_count_mean": 282.0,
    "score_uses_test": false,
    "convergence_step_mean": 690.0
  },
  "private": {
    "per_run_scores": [
      {
        "combined_score": 0.8638045896883515,
        "primary_accuracy": 0.9,
        "gap_score": 0.8285714285714284,
        "loss_score": 0.6822369471286929,
        "parameter_efficiency_score": 0.9,
        "convergence_score": 0.977
      }
    ],
    "per_run_test_accuracies": [
      0.8733333333333333
    ]
  },
  "text_feedback": "Combined score: 0.8638\nValidation accuracy mean: 0.9000\nTest accuracy mean: 0.8733\nTrain-test generalization gap mean: 0.0600\nValidation L2 loss mean: 0.4658\nParameters: 146, depth mean: 90.0, gate count mean: 282.0\nFitness uses validation metrics; test metrics are reported as holdout diagnostics.",
  "execution_time_mean": 744.0860851611942,
  "execution_time_std": 0.0,
  "num_valid_runs": 1,
  "num_invalid_runs": 0,
  "all_validation_errors": []
}
