Job running on a1132u22n04.mghpcc.ycrc.yale.edu under Slurm job 19607745
Activating sourced environment: /home/ch2499/project/zc_su2/activate_eval_cluster.sh
==========Running program evaluation 1/1...==========
==========Run 1/1 completed in 1107.07 seconds==========
Correctness and error status saved to /home/ch2499/project/zc_su2/results_sonnet/gen_51/results/correct.json
Metrics saved to /home/ch2499/project/zc_su2/results_sonnet/gen_51/results/metrics.json
OK
{
  "combined_score": 0.8019777777777777,
  "public": {
    "train_accuracy_mean": 1.0,
    "train_accuracy_std": 0.0,
    "validation_accuracy_mean": 1.0,
    "validation_accuracy_std": 0.0,
    "test_accuracy_mean": 1.0,
    "test_accuracy_std": 0.0,
    "generalization_gap_mean": 0.0,
    "validation_loss_mean": 0.0264,
    "test_loss_mean": 0.0216,
    "parameter_efficiency_mean": 0.125,
    "n_params": 8,
    "depth_mean": 120.0,
    "gate_count_mean": 312.0,
    "score_uses_test": false,
    "convergence_step_mean": 240.0
  },
  "private": {
    "per_run_scores": [
      {
        "combined_score": 0.8019777777777777,
        "primary_accuracy": 1.0,
        "gap_score": 1.0,
        "loss_score": 0.9743040297164253,
        "parameter_efficiency_score": 0.5069444444444444,
        "convergence_score": 0.992
      }
    ],
    "per_run_test_accuracies": [
      1.0
    ]
  },
  "text_feedback": "Combined score: 0.8020\nValidation accuracy mean: 1.0000\nTest accuracy mean: 1.0000\nTrain-test generalization gap mean: 0.0000\nValidation L2 loss mean: 0.0264\nParameters: 8, depth mean: 120.0, gate count mean: 312.0\nFitness uses validation metrics; test metrics are reported as holdout diagnostics.\nScoring emphasizes parameter economy: match or beat the accuracy with as few trainable parameters as possible, and converge fast.\nParameter efficiency score: 0.5069",
  "execution_time_mean": 1107.0687660407275,
  "execution_time_std": 0.0,
  "num_valid_runs": 1,
  "num_invalid_runs": 0,
  "all_validation_errors": []
}
