Job running on a1130u31n04.mghpcc.ycrc.yale.edu under Slurm job 19613297
Activating sourced environment: /home/ch2499/project/zc_sn/activate_eval_cluster.sh
==========Running program evaluation 1/1...==========
==========Run 1/1 completed in 2511.51 seconds==========
Correctness and error status saved to /home/ch2499/project/zc_sn/results_haiku/gen_64/results/correct.json
Metrics saved to /home/ch2499/project/zc_sn/results_haiku/gen_64/results/metrics.json
OK
{
  "combined_score": 0.9044775323830119,
  "public": {
    "train_accuracy_mean": 0.9267,
    "train_accuracy_std": 0.0,
    "validation_accuracy_mean": 0.9233,
    "validation_accuracy_std": 0.0,
    "test_accuracy_mean": 0.8983,
    "test_accuracy_std": 0.0,
    "generalization_gap_mean": 0.0283,
    "validation_loss_mean": 0.3294,
    "test_loss_mean": 0.4082,
    "parameter_efficiency_mean": 0.017967,
    "n_params": 50,
    "depth_mean": 154.0,
    "gate_count_mean": 312.0,
    "score_uses_test": false,
    "convergence_step_mean": 330.0
  },
  "private": {
    "per_run_scores": [
      {
        "combined_score": 0.9044775323830119,
        "primary_accuracy": 0.9233333333333333,
        "gap_score": 0.9190476190476191,
        "loss_score": 0.7522470412835703,
        "parameter_efficiency_score": 1.0,
        "convergence_score": 0.989
      }
    ],
    "per_run_test_accuracies": [
      0.8983333333333333
    ]
  },
  "text_feedback": "Combined score: 0.9045\nValidation accuracy mean: 0.9233\nTest accuracy mean: 0.8983\nTrain-test generalization gap mean: 0.0283\nValidation L2 loss mean: 0.3294\nParameters: 50, depth mean: 154.0, gate count mean: 312.0\nFitness uses validation metrics; test metrics are reported as holdout diagnostics.",
  "execution_time_mean": 2511.5124292322434,
  "execution_time_std": 0.0,
  "num_valid_runs": 1,
  "num_invalid_runs": 0,
  "all_validation_errors": []
}
