Job running on a1114u31n01.mghpcc.ycrc.yale.edu under Slurm job 23103807
Activating sourced environment: /home/ch2499/project/transfer_sn/activate_eval_cluster.sh
==========Running program evaluation 1/1...==========
==========Run 1/1 completed in 738.81 seconds==========
Correctness and error status saved to /home/ch2499/project/transfer_sn/results_frw3_mid_r2/gen_6/results/correct.json
Metrics saved to /home/ch2499/project/transfer_sn/results_frw3_mid_r2/gen_6/results/metrics.json
OK
{
  "combined_score": 0.20914254228427512,
  "public": {
    "combined_score_raw": 0.8742,
    "train_accuracy_mean": 0.8778,
    "train_accuracy_std": 0.0,
    "validation_accuracy_mean": 0.86,
    "validation_accuracy_std": 0.0,
    "test_accuracy_mean": 0.8817,
    "test_accuracy_std": 0.0,
    "generalization_gap_mean": 0.0039,
    "validation_loss_mean": 0.3856,
    "test_loss_mean": 0.387,
    "parameter_efficiency_mean": 0.017633,
    "n_params": 50,
    "depth_mean": 99.0,
    "gate_count_mean": 348.0,
    "score_uses_test": false,
    "convergence_step_mean": 120.0
  },
  "private": {
    "per_run_scores": [
      {
        "combined_score": 0.8741711545593012,
        "primary_accuracy": 0.86,
        "gap_score": 0.9888888888888887,
        "loss_score": 0.721733622987934,
        "parameter_efficiency_score": 1.0,
        "convergence_score": 0.996
      }
    ],
    "per_run_test_accuracies": [
      0.8816666666666667
    ]
  },
  "text_feedback": "Combined score: 0.2091\nScore scale: 0.0 = the seed program, 1.0 = the best solution found so far on this task. Negative means worse than the seed.\nValidation accuracy mean: 0.8600\nTest accuracy mean: 0.8817\nTrain-test generalization gap mean: 0.0039\nValidation L2 loss mean: 0.3856\nParameters: 50, depth mean: 99.0, gate count mean: 348.0\nFitness uses validation metrics; test metrics are reported as holdout diagnostics.",
  "execution_time_mean": 738.8074816735461,
  "execution_time_std": 0.0,
  "num_valid_runs": 1,
  "num_invalid_runs": 0,
  "all_validation_errors": []
}
