Job running on a1130u31n03.mghpcc.ycrc.yale.edu under Slurm job 19486725
Activating sourced environment: /home/ch2499/project/transfer_sn/activate_eval_cluster.sh
==========Running program evaluation 1/1...==========
==========Run 1/1 completed in 879.57 seconds==========
Correctness and error status saved to /home/ch2499/project/transfer_sn/results_haiku_r2/gen_37/results/correct.json
Metrics saved to /home/ch2499/project/transfer_sn/results_haiku_r2/gen_37/results/metrics.json
OK
{
  "combined_score": 0.9039297480113757,
  "public": {
    "train_accuracy_mean": 0.9333,
    "train_accuracy_std": 0.0,
    "validation_accuracy_mean": 0.9167,
    "validation_accuracy_std": 0.0,
    "test_accuracy_mean": 0.91,
    "test_accuracy_std": 0.0,
    "generalization_gap_mean": 0.0233,
    "validation_loss_mean": 0.3308,
    "test_loss_mean": 0.3462,
    "parameter_efficiency_mean": 0.01625,
    "n_params": 56,
    "depth_mean": 105.0,
    "gate_count_mean": 300.0,
    "score_uses_test": false,
    "convergence_step_mean": 270.0
  },
  "private": {
    "per_run_scores": [
      {
        "combined_score": 0.9039297480113757,
        "primary_accuracy": 0.9166666666666666,
        "gap_score": 0.9333333333333333,
        "loss_score": 0.75142054229806,
        "parameter_efficiency_score": 1.0,
        "convergence_score": 0.991
      }
    ],
    "per_run_test_accuracies": [
      0.91
    ]
  },
  "text_feedback": "Combined score: 0.9039\nValidation accuracy mean: 0.9167\nTest accuracy mean: 0.9100\nTrain-test generalization gap mean: 0.0233\nValidation L2 loss mean: 0.3308\nParameters: 56, depth mean: 105.0, gate count mean: 300.0\nFitness uses validation metrics; test metrics are reported as holdout diagnostics.",
  "execution_time_mean": 879.5737407468259,
  "execution_time_std": 0.0,
  "num_valid_runs": 1,
  "num_invalid_runs": 0,
  "all_validation_errors": []
}
