Job running on a1132u33n01.mghpcc.ycrc.yale.edu under Slurm job 19614987
Activating sourced environment: /home/ch2499/project/zc_sn/activate_eval_cluster.sh
==========Running program evaluation 1/1...==========
==========Run 1/1 completed in 1912.77 seconds==========
Correctness and error status saved to /home/ch2499/project/zc_sn/results_haiku/gen_72/results/correct.json
Metrics saved to /home/ch2499/project/zc_sn/results_haiku/gen_72/results/metrics.json
OK
{
  "combined_score": 0.8901284334908416,
  "public": {
    "train_accuracy_mean": 0.9156,
    "train_accuracy_std": 0.0,
    "validation_accuracy_mean": 0.89,
    "validation_accuracy_std": 0.0,
    "test_accuracy_mean": 0.9033,
    "test_accuracy_std": 0.0,
    "generalization_gap_mean": 0.0122,
    "validation_loss_mean": 0.3729,
    "test_loss_mean": 0.3668,
    "parameter_efficiency_mean": 0.01457,
    "n_params": 62,
    "depth_mean": 166.0,
    "gate_count_mean": 366.0,
    "score_uses_test": false,
    "convergence_step_mean": 270.0
  },
  "private": {
    "per_run_scores": [
      {
        "combined_score": 0.8901284334908416,
        "primary_accuracy": 0.89,
        "gap_score": 0.965079365079365,
        "loss_score": 0.7284064878225418,
        "parameter_efficiency_score": 1.0,
        "convergence_score": 0.991
      }
    ],
    "per_run_test_accuracies": [
      0.9033333333333333
    ]
  },
  "text_feedback": "Combined score: 0.8901\nValidation accuracy mean: 0.8900\nTest accuracy mean: 0.9033\nTrain-test generalization gap mean: 0.0122\nValidation L2 loss mean: 0.3729\nParameters: 62, depth mean: 166.0, gate count mean: 366.0\nFitness uses validation metrics; test metrics are reported as holdout diagnostics.",
  "execution_time_mean": 1912.771260323003,
  "execution_time_std": 0.0,
  "num_valid_runs": 1,
  "num_invalid_runs": 0,
  "all_validation_errors": []
}
