==========Running program evaluation 1/1...==========
{"batch_size": 10, "data_seed": 2027, "dataset": {"all_valid_unique_boards": {"class_counts": {"circle": 316, "cross": 626, "draw": 4536}, "total": 5478}, "overlap_train_test": 4, "overlap_train_validation": 1, "overlap_validation_test": 3, "test": {"class_counts": {"circle": 20, "cross": 20, "draw": 20}, "rows": 60, "unique_boards": 59}, "train": {"class_counts": {"circle": 20, "cross": 20, "draw": 20}, "rows": 60, "unique_boards": 59}, "validation": {"class_counts": {"circle": 15, "cross": 15, "draw": 15}, "rows": 45, "unique_boards": 44}}, "event": "start", "learning_rate": 0.03, "n_epochs": 3, "n_params": 96, "n_params_per_block": 16, "n_repeats": 2, "n_uploads": 3, "seed": 1000, "steps_per_epoch": 3}
{"batch_loss": 5.539151610004102, "epoch": 1, "event": "epoch", "global_step": 3, "test_accuracy": 0.25, "test_loss": 4.421632945430651, "train_accuracy": 0.3, "train_loss": 4.502172021919965, "validation_accuracy": 0.3111111111111111, "validation_loss": 4.303547840577372}
{"batch_loss": 2.864876088088068, "epoch": 2, "event": "epoch", "global_step": 6, "test_accuracy": 0.4, "test_loss": 2.762560784923044, "train_accuracy": 0.4, "train_loss": 2.887763269941564, "validation_accuracy": 0.37777777777777777, "validation_loss": 2.78293468018727}
{"batch_loss": 2.3546072616789466, "epoch": 3, "event": "epoch", "global_step": 9, "test_accuracy": 0.3, "test_loss": 2.7450132011580233, "train_accuracy": 0.38333333333333336, "train_loss": 2.72722534037309, "validation_accuracy": 0.4444444444444444, "validation_loss": 2.699396985990196}
{"convergence_epoch": null, "convergence_step": null, "convergence_threshold": 0.9, "depth": 138, "event": "final", "gate_count": 387, "generalization_gap": 0.08333333333333337, "history_tail": [{"batch_loss": 5.539151610004102, "epoch": 1, "event": "epoch", "global_step": 3, "test_accuracy": 0.25, "test_loss": 4.421632945430651, "train_accuracy": 0.3, "train_loss": 4.502172021919965, "validation_accuracy": 0.3111111111111111, "validation_loss": 4.303547840577372}, {"batch_loss": 2.864876088088068, "epoch": 2, "event": "epoch", "global_step": 6, "test_accuracy": 0.4, "test_loss": 2.762560784923044, "train_accuracy": 0.4, "train_loss": 2.887763269941564, "validation_accuracy": 0.37777777777777777, "validation_loss": 2.78293468018727}, {"batch_loss": 2.3546072616789466, "epoch": 3, "event": "epoch", "global_step": 9, "test_accuracy": 0.3, "test_loss": 2.7450132011580233, "train_accuracy": 0.38333333333333336, "train_loss": 2.72722534037309, "validation_accuracy": 0.4444444444444444, "validation_loss": 2.699396985990196}], "max_steps": 9, "n_params": 96, "n_params_per_block": 16, "n_qubits": 9, "n_repeats": 2, "n_uploads": 3, "operations": [["RX", [0]], ["RX", [1]], ["RX", [2]], ["RX", [3]], ["RX", [4]], ["RX", [5]], ["RX", [6]], ["RX", [7]], ["RX", [8]], ["RY", [0]], ["RY", [2]], ["RY", [4]], ["RY", [6]], ["RY", [1]], ["RY", [3]], ["RY", [5]], ["RY", [7]], ["RY", [8]], ["CRY", [0, 1]], ["CRY", [2, 1]], ["CRY", [2, 3]], ["CRY", [4, 3]], ["CRY", [4, 5]], ["CRY", [6, 5]], ["CRY", [6, 7]], ["CRY", [0, 7]], ["CRY", [1, 0]], ["CRY", [1, 2]], ["CRY", [3, 2]], ["CRY", [3, 4]], ["CRY", [5, 4]], ["CRY", [5, 6]], ["CRY", [7, 6]], ["CRY", [7, 0]], ["CRY", [1, 8]], ["CRY", [3, 8]], ["CRY", [5, 8]], ["CRY", [7, 8]], ["CRY", [8, 1]], ["CRY", [8, 3]], ["CRY", [8, 5]], ["CRY", [8, 7]], ["RZ", [0]], ["RZ", [2]], ["RZ", [4]], ["RZ", [6]], ["RZ", [1]], ["RZ", [3]], ["RZ", [5]], ["RZ", [7]], ["RZ", [8]], ["RY", [0]], ["RY", [2]], ["RY", [4]], ["RY", [6]], ["RY", [1]], ["RY", [3]], ["RY", [5]], ["RY", [7]], ["RY", [8]], ["RX", [0]], ["RX", [2]], ["RX", [4]], ["RX", [6]], ["RX", [1]], ["RX", [3]], ["RX", [5]], ["RX", [7]], ["RX", [8]], ["RY", [0]], ["RY", [2]], ["RY", [4]], ["RY", [6]], ["RY", [1]], ["RY", [3]], ["RY", [5]], ["RY", [7]], ["RY", [8]], ["CRY", [0, 1]], ["CRY", [2, 1]], ["CRY", [2, 3]], ["CRY", [4, 3]], ["CRY", [4, 5]], ["CRY", [6, 5]], ["CRY", [6, 7]], ["CRY", [0, 7]], ["CRY", [1, 0]], ["CRY", [1, 2]], ["CRY", [3, 2]], ["CRY", [3, 4]], ["CRY", [5, 4]], ["CRY", [5, 6]], ["CRY", [7, 6]], ["CRY", [7, 0]], ["CRY", [1, 8]], ["CRY", [3, 8]], ["CRY", [5, 8]], ["CRY", [7, 8]], ["CRY", [8, 1]], ["CRY", [8, 3]], ["CRY", [8, 5]], ["CRY", [8, 7]], ["RZ", [0]], ["RZ", [2]], ["RZ", [4]], ["RZ", [6]], ["RZ", [1]], ["RZ", [3]], ["RZ", [5]], ["RZ", [7]], ["RZ", [8]], ["RY", [0]], ["RY", [2]], ["RY", [4]], ["RY", [6]], ["RY", [1]], ["RY", [3]], ["RY", [5]], ["RY", [7]], ["RY", [8]], ["RX", [0]], ["RX", [2]], ["RX", [4]], ["RX", [6]], ["RX", [1]], ["RX", [3]], ["RX", [5]], ["RX", [7]], ["RX", [8]], ["RX", [0]], ["RX", [1]], ["RX", [2]], ["RX", [3]], ["RX", [4]], ["RX", [5]], ["RX", [6]], ["RX", [7]], ["RX", [8]], ["RY", [0]], ["RY", [2]], ["RY", [4]], ["RY", [6]], ["RY", [1]], ["RY", [3]], ["RY", [5]], ["RY", [7]], ["RY", [8]], ["CRY", [0, 1]], ["CRY", [2, 1]], ["CRY", [2, 3]], ["CRY", [4, 3]], ["CRY", [4, 5]], ["CRY", [6, 5]], ["CRY", [6, 7]], ["CRY", [0, 7]], ["CRY", [1, 0]], ["CRY", [1, 2]], ["CRY", [3, 2]], ["CRY", [3, 4]], ["CRY", [5, 4]], ["CRY", [5, 6]], ["CRY", [7, 6]], ["CRY", [7, 0]], ["CRY", [1, 8]], ["CRY", [3, 8]], ["CRY", [5, 8]], ["CRY", [7, 8]], ["CRY", [8, 1]], ["CRY", [8, 3]], ["CRY", [8, 5]], ["CRY", [8, 7]], ["RZ", [0]], ["RZ", [2]], ["RZ", [4]], ["RZ", [6]], ["RZ", [1]], ["RZ", [3]], ["RZ", [5]], ["RZ", [7]], ["RZ", [8]], ["RY", [0]], ["RY", [2]], ["RY", [4]], ["RY", [6]], ["RY", [1]], ["RY", [3]], ["RY", [5]], ["RY", [7]], ["RY", [8]], ["RX", [0]], ["RX", [2]], ["RX", [4]], ["RX", [6]], ["RX", [1]], ["RX", [3]], ["RX", [5]], ["RX", [7]], ["RX", [8]], ["RY", [0]], ["RY", [2]], ["RY", [4]], ["RY", [6]], ["RY", [1]], ["RY", [3]], ["RY", [5]], ["RY", [7]], ["RY", [8]], ["CRY", [0, 1]], ["CRY", [2, 1]], ["CRY", [2, 3]], ["CRY", [4, 3]], ["CRY", [4, 5]], ["CRY", [6, 5]], ["CRY", [6, 7]], ["CRY", [0, 7]], ["CRY", [1, 0]], ["CRY", [1, 2]], ["CRY", [3, 2]], ["CRY", [3, 4]], ["CRY", [5, 4]], ["CRY", [5, 6]], ["CRY", [7, 6]], ["CRY", [7, 0]], ["CRY", [1, 8]], ["CRY", [3, 8]], ["CRY", [5, 8]], ["CRY", [7, 8]], ["CRY", [8, 1]], ["CRY", [8, 3]], ["CRY", [8, 5]], ["CRY", [8, 7]], ["RZ", [0]], ["RZ", [2]], ["RZ", [4]], ["RZ", [6]], ["RZ", [1]], ["RZ", [3]], ["RZ", [5]], ["RZ", [7]], ["RZ", [8]], ["RY", [0]], ["RY", [2]], ["RY", [4]], ["RY", [6]], ["RY", [1]], ["RY", [3]], ["RY", [5]], ["RY", [7]], ["RY", [8]], ["RX", [0]], ["RX", [2]], ["RX", [4]], ["RX", [6]], ["RX", [1]], ["RX", [3]], ["RX", [5]], ["RX", [7]], ["RX", [8]], ["RX", [0]], ["RX", [1]], ["RX", [2]], ["RX", [3]], ["RX", [4]], ["RX", [5]], ["RX", [6]], ["RX", [7]], ["RX", [8]], ["RY", [0]], ["RY", [2]], ["RY", [4]], ["RY", [6]], ["RY", [1]], ["RY", [3]], ["RY", [5]], ["RY", [7]], ["RY", [8]], ["CRY", [0, 1]], ["CRY", [2, 1]], ["CRY", [2, 3]], ["CRY", [4, 3]], ["CRY", [4, 5]], ["CRY", [6, 5]], ["CRY", [6, 7]], ["CRY", [0, 7]], ["CRY", [1, 0]], ["CRY", [1, 2]], ["CRY", [3, 2]], ["CRY", [3, 4]], ["CRY", [5, 4]], ["CRY", [5, 6]], ["CRY", [7, 6]], ["CRY", [7, 0]], ["CRY", [1, 8]], ["CRY", [3, 8]], ["CRY", [5, 8]], ["CRY", [7, 8]], ["CRY", [8, 1]], ["CRY", [8, 3]], ["CRY", [8, 5]], ["CRY", [8, 7]], ["RZ", [0]], ["RZ", [2]], ["RZ", [4]], ["RZ", [6]], ["RZ", [1]], ["RZ", [3]], ["RZ", [5]], ["RZ", [7]], ["RZ", [8]], ["RY", [0]], ["RY", [2]], ["RY", [4]], ["RY", [6]], ["RY", [1]], ["RY", [3]], ["RY", [5]], ["RY", [7]], ["RY", [8]], ["RX", [0]], ["RX", [2]], ["RX", [4]], ["RX", [6]], ["RX", [1]], ["RX", [3]], ["RX", [5]], ["RX", [7]], ["RX", [8]], ["RY", [0]], ["RY", [2]], ["RY", [4]], ["RY", [6]], ["RY", [1]], ["RY", [3]], ["RY", [5]], ["RY", [7]], ["RY", [8]], ["CRY", [0, 1]], ["CRY", [2, 1]], ["CRY", [2, 3]], ["CRY", [4, 3]], ["CRY", [4, 5]], ["CRY", [6, 5]], ["CRY", [6, 7]], ["CRY", [0, 7]], ["CRY", [1, 0]], ["CRY", [1, 2]], ["CRY", [3, 2]], ["CRY", [3, 4]], ["CRY", [5, 4]], ["CRY", [5, 6]], ["CRY", [7, 6]], ["CRY", [7, 0]], ["CRY", [1, 8]], ["CRY", [3, 8]], ["CRY", [5, 8]], ["CRY", [7, 8]], ["CRY", [8, 1]], ["CRY", [8, 3]], ["CRY", [8, 5]], ["CRY", [8, 7]], ["RZ", [0]], ["RZ", [2]], ["RZ", [4]], ["RZ", [6]], ["RZ", [1]], ["RZ", [3]], ["RZ", [5]], ["RZ", [7]], ["RZ", [8]], ["RY", [0]], ["RY", [2]], ["RY", [4]], ["RY", [6]], ["RY", [1]], ["RY", [3]], ["RY", [5]], ["RY", [7]], ["RY", [8]], ["RX", [0]], ["RX", [2]], ["RX", [4]], ["RX", [6]], ["RX", [1]], ["RX", [3]], ["RX", [5]], ["RX", [7]], ["RX", [8]]], "parameter_efficiency": 0.0031249999999999997, "spec_valid": true, "test_accuracy": 0.3, "test_loss": 2.7450132011580233, "train_accuracy": 0.38333333333333336, "train_loss": 2.72722534037309, "validation_accuracy": 0.4444444444444444, "validation_loss": 2.699396985990196}
==========Run 1/1 completed in 70.49 seconds==========
Correctness and error status saved to /home/chengyou1368/QuantumAnsatz/qml-ea/tic-tac-toe/results/ttt_qml_cli_20260618_121507/gen_14/results/correct.json
Metrics saved to /home/chengyou1368/QuantumAnsatz/qml-ea/tic-tac-toe/results/ttt_qml_cli_20260618_121507/gen_14/results/metrics.json
OK
{
  "combined_score": 0.4528884186247223,
  "public": {
    "train_accuracy_mean": 0.3833,
    "train_accuracy_std": 0.0,
    "validation_accuracy_mean": 0.4444,
    "validation_accuracy_std": 0.0,
    "test_accuracy_mean": 0.3,
    "test_accuracy_std": 0.0,
    "generalization_gap_mean": 0.0833,
    "validation_loss_mean": 2.6994,
    "test_loss_mean": 2.745,
    "parameter_efficiency_mean": 0.003125,
    "n_params": 96,
    "depth_mean": 138.0,
    "gate_count_mean": 387.0,
    "score_uses_test": false,
    "convergence_step_mean": null
  },
  "private": {
    "per_run_scores": [
      {
        "combined_score": 0.4528884186247223,
        "primary_accuracy": 0.4444444444444444,
        "gap_score": 0.7619047619047618,
        "loss_score": 0.2703143252230163,
        "parameter_efficiency_score": 0.75,
        "convergence_score": 0.0
      }
    ],
    "per_run_test_accuracies": [
      0.3
    ]
  },
  "text_feedback": "Combined score: 0.4529\nValidation accuracy mean: 0.4444\nTest accuracy mean: 0.3000\nTrain-test generalization gap mean: 0.0833\nValidation L2 loss mean: 2.6994\nParameters: 96, depth mean: 138.0, gate count mean: 387.0\nFitness uses validation metrics; test metrics are reported as holdout diagnostics.\nAccuracy is still low; explore more expressive local entanglement or rotation diversity.\nDid not reach convergence threshold 0.90 in these runs.",
  "execution_time_mean": 70.49223800000254,
  "execution_time_std": 0.0,
  "num_valid_runs": 1,
  "num_invalid_runs": 0,
  "all_validation_errors": []
}
