Job running on a1114u27n01.mghpcc.ycrc.yale.edu under Slurm job 19609882
Activating sourced environment: /home/ch2499/project/zc_ttt/activate_eval_cluster.sh
==========Running program evaluation 1/1...==========
==========Run 1/1 completed in 2083.60 seconds==========
Correctness and error status saved to /home/ch2499/project/zc_ttt/results_gpt56sol/gen_51/results/correct.json
Metrics saved to /home/ch2499/project/zc_ttt/results_gpt56sol/gen_51/results/metrics.json
OK
{
  "combined_score": 0.5771018245967731,
  "public": {
    "train_accuracy_mean": 0.6378,
    "train_accuracy_std": 0.0,
    "validation_accuracy_mean": 0.6067,
    "validation_accuracy_std": 0.0,
    "test_accuracy_mean": 0.5633,
    "test_accuracy_std": 0.0,
    "generalization_gap_mean": 0.0744,
    "validation_loss_mean": 2.2331,
    "test_loss_mean": 2.3325,
    "parameter_efficiency_mean": 0.005216,
    "n_params": 108,
    "depth_mean": 39.0,
    "gate_count_mean": 207.0,
    "score_uses_test": false,
    "convergence_step_mean": null
  },
  "private": {
    "per_run_scores": [
      {
        "combined_score": 0.5771018245967731,
        "primary_accuracy": 0.6066666666666667,
        "gap_score": 0.7873015873015874,
        "loss_score": 0.3093031692694923,
        "parameter_efficiency_score": 0.91,
        "convergence_score": 0.0
      }
    ],
    "per_run_test_accuracies": [
      0.5633333333333334
    ]
  },
  "text_feedback": "Combined score: 0.5771\nValidation accuracy mean: 0.6067\nTest accuracy mean: 0.5633\nTrain-test generalization gap mean: 0.0744\nValidation L2 loss mean: 2.2331\nParameters: 108, depth mean: 39.0, gate count mean: 207.0\nFitness uses validation metrics; test metrics are reported as holdout diagnostics.\nDid not reach convergence threshold 0.90 in these runs.",
  "execution_time_mean": 2083.595334179001,
  "execution_time_std": 0.0,
  "num_valid_runs": 1,
  "num_invalid_runs": 0,
  "all_validation_errors": []
}
