Job running on a1114u27n01.mghpcc.ycrc.yale.edu under Slurm job 19607227
Activating sourced environment: /home/ch2499/project/zc_sn/activate_eval_cluster.sh
==========Running program evaluation 1/1...==========
==========Run 1/1 completed in 2488.47 seconds==========
Correctness and error status saved to /home/ch2499/project/zc_sn/results_sonnet/gen_53/results/correct.json
Metrics saved to /home/ch2499/project/zc_sn/results_sonnet/gen_53/results/metrics.json
OK
{
  "combined_score": 0.8923985318713109,
  "public": {
    "train_accuracy_mean": 0.9644,
    "train_accuracy_std": 0.0,
    "validation_accuracy_mean": 0.9167,
    "validation_accuracy_std": 0.0,
    "test_accuracy_mean": 0.9033,
    "test_accuracy_std": 0.0,
    "generalization_gap_mean": 0.0611,
    "validation_loss_mean": 0.3145,
    "test_loss_mean": 0.3447,
    "parameter_efficiency_mean": 0.007057,
    "n_params": 128,
    "depth_mean": 270.0,
    "gate_count_mean": 612.0,
    "score_uses_test": false,
    "convergence_step_mean": 180.0
  },
  "private": {
    "per_run_scores": [
      {
        "combined_score": 0.8923985318713109,
        "primary_accuracy": 0.9166666666666666,
        "gap_score": 0.8253968253968254,
        "loss_score": 0.7607415352267285,
        "parameter_efficiency_score": 1.0,
        "convergence_score": 0.994
      }
    ],
    "per_run_test_accuracies": [
      0.9033333333333333
    ]
  },
  "text_feedback": "Combined score: 0.8924\nValidation accuracy mean: 0.9167\nTest accuracy mean: 0.9033\nTrain-test generalization gap mean: 0.0611\nValidation L2 loss mean: 0.3145\nParameters: 128, depth mean: 270.0, gate count mean: 612.0\nFitness uses validation metrics; test metrics are reported as holdout diagnostics.",
  "execution_time_mean": 2488.4692390779965,
  "execution_time_std": 0.0,
  "num_valid_runs": 1,
  "num_invalid_runs": 0,
  "all_validation_errors": []
}
