Job running on a1114u16n01.mghpcc.ycrc.yale.edu under Slurm job 19597719
Activating sourced environment: /home/ch2499/project/zc_sn/activate_eval_cluster.sh
==========Running program evaluation 1/1...==========
==========Run 1/1 completed in 359.76 seconds==========
Correctness and error status saved to /home/ch2499/project/zc_sn/results_gpt56sol/gen_22/results/correct.json
Metrics saved to /home/ch2499/project/zc_sn/results_gpt56sol/gen_22/results/metrics.json
OK
{
  "combined_score": 0.8067634365896702,
  "public": {
    "train_accuracy_mean": 0.8867,
    "train_accuracy_std": 0.0,
    "validation_accuracy_mean": 0.86,
    "validation_accuracy_std": 0.0,
    "test_accuracy_mean": 0.8533,
    "test_accuracy_std": 0.0,
    "generalization_gap_mean": 0.0333,
    "validation_loss_mean": 0.4651,
    "test_loss_mean": 0.5033,
    "parameter_efficiency_mean": 0.011532,
    "n_params": 74,
    "depth_mean": 99.0,
    "gate_count_mean": 270.0,
    "score_uses_test": false,
    "convergence_step_mean": null
  },
  "private": {
    "per_run_scores": [
      {
        "combined_score": 0.8067634365896702,
        "primary_accuracy": 0.86,
        "gap_score": 0.9047619047619048,
        "loss_score": 0.6825498947247861,
        "parameter_efficiency_score": 1.0,
        "convergence_score": 0.0
      }
    ],
    "per_run_test_accuracies": [
      0.8533333333333334
    ]
  },
  "text_feedback": "Combined score: 0.8068\nValidation accuracy mean: 0.8600\nTest accuracy mean: 0.8533\nTrain-test generalization gap mean: 0.0333\nValidation L2 loss mean: 0.4651\nParameters: 74, depth mean: 99.0, gate count mean: 270.0\nFitness uses validation metrics; test metrics are reported as holdout diagnostics.\nDid not reach the convergence threshold in these runs.",
  "execution_time_mean": 359.7565794909897,
  "execution_time_std": 0.0,
  "num_valid_runs": 1,
  "num_invalid_runs": 0,
  "all_validation_errors": []
}
