Job running on a1114u30n01.mghpcc.ycrc.yale.edu under Slurm job 23104245
Activating sourced environment: /home/ch2499/project/transfer_sn/activate_eval_cluster.sh
==========Running program evaluation 1/1...==========
==========Run 1/1 completed in 777.80 seconds==========
Correctness and error status saved to /home/ch2499/project/transfer_sn/results_frw3_frontier_r3/gen_4/results/correct.json
Metrics saved to /home/ch2499/project/transfer_sn/results_frw3_frontier_r3/gen_4/results/metrics.json
OK
{
  "combined_score": 0.19596730619070613,
  "public": {
    "combined_score_raw": 0.8729,
    "train_accuracy_mean": 0.8578,
    "train_accuracy_std": 0.0,
    "validation_accuracy_mean": 0.87,
    "validation_accuracy_std": 0.0,
    "test_accuracy_mean": 0.86,
    "test_accuracy_std": 0.0,
    "generalization_gap_mean": 0.0022,
    "validation_loss_mean": 0.4533,
    "test_loss_mean": 0.4471,
    "parameter_efficiency_mean": 0.043,
    "n_params": 20,
    "depth_mean": 71.0,
    "gate_count_mean": 228.0,
    "score_uses_test": false,
    "convergence_step_mean": 60.0
  },
  "private": {
    "per_run_scores": [
      {
        "combined_score": 0.8729360763272693,
        "primary_accuracy": 0.87,
        "gap_score": 0.9936507936507936,
        "loss_score": 0.6880711966791494,
        "parameter_efficiency_score": 1.0,
        "convergence_score": 0.998
      }
    ],
    "per_run_test_accuracies": [
      0.86
    ]
  },
  "text_feedback": "Combined score: 0.1960\nScore scale: 0.0 = the seed program, 1.0 = the best solution found so far on this task. Negative means worse than the seed.\nValidation accuracy mean: 0.8700\nTest accuracy mean: 0.8600\nTrain-test generalization gap mean: 0.0022\nValidation L2 loss mean: 0.4533\nParameters: 20, depth mean: 71.0, gate count mean: 228.0\nFitness uses validation metrics; test metrics are reported as holdout diagnostics.",
  "execution_time_mean": 777.8019649265334,
  "execution_time_std": 0.0,
  "num_valid_runs": 1,
  "num_invalid_runs": 0,
  "all_validation_errors": []
}
