  @@@@@@@@@@@@@@@@@@@@@      ░██████╗██╗░░██╗██╗███╗░░██╗██╗░░██╗░█████╗░
  @                   @      ██╔════╝██║░░██║██║████╗░██║██║░██╔╝██╔══██╗
  @          @        @      ╚█████╗░███████║██║██╔██╗██║█████═╝░███████║
  @    @@   @@  @@    @      ░╚═══██╗██╔══██║██║██║╚████║██╔═██╗░██╔══██║
  @   @     @    @@   @      ██████╔╝██║░░██║██║██║░╚███║██║░╚██╗██║░░██║
  @    @@  @    @     @      ╚═════╝░╚═╝░░╚═╝╚═╝╚═╝░░╚══╝╚═╝░░╚═╝╚═╝░░╚═╝
  @        @          @      @@@@@@@@@@@@@@@
  @                   @   @@                 @@@@@
  @@@@@@@@@@@@@@@@@@@@ @@                       @  @@                 █▀▀
                      @                          @@  @                ██▄
                    @      @@                      @  @@
                   @       @         @              @   @             █░█
                   @                 @               @  @             ▀▄▀
                     @@@@@          @     @           @  @
                      @            @          @       @ @@            █▀█
                   @@    @@     @@       @@   @        @              █▄█
                  @@        @@         @     @         @
                 @@       @@   @@       @@@@@          @        @@    █░░
              @ @@                @                    @              █▄▄
             @ @@@@@             @@ @@                 @      @@
            @                  @       @@              @    @@        █░█
       @@@@@@@@@@@@@@@@@@@@@@             @@@          @@@@@@@  @@    ▀▄▀
       @     @         @                      @@         @@@  @@
        @@               @                      @      @   @  @@      █▀▀
          @@@@@@@@@@@@@@@@@@                   @    @   @   @@        ██▄
                                               @  @  @   @
                                               @  @  @@@@
                                               @  @@
2026-07-24 06:51:40 - shinka.core.async_runner - INFO - Saved init_program_str to /home/ch2499/project/transfer_sn/results_gpt56sol/init_program.py
2026-07-24 06:51:40 - shinka.core.async_runner - INFO - Saved evaluate_str to /home/ch2499/project/transfer_sn/results_gpt56sol/evaluate.py
2026-07-24 06:51:40 - shinka.core.async_runner - INFO - 🖥️  System resources detected:
2026-07-24 06:51:40 - shinka.core.async_runner - INFO -    • CPU cores: 64
2026-07-24 06:51:40 - shinka.core.async_runner - INFO -    • Memory: 251.4 GB
2026-07-24 06:51:40 - shinka.core.async_runner - INFO - 🔧 Concurrency settings:
2026-07-24 06:51:40 - shinka.core.async_runner - INFO -    • Evaluation jobs: 5
2026-07-24 06:51:40 - shinka.core.async_runner - INFO -    • Proposal jobs: 3
2026-07-24 06:51:40 - shinka.core.async_runner - INFO -    • DB workers: 2
2026-07-24 06:51:40 - shinka.core.async_runner - INFO -    • Total threads: 10
2026-07-24 06:51:40 - shinka.core.async_runner - INFO - ================================================================================
2026-07-24 06:51:40 - shinka.core.async_runner - INFO - ASYNC EVOLUTION RUN STARTED
2026-07-24 06:51:40 - shinka.core.async_runner - INFO - ================================================================================
2026-07-24 06:51:40 - shinka.core.async_runner - INFO - Max evaluation jobs: 5
2026-07-24 06:51:40 - shinka.core.async_runner - INFO - Max proposal jobs: 3
2026-07-24 06:51:40 - shinka.core.async_runner - INFO - Target generations: 100
2026-07-24 06:51:40 - shinka.core.async_runner - INFO - Language: python
2026-07-24 06:51:40 - shinka.core.async_runner - INFO - Results directory: /home/ch2499/project/transfer_sn/results_gpt56sol
2026-07-24 06:51:40 - shinka.core.async_runner - INFO - Log file: /home/ch2499/project/transfer_sn/results_gpt56sol/evolution_run.log
2026-07-24 06:51:40 - shinka.core.async_runner - INFO - Max API costs: $10.00
2026-07-24 06:51:40 - shinka.core.async_runner - INFO - ================================================================================
2026-07-24 06:51:40 - shinka.database.async_dbase - INFO - 🔧 AsyncDB initialized with 2 workers, 2 concurrent DB ops (WAL mode)
2026-07-24 06:51:40 - shinka.core.async_runner - INFO - Copying initial program from /home/ch2499/project/transfer_sn/results_gpt56sol/init_program.py
2026-07-24 06:51:40 - shinka.core.async_runner - INFO - Starting initial program evaluation: /home/ch2499/project/transfer_sn/results_gpt56sol/gen_0/main.py
2026-07-24 06:51:40 - shinka.launch.slurm - INFO - Submitted Conda job 19424376
