Job running on a1130u35n03.mghpcc.ycrc.yale.edu under Slurm job 19596271
Activating sourced environment: /home/ch2499/project/zc_sn/activate_eval_cluster.sh
==========Running program evaluation 1/1...==========
==========Run 1/1 completed in 764.21 seconds==========
Correctness and error status saved to /home/ch2499/project/zc_sn/results_sonnet/gen_13/results/correct.json
Metrics saved to /home/ch2499/project/zc_sn/results_sonnet/gen_13/results/metrics.json
OK
{
  "combined_score": 0.8513045807649685,
  "public": {
    "train_accuracy_mean": 0.9667,
    "train_accuracy_std": 0.0,
    "validation_accuracy_mean": 0.8867,
    "validation_accuracy_std": 0.0,
    "test_accuracy_mean": 0.88,
    "test_accuracy_std": 0.0,
    "generalization_gap_mean": 0.0867,
    "validation_loss_mean": 0.4063,
    "test_loss_mean": 0.4277,
    "parameter_efficiency_mean": 0.005789,
    "n_params": 152,
    "depth_mean": 136.0,
    "gate_count_mean": 276.0,
    "score_uses_test": false,
    "convergence_step_mean": 480.0
  },
  "private": {
    "per_run_scores": [
      {
        "combined_score": 0.8513045807649685,
        "primary_accuracy": 0.8866666666666667,
        "gap_score": 0.7523809523809524,
        "loss_score": 0.7110940304966152,
        "parameter_efficiency_score": 0.8516666666666668,
        "convergence_score": 0.984
      }
    ],
    "per_run_test_accuracies": [
      0.88
    ]
  },
  "text_feedback": "Combined score: 0.8513\nValidation accuracy mean: 0.8867\nTest accuracy mean: 0.8800\nTrain-test generalization gap mean: 0.0867\nValidation L2 loss mean: 0.4063\nParameters: 152, depth mean: 136.0, gate count mean: 276.0\nFitness uses validation metrics; test metrics are reported as holdout diagnostics.\nParameter count exceeds the seed; added accuracy must justify the complexity.",
  "execution_time_mean": 764.2090582656674,
  "execution_time_std": 0.0,
  "num_valid_runs": 1,
  "num_invalid_runs": 0,
  "all_validation_errors": []
}
