Job running on a1130u22n02.mghpcc.ycrc.yale.edu under Slurm job 19607533
Activating sourced environment: /home/ch2499/project/zc_ttt/activate_eval_cluster.sh
==========Running program evaluation 1/1...==========
==========Run 1/1 completed in 2653.73 seconds==========
Correctness and error status saved to /home/ch2499/project/zc_ttt/results_gpt56sol/gen_42/results/correct.json
Metrics saved to /home/ch2499/project/zc_ttt/results_gpt56sol/gen_42/results/metrics.json
OK
{
  "combined_score": 0.5418172612879079,
  "public": {
    "train_accuracy_mean": 0.6489,
    "train_accuracy_std": 0.0,
    "validation_accuracy_mean": 0.5833,
    "validation_accuracy_std": 0.0,
    "test_accuracy_mean": 0.5433,
    "test_accuracy_std": 0.0,
    "generalization_gap_mean": 0.1056,
    "validation_loss_mean": 2.2425,
    "test_loss_mean": 2.307,
    "parameter_efficiency_mean": 0.003937,
    "n_params": 138,
    "depth_mean": 47.0,
    "gate_count_mean": 261.0,
    "score_uses_test": false,
    "convergence_step_mean": null
  },
  "private": {
    "per_run_scores": [
      {
        "combined_score": 0.5418172612879079,
        "primary_accuracy": 0.5833333333333334,
        "gap_score": 0.6984126984126986,
        "loss_score": 0.3084044702377658,
        "parameter_efficiency_score": 0.6847826086956522,
        "convergence_score": 0.0
      }
    ],
    "per_run_test_accuracies": [
      0.5433333333333333
    ]
  },
  "text_feedback": "Combined score: 0.5418\nValidation accuracy mean: 0.5833\nTest accuracy mean: 0.5433\nTrain-test generalization gap mean: 0.1056\nValidation L2 loss mean: 2.2425\nParameters: 138, depth mean: 47.0, gate count mean: 261.0\nFitness uses validation metrics; test metrics are reported as holdout diagnostics.\nDid not reach convergence threshold 0.90 in these runs.",
  "execution_time_mean": 2653.731179345865,
  "execution_time_std": 0.0,
  "num_valid_runs": 1,
  "num_invalid_runs": 0,
  "all_validation_errors": []
}
