Job running on a1114u30n01.mghpcc.ycrc.yale.edu under Slurm job 23104265
Activating sourced environment: /home/ch2499/project/transfer_sn/activate_eval_cluster.sh
==========Running program evaluation 1/1...==========
==========Run 1/1 completed in 1114.33 seconds==========
Correctness and error status saved to /home/ch2499/project/transfer_sn/results_frw3_frontier_r3/gen_6/results/correct.json
Metrics saved to /home/ch2499/project/transfer_sn/results_frw3_frontier_r3/gen_6/results/metrics.json
OK
{
  "combined_score": 0.9989448316792258,
  "public": {
    "combined_score_raw": 0.9482,
    "train_accuracy_mean": 0.9667,
    "train_accuracy_std": 0.0,
    "validation_accuracy_mean": 0.9667,
    "validation_accuracy_std": 0.0,
    "test_accuracy_mean": 0.9683,
    "test_accuracy_std": 0.0,
    "generalization_gap_mean": 0.0017,
    "validation_loss_mean": 0.2566,
    "test_loss_mean": 0.2477,
    "parameter_efficiency_mean": 0.048417,
    "n_params": 20,
    "depth_mean": 117.0,
    "gate_count_mean": 396.0,
    "score_uses_test": false,
    "convergence_step_mean": 270.0
  },
  "private": {
    "per_run_scores": [
      {
        "combined_score": 0.9482091154969996,
        "primary_accuracy": 0.9666666666666667,
        "gap_score": 0.9952380952380951,
        "loss_score": 0.7958226747419016,
        "parameter_efficiency_score": 1.0,
        "convergence_score": 0.991
      }
    ],
    "per_run_test_accuracies": [
      0.9683333333333334
    ]
  },
  "text_feedback": "Combined score: 0.9989\nScore scale: 0.0 = the seed program, 1.0 = the best solution found so far on this task. Negative means worse than the seed.\nValidation accuracy mean: 0.9667\nTest accuracy mean: 0.9683\nTrain-test generalization gap mean: 0.0017\nValidation L2 loss mean: 0.2566\nParameters: 20, depth mean: 117.0, gate count mean: 396.0\nFitness uses validation metrics; test metrics are reported as holdout diagnostics.",
  "execution_time_mean": 1114.3290149755776,
  "execution_time_std": 0.0,
  "num_valid_runs": 1,
  "num_invalid_runs": 0,
  "all_validation_errors": []
}
