Job running on a1114u19n01.mghpcc.ycrc.yale.edu under Slurm job 19436042
Activating sourced environment: /home/ch2499/project/transfer_sn/activate_eval_cluster.sh
==========Running program evaluation 1/1...==========
==========Run 1/1 completed in 449.64 seconds==========
Correctness and error status saved to /home/ch2499/project/transfer_sn/results_sonnet_r2/gen_1/results/correct.json
Metrics saved to /home/ch2499/project/transfer_sn/results_sonnet_r2/gen_1/results/metrics.json
OK
{
  "combined_score": 0.7754995313744292,
  "public": {
    "train_accuracy_mean": 0.96,
    "train_accuracy_std": 0.0,
    "validation_accuracy_mean": 0.86,
    "validation_accuracy_std": 0.0,
    "test_accuracy_mean": 0.855,
    "test_accuracy_std": 0.0,
    "generalization_gap_mean": 0.105,
    "validation_loss_mean": 0.4778,
    "test_loss_mean": 0.4908,
    "parameter_efficiency_mean": 0.005856,
    "n_params": 146,
    "depth_mean": 114.0,
    "gate_count_mean": 228.0,
    "score_uses_test": false,
    "convergence_step_mean": null
  },
  "private": {
    "per_run_scores": [
      {
        "combined_score": 0.7754995313744292,
        "primary_accuracy": 0.86,
        "gap_score": 0.7,
        "loss_score": 0.6766635424961943,
        "parameter_efficiency_score": 0.86,
        "convergence_score": 0.0
      }
    ],
    "per_run_test_accuracies": [
      0.855
    ]
  },
  "text_feedback": "Combined score: 0.7755\nValidation accuracy mean: 0.8600\nTest accuracy mean: 0.8550\nTrain-test generalization gap mean: 0.1050\nValidation L2 loss mean: 0.4778\nParameters: 146, depth mean: 114.0, gate count mean: 228.0\nFitness uses validation metrics; test metrics are reported as holdout diagnostics.\nDid not reach the convergence threshold in these runs.",
  "execution_time_mean": 449.6408487299923,
  "execution_time_std": 0.0,
  "num_valid_runs": 1,
  "num_invalid_runs": 0,
  "all_validation_errors": []
}
