Job running on a1130u37n02.mghpcc.ycrc.yale.edu under Slurm job 19601823
Activating sourced environment: /home/ch2499/project/zc_ttt/activate_eval_cluster.sh
==========Running program evaluation 1/1...==========
==========Run 1/1 completed in 1277.39 seconds==========
Correctness and error status saved to /home/ch2499/project/zc_ttt/results_haiku/gen_18/results/correct.json
Metrics saved to /home/ch2499/project/zc_ttt/results_haiku/gen_18/results/metrics.json
OK
{
  "combined_score": 0.5911125307554687,
  "public": {
    "train_accuracy_mean": 0.6178,
    "train_accuracy_std": 0.0,
    "validation_accuracy_mean": 0.63,
    "validation_accuracy_std": 0.0,
    "test_accuracy_mean": 0.555,
    "test_accuracy_std": 0.0,
    "generalization_gap_mean": 0.0628,
    "validation_loss_mean": 2.2274,
    "test_loss_mean": 2.3253,
    "parameter_efficiency_mean": 0.004868,
    "n_params": 114,
    "depth_mean": 63.0,
    "gate_count_mean": 273.0,
    "score_uses_test": false,
    "convergence_step_mean": null
  },
  "private": {
    "per_run_scores": [
      {
        "combined_score": 0.5911125307554687,
        "primary_accuracy": 0.63,
        "gap_score": 0.8206349206349208,
        "loss_score": 0.3098423799181059,
        "parameter_efficiency_score": 0.8952631578947369,
        "convergence_score": 0.0
      }
    ],
    "per_run_test_accuracies": [
      0.555
    ]
  },
  "text_feedback": "Combined score: 0.5911\nValidation accuracy mean: 0.6300\nTest accuracy mean: 0.5550\nTrain-test generalization gap mean: 0.0628\nValidation L2 loss mean: 2.2274\nParameters: 114, depth mean: 63.0, gate count mean: 273.0\nFitness uses validation metrics; test metrics are reported as holdout diagnostics.\nDid not reach convergence threshold 0.90 in these runs.",
  "execution_time_mean": 1277.3869787249714,
  "execution_time_std": 0.0,
  "num_valid_runs": 1,
  "num_invalid_runs": 0,
  "all_validation_errors": []
}
