Job running on a1132u20n01.mghpcc.ycrc.yale.edu under Slurm job 19511440
Activating sourced environment: /home/ch2499/project/transfer_sn/activate_eval_cluster.sh
==========Running program evaluation 1/1...==========
==========Run 1/1 completed in 1736.11 seconds==========
Correctness and error status saved to /home/ch2499/project/transfer_sn/results_gpt56sol_r2/gen_58/results/correct.json
Metrics saved to /home/ch2499/project/transfer_sn/results_gpt56sol_r2/gen_58/results/metrics.json
OK
{
  "combined_score": 0.9483080295061955,
  "public": {
    "train_accuracy_mean": 0.9578,
    "train_accuracy_std": 0.0,
    "validation_accuracy_mean": 0.9633,
    "validation_accuracy_std": 0.0,
    "test_accuracy_mean": 0.96,
    "test_accuracy_std": 0.0,
    "generalization_gap_mean": 0.0022,
    "validation_loss_mean": 0.2238,
    "test_loss_mean": 0.2393,
    "parameter_efficiency_mean": 0.036923,
    "n_params": 26,
    "depth_mean": 153.0,
    "gate_count_mean": 408.0,
    "score_uses_test": false,
    "convergence_step_mean": 450.0
  },
  "private": {
    "per_run_scores": [
      {
        "combined_score": 0.9483080295061955,
        "primary_accuracy": 0.9633333333333334,
        "gap_score": 0.9936507936507936,
        "loss_score": 0.8171064400942133,
        "parameter_efficiency_score": 1.0,
        "convergence_score": 0.985
      }
    ],
    "per_run_test_accuracies": [
      0.96
    ]
  },
  "text_feedback": "Combined score: 0.9483\nValidation accuracy mean: 0.9633\nTest accuracy mean: 0.9600\nTrain-test generalization gap mean: 0.0022\nValidation L2 loss mean: 0.2238\nParameters: 26, depth mean: 153.0, gate count mean: 408.0\nFitness uses validation metrics; test metrics are reported as holdout diagnostics.",
  "execution_time_mean": 1736.1124902097508,
  "execution_time_std": 0.0,
  "num_valid_runs": 1,
  "num_invalid_runs": 0,
  "all_validation_errors": []
}
