Job running on a1130u31n01.mghpcc.ycrc.yale.edu under Slurm job 19604546
Activating sourced environment: /home/ch2499/project/zc_ttt/activate_eval_cluster.sh
==========Running program evaluation 1/1...==========
==========Run 1/1 completed in 1224.52 seconds==========
Correctness and error status saved to /home/ch2499/project/zc_ttt/results_haiku/gen_27/results/correct.json
Metrics saved to /home/ch2499/project/zc_ttt/results_haiku/gen_27/results/metrics.json
OK
{
  "combined_score": 0.5794377388081731,
  "public": {
    "train_accuracy_mean": 0.6644,
    "train_accuracy_std": 0.0,
    "validation_accuracy_mean": 0.6167,
    "validation_accuracy_std": 0.0,
    "test_accuracy_mean": 0.5867,
    "test_accuracy_std": 0.0,
    "generalization_gap_mean": 0.0778,
    "validation_loss_mean": 2.235,
    "test_loss_mean": 2.3174,
    "parameter_efficiency_mean": 0.004889,
    "n_params": 120,
    "depth_mean": 75.0,
    "gate_count_mean": 279.0,
    "score_uses_test": false,
    "convergence_step_mean": null
  },
  "private": {
    "per_run_scores": [
      {
        "combined_score": 0.5794377388081731,
        "primary_accuracy": 0.6166666666666667,
        "gap_score": 0.7777777777777779,
        "loss_score": 0.30912196242485684,
        "parameter_efficiency_score": 0.8325,
        "convergence_score": 0.0
      }
    ],
    "per_run_test_accuracies": [
      0.5866666666666667
    ]
  },
  "text_feedback": "Combined score: 0.5794\nValidation accuracy mean: 0.6167\nTest accuracy mean: 0.5867\nTrain-test generalization gap mean: 0.0778\nValidation L2 loss mean: 2.2350\nParameters: 120, depth mean: 75.0, gate count mean: 279.0\nFitness uses validation metrics; test metrics are reported as holdout diagnostics.\nDid not reach convergence threshold 0.90 in these runs.",
  "execution_time_mean": 1224.5236648288555,
  "execution_time_std": 0.0,
  "num_valid_runs": 1,
  "num_invalid_runs": 0,
  "all_validation_errors": []
}
