Job running on a1130u33n01.mghpcc.ycrc.yale.edu under Slurm job 19604422
Activating sourced environment: /home/ch2499/project/zc_su2/activate_eval_cluster.sh
==========Running program evaluation 1/1...==========
==========Run 1/1 completed in 380.23 seconds==========
Correctness and error status saved to /home/ch2499/project/zc_su2/results_gpt56sol/gen_66/results/correct.json
Metrics saved to /home/ch2499/project/zc_su2/results_gpt56sol/gen_66/results/metrics.json
OK
{
  "combined_score": 0.7124317460317461,
  "public": {
    "train_accuracy_mean": 0.8822,
    "train_accuracy_std": 0.0,
    "validation_accuracy_mean": 0.84,
    "validation_accuracy_std": 0.0,
    "test_accuracy_mean": 0.895,
    "test_accuracy_std": 0.0,
    "generalization_gap_mean": 0.0128,
    "validation_loss_mean": 0.3941,
    "test_loss_mean": 0.343,
    "parameter_efficiency_mean": 0.111875,
    "n_params": 8,
    "depth_mean": 18.0,
    "gate_count_mean": 72.0,
    "score_uses_test": false,
    "convergence_step_mean": 780.0
  },
  "private": {
    "per_run_scores": [
      {
        "combined_score": 0.7124317460317461,
        "primary_accuracy": 0.84,
        "gap_score": 0.9634920634920635,
        "loss_score": 0.7172916908531772,
        "parameter_efficiency_score": 0.42583333333333334,
        "convergence_score": 0.974
      }
    ],
    "per_run_test_accuracies": [
      0.895
    ]
  },
  "text_feedback": "Combined score: 0.7124\nValidation accuracy mean: 0.8400\nTest accuracy mean: 0.8950\nTrain-test generalization gap mean: 0.0128\nValidation L2 loss mean: 0.3941\nParameters: 8, depth mean: 18.0, gate count mean: 72.0\nFitness uses validation metrics; test metrics are reported as holdout diagnostics.\nScoring emphasizes parameter economy: match or beat the accuracy with as few trainable parameters as possible, and converge fast.\nParameter efficiency score: 0.4258",
  "execution_time_mean": 380.227135815192,
  "execution_time_std": 0.0,
  "num_valid_runs": 1,
  "num_invalid_runs": 0,
  "all_validation_errors": []
}
