Job running on a1130u35n03.mghpcc.ycrc.yale.edu under Slurm job 19593210
Activating sourced environment: /home/ch2499/project/zc_sn/activate_eval_cluster.sh
==========Running program evaluation 1/1...==========
==========Run 1/1 completed in 539.48 seconds==========
Correctness and error status saved to /home/ch2499/project/zc_sn/results_gpt56sol/gen_9/results/correct.json
Metrics saved to /home/ch2499/project/zc_sn/results_gpt56sol/gen_9/results/metrics.json
OK
{
  "combined_score": 0.8619926531415543,
  "public": {
    "train_accuracy_mean": 0.94,
    "train_accuracy_std": 0.0,
    "validation_accuracy_mean": 0.8867,
    "validation_accuracy_std": 0.0,
    "test_accuracy_mean": 0.8783,
    "test_accuracy_std": 0.0,
    "generalization_gap_mean": 0.0617,
    "validation_loss_mean": 0.4729,
    "test_loss_mean": 0.4536,
    "parameter_efficiency_mean": 0.007985,
    "n_params": 110,
    "depth_mean": 99.0,
    "gate_count_mean": 270.0,
    "score_uses_test": false,
    "convergence_step_mean": 450.0
  },
  "private": {
    "per_run_scores": [
      {
        "combined_score": 0.8619926531415543,
        "primary_accuracy": 0.8866666666666667,
        "gap_score": 0.8238095238095239,
        "loss_score": 0.6789192749119487,
        "parameter_efficiency_score": 1.0,
        "convergence_score": 0.985
      }
    ],
    "per_run_test_accuracies": [
      0.8783333333333333
    ]
  },
  "text_feedback": "Combined score: 0.8620\nValidation accuracy mean: 0.8867\nTest accuracy mean: 0.8783\nTrain-test generalization gap mean: 0.0617\nValidation L2 loss mean: 0.4729\nParameters: 110, depth mean: 99.0, gate count mean: 270.0\nFitness uses validation metrics; test metrics are reported as holdout diagnostics.",
  "execution_time_mean": 539.4838560931385,
  "execution_time_std": 0.0,
  "num_valid_runs": 1,
  "num_invalid_runs": 0,
  "all_validation_errors": []
}
