Job running on a1114u27n01.mghpcc.ycrc.yale.edu under Slurm job 19508603
Activating sourced environment: /home/ch2499/project/transfer_sn/activate_eval_cluster.sh
==========Running program evaluation 1/1...==========
==========Run 1/1 completed in 1196.94 seconds==========
Correctness and error status saved to /home/ch2499/project/transfer_sn/results_haiku_r2/gen_55/results/correct.json
Metrics saved to /home/ch2499/project/transfer_sn/results_haiku_r2/gen_55/results/metrics.json
OK
{
  "combined_score": 0.8962294453839473,
  "public": {
    "train_accuracy_mean": 0.9089,
    "train_accuracy_std": 0.0,
    "validation_accuracy_mean": 0.8867,
    "validation_accuracy_std": 0.0,
    "test_accuracy_mean": 0.9083,
    "test_accuracy_std": 0.0,
    "generalization_gap_mean": 0.0006,
    "validation_loss_mean": 0.331,
    "test_loss_mean": 0.3261,
    "parameter_efficiency_mean": 0.028385,
    "n_params": 32,
    "depth_mean": 179.0,
    "gate_count_mean": 372.0,
    "score_uses_test": false,
    "convergence_step_mean": 270.0
  },
  "private": {
    "per_run_scores": [
      {
        "combined_score": 0.8962294453839473,
        "primary_accuracy": 0.8866666666666667,
        "gap_score": 0.9984126984126985,
        "loss_score": 0.7513021226654687,
        "parameter_efficiency_score": 1.0,
        "convergence_score": 0.991
      }
    ],
    "per_run_test_accuracies": [
      0.9083333333333333
    ]
  },
  "text_feedback": "Combined score: 0.8962\nValidation accuracy mean: 0.8867\nTest accuracy mean: 0.9083\nTrain-test generalization gap mean: 0.0006\nValidation L2 loss mean: 0.3310\nParameters: 32, depth mean: 179.0, gate count mean: 372.0\nFitness uses validation metrics; test metrics are reported as holdout diagnostics.",
  "execution_time_mean": 1196.9361791920383,
  "execution_time_std": 0.0,
  "num_valid_runs": 1,
  "num_invalid_runs": 0,
  "all_validation_errors": []
}
