Job running on a1114u24n01.mghpcc.ycrc.yale.edu under Slurm job 19593486
Activating sourced environment: /home/ch2499/project/zc_su2/activate_eval_cluster.sh
==========Running program evaluation 1/1...==========
==========Run 1/1 completed in 1464.92 seconds==========
Correctness and error status saved to /home/ch2499/project/zc_su2/results_haiku/gen_6/results/correct.json
Metrics saved to /home/ch2499/project/zc_su2/results_haiku/gen_6/results/metrics.json
OK
{
  "combined_score": 0.621821921921922,
  "public": {
    "train_accuracy_mean": 1.0,
    "train_accuracy_std": 0.0,
    "validation_accuracy_mean": 1.0,
    "validation_accuracy_std": 0.0,
    "test_accuracy_mean": 1.0,
    "test_accuracy_std": 0.0,
    "generalization_gap_mean": 0.0,
    "validation_loss_mean": 0.0165,
    "test_loss_mean": 0.015,
    "parameter_efficiency_mean": 0.013514,
    "n_params": 74,
    "depth_mean": 35.0,
    "gate_count_mean": 186.0,
    "score_uses_test": false,
    "convergence_step_mean": 30.0
  },
  "private": {
    "per_run_scores": [
      {
        "combined_score": 0.621821921921922,
        "primary_accuracy": 1.0,
        "gap_score": 1.0,
        "loss_score": 0.9837195299327182,
        "parameter_efficiency_score": 0.054804804804804805,
        "convergence_score": 0.999
      }
    ],
    "per_run_test_accuracies": [
      1.0
    ]
  },
  "text_feedback": "Combined score: 0.6218\nValidation accuracy mean: 1.0000\nTest accuracy mean: 1.0000\nTrain-test generalization gap mean: 0.0000\nValidation L2 loss mean: 0.0165\nParameters: 74, depth mean: 35.0, gate count mean: 186.0\nFitness uses validation metrics; test metrics are reported as holdout diagnostics.\nScoring emphasizes parameter economy: match or beat the accuracy with as few trainable parameters as possible, and converge fast.\nParameter efficiency score: 0.0548",
  "execution_time_mean": 1464.9234446641058,
  "execution_time_std": 0.0,
  "num_valid_runs": 1,
  "num_invalid_runs": 0,
  "all_validation_errors": []
}
