Job running on a1130u37n02.mghpcc.ycrc.yale.edu under Slurm job 19607232
Activating sourced environment: /home/ch2499/project/zc_ttt/activate_eval_cluster.sh
==========Running program evaluation 1/1...==========
==========Run 1/1 completed in 1570.28 seconds==========
Correctness and error status saved to /home/ch2499/project/zc_ttt/results_gpt56sol/gen_41/results/correct.json
Metrics saved to /home/ch2499/project/zc_ttt/results_gpt56sol/gen_41/results/metrics.json
OK
{
  "combined_score": 0.6008675946249805,
  "public": {
    "train_accuracy_mean": 0.5978,
    "train_accuracy_std": 0.0,
    "validation_accuracy_mean": 0.63,
    "validation_accuracy_std": 0.0,
    "test_accuracy_mean": 0.5517,
    "test_accuracy_std": 0.0,
    "generalization_gap_mean": 0.0461,
    "validation_loss_mean": 2.2714,
    "test_loss_mean": 2.3544,
    "parameter_efficiency_mean": 0.005747,
    "n_params": 96,
    "depth_mean": 39.0,
    "gate_count_mean": 207.0,
    "score_uses_test": false,
    "convergence_step_mean": null
  },
  "private": {
    "per_run_scores": [
      {
        "combined_score": 0.6008675946249805,
        "primary_accuracy": 0.63,
        "gap_score": 0.8682539682539683,
        "loss_score": 0.305678144060716,
        "parameter_efficiency_score": 1.0,
        "convergence_score": 0.0
      }
    ],
    "per_run_test_accuracies": [
      0.5516666666666666
    ]
  },
  "text_feedback": "Combined score: 0.6009\nValidation accuracy mean: 0.6300\nTest accuracy mean: 0.5517\nTrain-test generalization gap mean: 0.0461\nValidation L2 loss mean: 2.2714\nParameters: 96, depth mean: 39.0, gate count mean: 207.0\nFitness uses validation metrics; test metrics are reported as holdout diagnostics.\nDid not reach convergence threshold 0.90 in these runs.",
  "execution_time_mean": 1570.2766945580952,
  "execution_time_std": 0.0,
  "num_valid_runs": 1,
  "num_invalid_runs": 0,
  "all_validation_errors": []
}
