Job running on a1130u24n03.mghpcc.ycrc.yale.edu under Slurm job 19436038
Activating sourced environment: /home/ch2499/project/transfer_sn/activate_eval_cluster.sh
==========Running program evaluation 1/1...==========
==========Run 1/1 completed in 1870.47 seconds==========
Correctness and error status saved to /home/ch2499/project/transfer_sn/results_sonnet_r2/gen_5/results/correct.json
Metrics saved to /home/ch2499/project/transfer_sn/results_sonnet_r2/gen_5/results/metrics.json
OK
{
  "combined_score": 0.8514234809065557,
  "public": {
    "train_accuracy_mean": 0.9444,
    "train_accuracy_std": 0.0,
    "validation_accuracy_mean": 0.8933,
    "validation_accuracy_std": 0.0,
    "test_accuracy_mean": 0.8667,
    "test_accuracy_std": 0.0,
    "generalization_gap_mean": 0.0778,
    "validation_loss_mean": 0.4133,
    "test_loss_mean": 0.4817,
    "parameter_efficiency_mean": 0.005098,
    "n_params": 170,
    "depth_mean": 120.0,
    "gate_count_mean": 276.0,
    "score_uses_test": false,
    "convergence_step_mean": 510.0
  },
  "private": {
    "per_run_scores": [
      {
        "combined_score": 0.8514234809065557,
        "primary_accuracy": 0.8933333333333333,
        "gap_score": 0.7777777777777779,
        "loss_score": 0.7075661254336828,
        "parameter_efficiency_score": 0.7672156862745099,
        "convergence_score": 0.983
      }
    ],
    "per_run_test_accuracies": [
      0.8666666666666667
    ]
  },
  "text_feedback": "Combined score: 0.8514\nValidation accuracy mean: 0.8933\nTest accuracy mean: 0.8667\nTrain-test generalization gap mean: 0.0778\nValidation L2 loss mean: 0.4133\nParameters: 170, depth mean: 120.0, gate count mean: 276.0\nFitness uses validation metrics; test metrics are reported as holdout diagnostics.\nParameter count exceeds the seed; added accuracy must justify the complexity.",
  "execution_time_mean": 1870.465458959341,
  "execution_time_std": 0.0,
  "num_valid_runs": 1,
  "num_invalid_runs": 0,
  "all_validation_errors": []
}
