Job running on a1114u19n01.mghpcc.ycrc.yale.edu under Slurm job 19592911
Activating sourced environment: /home/ch2499/project/zc_ttt/activate_eval_cluster.sh
==========Running program evaluation 1/1...==========
==========Run 1/1 completed in 1502.63 seconds==========
Correctness and error status saved to /home/ch2499/project/zc_ttt/results_haiku/gen_5/results/correct.json
Metrics saved to /home/ch2499/project/zc_ttt/results_haiku/gen_5/results/metrics.json
OK
{
  "combined_score": 0.5423512014646188,
  "public": {
    "train_accuracy_mean": 0.58,
    "train_accuracy_std": 0.0,
    "validation_accuracy_mean": 0.5633,
    "validation_accuracy_std": 0.0,
    "test_accuracy_mean": 0.4833,
    "test_accuracy_std": 0.0,
    "generalization_gap_mean": 0.0967,
    "validation_loss_mean": 2.4003,
    "test_loss_mean": 2.4661,
    "parameter_efficiency_mean": 0.006713,
    "n_params": 72,
    "depth_mean": 89.0,
    "gate_count_mean": 423.0,
    "score_uses_test": false,
    "convergence_step_mean": null
  },
  "private": {
    "per_run_scores": [
      {
        "combined_score": 0.5423512014646188,
        "primary_accuracy": 0.5633333333333334,
        "gap_score": 0.7238095238095239,
        "loss_score": 0.2940873748434901,
        "parameter_efficiency_score": 1.0,
        "convergence_score": 0.0
      }
    ],
    "per_run_test_accuracies": [
      0.48333333333333334
    ]
  },
  "text_feedback": "Combined score: 0.5424\nValidation accuracy mean: 0.5633\nTest accuracy mean: 0.4833\nTrain-test generalization gap mean: 0.0967\nValidation L2 loss mean: 2.4003\nParameters: 72, depth mean: 89.0, gate count mean: 423.0\nFitness uses validation metrics; test metrics are reported as holdout diagnostics.\nDid not reach convergence threshold 0.90 in these runs.",
  "execution_time_mean": 1502.6292328189884,
  "execution_time_std": 0.0,
  "num_valid_runs": 1,
  "num_invalid_runs": 0,
  "all_validation_errors": []
}
