Job running on a1132u20n02.mghpcc.ycrc.yale.edu under Slurm job 19476658
Activating sourced environment: /home/ch2499/project/transfer_sn/activate_eval_cluster.sh
==========Running program evaluation 1/1...==========
==========Run 1/1 completed in 1416.89 seconds==========
Correctness and error status saved to /home/ch2499/project/transfer_sn/results_gpt56sol_r2/gen_21/results/correct.json
Metrics saved to /home/ch2499/project/transfer_sn/results_gpt56sol_r2/gen_21/results/metrics.json
OK
{
  "combined_score": 0.7513234841053704,
  "public": {
    "train_accuracy_mean": 0.8933,
    "train_accuracy_std": 0.0,
    "validation_accuracy_mean": 0.81,
    "validation_accuracy_std": 0.0,
    "test_accuracy_mean": 0.8033,
    "test_accuracy_std": 0.0,
    "generalization_gap_mean": 0.09,
    "validation_loss_mean": 0.5697,
    "test_loss_mean": 0.615,
    "parameter_efficiency_mean": 0.008197,
    "n_params": 98,
    "depth_mean": 87.0,
    "gate_count_mean": 276.0,
    "score_uses_test": false,
    "convergence_step_mean": null
  },
  "private": {
    "per_run_scores": [
      {
        "combined_score": 0.7513234841053704,
        "primary_accuracy": 0.81,
        "gap_score": 0.7428571428571429,
        "loss_score": 0.6370771956231046,
        "parameter_efficiency_score": 1.0,
        "convergence_score": 0.0
      }
    ],
    "per_run_test_accuracies": [
      0.8033333333333333
    ]
  },
  "text_feedback": "Combined score: 0.7513\nValidation accuracy mean: 0.8100\nTest accuracy mean: 0.8033\nTrain-test generalization gap mean: 0.0900\nValidation L2 loss mean: 0.5697\nParameters: 98, depth mean: 87.0, gate count mean: 276.0\nFitness uses validation metrics; test metrics are reported as holdout diagnostics.\nDid not reach the convergence threshold in these runs.",
  "execution_time_mean": 1416.8874235111289,
  "execution_time_std": 0.0,
  "num_valid_runs": 1,
  "num_invalid_runs": 0,
  "all_validation_errors": []
}
