Job running on a1130u37n04.mghpcc.ycrc.yale.edu under Slurm job 19514864
Activating sourced environment: /home/ch2499/project/transfer_sn/activate_eval_cluster.sh
==========Running program evaluation 1/1...==========
==========Run 1/1 completed in 1857.34 seconds==========
Correctness and error status saved to /home/ch2499/project/transfer_sn/results_gpt56sol_r2/gen_63/results/correct.json
Metrics saved to /home/ch2499/project/transfer_sn/results_gpt56sol_r2/gen_63/results/metrics.json
OK
{
  "combined_score": 0.943766022379234,
  "public": {
    "train_accuracy_mean": 0.9844,
    "train_accuracy_std": 0.0,
    "validation_accuracy_mean": 0.97,
    "validation_accuracy_std": 0.0,
    "test_accuracy_mean": 0.9567,
    "test_accuracy_std": 0.0,
    "generalization_gap_mean": 0.0278,
    "validation_loss_mean": 0.2212,
    "test_loss_mean": 0.2386,
    "parameter_efficiency_mean": 0.036795,
    "n_params": 26,
    "depth_mean": 153.0,
    "gate_count_mean": 414.0,
    "score_uses_test": false,
    "convergence_step_mean": 360.0
  },
  "private": {
    "per_run_scores": [
      {
        "combined_score": 0.943766022379234,
        "primary_accuracy": 0.97,
        "gap_score": 0.9206349206349206,
        "loss_score": 0.8188422655970098,
        "parameter_efficiency_score": 1.0,
        "convergence_score": 0.988
      }
    ],
    "per_run_test_accuracies": [
      0.9566666666666667
    ]
  },
  "text_feedback": "Combined score: 0.9438\nValidation accuracy mean: 0.9700\nTest accuracy mean: 0.9567\nTrain-test generalization gap mean: 0.0278\nValidation L2 loss mean: 0.2212\nParameters: 26, depth mean: 153.0, gate count mean: 414.0\nFitness uses validation metrics; test metrics are reported as holdout diagnostics.",
  "execution_time_mean": 1857.341512733139,
  "execution_time_std": 0.0,
  "num_valid_runs": 1,
  "num_invalid_runs": 0,
  "all_validation_errors": []
}
