Job running on a1130u18n04.mghpcc.ycrc.yale.edu under Slurm job 19605069
Activating sourced environment: /home/ch2499/project/zc_sn/activate_eval_cluster.sh
==========Running program evaluation 1/1...==========
==========Run 1/1 completed in 493.65 seconds==========
Correctness and error status saved to /home/ch2499/project/zc_sn/results_gpt56sol/gen_47/results/correct.json
Metrics saved to /home/ch2499/project/zc_sn/results_gpt56sol/gen_47/results/metrics.json
OK
{
  "combined_score": 0.8617267032433124,
  "public": {
    "train_accuracy_mean": 0.8956,
    "train_accuracy_std": 0.0,
    "validation_accuracy_mean": 0.8733,
    "validation_accuracy_std": 0.0,
    "test_accuracy_mean": 0.8617,
    "test_accuracy_std": 0.0,
    "generalization_gap_mean": 0.0339,
    "validation_loss_mean": 0.4899,
    "test_loss_mean": 0.4867,
    "parameter_efficiency_mean": 0.007833,
    "n_params": 110,
    "depth_mean": 87.0,
    "gate_count_mean": 276.0,
    "score_uses_test": false,
    "convergence_step_mean": 390.0
  },
  "private": {
    "per_run_scores": [
      {
        "combined_score": 0.8617267032433124,
        "primary_accuracy": 0.8733333333333333,
        "gap_score": 0.9031746031746033,
        "loss_score": 0.6711886036326642,
        "parameter_efficiency_score": 1.0,
        "convergence_score": 0.987
      }
    ],
    "per_run_test_accuracies": [
      0.8616666666666667
    ]
  },
  "text_feedback": "Combined score: 0.8617\nValidation accuracy mean: 0.8733\nTest accuracy mean: 0.8617\nTrain-test generalization gap mean: 0.0339\nValidation L2 loss mean: 0.4899\nParameters: 110, depth mean: 87.0, gate count mean: 276.0\nFitness uses validation metrics; test metrics are reported as holdout diagnostics.",
  "execution_time_mean": 493.6502652443014,
  "execution_time_std": 0.0,
  "num_valid_runs": 1,
  "num_invalid_runs": 0,
  "all_validation_errors": []
}
