Job running on a1114u29n01.mghpcc.ycrc.yale.edu under Slurm job 23103783
Activating sourced environment: /home/ch2499/project/transfer_sn/activate_eval_cluster.sh
==========Running program evaluation 1/1...==========
==========Run 1/1 completed in 1379.05 seconds==========
Correctness and error status saved to /home/ch2499/project/transfer_sn/results_frw3_weak_r3/gen_4/results/correct.json
Metrics saved to /home/ch2499/project/transfer_sn/results_frw3_weak_r3/gen_4/results/metrics.json
OK
{
  "combined_score": 0.39799465142380086,
  "public": {
    "combined_score_raw": 0.8919,
    "train_accuracy_mean": 0.9089,
    "train_accuracy_std": 0.0,
    "validation_accuracy_mean": 0.89,
    "validation_accuracy_std": 0.0,
    "test_accuracy_mean": 0.8983,
    "test_accuracy_std": 0.0,
    "generalization_gap_mean": 0.0106,
    "validation_loss_mean": 0.3518,
    "test_loss_mean": 0.3623,
    "parameter_efficiency_mean": 0.028073,
    "n_params": 32,
    "depth_mean": 105.0,
    "gate_count_mean": 372.0,
    "score_uses_test": false,
    "convergence_step_mean": 270.0
  },
  "private": {
    "per_run_scores": [
      {
        "combined_score": 0.8918746042291997,
        "primary_accuracy": 0.89,
        "gap_score": 0.9698412698412698,
        "loss_score": 0.7397301657608019,
        "parameter_efficiency_score": 1.0,
        "convergence_score": 0.991
      }
    ],
    "per_run_test_accuracies": [
      0.8983333333333333
    ]
  },
  "text_feedback": "Combined score: 0.3980\nScore scale: 0.0 = the seed program, 1.0 = the best solution found so far on this task. Negative means worse than the seed.\nValidation accuracy mean: 0.8900\nTest accuracy mean: 0.8983\nTrain-test generalization gap mean: 0.0106\nValidation L2 loss mean: 0.3518\nParameters: 32, depth mean: 105.0, gate count mean: 372.0\nFitness uses validation metrics; test metrics are reported as holdout diagnostics.",
  "execution_time_mean": 1379.0521520860493,
  "execution_time_std": 0.0,
  "num_valid_runs": 1,
  "num_invalid_runs": 0,
  "all_validation_errors": []
}
