Job running on a1114u28n01.mghpcc.ycrc.yale.edu under Slurm job 19437634
Activating sourced environment: /home/ch2499/project/transfer_sn/activate_eval_cluster.sh
==========Running program evaluation 1/1...==========
==========Run 1/1 completed in 729.51 seconds==========
Correctness and error status saved to /home/ch2499/project/transfer_sn/results_gpt56sol_r2/gen_2/results/correct.json
Metrics saved to /home/ch2499/project/transfer_sn/results_gpt56sol_r2/gen_2/results/metrics.json
OK
{
  "combined_score": 0.7806405167512799,
  "public": {
    "train_accuracy_mean": 0.9222,
    "train_accuracy_std": 0.0,
    "validation_accuracy_mean": 0.8433,
    "validation_accuracy_std": 0.0,
    "test_accuracy_mean": 0.85,
    "test_accuracy_std": 0.0,
    "generalization_gap_mean": 0.0722,
    "validation_loss_mean": 0.474,
    "test_loss_mean": 0.4614,
    "parameter_efficiency_mean": 0.006343,
    "n_params": 134,
    "depth_mean": 93.0,
    "gate_count_mean": 300.0,
    "score_uses_test": false,
    "convergence_step_mean": null
  },
  "private": {
    "per_run_scores": [
      {
        "combined_score": 0.7806405167512799,
        "primary_accuracy": 0.8433333333333334,
        "gap_score": 0.7936507936507934,
        "loss_score": 0.6784081516341346,
        "parameter_efficiency_score": 0.918855721393035,
        "convergence_score": 0.0
      }
    ],
    "per_run_test_accuracies": [
      0.85
    ]
  },
  "text_feedback": "Combined score: 0.7806\nValidation accuracy mean: 0.8433\nTest accuracy mean: 0.8500\nTrain-test generalization gap mean: 0.0722\nValidation L2 loss mean: 0.4740\nParameters: 134, depth mean: 93.0, gate count mean: 300.0\nFitness uses validation metrics; test metrics are reported as holdout diagnostics.\nDid not reach the convergence threshold in these runs.",
  "execution_time_mean": 729.5114784827456,
  "execution_time_std": 0.0,
  "num_valid_runs": 1,
  "num_invalid_runs": 0,
  "all_validation_errors": []
}
