Job running on a1132u20n02.mghpcc.ycrc.yale.edu under Slurm job 19521485
Activating sourced environment: /home/ch2499/project/transfer_sn/activate_eval_cluster.sh
==========Running program evaluation 1/1...==========
==========Run 1/1 completed in 1140.07 seconds==========
Correctness and error status saved to /home/ch2499/project/transfer_sn/results_haiku_r2/gen_66/results/correct.json
Metrics saved to /home/ch2499/project/transfer_sn/results_haiku_r2/gen_66/results/metrics.json
OK
{
  "combined_score": 0.8342007809570956,
  "public": {
    "train_accuracy_mean": 0.9444,
    "train_accuracy_std": 0.0,
    "validation_accuracy_mean": 0.8733,
    "validation_accuracy_std": 0.0,
    "test_accuracy_mean": 0.8333,
    "test_accuracy_std": 0.0,
    "generalization_gap_mean": 0.1111,
    "validation_loss_mean": 0.4748,
    "test_loss_mean": 0.5429,
    "parameter_efficiency_mean": 0.012255,
    "n_params": 68,
    "depth_mean": 192.0,
    "gate_count_mean": 348.0,
    "score_uses_test": false,
    "convergence_step_mean": 600.0
  },
  "private": {
    "per_run_scores": [
      {
        "combined_score": 0.8342007809570956,
        "primary_accuracy": 0.8733333333333333,
        "gap_score": 0.6825396825396827,
        "loss_score": 0.6780581164335472,
        "parameter_efficiency_score": 1.0,
        "convergence_score": 0.98
      }
    ],
    "per_run_test_accuracies": [
      0.8333333333333334
    ]
  },
  "text_feedback": "Combined score: 0.8342\nValidation accuracy mean: 0.8733\nTest accuracy mean: 0.8333\nTrain-test generalization gap mean: 0.1111\nValidation L2 loss mean: 0.4748\nParameters: 68, depth mean: 192.0, gate count mean: 348.0\nFitness uses validation metrics; test metrics are reported as holdout diagnostics.",
  "execution_time_mean": 1140.071038083639,
  "execution_time_std": 0.0,
  "num_valid_runs": 1,
  "num_invalid_runs": 0,
  "all_validation_errors": []
}
