Job running on a1132u33n04.mghpcc.ycrc.yale.edu under Slurm job 19599414
Activating sourced environment: /home/ch2499/project/zc_sn/activate_eval_cluster.sh
==========Running program evaluation 1/1...==========
==========Run 1/1 completed in 995.30 seconds==========
Correctness and error status saved to /home/ch2499/project/zc_sn/results_gpt56sol/gen_26/results/correct.json
Metrics saved to /home/ch2499/project/zc_sn/results_gpt56sol/gen_26/results/metrics.json
OK
{
  "combined_score": 0.8416009367192996,
  "public": {
    "train_accuracy_mean": 0.9533,
    "train_accuracy_std": 0.0,
    "validation_accuracy_mean": 0.88,
    "validation_accuracy_std": 0.0,
    "test_accuracy_mean": 0.86,
    "test_accuracy_std": 0.0,
    "generalization_gap_mean": 0.0933,
    "validation_loss_mean": 0.4817,
    "test_loss_mean": 0.5483,
    "parameter_efficiency_mean": 0.006143,
    "n_params": 140,
    "depth_mean": 132.0,
    "gate_count_mean": 432.0,
    "score_uses_test": false,
    "convergence_step_mean": 510.0
  },
  "private": {
    "per_run_scores": [
      {
        "combined_score": 0.8416009367192996,
        "primary_accuracy": 0.88,
        "gap_score": 0.7333333333333332,
        "loss_score": 0.6748792606683459,
        "parameter_efficiency_score": 0.9177142857142856,
        "convergence_score": 0.983
      }
    ],
    "per_run_test_accuracies": [
      0.86
    ]
  },
  "text_feedback": "Combined score: 0.8416\nValidation accuracy mean: 0.8800\nTest accuracy mean: 0.8600\nTrain-test generalization gap mean: 0.0933\nValidation L2 loss mean: 0.4817\nParameters: 140, depth mean: 132.0, gate count mean: 432.0\nFitness uses validation metrics; test metrics are reported as holdout diagnostics.",
  "execution_time_mean": 995.3004965824075,
  "execution_time_std": 0.0,
  "num_valid_runs": 1,
  "num_invalid_runs": 0,
  "all_validation_errors": []
}
