Job running on a1114u32n01.mghpcc.ycrc.yale.edu under Slurm job 19593013
Activating sourced environment: /home/ch2499/project/zc_ttt/activate_eval_cluster.sh
==========Running program evaluation 1/1...==========
==========Run 1/1 completed in 1966.24 seconds==========
Correctness and error status saved to /home/ch2499/project/zc_ttt/results_sonnet/gen_5/results/correct.json
Metrics saved to /home/ch2499/project/zc_ttt/results_sonnet/gen_5/results/metrics.json
OK
{
  "combined_score": 0.5409771763382062,
  "public": {
    "train_accuracy_mean": 0.6178,
    "train_accuracy_std": 0.0,
    "validation_accuracy_mean": 0.5933,
    "validation_accuracy_std": 0.0,
    "test_accuracy_mean": 0.535,
    "test_accuracy_std": 0.0,
    "generalization_gap_mean": 0.0828,
    "validation_loss_mean": 2.278,
    "test_loss_mean": 2.3513,
    "parameter_efficiency_mean": 0.002477,
    "n_params": 216,
    "depth_mean": 53.0,
    "gate_count_mean": 315.0,
    "score_uses_test": false,
    "convergence_step_mean": null
  },
  "private": {
    "per_run_scores": [
      {
        "combined_score": 0.5409771763382062,
        "primary_accuracy": 0.5933333333333334,
        "gap_score": 0.7634920634920637,
        "loss_score": 0.30505948246634806,
        "parameter_efficiency_score": 0.445,
        "convergence_score": 0.0
      }
    ],
    "per_run_test_accuracies": [
      0.535
    ]
  },
  "text_feedback": "Combined score: 0.5410\nValidation accuracy mean: 0.5933\nTest accuracy mean: 0.5350\nTrain-test generalization gap mean: 0.0828\nValidation L2 loss mean: 2.2780\nParameters: 216, depth mean: 53.0, gate count mean: 315.0\nFitness uses validation metrics; test metrics are reported as holdout diagnostics.\nParameter count exceeds the seed; added accuracy must justify the complexity.\nDid not reach convergence threshold 0.90 in these runs.",
  "execution_time_mean": 1966.2445425838232,
  "execution_time_std": 0.0,
  "num_valid_runs": 1,
  "num_invalid_runs": 0,
  "all_validation_errors": []
}
