Job running on a1114u16n01.mghpcc.ycrc.yale.edu under Slurm job 19596261
Activating sourced environment: /home/ch2499/project/zc_su2/activate_eval_cluster.sh
==========Running program evaluation 1/1...==========
==========Run 1/1 completed in 145.21 seconds==========
Correctness and error status saved to /home/ch2499/project/zc_su2/results_gpt56sol/gen_12/results/correct.json
Metrics saved to /home/ch2499/project/zc_su2/results_gpt56sol/gen_12/results/metrics.json
OK
{
  "combined_score": 0.7686365079365078,
  "public": {
    "train_accuracy_mean": 0.9422,
    "train_accuracy_std": 0.0,
    "validation_accuracy_mean": 0.94,
    "validation_accuracy_std": 0.0,
    "test_accuracy_mean": 0.9367,
    "test_accuracy_std": 0.0,
    "generalization_gap_mean": 0.0056,
    "validation_loss_mean": 0.2257,
    "test_loss_mean": 0.2419,
    "parameter_efficiency_mean": 0.117083,
    "n_params": 8,
    "depth_mean": 12.0,
    "gate_count_mean": 48.0,
    "score_uses_test": false,
    "convergence_step_mean": 240.0
  },
  "private": {
    "per_run_scores": [
      {
        "combined_score": 0.7686365079365078,
        "primary_accuracy": 0.94,
        "gap_score": 0.9841269841269842,
        "loss_score": 0.8158724797302829,
        "parameter_efficiency_score": 0.4765277777777777,
        "convergence_score": 0.992
      }
    ],
    "per_run_test_accuracies": [
      0.9366666666666666
    ]
  },
  "text_feedback": "Combined score: 0.7686\nValidation accuracy mean: 0.9400\nTest accuracy mean: 0.9367\nTrain-test generalization gap mean: 0.0056\nValidation L2 loss mean: 0.2257\nParameters: 8, depth mean: 12.0, gate count mean: 48.0\nFitness uses validation metrics; test metrics are reported as holdout diagnostics.\nScoring emphasizes parameter economy: match or beat the accuracy with as few trainable parameters as possible, and converge fast.\nParameter efficiency score: 0.4765",
  "execution_time_mean": 145.21067736000987,
  "execution_time_std": 0.0,
  "num_valid_runs": 1,
  "num_invalid_runs": 0,
  "all_validation_errors": []
}
