Job running on a1132u35n01.mghpcc.ycrc.yale.edu under Slurm job 19599018
Activating sourced environment: /home/ch2499/project/zc_ttt/activate_eval_cluster.sh
==========Running program evaluation 1/1...==========
==========Run 1/1 completed in 1354.14 seconds==========
Correctness and error status saved to /home/ch2499/project/zc_ttt/results_gpt56sol/gen_17/results/correct.json
Metrics saved to /home/ch2499/project/zc_ttt/results_gpt56sol/gen_17/results/metrics.json
OK
{
  "combined_score": 0.5465923507553784,
  "public": {
    "train_accuracy_mean": 0.6089,
    "train_accuracy_std": 0.0,
    "validation_accuracy_mean": 0.5667,
    "validation_accuracy_std": 0.0,
    "test_accuracy_mean": 0.5267,
    "test_accuracy_std": 0.0,
    "generalization_gap_mean": 0.0822,
    "validation_loss_mean": 2.3253,
    "test_loss_mean": 2.3878,
    "parameter_efficiency_mean": 0.004877,
    "n_params": 108,
    "depth_mean": 41.0,
    "gate_count_mean": 201.0,
    "score_uses_test": false,
    "convergence_step_mean": null
  },
  "private": {
    "per_run_scores": [
      {
        "combined_score": 0.5465923507553784,
        "primary_accuracy": 0.5666666666666667,
        "gap_score": 0.7650793650793648,
        "loss_score": 0.30072149180834323,
        "parameter_efficiency_score": 0.85,
        "convergence_score": 0.0
      }
    ],
    "per_run_test_accuracies": [
      0.5266666666666666
    ]
  },
  "text_feedback": "Combined score: 0.5466\nValidation accuracy mean: 0.5667\nTest accuracy mean: 0.5267\nTrain-test generalization gap mean: 0.0822\nValidation L2 loss mean: 2.3253\nParameters: 108, depth mean: 41.0, gate count mean: 201.0\nFitness uses validation metrics; test metrics are reported as holdout diagnostics.\nDid not reach convergence threshold 0.90 in these runs.",
  "execution_time_mean": 1354.1383515200578,
  "execution_time_std": 0.0,
  "num_valid_runs": 1,
  "num_invalid_runs": 0,
  "all_validation_errors": []
}
