Job running on a1132u05n02.mghpcc.ycrc.yale.edu under Slurm job 19443242
Activating sourced environment: /home/ch2499/project/transfer_sn/activate_eval_cluster.sh
==========Running program evaluation 1/1...==========
==========Run 1/1 completed in 1869.56 seconds==========
Correctness and error status saved to /home/ch2499/project/transfer_sn/results_sonnet_r2/gen_18/results/correct.json
Metrics saved to /home/ch2499/project/transfer_sn/results_sonnet_r2/gen_18/results/metrics.json
OK
{
  "combined_score": 0.763590156228551,
  "public": {
    "train_accuracy_mean": 0.9378,
    "train_accuracy_std": 0.0,
    "validation_accuracy_mean": 0.84,
    "validation_accuracy_std": 0.0,
    "test_accuracy_mean": 0.865,
    "test_accuracy_std": 0.0,
    "generalization_gap_mean": 0.0728,
    "validation_loss_mean": 0.4581,
    "test_loss_mean": 0.4613,
    "parameter_efficiency_mean": 0.003968,
    "n_params": 218,
    "depth_mean": 142.0,
    "gate_count_mean": 300.0,
    "score_uses_test": false,
    "convergence_step_mean": null
  },
  "private": {
    "per_run_scores": [
      {
        "combined_score": 0.763590156228551,
        "primary_accuracy": 0.84,
        "gap_score": 0.7920634920634919,
        "loss_score": 0.6858294284951794,
        "parameter_efficiency_score": 0.5625688073394496,
        "convergence_score": 0.0
      }
    ],
    "per_run_test_accuracies": [
      0.865
    ]
  },
  "text_feedback": "Combined score: 0.7636\nValidation accuracy mean: 0.8400\nTest accuracy mean: 0.8650\nTrain-test generalization gap mean: 0.0728\nValidation L2 loss mean: 0.4581\nParameters: 218, depth mean: 142.0, gate count mean: 300.0\nFitness uses validation metrics; test metrics are reported as holdout diagnostics.\nParameter count exceeds the seed; added accuracy must justify the complexity.\nDid not reach the convergence threshold in these runs.",
  "execution_time_mean": 1869.5609197877347,
  "execution_time_std": 0.0,
  "num_valid_runs": 1,
  "num_invalid_runs": 0,
  "all_validation_errors": []
}
