Job running on a1130u33n01.mghpcc.ycrc.yale.edu under Slurm job 19599019
Activating sourced environment: /home/ch2499/project/zc_sn/activate_eval_cluster.sh
==========Running program evaluation 1/1...==========
==========Run 1/1 completed in 1549.63 seconds==========
Correctness and error status saved to /home/ch2499/project/zc_sn/results_haiku/gen_20/results/correct.json
Metrics saved to /home/ch2499/project/zc_sn/results_haiku/gen_20/results/metrics.json
OK
{
  "combined_score": 0.9027943899610085,
  "public": {
    "train_accuracy_mean": 0.9533,
    "train_accuracy_std": 0.0,
    "validation_accuracy_mean": 0.9167,
    "validation_accuracy_std": 0.0,
    "test_accuracy_mean": 0.9333,
    "test_accuracy_std": 0.0,
    "generalization_gap_mean": 0.02,
    "validation_loss_mean": 0.3863,
    "test_loss_mean": 0.3658,
    "parameter_efficiency_mean": 0.021212,
    "n_params": 44,
    "depth_mean": 154.0,
    "gate_count_mean": 312.0,
    "score_uses_test": false,
    "convergence_step_mean": 300.0
  },
  "private": {
    "per_run_scores": [
      {
        "combined_score": 0.9027943899610085,
        "primary_accuracy": 0.9166666666666666,
        "gap_score": 0.9428571428571428,
        "loss_score": 0.7213276791051356,
        "parameter_efficiency_score": 1.0,
        "convergence_score": 0.99
      }
    ],
    "per_run_test_accuracies": [
      0.9333333333333333
    ]
  },
  "text_feedback": "Combined score: 0.9028\nValidation accuracy mean: 0.9167\nTest accuracy mean: 0.9333\nTrain-test generalization gap mean: 0.0200\nValidation L2 loss mean: 0.3863\nParameters: 44, depth mean: 154.0, gate count mean: 312.0\nFitness uses validation metrics; test metrics are reported as holdout diagnostics.",
  "execution_time_mean": 1549.6330696130171,
  "execution_time_std": 0.0,
  "num_valid_runs": 1,
  "num_invalid_runs": 0,
  "all_validation_errors": []
}
