Job running on a1132u33n02.mghpcc.ycrc.yale.edu under Slurm job 19604763
Activating sourced environment: /home/ch2499/project/zc_sn/activate_eval_cluster.sh
==========Running program evaluation 1/1...==========
==========Run 1/1 completed in 1370.98 seconds==========
Correctness and error status saved to /home/ch2499/project/zc_sn/results_sonnet/gen_41/results/correct.json
Metrics saved to /home/ch2499/project/zc_sn/results_sonnet/gen_41/results/metrics.json
OK
{
  "combined_score": 0.8742303718023354,
  "public": {
    "train_accuracy_mean": 0.9422,
    "train_accuracy_std": 0.0,
    "validation_accuracy_mean": 0.8967,
    "validation_accuracy_std": 0.0,
    "test_accuracy_mean": 0.8783,
    "test_accuracy_std": 0.0,
    "generalization_gap_mean": 0.0639,
    "validation_loss_mean": 0.3723,
    "test_loss_mean": 0.4142,
    "parameter_efficiency_mean": 0.008963,
    "n_params": 98,
    "depth_mean": 232.0,
    "gate_count_mean": 516.0,
    "score_uses_test": false,
    "convergence_step_mean": 150.0
  },
  "private": {
    "per_run_scores": [
      {
        "combined_score": 0.8742303718023354,
        "primary_accuracy": 0.8966666666666666,
        "gap_score": 0.8174603174603174,
        "loss_score": 0.7287051241848812,
        "parameter_efficiency_score": 1.0,
        "convergence_score": 0.995
      }
    ],
    "per_run_test_accuracies": [
      0.8783333333333333
    ]
  },
  "text_feedback": "Combined score: 0.8742\nValidation accuracy mean: 0.8967\nTest accuracy mean: 0.8783\nTrain-test generalization gap mean: 0.0639\nValidation L2 loss mean: 0.3723\nParameters: 98, depth mean: 232.0, gate count mean: 516.0\nFitness uses validation metrics; test metrics are reported as holdout diagnostics.",
  "execution_time_mean": 1370.9775107563473,
  "execution_time_std": 0.0,
  "num_valid_runs": 1,
  "num_invalid_runs": 0,
  "all_validation_errors": []
}
