Job running on a1114u29n01.mghpcc.ycrc.yale.edu under Slurm job 19453527
Activating sourced environment: /home/ch2499/project/transfer_sn/activate_eval_cluster.sh
==========Running program evaluation 1/1...==========
==========Run 1/1 completed in 846.67 seconds==========
Correctness and error status saved to /home/ch2499/project/transfer_sn/results_sonnet_r2/gen_29/results/correct.json
Metrics saved to /home/ch2499/project/transfer_sn/results_sonnet_r2/gen_29/results/metrics.json
OK
{
  "combined_score": 0.8074492720167802,
  "public": {
    "train_accuracy_mean": 0.9444,
    "train_accuracy_std": 0.0,
    "validation_accuracy_mean": 0.8933,
    "validation_accuracy_std": 0.0,
    "test_accuracy_mean": 0.8617,
    "test_accuracy_std": 0.0,
    "generalization_gap_mean": 0.0828,
    "validation_loss_mean": 0.4733,
    "test_loss_mean": 0.5446,
    "parameter_efficiency_mean": 0.007063,
    "n_params": 122,
    "depth_mean": 123.0,
    "gate_count_mean": 276.0,
    "score_uses_test": false,
    "convergence_step_mean": null
  },
  "private": {
    "per_run_scores": [
      {
        "combined_score": 0.8074492720167802,
        "primary_accuracy": 0.8933333333333333,
        "gap_score": 0.7634920634920637,
        "loss_score": 0.6787623425457294,
        "parameter_efficiency_score": 1.0,
        "convergence_score": 0.0
      }
    ],
    "per_run_test_accuracies": [
      0.8616666666666667
    ]
  },
  "text_feedback": "Combined score: 0.8074\nValidation accuracy mean: 0.8933\nTest accuracy mean: 0.8617\nTrain-test generalization gap mean: 0.0828\nValidation L2 loss mean: 0.4733\nParameters: 122, depth mean: 123.0, gate count mean: 276.0\nFitness uses validation metrics; test metrics are reported as holdout diagnostics.\nDid not reach the convergence threshold in these runs.",
  "execution_time_mean": 846.6722214180045,
  "execution_time_std": 0.0,
  "num_valid_runs": 1,
  "num_invalid_runs": 0,
  "all_validation_errors": []
}
